 AlertServer

 Timestamp is 5019e20f (Thu Aug 02 10:12:31 2012)

 Preferred load address is 00400000

 Start         Length     Name                   Class
 0001:00000000 0003328aH .text                   CODE
 0001:00033290 00000000H .text$AFX_COL1          CODE
 0001:00033290 00006b0cH .text$x                 CODE
 0001:00039da0 00000492H .text$yc                CODE
 0001:0003a240 00000290H .text$yd                CODE
 0002:00000000 000004acH .idata$5                DATA
 0002:000004b0 00003de0H .rdata                  DATA
 0002:00004290 00000069H .rdata$debug            DATA
 0002:000042fc 00000088H .rdata$r                DATA
 0002:00004390 00000250H .rdata$sxdata           DATA
 0002:000045e0 00000004H .rtc$IAA                DATA
 0002:000045e4 00000004H .rtc$IZZ                DATA
 0002:000045e8 00000004H .rtc$TAA                DATA
 0002:000045ec 00000004H .rtc$TZZ                DATA
 0002:000045f0 00005c98H .xdata$x                DATA
 0002:0000a288 00000000H ATL$__a                 DATA
 0002:0000a288 00000000H ATL$__z                 DATA
 0002:0000a288 000000dcH .idata$2                DATA
 0002:0000a364 00000014H .idata$3                DATA
 0002:0000a378 000004acH .idata$4                DATA
 0002:0000a824 0000274cH .idata$6                DATA
 0002:0000cf70 00000000H .edata                  DATA
 0003:00000000 00000004H .CRT$XCA                DATA
 0003:00000004 00000004H .CRT$XCAA               DATA
 0003:00000008 00000004H .CRT$XCL                DATA
 0003:0000000c 000000a4H .CRT$XCU                DATA
 0003:000000b0 00000004H .CRT$XCZ                DATA
 0003:000000b4 00000004H .CRT$XIA                DATA
 0003:000000b8 00000004H .CRT$XIZ                DATA
 0003:000000c0 000002a1H .data                   DATA
 0003:00000368 00000a28H .bss                    DATA
 0004:00000000 00000058H .rsrc$01                DATA
 0004:00000060 00000038H .rsrc$02                DATA

  Address         Publics by Value              Rva+Base     Lib:Object

 0000:00000000       __except_list              00000000     <absolute>
 0000:00000094       ___safe_se_handler_count   00000094     <absolute>
 0000:00009876       __ldused                   00009876     <absolute>
 0000:00009876       __fltused                  00009876     <absolute>
 0000:00000000       ___ImageBase               00400000     <linker-defined>
 0001:00000000       ??1logic_error@std@@UAE@XZ 00401000 f i AlertBaseObj.obj
 0001:00000060       ?what@logic_error@std@@UBEPBDXZ 00401060 f i AlertBaseObj.obj
 0001:00000070       ??_Glogic_error@std@@UAEPAXI@Z 00401070 f i AlertBaseObj.obj
 0001:00000070       ??_Elogic_error@std@@UAEPAXI@Z 00401070 f i AlertBaseObj.obj
 0001:00000090       ??_Elength_error@std@@UAEPAXI@Z 00401090 f i AlertBaseObj.obj
 0001:00000090       ??_Glength_error@std@@UAEPAXI@Z 00401090 f i AlertBaseObj.obj
 0001:000000b0       ??1length_error@std@@UAE@XZ 004010b0 f i AlertBaseObj.obj
 0001:000000c0       ??_Gout_of_range@std@@UAEPAXI@Z 004010c0 f i AlertBaseObj.obj
 0001:000000c0       ??_Eout_of_range@std@@UAEPAXI@Z 004010c0 f i AlertBaseObj.obj
 0001:000000e0       ??1out_of_range@std@@UAE@XZ 004010e0 f i AlertBaseObj.obj
 0001:000000f0       ?GetEventTypeString@CAlertEventObj@@QAE?AV?$basic_string@DU?$char_traits@D@std@@V?$allocator@D@2@@std@@XZ 004010f0 f i AlertBaseObj.obj
 0001:000001d0       ?GetEventTypeCHString@CAlertEventObj@@QAE?AV?$basic_string@DU?$char_traits@D@std@@V?$allocator@D@2@@std@@XZ 004011d0 f i AlertBaseObj.obj
 0001:000002b0       ?IsUpgradeMatching@CAlertBaseObj@@UAE_NPAVCAlertEventObj@@@Z 004012b0 f   AlertBaseObj.obj
 0001:000002c0       ?MakeSendObj@CAlertBaseObj@@UAEPAVCAlertSendObj@@PAVCAlertEventObj@@@Z 004012c0 f   AlertBaseObj.obj
 0001:000002d0       ?RefreshData@CAlertEmailObj@@UAEXXZ 004012d0 f   AlertBaseObj.obj
 0001:00000360       ?IsUpgradeMatching@CAlertEmailObj@@UAE_NPAVCAlertEventObj@@@Z 00401360 f   AlertBaseObj.obj
 0001:000004d0       ?RefreshData@CAlertSmsObj@@UAEXXZ 004014d0 f   AlertBaseObj.obj
 0001:00000560       ?MakeSendObj@CAlertSmsObj@@UAEPAVCAlertSendObj@@PAVCAlertEventObj@@@Z 00401560 f   AlertBaseObj.obj
 0001:00000710       ?IsUpgradeMatching@CAlertSmsObj@@UAE_NPAVCAlertEventObj@@@Z 00401710 f   AlertBaseObj.obj
 0001:00000880       ?MakeSendObj@CAlertScriptObj@@UAEPAVCAlertSendObj@@PAVCAlertEventObj@@@Z 00401880 f   AlertBaseObj.obj
 0001:000009c0       ?MakeSendObj@CAlertSoundObj@@UAEPAVCAlertSendObj@@PAVCAlertEventObj@@@Z 004019c0 f   AlertBaseObj.obj
 0001:00000ae0       ?MakeSendObj@CAlertPythonObj@@UAEPAVCAlertSendObj@@PAVCAlertEventObj@@@Z 00401ae0 f   AlertBaseObj.obj
 0001:00000c00       ??1?$pair@$$CBV?$basic_string@DU?$char_traits@D@std@@V?$allocator@D@2@@std@@H@std@@QAE@XZ 00401c00 f i AlertBaseObj.obj
 0001:00000c10       ??R?$less@V?$basic_string@DU?$char_traits@D@std@@V?$allocator@D@2@@std@@@std@@QBE_NABV?$basic_string@DU?$char_traits@D@std@@V?$allocator@D@2@@1@0@Z 00401c10 f i AlertBaseObj.obj
 0001:00000c30       ??1_Sentry_base@?$basic_ostream@DU?$char_traits@D@std@@@std@@QAE@XZ 00401c30 f i AlertBaseObj.obj
 0001:00000c30       ??1sentry@?$basic_istream@DU?$char_traits@D@std@@@std@@QAE@XZ 00401c30 f i AlertBaseObj.obj
 0001:00000c30       ??1_Sentry_base@?$basic_istream@DU?$char_traits@D@std@@@std@@QAE@XZ 00401c30 f i AlertBaseObj.obj
 0001:00000c50       ?_Rrotate@?$_Tree@V?$_Tmap_traits@V?$basic_string@DU?$char_traits@D@std@@V?$allocator@D@2@@std@@KU?$less@V?$basic_string@DU?$char_traits@D@std@@V?$allocator@D@2@@std@@@2@V?$allocator@U?$pair@$$CBV?$basic_string@DU?$char_traits@D@std@@V?$allocator@D@2@@std@@K@std@@@2@$0A@@std@@@std@@IAEXPAU_Node@?$_Tree_nod@V?$_Tmap_traits@V?$basic_string@DU?$char_traits@D@std@@V?$allocator@D@2@@std@@KU?$less@V?$basic_string@DU?$char_traits@D@std@@V?$allocator@D@2@@std@@@2@V?$allocator@U?$pair@$$CBV?$basic_string@DU?$char_traits@D@std@@V?$allocator@D@2@@std@@K@std@@@2@$0A@@std@@@2@@Z 00401c50 f i AlertSendObj.obj
 0001:00000c50       ?_Rrotate@?$_Tree@V?$_Tmap_traits@V?$basic_string@DU?$char_traits@D@std@@V?$allocator@D@2@@std@@HU?$less@V?$basic_string@DU?$char_traits@D@std@@V?$allocator@D@2@@std@@@2@V?$allocator@U?$pair@$$CBV?$basic_string@DU?$char_traits@D@std@@V?$allocator@D@2@@std@@H@std@@@2@$0A@@std@@@std@@IAEXPAU_Node@?$_Tree_nod@V?$_Tmap_traits@V?$basic_string@DU?$char_traits@D@std@@V?$allocator@D@2@@std@@HU?$less@V?$basic_string@DU?$char_traits@D@std@@V?$allocator@D@2@@std@@@2@V?$allocator@U?$pair@$$CBV?$basic_string@DU?$char_traits@D@std@@V?$allocator@D@2@@std@@H@std@@@2@$0A@@std@@@2@@Z 00401c50 f i AlertBaseObj.obj
 0001:00000c50       ?_Rrotate@?$_Tree@V?$_Tmap_traits@HV?$basic_string@DU?$char_traits@D@std@@V?$allocator@D@2@@std@@U?$less@H@2@V?$allocator@U?$pair@$$CBHV?$basic_string@DU?$char_traits@D@std@@V?$allocator@D@2@@std@@@std@@@2@$0A@@std@@@std@@IAEXPAU_Node@?$_Tree_nod@V?$_Tmap_traits@HV?$basic_string@DU?$char_traits@D@std@@V?$allocator@D@2@@std@@U?$less@H@2@V?$allocator@U?$pair@$$CBHV?$basic_string@DU?$char_traits@D@std@@V?$allocator@D@2@@std@@@std@@@2@$0A@@std@@@2@@Z 00401c50 f i AlertSendObj.obj
 0001:00000cb0       ?_Max@?$_Tree@V?$_Tmap_traits@HV?$basic_string@DU?$char_traits@D@std@@V?$allocator@D@2@@std@@U?$less@H@2@V?$allocator@U?$pair@$$CBHV?$basic_string@DU?$char_traits@D@std@@V?$allocator@D@2@@std@@@std@@@2@$0A@@std@@@std@@KAPAU_Node@?$_Tree_nod@V?$_Tmap_traits@HV?$basic_string@DU?$char_traits@D@std@@V?$allocator@D@2@@std@@U?$less@H@2@V?$allocator@U?$pair@$$CBHV?$basic_string@DU?$char_traits@D@std@@V?$allocator@D@2@@std@@@std@@@2@$0A@@std@@@2@PAU342@@Z 00401cb0 f i AlertSendObj.obj
 0001:00000cb0       ?_Max@?$_Tree@V?$_Tmap_traits@V?$basic_string@DU?$char_traits@D@std@@V?$allocator@D@2@@std@@HU?$less@V?$basic_string@DU?$char_traits@D@std@@V?$allocator@D@2@@std@@@2@V?$allocator@U?$pair@$$CBV?$basic_string@DU?$char_traits@D@std@@V?$allocator@D@2@@std@@H@std@@@2@$0A@@std@@@std@@KAPAU_Node@?$_Tree_nod@V?$_Tmap_traits@V?$basic_string@DU?$char_traits@D@std@@V?$allocator@D@2@@std@@HU?$less@V?$basic_string@DU?$char_traits@D@std@@V?$allocator@D@2@@std@@@2@V?$allocator@U?$pair@$$CBV?$basic_string@DU?$char_traits@D@std@@V?$allocator@D@2@@std@@H@std@@@2@$0A@@std@@@2@PAU342@@Z 00401cb0 f i AlertBaseObj.obj
 0001:00000cb0       ?_Max@?$_Tree@V?$_Tmap_traits@V?$basic_string@DU?$char_traits@D@std@@V?$allocator@D@2@@std@@KU?$less@V?$basic_string@DU?$char_traits@D@std@@V?$allocator@D@2@@std@@@2@V?$allocator@U?$pair@$$CBV?$basic_string@DU?$char_traits@D@std@@V?$allocator@D@2@@std@@K@std@@@2@$0A@@std@@@std@@KAPAU_Node@?$_Tree_nod@V?$_Tmap_traits@V?$basic_string@DU?$char_traits@D@std@@V?$allocator@D@2@@std@@KU?$less@V?$basic_string@DU?$char_traits@D@std@@V?$allocator@D@2@@std@@@2@V?$allocator@U?$pair@$$CBV?$basic_string@DU?$char_traits@D@std@@V?$allocator@D@2@@std@@K@std@@@2@$0A@@std@@@2@PAU342@@Z 00401cb0 f i AlertSendObj.obj
 0001:00000cd0       ?_Dec@const_iterator@?$_Tree@V?$_Tmap_traits@V?$basic_string@DU?$char_traits@D@std@@V?$allocator@D@2@@std@@HU?$less@V?$basic_string@DU?$char_traits@D@std@@V?$allocator@D@2@@std@@@2@V?$allocator@U?$pair@$$CBV?$basic_string@DU?$char_traits@D@std@@V?$allocator@D@2@@std@@H@std@@@2@$0A@@std@@@std@@QAEXXZ 00401cd0 f i AlertBaseObj.obj
 0001:00000d30       ?_Inc@const_iterator@?$_Tree@V?$_Tmap_traits@V?$basic_string@DU?$char_traits@D@std@@V?$allocator@D@2@@std@@HU?$less@V?$basic_string@DU?$char_traits@D@std@@V?$allocator@D@2@@std@@@2@V?$allocator@U?$pair@$$CBV?$basic_string@DU?$char_traits@D@std@@V?$allocator@D@2@@std@@H@std@@@2@$0A@@std@@@std@@QAEXXZ 00401d30 f i AlertBaseObj.obj
 0001:00000d30       ?_Inc@const_iterator@?$_Tree@V?$_Tmap_traits@V?$basic_string@DU?$char_traits@D@std@@V?$allocator@D@2@@std@@KU?$less@V?$basic_string@DU?$char_traits@D@std@@V?$allocator@D@2@@std@@@2@V?$allocator@U?$pair@$$CBV?$basic_string@DU?$char_traits@D@std@@V?$allocator@D@2@@std@@K@std@@@2@$0A@@std@@@std@@QAEXXZ 00401d30 f i AlertSendObj.obj
 0001:00000d30       ?_Inc@const_iterator@?$_Tree@V?$_Tmap_traits@HV?$basic_string@DU?$char_traits@D@std@@V?$allocator@D@2@@std@@U?$less@H@2@V?$allocator@U?$pair@$$CBHV?$basic_string@DU?$char_traits@D@std@@V?$allocator@D@2@@std@@@std@@@2@$0A@@std@@@std@@QAEXXZ 00401d30 f i AlertSendObj.obj
 0001:00000d90       ??$?HDU?$char_traits@D@std@@V?$allocator@D@1@@std@@YA?AV?$basic_string@DU?$char_traits@D@std@@V?$allocator@D@2@@0@ABV10@0@Z 00401d90 f i AlertBaseObj.obj
 0001:00000e10       ??$?HDU?$char_traits@D@std@@V?$allocator@D@1@@std@@YA?AV?$basic_string@DU?$char_traits@D@std@@V?$allocator@D@2@@0@PBDABV10@@Z 00401e10 f i AlertBaseObj.obj
 0001:00000e90       ??$?HDU?$char_traits@D@std@@V?$allocator@D@1@@std@@YA?AV?$basic_string@DU?$char_traits@D@std@@V?$allocator@D@2@@0@ABV10@PBD@Z 00401e90 f i AlertBaseObj.obj
 0001:00000f10       ??1_Node@?$_List_nod@V?$basic_string@DU?$char_traits@D@std@@V?$allocator@D@2@@std@@V?$allocator@V?$basic_string@DU?$char_traits@D@std@@V?$allocator@D@2@@std@@@2@@std@@QAE@XZ 00401f10 f i AlertBaseObj.obj
 0001:00000f20       ??1_Node@?$_Tree_nod@V?$_Tmap_traits@V?$basic_string@DU?$char_traits@D@std@@V?$allocator@D@2@@std@@KU?$less@V?$basic_string@DU?$char_traits@D@std@@V?$allocator@D@2@@std@@@2@V?$allocator@U?$pair@$$CBV?$basic_string@DU?$char_traits@D@std@@V?$allocator@D@2@@std@@K@std@@@2@$0A@@std@@@std@@QAE@XZ 00401f20 f i AlertSendObj.obj
 0001:00000f20       ??1_Node@?$_Tree_nod@V?$_Tmap_traits@V?$basic_string@DU?$char_traits@D@std@@V?$allocator@D@2@@std@@HU?$less@V?$basic_string@DU?$char_traits@D@std@@V?$allocator@D@2@@std@@@2@V?$allocator@U?$pair@$$CBV?$basic_string@DU?$char_traits@D@std@@V?$allocator@D@2@@std@@H@std@@@2@$0A@@std@@@std@@QAE@XZ 00401f20 f i AlertBaseObj.obj
 0001:00000f30       ?GetDebugInfo@CAlertBaseObj@@UAE?AV?$basic_string@DU?$char_traits@D@std@@V?$allocator@D@2@@std@@XZ 00401f30 f   AlertBaseObj.obj
 0001:00001400       ?MakeSendObj@CAlertEmailObj@@UAEPAVCAlertSendObj@@PAVCAlertEventObj@@@Z 00402400 f   AlertBaseObj.obj
 0001:00001540       ?GetDebugInfo@CAlertScriptObj@@UAE?AV?$basic_string@DU?$char_traits@D@std@@V?$allocator@D@2@@std@@XZ 00402540 f   AlertBaseObj.obj
 0001:00001540       ?GetDebugInfo@CAlertPythonObj@@UAE?AV?$basic_string@DU?$char_traits@D@std@@V?$allocator@D@2@@std@@XZ 00402540 f   AlertBaseObj.obj
 0001:00001540       ?GetDebugInfo@CAlertSmsObj@@UAE?AV?$basic_string@DU?$char_traits@D@std@@V?$allocator@D@2@@std@@XZ 00402540 f   AlertBaseObj.obj
 0001:00001540       ?GetDebugInfo@CAlertEmailObj@@UAE?AV?$basic_string@DU?$char_traits@D@std@@V?$allocator@D@2@@std@@XZ 00402540 f   AlertBaseObj.obj
 0001:00001540       ?GetDebugInfo@CAlertSoundObj@@UAE?AV?$basic_string@DU?$char_traits@D@std@@V?$allocator@D@2@@std@@XZ 00402540 f   AlertBaseObj.obj
 0001:00001560       ??0sentry@?$basic_istream@DU?$char_traits@D@std@@@std@@QAE@AAV12@_N@Z 00402560 f i AlertBaseObj.obj
 0001:000015d0       ??0sentry@?$basic_ostream@DU?$char_traits@D@std@@@std@@QAE@AAV12@@Z 004025d0 f i AlertBaseObj.obj
 0001:00001660       ??1sentry@?$basic_ostream@DU?$char_traits@D@std@@@std@@QAE@XZ 00402660 f i AlertBaseObj.obj
 0001:000016d0       ?_Lbound@?$_Tree@V?$_Tmap_traits@V?$basic_string@DU?$char_traits@D@std@@V?$allocator@D@2@@std@@HU?$less@V?$basic_string@DU?$char_traits@D@std@@V?$allocator@D@2@@std@@@2@V?$allocator@U?$pair@$$CBV?$basic_string@DU?$char_traits@D@std@@V?$allocator@D@2@@std@@H@std@@@2@$0A@@std@@@std@@IBEPAU_Node@?$_Tree_nod@V?$_Tmap_traits@V?$basic_string@DU?$char_traits@D@std@@V?$allocator@D@2@@std@@HU?$less@V?$basic_string@DU?$char_traits@D@std@@V?$allocator@D@2@@std@@@2@V?$allocator@U?$pair@$$CBV?$basic_string@DU?$char_traits@D@std@@V?$allocator@D@2@@std@@H@std@@@2@$0A@@std@@@2@ABV?$basic_string@DU?$char_traits@D@std@@V?$allocator@D@2@@2@@Z 004026d0 f i AlertBaseObj.obj
 0001:00001720       ?_Lrotate@?$_Tree@V?$_Tmap_traits@HV?$basic_string@DU?$char_traits@D@std@@V?$allocator@D@2@@std@@U?$less@H@2@V?$allocator@U?$pair@$$CBHV?$basic_string@DU?$char_traits@D@std@@V?$allocator@D@2@@std@@@std@@@2@$0A@@std@@@std@@IAEXPAU_Node@?$_Tree_nod@V?$_Tmap_traits@HV?$basic_string@DU?$char_traits@D@std@@V?$allocator@D@2@@std@@U?$less@H@2@V?$allocator@U?$pair@$$CBHV?$basic_string@DU?$char_traits@D@std@@V?$allocator@D@2@@std@@@std@@@2@$0A@@std@@@2@@Z 00402720 f i AlertSendObj.obj
 0001:00001720       ?_Lrotate@?$_Tree@V?$_Tmap_traits@V?$basic_string@DU?$char_traits@D@std@@V?$allocator@D@2@@std@@KU?$less@V?$basic_string@DU?$char_traits@D@std@@V?$allocator@D@2@@std@@@2@V?$allocator@U?$pair@$$CBV?$basic_string@DU?$char_traits@D@std@@V?$allocator@D@2@@std@@K@std@@@2@$0A@@std@@@std@@IAEXPAU_Node@?$_Tree_nod@V?$_Tmap_traits@V?$basic_string@DU?$char_traits@D@std@@V?$allocator@D@2@@std@@KU?$less@V?$basic_string@DU?$char_traits@D@std@@V?$allocator@D@2@@std@@@2@V?$allocator@U?$pair@$$CBV?$basic_string@DU?$char_traits@D@std@@V?$allocator@D@2@@std@@K@std@@@2@$0A@@std@@@2@@Z 00402720 f i AlertSendObj.obj
 0001:00001720       ?_Lrotate@?$_Tree@V?$_Tmap_traits@V?$basic_string@DU?$char_traits@D@std@@V?$allocator@D@2@@std@@HU?$less@V?$basic_string@DU?$char_traits@D@std@@V?$allocator@D@2@@std@@@2@V?$allocator@U?$pair@$$CBV?$basic_string@DU?$char_traits@D@std@@V?$allocator@D@2@@std@@H@std@@@2@$0A@@std@@@std@@IAEXPAU_Node@?$_Tree_nod@V?$_Tmap_traits@V?$basic_string@DU?$char_traits@D@std@@V?$allocator@D@2@@std@@HU?$less@V?$basic_string@DU?$char_traits@D@std@@V?$allocator@D@2@@std@@@2@V?$allocator@U?$pair@$$CBV?$basic_string@DU?$char_traits@D@std@@V?$allocator@D@2@@std@@H@std@@@2@$0A@@std@@@2@@Z 00402720 f i AlertBaseObj.obj
 0001:00001780       ??$getline@DU?$char_traits@D@std@@V?$allocator@D@2@@std@@YAAAV?$basic_istream@DU?$char_traits@D@std@@@0@AAV10@AAV?$basic_string@DU?$char_traits@D@std@@V?$allocator@D@2@@0@D@Z 00402780 f i AlertBaseObj.obj
 0001:000018f0       ??$?6DU?$char_traits@D@std@@V?$allocator@D@1@@std@@YAAAV?$basic_ostream@DU?$char_traits@D@std@@@0@AAV10@ABV?$basic_string@DU?$char_traits@D@std@@V?$allocator@D@2@@0@@Z 004028f0 f i AlertBaseObj.obj
 0001:00001af0       ?_Buynode@?$list@V?$basic_string@DU?$char_traits@D@std@@V?$allocator@D@2@@std@@V?$allocator@V?$basic_string@DU?$char_traits@D@std@@V?$allocator@D@2@@std@@@2@@std@@IAEPAU_Node@?$_List_nod@V?$basic_string@DU?$char_traits@D@std@@V?$allocator@D@2@@std@@V?$allocator@V?$basic_string@DU?$char_traits@D@std@@V?$allocator@D@2@@std@@@2@@2@XZ 00402af0 f i AlertBaseObj.obj
 0001:00001b10       ?_Buynode@?$list@V?$basic_string@DU?$char_traits@D@std@@V?$allocator@D@2@@std@@V?$allocator@V?$basic_string@DU?$char_traits@D@std@@V?$allocator@D@2@@std@@@2@@std@@IAEPAU_Node@?$_List_nod@V?$basic_string@DU?$char_traits@D@std@@V?$allocator@D@2@@std@@V?$allocator@V?$basic_string@DU?$char_traits@D@std@@V?$allocator@D@2@@std@@@2@@2@PAU342@0ABV?$basic_string@DU?$char_traits@D@std@@V?$allocator@D@2@@2@@Z 00402b10 f i AlertBaseObj.obj
 0001:00001ba0       ?_Incsize@?$list@V?$basic_string@DU?$char_traits@D@std@@V?$allocator@D@2@@std@@V?$allocator@V?$basic_string@DU?$char_traits@D@std@@V?$allocator@D@2@@std@@@2@@std@@IAEXI@Z 00402ba0 f i AlertBaseObj.obj
 0001:00001c40       ??0logic_error@std@@QAE@ABV01@@Z 00402c40 f i AlertBaseObj.obj
 0001:00001ca0       ??0length_error@std@@QAE@ABV01@@Z 00402ca0 f i AlertBaseObj.obj
 0001:00001cc0       ?_Buynode@?$_Tree@V?$_Tmap_traits@V?$basic_string@DU?$char_traits@D@std@@V?$allocator@D@2@@std@@KU?$less@V?$basic_string@DU?$char_traits@D@std@@V?$allocator@D@2@@std@@@2@V?$allocator@U?$pair@$$CBV?$basic_string@DU?$char_traits@D@std@@V?$allocator@D@2@@std@@K@std@@@2@$0A@@std@@@std@@IAEPAU_Node@?$_Tree_nod@V?$_Tmap_traits@V?$basic_string@DU?$char_traits@D@std@@V?$allocator@D@2@@std@@KU?$less@V?$basic_string@DU?$char_traits@D@std@@V?$allocator@D@2@@std@@@2@V?$allocator@U?$pair@$$CBV?$basic_string@DU?$char_traits@D@std@@V?$allocator@D@2@@std@@K@std@@@2@$0A@@std@@@2@XZ 00402cc0 f i AlertSendObj.obj
 0001:00001cc0       ?_Buynode@?$_Tree@V?$_Tmap_traits@V?$basic_string@DU?$char_traits@D@std@@V?$allocator@D@2@@std@@HU?$less@V?$basic_string@DU?$char_traits@D@std@@V?$allocator@D@2@@std@@@2@V?$allocator@U?$pair@$$CBV?$basic_string@DU?$char_traits@D@std@@V?$allocator@D@2@@std@@H@std@@@2@$0A@@std@@@std@@IAEPAU_Node@?$_Tree_nod@V?$_Tmap_traits@V?$basic_string@DU?$char_traits@D@std@@V?$allocator@D@2@@std@@HU?$less@V?$basic_string@DU?$char_traits@D@std@@V?$allocator@D@2@@std@@@2@V?$allocator@U?$pair@$$CBV?$basic_string@DU?$char_traits@D@std@@V?$allocator@D@2@@std@@H@std@@@2@$0A@@std@@@2@XZ 00402cc0 f i AlertBaseObj.obj
 0001:00001cc0       ?_Buynode@?$_Tree@V?$_Tmap_traits@HV?$basic_string@DU?$char_traits@D@std@@V?$allocator@D@2@@std@@U?$less@H@2@V?$allocator@U?$pair@$$CBHV?$basic_string@DU?$char_traits@D@std@@V?$allocator@D@2@@std@@@std@@@2@$0A@@std@@@std@@IAEPAU_Node@?$_Tree_nod@V?$_Tmap_traits@HV?$basic_string@DU?$char_traits@D@std@@V?$allocator@D@2@@std@@U?$less@H@2@V?$allocator@U?$pair@$$CBHV?$basic_string@DU?$char_traits@D@std@@V?$allocator@D@2@@std@@@std@@@2@$0A@@std@@@2@XZ 00402cc0 f i AlertSendObj.obj
 0001:00001d00       ?_Buynode@?$_Tree@V?$_Tmap_traits@V?$basic_string@DU?$char_traits@D@std@@V?$allocator@D@2@@std@@HU?$less@V?$basic_string@DU?$char_traits@D@std@@V?$allocator@D@2@@std@@@2@V?$allocator@U?$pair@$$CBV?$basic_string@DU?$char_traits@D@std@@V?$allocator@D@2@@std@@H@std@@@2@$0A@@std@@@std@@IAEPAU_Node@?$_Tree_nod@V?$_Tmap_traits@V?$basic_string@DU?$char_traits@D@std@@V?$allocator@D@2@@std@@HU?$less@V?$basic_string@DU?$char_traits@D@std@@V?$allocator@D@2@@std@@@2@V?$allocator@U?$pair@$$CBV?$basic_string@DU?$char_traits@D@std@@V?$allocator@D@2@@std@@H@std@@@2@$0A@@std@@@2@PAU342@00ABU?$pair@$$CBV?$basic_string@DU?$char_traits@D@std@@V?$allocator@D@2@@std@@H@2@D@Z 00402d00 f i AlertBaseObj.obj
 0001:00001da0       ?_Insert@?$_Tree@V?$_Tmap_traits@V?$basic_string@DU?$char_traits@D@std@@V?$allocator@D@2@@std@@HU?$less@V?$basic_string@DU?$char_traits@D@std@@V?$allocator@D@2@@std@@@2@V?$allocator@U?$pair@$$CBV?$basic_string@DU?$char_traits@D@std@@V?$allocator@D@2@@std@@H@std@@@2@$0A@@std@@@std@@IAE?AViterator@12@_NPAU_Node@?$_Tree_nod@V?$_Tmap_traits@V?$basic_string@DU?$char_traits@D@std@@V?$allocator@D@2@@std@@HU?$less@V?$basic_string@DU?$char_traits@D@std@@V?$allocator@D@2@@std@@@2@V?$allocator@U?$pair@$$CBV?$basic_string@DU?$char_traits@D@std@@V?$allocator@D@2@@std@@H@std@@@2@$0A@@std@@@2@ABU?$pair@$$CBV?$basic_string@DU?$char_traits@D@std@@V?$allocator@D@2@@std@@H@2@@Z 00402da0 f i AlertBaseObj.obj
 0001:00001f60       ?IsMatching@CAlertBaseObj@@UAE_NPAVCAlertEventObj@@@Z 00402f60 f   AlertBaseObj.obj
 0001:000024c0       ?IsMatching@CAlertEmailObj@@UAE_NPAVCAlertEventObj@@@Z 004034c0 f   AlertBaseObj.obj
 0001:000025f0       ?IsMatching@CAlertSmsObj@@UAE_NPAVCAlertEventObj@@@Z 004035f0 f   AlertBaseObj.obj
 0001:00002720       ?IsMatching@CAlertSoundObj@@UAE_NPAVCAlertEventObj@@@Z 00403720 f   AlertBaseObj.obj
 0001:00002720       ?IsMatching@CAlertScriptObj@@UAE_NPAVCAlertEventObj@@@Z 00403720 f   AlertBaseObj.obj
 0001:00002720       ?IsMatching@CAlertPythonObj@@UAE_NPAVCAlertEventObj@@@Z 00403720 f   AlertBaseObj.obj
 0001:00002830       ?push_back@?$list@V?$basic_string@DU?$char_traits@D@std@@V?$allocator@D@2@@std@@V?$allocator@V?$basic_string@DU?$char_traits@D@std@@V?$allocator@D@2@@std@@@2@@std@@QAEXABV?$basic_string@DU?$char_traits@D@std@@V?$allocator@D@2@@2@@Z 00403830 f i AlertBaseObj.obj
 0001:00002870       ?clear@?$list@V?$basic_string@DU?$char_traits@D@std@@V?$allocator@D@2@@std@@V?$allocator@V?$basic_string@DU?$char_traits@D@std@@V?$allocator@D@2@@std@@@2@@std@@QAEXXZ 00403870 f i AlertBaseObj.obj
 0001:000028b0       ?insert@?$_Tree@V?$_Tmap_traits@V?$basic_string@DU?$char_traits@D@std@@V?$allocator@D@2@@std@@HU?$less@V?$basic_string@DU?$char_traits@D@std@@V?$allocator@D@2@@std@@@2@V?$allocator@U?$pair@$$CBV?$basic_string@DU?$char_traits@D@std@@V?$allocator@D@2@@std@@H@std@@@2@$0A@@std@@@std@@QAE?AU?$pair@Viterator@?$_Tree@V?$_Tmap_traits@V?$basic_string@DU?$char_traits@D@std@@V?$allocator@D@2@@std@@HU?$less@V?$basic_string@DU?$char_traits@D@std@@V?$allocator@D@2@@std@@@2@V?$allocator@U?$pair@$$CBV?$basic_string@DU?$char_traits@D@std@@V?$allocator@D@2@@std@@H@std@@@2@$0A@@std@@@std@@_N@2@ABU?$pair@$$CBV?$basic_string@DU?$char_traits@D@std@@V?$allocator@D@2@@std@@H@2@@Z 004038b0 f i AlertBaseObj.obj
 0001:00002990       ?erase@?$_Tree@V?$_Tmap_traits@V?$basic_string@DU?$char_traits@D@std@@V?$allocator@D@2@@std@@HU?$less@V?$basic_string@DU?$char_traits@D@std@@V?$allocator@D@2@@std@@@2@V?$allocator@U?$pair@$$CBV?$basic_string@DU?$char_traits@D@std@@V?$allocator@D@2@@std@@H@std@@@2@$0A@@std@@@std@@QAE?AViterator@12@V312@@Z 00403990 f i AlertBaseObj.obj
 0001:00002c70       ??0out_of_range@std@@QAE@ABV01@@Z 00403c70 f i AlertBaseObj.obj
 0001:00002c90       ?_Erase@?$_Tree@V?$_Tmap_traits@V?$basic_string@DU?$char_traits@D@std@@V?$allocator@D@2@@std@@HU?$less@V?$basic_string@DU?$char_traits@D@std@@V?$allocator@D@2@@std@@@2@V?$allocator@U?$pair@$$CBV?$basic_string@DU?$char_traits@D@std@@V?$allocator@D@2@@std@@H@std@@@2@$0A@@std@@@std@@IAEXPAU_Node@?$_Tree_nod@V?$_Tmap_traits@V?$basic_string@DU?$char_traits@D@std@@V?$allocator@D@2@@std@@HU?$less@V?$basic_string@DU?$char_traits@D@std@@V?$allocator@D@2@@std@@@2@V?$allocator@U?$pair@$$CBV?$basic_string@DU?$char_traits@D@std@@V?$allocator@D@2@@std@@H@std@@@2@$0A@@std@@@2@@Z 00403c90 f i AlertBaseObj.obj
 0001:00002cd0       ?WriteAlertTargerById@CAlertBaseObj@@QAEXV?$basic_string@DU?$char_traits@D@std@@V?$allocator@D@2@@std@@@Z 00403cd0 f   AlertBaseObj.obj
 0001:00002e30       ?insert@?$_Tree@V?$_Tmap_traits@V?$basic_string@DU?$char_traits@D@std@@V?$allocator@D@2@@std@@HU?$less@V?$basic_string@DU?$char_traits@D@std@@V?$allocator@D@2@@std@@@2@V?$allocator@U?$pair@$$CBV?$basic_string@DU?$char_traits@D@std@@V?$allocator@D@2@@std@@H@std@@@2@$0A@@std@@@std@@QAE?AViterator@12@V312@ABU?$pair@$$CBV?$basic_string@DU?$char_traits@D@std@@V?$allocator@D@2@@std@@H@2@@Z 00403e30 f i AlertBaseObj.obj
 0001:00002ff0       ??1?$list@V?$basic_string@DU?$char_traits@D@std@@V?$allocator@D@2@@std@@V?$allocator@V?$basic_string@DU?$char_traits@D@std@@V?$allocator@D@2@@std@@@2@@std@@QAE@XZ 00403ff0 f i AlertBaseObj.obj
 0001:00003010       ??A?$map@V?$basic_string@DU?$char_traits@D@std@@V?$allocator@D@2@@std@@HU?$less@V?$basic_string@DU?$char_traits@D@std@@V?$allocator@D@2@@std@@@2@V?$allocator@U?$pair@$$CBV?$basic_string@DU?$char_traits@D@std@@V?$allocator@D@2@@std@@H@std@@@2@@std@@QAEAAHABV?$basic_string@DU?$char_traits@D@std@@V?$allocator@D@2@@1@@Z 00404010 f i AlertBaseObj.obj
 0001:000030b0       ?erase@?$_Tree@V?$_Tmap_traits@V?$basic_string@DU?$char_traits@D@std@@V?$allocator@D@2@@std@@HU?$less@V?$basic_string@DU?$char_traits@D@std@@V?$allocator@D@2@@std@@@2@V?$allocator@U?$pair@$$CBV?$basic_string@DU?$char_traits@D@std@@V?$allocator@D@2@@std@@H@std@@@2@$0A@@std@@@std@@QAE?AViterator@12@V312@0@Z 004040b0 f i AlertBaseObj.obj
 0001:00003170       ?AnalysisAlertTarget@CAlertBaseObj@@QAEXXZ 00404170 f   AlertBaseObj.obj
 0001:00003370       ??1?$map@V?$basic_string@DU?$char_traits@D@std@@V?$allocator@D@2@@std@@HU?$less@V?$basic_string@DU?$char_traits@D@std@@V?$allocator@D@2@@std@@@2@V?$allocator@U?$pair@$$CBV?$basic_string@DU?$char_traits@D@std@@V?$allocator@D@2@@std@@H@std@@@2@@std@@QAE@XZ 00404370 f i AlertBaseObj.obj
 0001:000033a0       ??1CAlertBaseObj@@QAE@XZ   004043a0 f i AlertBaseObj.obj
 0001:000034f0       ??0CAlertBaseObj@@QAE@XZ   004044f0 f   AlertBaseObj.obj
 0001:00003650       ??0CAlertEmailObj@@QAE@XZ  00404650 f   AlertBaseObj.obj
 0001:00003710       ??0CAlertSmsObj@@QAE@XZ    00404710 f   AlertBaseObj.obj
 0001:000037e0       ??0CAlertScriptObj@@QAE@XZ 004047e0 f   AlertBaseObj.obj
 0001:00003870       ??0CAlertSoundObj@@QAE@XZ  00404870 f   AlertBaseObj.obj
 0001:000038e0       ??0CAlertPythonObj@@QAE@XZ 004048e0 f   AlertBaseObj.obj
 0001:00003950       ??0CAlertEventObj@@QAE@XZ  00404950 f   AlertEventObj.obj
 0001:000039b0       ?GetCurrentTimeEx@TTime@svutil@@SA?AV12@XZ 004049b0 f i AlertMain.obj
 0001:000039e0       ??HTTime@svutil@@QBE?AV01@VTTimeSpan@1@@Z 004049e0 f i AlertMain.obj
 0001:00003a00       ?Format@TTime@svutil@@QBE?AV?$basic_string@DU?$char_traits@D@std@@V?$allocator@D@2@@std@@XZ 00404a00 f i AlertMain.obj
 0001:00003a90       ??1sv_dyn@@QAE@XZ          00404a90 f i AlertMain.obj
 0001:00003aa0       ?DebugePrint@@YAXV?$basic_string@DU?$char_traits@D@std@@V?$allocator@D@2@@std@@@Z 00404aa0 f   AlertMain.obj
 0001:00003b60       ?WriteLog@@YAHPBD@Z        00404b60 f   AlertMain.obj
 0001:00003b80       ??1otl_var_desc@@QAE@XZ    00404b80 f   AlertSendObj.obj
 0001:00003b80       ?WriteErr@@YAXPBD@Z        00404b80 f   AlertMain.obj
 0001:00003b80       ??3@YAXPAX0@Z              00404b80 f   AlertBaseObj.obj
 0001:00003b80       ?RefreshData@CAlertBaseObj@@UAEXXZ 00404b80 f   AlertBaseObj.obj
 0001:00003b80       ?AssertValid@CObject@@UBEXXZ 00404b80 f   MailMessage.obj
 0001:00003b90       ?urlEncoding@@YA?AV?$basic_string@DU?$char_traits@D@std@@V?$allocator@D@2@@std@@AAV12@@Z 00404b90 f   AlertMain.obj
 0001:00003d20       ?GetSourceHtml@@YAHPBDPAD@Z 00404d20 f   AlertMain.obj
 0001:00003e40       ??1CAlertEventObj@@QAE@XZ  00404e40 f i AlertMain.obj
 0001:00003ea0       ?GetIntFromAlertType@CAlertMain@@AAEHV?$basic_string@DU?$char_traits@D@std@@V?$allocator@D@2@@std@@@Z 00404ea0 f   AlertMain.obj
 0001:00003f70       ?InitSendApi@CAlertMain@@SA_NXZ 00404f70 f   AlertMain.obj
 0001:00003fc0       ?InitSoundAlertCom@CAlertMain@@SA_NXZ 00404fc0 f   AlertMain.obj
 0001:00004020       ?UnloadSoundAlertCom@CAlertMain@@SAXXZ 00405020 f   AlertMain.obj
 0001:00004040       ?InitScriptAlertCom@CAlertMain@@SA_NXZ 00405040 f   AlertMain.obj
 0001:000040a0       ?UnloadScriptAlertCom@CAlertMain@@SAXXZ 004050a0 f   AlertMain.obj
 0001:000040c0       ?ReplaceStdString@CAlertMain@@SA?AV?$basic_string@DU?$char_traits@D@std@@V?$allocator@D@2@@std@@V23@00@Z 004050c0 f   AlertMain.obj
 0001:000041c0       ?IsIdcGroup@CAlertMain@@SA_NPBD@Z 004051c0 f   AlertMain.obj
 0001:00004220       ??1_WATCH_LIST@@QAE@XZ     00405220 f i AlertMain.obj
 0001:00004290       ?GetMonitorPropValue@CAlertMain@@SA?AV?$basic_string@DU?$char_traits@D@std@@V?$allocator@D@2@@std@@V23@0@Z 00405290 f   AlertMain.obj
 0001:000043e0       ?GetMonitorParameterValue@CAlertMain@@SA?AV?$basic_string@DU?$char_traits@D@std@@V?$allocator@D@2@@std@@V23@0@Z 004053e0 f   AlertMain.obj
 0001:00004530       ?GetMonitorRecordDstr@CAlertMain@@SA?AV?$basic_string@DU?$char_traits@D@std@@V?$allocator@D@2@@std@@V23@@Z 00405530 f   AlertMain.obj
 0001:00004770       ?GetMonitorRecordState@CAlertMain@@SA?AV?$basic_string@DU?$char_traits@D@std@@V?$allocator@D@2@@std@@V23@@Z 00405770 f   AlertMain.obj
 0001:000049a0       ?InitSerialPort@CAlertMain@@SA_NXZ 004059a0 f   AlertMain.obj
 0001:00004b90       ?SendSmsFromComm@CAlertMain@@SAHV?$CStringT@DV?$StrTraitMFC_DLL@DV?$ChTraitsCRT@D@ATL@@@@@ATL@@0H@Z 00405b90 f   AlertMain.obj
 0001:00004cc0       ?TestSmsFromComm@CAlertMain@@SAHV?$CStringT@DV?$StrTraitMFC_DLL@DV?$ChTraitsCRT@D@ATL@@@@@ATL@@0@Z 00405cc0 f   AlertMain.obj
 0001:00005100       ??1ReceiveThread@@UAE@XZ   00406100 f   AlertMain.obj
 0001:00005110       ??1ProcessThread@@UAE@XZ   00406110 f   AlertMain.obj
 0001:00005120       ??1SendEmailAlertThread@@UAE@XZ 00406120 f   AlertMain.obj
 0001:00005130       ??1SendSmsAlertThread@@UAE@XZ 00406130 f   AlertMain.obj
 0001:00005140       ??1SendScriptAlertThread@@UAE@XZ 00406140 f   AlertMain.obj
 0001:00005150       ??1SendSoundAlertThread@@UAE@XZ 00406150 f   AlertMain.obj
 0001:00005160       ??0_WATCH_LIST@@QAE@ABU0@@Z 00406160 f i AlertMain.obj
 0001:00005240       ?_Lrotate@?$_Tree@V?$_Tmap_traits@V?$basic_string@DU?$char_traits@D@std@@V?$allocator@D@2@@std@@V12@U?$less@V?$basic_string@DU?$char_traits@D@std@@V?$allocator@D@2@@std@@@2@V?$allocator@U?$pair@$$CBV?$basic_string@DU?$char_traits@D@std@@V?$allocator@D@2@@std@@V12@@std@@@2@$0A@@std@@@std@@IAEXPAU_Node@?$_Tree_nod@V?$_Tmap_traits@V?$basic_string@DU?$char_traits@D@std@@V?$allocator@D@2@@std@@V12@U?$less@V?$basic_string@DU?$char_traits@D@std@@V?$allocator@D@2@@std@@@2@V?$allocator@U?$pair@$$CBV?$basic_string@DU?$char_traits@D@std@@V?$allocator@D@2@@std@@V12@@std@@@2@$0A@@std@@@2@@Z 00406240 f i AlertMain.obj
 0001:000052a0       ?_Max@?$_Tree@V?$_Tmap_traits@V?$basic_string@DU?$char_traits@D@std@@V?$allocator@D@2@@std@@V12@U?$less@V?$basic_string@DU?$char_traits@D@std@@V?$allocator@D@2@@std@@@2@V?$allocator@U?$pair@$$CBV?$basic_string@DU?$char_traits@D@std@@V?$allocator@D@2@@std@@V12@@std@@@2@$0A@@std@@@std@@KAPAU_Node@?$_Tree_nod@V?$_Tmap_traits@V?$basic_string@DU?$char_traits@D@std@@V?$allocator@D@2@@std@@V12@U?$less@V?$basic_string@DU?$char_traits@D@std@@V?$allocator@D@2@@std@@@2@V?$allocator@U?$pair@$$CBV?$basic_string@DU?$char_traits@D@std@@V?$allocator@D@2@@std@@V12@@std@@@2@$0A@@std@@@2@PAU342@@Z 004062a0 f i AlertMain.obj
 0001:000052c0       ?_Min@?$_Tree@V?$_Tmap_traits@V?$basic_string@DU?$char_traits@D@std@@V?$allocator@D@2@@std@@V12@U?$less@V?$basic_string@DU?$char_traits@D@std@@V?$allocator@D@2@@std@@@2@V?$allocator@U?$pair@$$CBV?$basic_string@DU?$char_traits@D@std@@V?$allocator@D@2@@std@@V12@@std@@@2@$0A@@std@@@std@@KAPAU_Node@?$_Tree_nod@V?$_Tmap_traits@V?$basic_string@DU?$char_traits@D@std@@V?$allocator@D@2@@std@@V12@U?$less@V?$basic_string@DU?$char_traits@D@std@@V?$allocator@D@2@@std@@@2@V?$allocator@U?$pair@$$CBV?$basic_string@DU?$char_traits@D@std@@V?$allocator@D@2@@std@@V12@@std@@@2@$0A@@std@@@2@PAU342@@Z 004062c0 f i AlertMain.obj
 0001:000052e0       ?_Rrotate@?$_Tree@V?$_Tmap_traits@V?$basic_string@DU?$char_traits@D@std@@V?$allocator@D@2@@std@@V12@U?$less@V?$basic_string@DU?$char_traits@D@std@@V?$allocator@D@2@@std@@@2@V?$allocator@U?$pair@$$CBV?$basic_string@DU?$char_traits@D@std@@V?$allocator@D@2@@std@@V12@@std@@@2@$0A@@std@@@std@@IAEXPAU_Node@?$_Tree_nod@V?$_Tmap_traits@V?$basic_string@DU?$char_traits@D@std@@V?$allocator@D@2@@std@@V12@U?$less@V?$basic_string@DU?$char_traits@D@std@@V?$allocator@D@2@@std@@@2@V?$allocator@U?$pair@$$CBV?$basic_string@DU?$char_traits@D@std@@V?$allocator@D@2@@std@@V12@@std@@@2@$0A@@std@@@2@@Z 004062e0 f i AlertMain.obj
 0001:00005340       ?_Inc@const_iterator@?$_Tree@V?$_Tmap_traits@V?$basic_string@DU?$char_traits@D@std@@V?$allocator@D@2@@std@@V12@U?$less@V?$basic_string@DU?$char_traits@D@std@@V?$allocator@D@2@@std@@@2@V?$allocator@U?$pair@$$CBV?$basic_string@DU?$char_traits@D@std@@V?$allocator@D@2@@std@@V12@@std@@@2@$0A@@std@@@std@@QAEXXZ 00406340 f i AlertMain.obj
 0001:000053a0       ??1_Node@?$_List_nod@U_WATCH_LIST@@V?$allocator@U_WATCH_LIST@@@std@@@std@@QAE@XZ 004063a0 f i AlertMain.obj
 0001:000053b0       ??1_Node@?$_List_nod@Usv_pair@@V?$allocator@Usv_pair@@@std@@@std@@QAE@XZ 004063b0 f i AlertMain.obj
 0001:000053c0       ??1?$pair@$$CBV?$basic_string@DU?$char_traits@D@std@@V?$allocator@D@2@@std@@V12@@std@@QAE@XZ 004063c0 f i AlertMain.obj
 0001:000053c0       ??1sv_pair@@QAE@XZ         004063c0 f i AlertMain.obj
 0001:00005410       ?GetDebugInfo@CAlertEventObj@@QAE?AV?$basic_string@DU?$char_traits@D@std@@V?$allocator@D@2@@std@@XZ 00406410 f i AlertMain.obj
 0001:00005780       ?GetMonitorTitle@CAlertMain@@SA?AV?$basic_string@DU?$char_traits@D@std@@V?$allocator@D@2@@std@@V23@@Z 00406780 f   AlertMain.obj
 0001:00005c10       ?GetDeviceTitle@CAlertMain@@SA?AV?$basic_string@DU?$char_traits@D@std@@V?$allocator@D@2@@std@@V23@@Z 00406c10 f   AlertMain.obj
 0001:00005d90       ?GetAllGroupTitle@CAlertMain@@SA?AV?$basic_string@DU?$char_traits@D@std@@V?$allocator@D@2@@std@@V23@@Z 00406d90 f   AlertMain.obj
 0001:000060c0       ??_EReceiveThread@@UAEPAXI@Z 004070c0 f i AlertMain.obj
 0001:000060c0       ??_GReceiveThread@@UAEPAXI@Z 004070c0 f i AlertMain.obj
 0001:000060e0       ??_GProcessThread@@UAEPAXI@Z 004070e0 f i AlertMain.obj
 0001:000060e0       ??_EProcessThread@@UAEPAXI@Z 004070e0 f i AlertMain.obj
 0001:00006100       ??_ESendEmailAlertThread@@UAEPAXI@Z 00407100 f i AlertMain.obj
 0001:00006100       ??_GSendEmailAlertThread@@UAEPAXI@Z 00407100 f i AlertMain.obj
 0001:00006120       ??_GSendSmsAlertThread@@UAEPAXI@Z 00407120 f i AlertMain.obj
 0001:00006120       ??_ESendSmsAlertThread@@UAEPAXI@Z 00407120 f i AlertMain.obj
 0001:00006140       ??_GSendScriptAlertThread@@UAEPAXI@Z 00407140 f i AlertMain.obj
 0001:00006140       ??_ESendScriptAlertThread@@UAEPAXI@Z 00407140 f i AlertMain.obj
 0001:00006160       ??_GSendSoundAlertThread@@UAEPAXI@Z 00407160 f i AlertMain.obj
 0001:00006160       ??_ESendSoundAlertThread@@UAEPAXI@Z 00407160 f i AlertMain.obj
 0001:00006180       ??1_Node@?$_Tree_nod@V?$_Tmap_traits@V?$basic_string@DU?$char_traits@D@std@@V?$allocator@D@2@@std@@V12@U?$less@V?$basic_string@DU?$char_traits@D@std@@V?$allocator@D@2@@std@@@2@V?$allocator@U?$pair@$$CBV?$basic_string@DU?$char_traits@D@std@@V?$allocator@D@2@@std@@V12@@std@@@2@$0A@@std@@@std@@QAE@XZ 00407180 f i AlertMain.obj
 0001:00006190       ?_Buynode@?$list@PAVCAlertEventObj@@V?$allocator@PAVCAlertEventObj@@@std@@@std@@IAEPAU_Node@?$_List_nod@PAVCAlertEventObj@@V?$allocator@PAVCAlertEventObj@@@std@@@2@XZ 00407190 f i AlertMain.obj
 0001:00006190       ?_Buynode@?$list@PAVCAlertBaseObj@@V?$allocator@PAVCAlertBaseObj@@@std@@@std@@IAEPAU_Node@?$_List_nod@PAVCAlertBaseObj@@V?$allocator@PAVCAlertBaseObj@@@std@@@2@XZ 00407190 f i AlertMain.obj
 0001:00006190       ?_Buynode@?$list@PAVCAlertSendObj@@V?$allocator@PAVCAlertSendObj@@@std@@@std@@IAEPAU_Node@?$_List_nod@PAVCAlertSendObj@@V?$allocator@PAVCAlertSendObj@@@std@@@2@XZ 00407190 f i AlertMain.obj
 0001:00006190       ?_Buynode@?$list@PAVThread@ost@@V?$allocator@PAVThread@ost@@@std@@@std@@IAEPAU_Node@?$_List_nod@PAVThread@ost@@V?$allocator@PAVThread@ost@@@std@@@2@XZ 00407190 f i AlertMain.obj
 0001:000061b0       ?_Buynode@?$list@U_WATCH_LIST@@V?$allocator@U_WATCH_LIST@@@std@@@std@@IAEPAU_Node@?$_List_nod@U_WATCH_LIST@@V?$allocator@U_WATCH_LIST@@@std@@@2@XZ 004071b0 f i AlertMain.obj
 0001:000061d0       ?_Buynode@?$list@Usv_pair@@V?$allocator@Usv_pair@@@std@@@std@@IAEPAU_Node@?$_List_nod@Usv_pair@@V?$allocator@Usv_pair@@@std@@@2@XZ 004071d0 f i AlertMain.obj
 0001:000061d0       ?_Buynode@?$list@USMSInfo@@V?$allocator@USMSInfo@@@std@@@std@@IAEPAU_Node@?$_List_nod@USMSInfo@@V?$allocator@USMSInfo@@@std@@@2@XZ 004071d0 f i AlertSendObj.obj
 0001:000061f0       ?clear@?$list@PAVThread@ost@@V?$allocator@PAVThread@ost@@@std@@@std@@QAEXXZ 004071f0 f i AlertMain.obj
 0001:000061f0       ?clear@?$list@PAVCAlertEventObj@@V?$allocator@PAVCAlertEventObj@@@std@@@std@@QAEXXZ 004071f0 f i AlertMain.obj
 0001:000061f0       ?clear@?$list@PAVCAlertSendObj@@V?$allocator@PAVCAlertSendObj@@@std@@@std@@QAEXXZ 004071f0 f i AlertMain.obj
 0001:000061f0       ?clear@?$list@PAVCAlertBaseObj@@V?$allocator@PAVCAlertBaseObj@@@std@@@std@@QAEXXZ 004071f0 f i AlertMain.obj
 0001:00006230       ?_Incsize@?$list@PAVCAlertSendObj@@V?$allocator@PAVCAlertSendObj@@@std@@@std@@IAEXI@Z 00407230 f i AlertMain.obj
 0001:00006230       ?_Incsize@?$list@PAVCAlertEventObj@@V?$allocator@PAVCAlertEventObj@@@std@@@std@@IAEXI@Z 00407230 f i AlertMain.obj
 0001:00006230       ?_Incsize@?$list@PAVCAlertBaseObj@@V?$allocator@PAVCAlertBaseObj@@@std@@@std@@IAEXI@Z 00407230 f i AlertMain.obj
 0001:000062d0       ?_Buynode@?$list@PAVCAlertEventObj@@V?$allocator@PAVCAlertEventObj@@@std@@@std@@IAEPAU_Node@?$_List_nod@PAVCAlertEventObj@@V?$allocator@PAVCAlertEventObj@@@std@@@2@PAU342@0ABQAVCAlertEventObj@@@Z 004072d0 f i AlertMain.obj
 0001:000062d0       ?_Buynode@?$list@PAVCAlertBaseObj@@V?$allocator@PAVCAlertBaseObj@@@std@@@std@@IAEPAU_Node@?$_List_nod@PAVCAlertBaseObj@@V?$allocator@PAVCAlertBaseObj@@@std@@@2@PAU342@0ABQAVCAlertBaseObj@@@Z 004072d0 f i AlertMain.obj
 0001:000062d0       ?_Buynode@?$list@PAVCAlertSendObj@@V?$allocator@PAVCAlertSendObj@@@std@@@std@@IAEPAU_Node@?$_List_nod@PAVCAlertSendObj@@V?$allocator@PAVCAlertSendObj@@@std@@@2@PAU342@0ABQAVCAlertSendObj@@@Z 004072d0 f i AlertMain.obj
 0001:00006300       ?_Buynode@?$list@U_WATCH_LIST@@V?$allocator@U_WATCH_LIST@@@std@@@std@@IAEPAU_Node@?$_List_nod@U_WATCH_LIST@@V?$allocator@U_WATCH_LIST@@@std@@@2@PAU342@0ABU_WATCH_LIST@@@Z 00407300 f i AlertMain.obj
 0001:00006390       ?_Incsize@?$list@U_WATCH_LIST@@V?$allocator@U_WATCH_LIST@@@std@@@std@@IAEXI@Z 00407390 f i AlertMain.obj
 0001:00006430       ?_Buynode@?$_Tree@V?$_Tmap_traits@V?$basic_string@DU?$char_traits@D@std@@V?$allocator@D@2@@std@@V12@U?$less@V?$basic_string@DU?$char_traits@D@std@@V?$allocator@D@2@@std@@@2@V?$allocator@U?$pair@$$CBV?$basic_string@DU?$char_traits@D@std@@V?$allocator@D@2@@std@@V12@@std@@@2@$0A@@std@@@std@@IAEPAU_Node@?$_Tree_nod@V?$_Tmap_traits@V?$basic_string@DU?$char_traits@D@std@@V?$allocator@D@2@@std@@V12@U?$less@V?$basic_string@DU?$char_traits@D@std@@V?$allocator@D@2@@std@@@2@V?$allocator@U?$pair@$$CBV?$basic_string@DU?$char_traits@D@std@@V?$allocator@D@2@@std@@V12@@std@@@2@$0A@@std@@@2@XZ 00407430 f i AlertMain.obj
 0001:00006470       ?erase@?$list@PAVCAlertSendObj@@V?$allocator@PAVCAlertSendObj@@@std@@@std@@QAE?AViterator@12@V312@0@Z 00407470 f i AlertMain.obj
 0001:000064e0       ?DoSendEmailAlert@CAlertMain@@QAEXXZ 004074e0 f   AlertMain.obj
 0001:000067c0       ?DoSendSmsAlert@CAlertMain@@QAEXXZ 004077c0 f   AlertMain.obj
 0001:00006a20       ?DoSendScriptAlert@CAlertMain@@QAEXXZ 00407a20 f   AlertMain.obj
 0001:00006c80       ?DoSendSoundAlert@CAlertMain@@QAEXXZ 00407c80 f   AlertMain.obj
 0001:00006ee0       ?DeleteAlertObjFromSection@CAlertMain@@AAEXV?$basic_string@DU?$char_traits@D@std@@V?$allocator@D@2@@std@@@Z 00407ee0 f   AlertMain.obj
 0001:00006fb0       ?DeleteAlertObjFromSection@CAlertMain@@AAEXV?$basic_string@DU?$char_traits@D@std@@V?$allocator@D@2@@std@@0@Z 00407fb0 f   AlertMain.obj
 0001:000070b0       ?GetFileLastLine@CAlertMain@@SA?AV?$basic_string@DU?$char_traits@D@std@@V?$allocator@D@2@@std@@V23@0@Z 004080b0 f   AlertMain.obj
 0001:00007270       ?run@SendEmailAlertThread@@UAEXXZ 00408270 f   AlertMain.obj
 0001:00007280       ?run@SendSmsAlertThread@@UAEXXZ 00408280 f   AlertMain.obj
 0001:000072a0       ?run@SendScriptAlertThread@@UAEXXZ 004082a0 f   AlertMain.obj
 0001:000072e0       ?run@SendSoundAlertThread@@UAEXXZ 004082e0 f   AlertMain.obj
 0001:00007320       ??1?$list@PAVCAlertEventObj@@V?$allocator@PAVCAlertEventObj@@@std@@@std@@QAE@XZ 00408320 f i AlertMain.obj
 0001:00007320       ??1?$list@PAVCAlertBaseObj@@V?$allocator@PAVCAlertBaseObj@@@std@@@std@@QAE@XZ 00408320 f i AlertMain.obj
 0001:00007320       ??1?$list@PAVThread@ost@@V?$allocator@PAVThread@ost@@@std@@@std@@QAE@XZ 00408320 f i AlertMain.obj
 0001:00007320       ??1?$list@PAVCAlertSendObj@@V?$allocator@PAVCAlertSendObj@@@std@@@std@@QAE@XZ 00408320 f i AlertMain.obj
 0001:00007340       ?push_back@?$list@PAVCAlertSendObj@@V?$allocator@PAVCAlertSendObj@@@std@@@std@@QAEXABQAVCAlertSendObj@@@Z 00408340 f i AlertMain.obj
 0001:00007340       ?push_back@?$list@PAVCAlertEventObj@@V?$allocator@PAVCAlertEventObj@@@std@@@std@@QAEXABQAVCAlertEventObj@@@Z 00408340 f i AlertMain.obj
 0001:00007380       ?clear@?$list@U_WATCH_LIST@@V?$allocator@U_WATCH_LIST@@@std@@@std@@QAEXXZ 00408380 f i AlertMain.obj
 0001:000073c0       ?clear@?$list@Usv_pair@@V?$allocator@Usv_pair@@@std@@@std@@QAEXXZ 004083c0 f i AlertMain.obj
 0001:00007400       ?DoProcess@CAlertMain@@QAEXXZ 00408400 f   AlertMain.obj
 0001:000076b0       ?ReadAlertObjFromIni@CAlertMain@@AAEXV?$basic_string@DU?$char_traits@D@std@@V?$allocator@D@2@@std@@@Z 004086b0 f   AlertMain.obj
 0001:0000a530       ?ReadAlertObjFromIni@CAlertMain@@AAEXV?$basic_string@DU?$char_traits@D@std@@V?$allocator@D@2@@std@@0@Z 0040b530 f   AlertMain.obj
 0001:0000d010       ?ParserToken@CAlertMain@@SA_NAAV?$list@V?$basic_string@DU?$char_traits@D@std@@V?$allocator@D@2@@std@@V?$allocator@V?$basic_string@DU?$char_traits@D@std@@V?$allocator@D@2@@std@@@2@@std@@PBDPAD@Z 0040e010 f   AlertMain.obj
 0001:0000d140       ?DeleteCfgFromWatchIniSection@CAlertMain@@SAXV?$basic_string@DU?$char_traits@D@std@@V?$allocator@D@2@@std@@@Z 0040e140 f   AlertMain.obj
 0001:0000d200       ?run@ProcessThread@@UAEXXZ 0040e200 f   AlertMain.obj
 0001:0000d210       ?pop_front@?$list@V?$basic_string@DU?$char_traits@D@std@@V?$allocator@D@2@@std@@V?$allocator@V?$basic_string@DU?$char_traits@D@std@@V?$allocator@D@2@@std@@@2@@std@@QAEXXZ 0040e210 f i AlertMain.obj
 0001:0000d250       ?erase@?$_Tree@V?$_Tmap_traits@V?$basic_string@DU?$char_traits@D@std@@V?$allocator@D@2@@std@@V12@U?$less@V?$basic_string@DU?$char_traits@D@std@@V?$allocator@D@2@@std@@@2@V?$allocator@U?$pair@$$CBV?$basic_string@DU?$char_traits@D@std@@V?$allocator@D@2@@std@@V12@@std@@@2@$0A@@std@@@std@@QAE?AViterator@12@V312@@Z 0040e250 f i AlertMain.obj
 0001:0000d550       ?_Erase@?$_Tree@V?$_Tmap_traits@V?$basic_string@DU?$char_traits@D@std@@V?$allocator@D@2@@std@@V12@U?$less@V?$basic_string@DU?$char_traits@D@std@@V?$allocator@D@2@@std@@@2@V?$allocator@U?$pair@$$CBV?$basic_string@DU?$char_traits@D@std@@V?$allocator@D@2@@std@@V12@@std@@@2@$0A@@std@@@std@@IAEXPAU_Node@?$_Tree_nod@V?$_Tmap_traits@V?$basic_string@DU?$char_traits@D@std@@V?$allocator@D@2@@std@@V12@U?$less@V?$basic_string@DU?$char_traits@D@std@@V?$allocator@D@2@@std@@@2@V?$allocator@U?$pair@$$CBV?$basic_string@DU?$char_traits@D@std@@V?$allocator@D@2@@std@@V12@@std@@@2@$0A@@std@@@2@@Z 0040e550 f i AlertMain.obj
 0001:0000d590       ?WebSmsTest@@YA_NV?$basic_string@DU?$char_traits@D@std@@V?$allocator@D@2@@std@@0@Z 0040e590 f   AlertMain.obj
 0001:0000e070       ?IsScheduleMatch@CAlertMain@@SA_NV?$basic_string@DU?$char_traits@D@std@@V?$allocator@D@2@@std@@@Z 0040f070 f   AlertMain.obj
 0001:0000e970       ?ReadCfgFromWatchIniSection@CAlertMain@@SAXV?$basic_string@DU?$char_traits@D@std@@V?$allocator@D@2@@std@@@Z 0040f970 f   AlertMain.obj
 0001:0000f500       ?GetCfgFromWatchList@CAlertMain@@SA?AV?$basic_string@DU?$char_traits@D@std@@V?$allocator@D@2@@std@@V23@_N@Z 00410500 f   AlertMain.obj
 0001:0000fa80       ??1?$list@Usv_pair@@V?$allocator@Usv_pair@@@std@@@std@@QAE@XZ 00410a80 f i AlertMain.obj
 0001:0000faa0       ?DoReceive@CAlertMain@@QAEXXZ 00410aa0 f   AlertMain.obj
 0001:00010f70       ?InitAlertObjList@CAlertMain@@AAEXXZ 00411f70 f   AlertMain.obj
 0001:00011410       ?run@ReceiveThread@@UAEXXZ 00412410 f   AlertMain.obj
 0001:00011420       ?erase@?$_Tree@V?$_Tmap_traits@V?$basic_string@DU?$char_traits@D@std@@V?$allocator@D@2@@std@@V12@U?$less@V?$basic_string@DU?$char_traits@D@std@@V?$allocator@D@2@@std@@@2@V?$allocator@U?$pair@$$CBV?$basic_string@DU?$char_traits@D@std@@V?$allocator@D@2@@std@@V12@@std@@@2@$0A@@std@@@std@@QAE?AViterator@12@V312@0@Z 00412420 f i AlertMain.obj
 0001:000114e0       ?Init@CAlertMain@@QAE_NXZ  004124e0 f   AlertMain.obj
 0001:00012240       ??_GMutex@ost@@UAEPAXI@Z   00413240 f i AlertMain.obj
 0001:00012240       ??_EMutex@ost@@UAEPAXI@Z   00413240 f i AlertMain.obj
 0001:00012260       ??1?$map@V?$basic_string@DU?$char_traits@D@std@@V?$allocator@D@2@@std@@V12@U?$less@V?$basic_string@DU?$char_traits@D@std@@V?$allocator@D@2@@std@@@2@V?$allocator@U?$pair@$$CBV?$basic_string@DU?$char_traits@D@std@@V?$allocator@D@2@@std@@V12@@std@@@2@@std@@QAE@XZ 00413260 f i AlertMain.obj
 0001:00012290       ??1CAlertMain@@QAE@XZ      00413290 f   AlertMain.obj
 0001:00012520       ??0CAlertMain@@QAE@XZ      00413520 f   AlertMain.obj
 0001:000126d0       ??1otl_select_struct_override@@QAE@XZ 004136d0 f i AlertSendObj.obj
 0001:00012700       ?add_override@otl_select_struct_override@@QAEXHHH@Z 00413700 f i AlertSendObj.obj
 0001:000127f0       ??0otl_column_desc@@QAE@XZ 004137f0 f i AlertSendObj.obj
 0001:00012810       ??1otl_column_desc@@QAE@XZ 00413810 f i AlertSendObj.obj
 0001:00012820       ??4otl_column_desc@@QAEAAV0@ABV0@@Z 00413820 f i AlertSendObj.obj
 0001:000128d0       ?set_name@otl_column_desc@@QAEXPBDH@Z 004138d0 f i AlertSendObj.obj
 0001:00012940       ??0otl_var_desc@@QAE@XZ    00413940 f i AlertSendObj.obj
 0001:00012960       ??1otl_long_string@@UAE@XZ 00413960 f i AlertSendObj.obj
 0001:00012980       ?null_terminate_string@otl_long_string@@UAEXH@Z 00413980 f i AlertSendObj.obj
 0001:00012990       ??_Eotl_long_string@@UAEPAXI@Z 00413990 f i AlertSendObj.obj
 0001:00012990       ??_Gotl_long_string@@UAEPAXI@Z 00413990 f i AlertSendObj.obj
 0001:000129d0       ?otl_var_type_name@@YAPBDH@Z 004139d0 f i AlertSendObj.obj
 0001:00012b40       ?otl_var_info_var@@YAXPBDHHPADI@Z 00413b40 f i AlertSendObj.obj
 0001:00012ca0       ?otl_itoa@@YAPADHPAD@Z     00413ca0 f i AlertSendObj.obj
 0001:00012d50       ?otl_var_info_col@@YAXHHHPADI@Z 00413d50 f i AlertSendObj.obj
 0001:00012eb0       ?otl_var_info_col3@@YAXHHPBDPADI@Z 00413eb0 f i AlertSendObj.obj
 0001:00013000       ??1otl_stream_shell_generic@@UAE@XZ 00414000 f i AlertSendObj.obj
 0001:00013010       ??_Gotl_stream_shell_generic@@UAEPAXI@Z 00414010 f i AlertSendObj.obj
 0001:00013010       ??_Eotl_stream_shell_generic@@UAEPAXI@Z 00414010 f i AlertSendObj.obj
 0001:00013030       ??_Eotl_exc@@UAEPAXI@Z     00414030 f i AlertSendObj.obj
 0001:00013030       ??_Gotl_exc@@UAEPAXI@Z     00414030 f i AlertSendObj.obj
 0001:00013050       ??1otl_conn@@UAE@XZ        00414050 f i AlertSendObj.obj
 0001:000130b0       ?rlogon@otl_conn@@QAEHPBDH@Z 004140b0 f i AlertSendObj.obj
 0001:00013540       ?error@otl_conn@@QAEXAAVotl_exc@@@Z 00414540 f i AlertSendObj.obj
 0001:000135a0       ?commit@otl_conn@@QAEHXZ   004145a0 f i AlertSendObj.obj
 0001:000135d0       ??_Eotl_conn@@UAEPAXI@Z    004145d0 f i AlertSendObj.obj
 0001:000135d0       ??_Gotl_conn@@UAEPAXI@Z    004145d0 f i AlertSendObj.obj
 0001:000135f0       ??_Gotl_cur0@@UAEPAXI@Z    004145f0 f i AlertSendObj.obj
 0001:000135f0       ??_Eotl_cur0@@UAEPAXI@Z    004145f0 f i AlertSendObj.obj
 0001:00013610       ?init@otl_var@@QAEXHAAHHPBXH@Z 00414610 f i AlertSendObj.obj
 0001:000136b0       ?set_len@otl_var@@QAEXHH@Z 004146b0 f i AlertSendObj.obj
 0001:00013750       ?int2ext@otl_var@@SAHH@Z   00414750 f i AlertSendObj.obj
 0001:00013890       ?datatype_size@otl_var@@SAHHHHH@Z 00414890 f i AlertSendObj.obj
 0001:000139c0       ?map_ftype@otl_var@@SAXAAVotl_column_desc@@HAAH1AAVotl_select_struct_override@@H@Z 004149c0 f i AlertSendObj.obj
 0001:00013c50       ??_Gotl_var@@UAEPAXI@Z     00414c50 f i AlertSendObj.obj
 0001:00013c50       ??_Eotl_var@@UAEPAXI@Z     00414c50 f i AlertSendObj.obj
 0001:00013c90       ??1otl_cur@@UAE@XZ         00414c90 f i AlertSendObj.obj
 0001:00013ca0       ?open@otl_cur@@QAEHAAVotl_conn@@@Z 00414ca0 f i AlertSendObj.obj
 0001:00013d30       ?close@otl_cur@@QAEHXZ     00414d30 f i AlertSendObj.obj
 0001:00013d60       ?parse@otl_cur@@QAEHPAD@Z  00414d60 f i AlertSendObj.obj
 0001:000143e0       ?exec@otl_cur@@QAEHHH@Z    004153e0 f i AlertSendObj.obj
 0001:000144b0       ?describe_column@otl_cur@@QAEHAAVotl_column_desc@@HAAH@Z 004154b0 f i AlertSendObj.obj
 0001:000145c0       ?error@otl_cur@@QAEXAAVotl_exc@@@Z 004155c0 f i AlertSendObj.obj
 0001:00014620       ??_Gotl_cur@@UAEPAXI@Z     00415620 f i AlertSendObj.obj
 0001:00014620       ??_Eotl_cur@@UAEPAXI@Z     00415620 f i AlertSendObj.obj
 0001:00014640       ??1otl_sel@@UAE@XZ         00415640 f i AlertSendObj.obj
 0001:00014650       ?first@otl_sel@@QAEHAAVotl_cur@@AAH111H@Z 00415650 f i AlertSendObj.obj
 0001:000147c0       ?next@otl_sel@@QAEHAAVotl_cur@@AAH111H@Z 004157c0 f i AlertSendObj.obj
 0001:000148d0       ??_Gotl_sel@@UAEPAXI@Z     004158d0 f i AlertSendObj.obj
 0001:000148d0       ??_Eotl_sel@@UAEPAXI@Z     004158d0 f i AlertSendObj.obj
 0001:000148f0       ?buildbuf@@YAPADV?$basic_string@DU?$char_traits@D@std@@V?$allocator@D@2@@std@@PADH@Z 004158f0 f   AlertSendObj.obj
 0001:00014990       ??0CAlertSendObj@@QAE@XZ   00415990 f   AlertSendObj.obj
 0001:00014a30       ??1CAlertSendObj@@UAE@XZ   00415a30 f   AlertSendObj.obj
 0001:00014ad0       ?SetUpgradeTrue@CAlertSendObj@@UAEXXZ 00415ad0 f   AlertSendObj.obj
 0001:00014ad0       ?SetUpgradeTrue@CAlertEmailSendObj@@UAEXXZ 00415ad0 f   AlertSendObj.obj
 0001:00014ad0       ?SetUpgradeTrue@CAlertSmsSendObj@@UAEXXZ 00415ad0 f   AlertSendObj.obj
 0001:00014ae0       ??0SendInfo@@QAE@XZ        00415ae0 f i AlertSendObj.obj
 0001:00014b40       ??1SendInfo@@QAE@XZ        00415b40 f i AlertSendObj.obj
 0001:00014ba0       ?ToChinese@CAlertEmailSendObj@@AAE_NAAV?$basic_string@DU?$char_traits@D@std@@V?$allocator@D@2@@std@@V23@@Z 00415ba0 f   AlertSendObj.obj
 0001:00014df0       ??0SMSInfo@@QAE@XZ         00415df0 f i AlertSendObj.obj
 0001:00014e40       ??1SMSInfo@@QAE@XZ         00415e40 f i AlertSendObj.obj
 0001:00014e90       ?SendSmsFromWeb@CAlertSmsSendObj@@QAE_NXZ 00415e90 f   AlertSendObj.obj
 0001:00015ab0       ?Run_DLL@CAlertSmsSendObj@@QAEHP6AHPAD00@Z000@Z 00416ab0 f   AlertSendObj.obj
 0001:00015b30       ??0CAlertScriptSendObj@@QAE@XZ 00416b30 f   AlertSendObj.obj
 0001:00015be0       ??1CAlertScriptSendObj@@UAE@XZ 00416be0 f   AlertSendObj.obj
 0001:00015c90       ?GetUserInfoFromServer@CAlertScriptSendObj@@QAEXXZ 00416c90 f   AlertSendObj.obj
 0001:00015f60       ?EidtQueryString@@YAXAAV?$basic_string@DU?$char_traits@D@std@@V?$allocator@D@2@@std@@PAD@Z 00416f60 f   AlertSendObj.obj
 0001:00015fb0       ??0CAlertSoundSendObj@@QAE@XZ 00416fb0 f   AlertSendObj.obj
 0001:00016030       ??1CAlertSoundSendObj@@UAE@XZ 00417030 f   AlertSendObj.obj
 0001:000160b0       ?DoMsgBeep@CAlertSoundSendObj@@QAE?AV?$CStringT@DV?$StrTraitMFC_DLL@DV?$ChTraitsCRT@D@ATL@@@@@ATL@@XZ 004170b0 f   AlertSendObj.obj
 0001:00016340       ??0CAlertPythonSendObj@@QAE@XZ 00417340 f   AlertSendObj.obj
 0001:000163c0       ??1CAlertPythonSendObj@@UAE@XZ 004173c0 f   AlertSendObj.obj
 0001:00016440       ??HATL@@YA?AV?$CStringT@DV?$StrTraitMFC_DLL@DV?$ChTraitsCRT@D@ATL@@@@@0@ABV10@PBD@Z 00417440 f i AlertSendObj.obj
 0001:000164e0       ??HATL@@YA?AV?$CStringT@DV?$StrTraitMFC_DLL@DV?$ChTraitsCRT@D@ATL@@@@@0@PBDABV10@@Z 004174e0 f i AlertSendObj.obj
 0001:00016580       ?bind@?$otl_tmpl_cursor@Votl_exc@@Votl_conn@@Votl_cur@@Votl_var@@@@UAEXAAV?$otl_tmpl_variable@Votl_var@@@@@Z 00417580 f i AlertSendObj.obj
 0001:000165c0       ??0?$otl_tmpl_exception@Votl_exc@@Votl_conn@@Votl_cur@@@@QAE@AAVotl_conn@@PBD@Z 004175c0 f i AlertSendObj.obj
 0001:00016620       ??0?$otl_tmpl_exception@Votl_exc@@Votl_conn@@Votl_cur@@@@QAE@AAVotl_cur@@PBD@Z 00417620 f i AlertSendObj.obj
 0001:00016680       ??0?$otl_tmpl_exception@Votl_exc@@Votl_conn@@Votl_cur@@@@QAE@PBDH00@Z 00417680 f i AlertSendObj.obj
 0001:00016720       ?clean@?$otl_tmpl_select_stream@Votl_exc@@Votl_conn@@Votl_cur@@Votl_var@@Votl_sel@@UtagTIMESTAMP_STRUCT@@@@QAEXXZ 00417720 f i AlertSendObj.obj
 0001:000167c0       ??0otl_exc@@QAE@ABV0@@Z    004177c0 f i AlertSendObj.obj
 0001:00016800       ??1?$otl_tmpl_exception@Votl_exc@@Votl_conn@@Votl_cur@@@@UAE@XZ 00417800 f i AlertSendObj.obj
 0001:00016810       ?destroy@?$otl_ptr@Votl_stream_shell@@@@QAEXXZ 00417810 f i AlertSendObj.obj
 0001:00016870       ??1?$otl_ptr@Votl_stream_shell@@@@QAE@XZ 00417870 f i AlertSendObj.obj
 0001:00016880       ?copy_var_desc@?$otl_tmpl_variable@Votl_var@@@@QAEXAAVotl_var_desc@@@Z 00417880 f i AlertSendObj.obj
 0001:000168f0       ??1?$otl_tmpl_variable@Votl_var@@@@UAE@XZ 004178f0 f i AlertSendObj.obj
 0001:00016920       ?size@?$vector@V?$basic_string@DU?$char_traits@D@std@@V?$allocator@D@2@@std@@V?$allocator@V?$basic_string@DU?$char_traits@D@std@@V?$allocator@D@2@@std@@@2@@std@@QBEIXZ 00417920 f i AlertSendObj.obj
 0001:00016950       ?commit@?$otl_tmpl_connect@Votl_exc@@Votl_conn@@Votl_cur@@@@QAEXXZ 00417950 f i AlertSendObj.obj
 0001:000169d0       ?parse@?$otl_tmpl_cursor@Votl_exc@@Votl_conn@@Votl_cur@@Votl_var@@@@QAEXXZ 004179d0 f i AlertSendObj.obj
 0001:00016ab0       ?parse@?$otl_tmpl_cursor@Votl_exc@@Votl_conn@@Votl_cur@@Votl_var@@@@QAEXPBD@Z 00417ab0 f i AlertSendObj.obj
 0001:00016b20       ?exec@?$otl_tmpl_cursor@Votl_exc@@Votl_conn@@Votl_cur@@Votl_var@@@@QAEXHH@Z 00417b20 f i AlertSendObj.obj
 0001:00016bb0       ?bind_all@?$otl_tmpl_select_stream@Votl_exc@@Votl_conn@@Votl_cur@@Votl_var@@Votl_sel@@UtagTIMESTAMP_STRUCT@@@@QAEXXZ 00417bb0 f i AlertSendObj.obj
 0001:00016c10       ?first@?$otl_tmpl_select_cursor@Votl_exc@@Votl_conn@@Votl_cur@@Votl_var@@Votl_sel@@@@QAEHXZ 00417c10 f i AlertSendObj.obj
 0001:00016cc0       ?cleanup@?$otl_tmpl_inout_stream@Votl_exc@@Votl_conn@@Votl_cur@@Votl_var@@UtagTIMESTAMP_STRUCT@@@@QAEXXZ 00417cc0 f i AlertSendObj.obj
 0001:00016d10       ?get_in_next@?$otl_tmpl_inout_stream@Votl_exc@@Votl_conn@@Votl_cur@@Votl_var@@UtagTIMESTAMP_STRUCT@@@@QAEXXZ 00417d10 f i AlertSendObj.obj
 0001:00016d70       ?cleanup@?$otl_tmpl_out_stream@Votl_exc@@Votl_conn@@Votl_cur@@Votl_var@@UtagTIMESTAMP_STRUCT@@@@QAEXXZ 00417d70 f i AlertSendObj.obj
 0001:00016db0       ?get_next@?$otl_tmpl_out_stream@Votl_exc@@Votl_conn@@Votl_cur@@Votl_var@@UtagTIMESTAMP_STRUCT@@@@QAEXXZ 00417db0 f i AlertSendObj.obj
 0001:00016e10       ?copy_name@?$otl_tmpl_variable@Votl_var@@@@QAEXPBD@Z 00417e10 f i AlertSendObj.obj
 0001:00016e70       ??0?$pair@$$CBV?$basic_string@DU?$char_traits@D@std@@V?$allocator@D@2@@std@@V12@@std@@QAE@ABV?$basic_string@DU?$char_traits@D@std@@V?$allocator@D@2@@1@0@Z 00417e70 f i AlertSendObj.obj
 0001:00016ed0       ??1?$otl_tmpl_ext_hv_decl@Votl_var@@UtagTIMESTAMP_STRUCT@@Votl_exc@@Votl_conn@@Votl_cur@@@@UAE@XZ 00417ed0 f i AlertSendObj.obj
 0001:00016f30       ??_E?$otl_tmpl_variable@Votl_var@@@@UAEPAXI@Z 00417f30 f i AlertSendObj.obj
 0001:00016f90       ??_E?$otl_tmpl_ext_hv_decl@Votl_var@@UtagTIMESTAMP_STRUCT@@Votl_exc@@Votl_conn@@Votl_cur@@@@UAEPAXI@Z 00417f90 f i AlertSendObj.obj
 0001:00016f90       ??_G?$otl_tmpl_ext_hv_decl@Votl_var@@UtagTIMESTAMP_STRUCT@@Votl_exc@@Votl_conn@@Votl_cur@@@@UAEPAXI@Z 00417f90 f i AlertSendObj.obj
 0001:00016fb0       ?open@?$otl_tmpl_cursor@Votl_exc@@Votl_conn@@Votl_cur@@Votl_var@@@@QAEXAAV?$otl_tmpl_connect@Votl_exc@@Votl_conn@@Votl_cur@@@@PAVotl_var@@@Z 00417fb0 f i AlertSendObj.obj
 0001:00017050       ?describe_column@?$otl_tmpl_cursor@Votl_exc@@Votl_conn@@Votl_cur@@Votl_var@@@@QAEHAAVotl_column_desc@@H@Z 00418050 f i AlertSendObj.obj
 0001:00017100       ?check_if_executed_throw@?$otl_tmpl_select_stream@Votl_exc@@Votl_conn@@Votl_cur@@Votl_var@@Votl_sel@@UtagTIMESTAMP_STRUCT@@@@QAEXXZ 00418100 f i AlertSendObj.obj
 0001:00017160       ?check_type_throw@?$otl_tmpl_select_stream@Votl_exc@@Votl_conn@@Votl_cur@@Votl_var@@Votl_sel@@UtagTIMESTAMP_STRUCT@@@@QAEHHH@Z 00418160 f i AlertSendObj.obj
 0001:00017210       ?check_in_type_throw@?$otl_tmpl_select_stream@Votl_exc@@Votl_conn@@Votl_cur@@Votl_var@@Votl_sel@@UtagTIMESTAMP_STRUCT@@@@QAEHH@Z 00418210 f i AlertSendObj.obj
 0001:000172b0       ?check_in_var_throw@?$otl_tmpl_select_stream@Votl_exc@@Votl_conn@@Votl_cur@@Votl_var@@Votl_sel@@UtagTIMESTAMP_STRUCT@@@@QAEXXZ 004182b0 f i AlertSendObj.obj
 0001:00017310       ?check_in_type_throw@?$otl_tmpl_inout_stream@Votl_exc@@Votl_conn@@Votl_cur@@Votl_var@@UtagTIMESTAMP_STRUCT@@@@QAEHH@Z 00418310 f i AlertSendObj.obj
 0001:000173b0       ?check_type_throw@?$otl_tmpl_out_stream@Votl_exc@@Votl_conn@@Votl_cur@@Votl_var@@UtagTIMESTAMP_STRUCT@@@@QAEHH@Z 004183b0 f i AlertSendObj.obj
 0001:00017450       ??0?$otl_tmpl_variable@Votl_var@@@@QAE@XZ 00418450 f i AlertSendObj.obj
 0001:000174a0       ?init@?$otl_tmpl_variable@Votl_var@@@@QAEXHHHPBXH@Z 004184a0 f i AlertSendObj.obj
 0001:000174e0       ?_Xlen@?$vector@V?$basic_string@DU?$char_traits@D@std@@V?$allocator@D@2@@std@@V?$allocator@V?$basic_string@DU?$char_traits@D@std@@V?$allocator@D@2@@std@@@2@@std@@IBEXXZ 004184e0 f i AlertSendObj.obj
 0001:000174e0       ?_Xlen@?$vector@HV?$allocator@H@std@@@std@@IBEXXZ 004184e0 f i AlertSendObj.obj
 0001:00017560       ?parse_var@?$otl_tmpl_ext_hv_decl@Votl_var@@UtagTIMESTAMP_STRUCT@@Votl_exc@@Votl_conn@@Votl_cur@@@@QAEHPAV?$otl_tmpl_connect@Votl_exc@@Votl_conn@@Votl_cur@@@@PADAAH21@Z 00418560 f i AlertSendObj.obj
 0001:00017a70       ??0?$otl_auto_array_ptr@Votl_column_desc@@@@QAE@H@Z 00418a70 f i AlertSendObj.obj
 0001:00017af0       ?double_size@?$otl_auto_array_ptr@Votl_column_desc@@@@QAEXXZ 00418af0 f i AlertSendObj.obj
 0001:00017bb0       ??1?$otl_auto_array_ptr@Votl_column_desc@@@@UAE@XZ 00418bb0 f i AlertSendObj.obj
 0001:00017be0       ??1?$otl_auto_array_ptr@PAV?$otl_tmpl_variable@Votl_var@@@@@@UAE@XZ 00418be0 f i AlertSendObj.obj
 0001:00017c00       ??_G?$otl_auto_array_ptr@Votl_column_desc@@@@UAEPAXI@Z 00418c00 f i AlertSendObj.obj
 0001:00017c00       ??_E?$otl_auto_array_ptr@Votl_column_desc@@@@UAEPAXI@Z 00418c00 f i AlertSendObj.obj
 0001:00017c50       ??_G?$otl_auto_array_ptr@PAV?$otl_tmpl_variable@Votl_var@@@@@@UAEPAXI@Z 00418c50 f i AlertSendObj.obj
 0001:00017c50       ??_E?$otl_auto_array_ptr@PAV?$otl_tmpl_variable@Votl_var@@@@@@UAEPAXI@Z 00418c50 f i AlertSendObj.obj
 0001:00017c80       ?next_throw@?$otl_tmpl_select_cursor@Votl_exc@@Votl_conn@@Votl_cur@@Votl_var@@Votl_sel@@@@QAEHXZ 00418c80 f i AlertSendObj.obj
 0001:00017ce0       ?name_comp@?$otl_tmpl_ext_hv_decl@Votl_var@@UtagTIMESTAMP_STRUCT@@Votl_exc@@Votl_conn@@Votl_cur@@@@QAEHPAD0@Z 00418ce0 f i AlertSendObj.obj
 0001:00017d60       ??0SendInfo@@QAE@ABU0@@Z   00418d60 f i AlertSendObj.obj
 0001:00017dd0       ??0?$pair@$$CBV?$basic_string@DU?$char_traits@D@std@@V?$allocator@D@2@@std@@V12@@std@@QAE@ABU01@@Z 00418dd0 f i AlertSendObj.obj
 0001:00017dd0       ??0SMSInfo@@QAE@ABU0@@Z    00418dd0 f i AlertSendObj.obj
 0001:00017e30       ?_Dec@const_iterator@?$_Tree@V?$_Tmap_traits@V?$basic_string@DU?$char_traits@D@std@@V?$allocator@D@2@@std@@V12@U?$less@V?$basic_string@DU?$char_traits@D@std@@V?$allocator@D@2@@std@@@2@V?$allocator@U?$pair@$$CBV?$basic_string@DU?$char_traits@D@std@@V?$allocator@D@2@@std@@V12@@std@@@2@$0A@@std@@@std@@QAEXXZ 00418e30 f i AlertSendObj.obj
 0001:00017e90       ?_Min@?$_Tree@V?$_Tmap_traits@HV?$basic_string@DU?$char_traits@D@std@@V?$allocator@D@2@@std@@U?$less@H@2@V?$allocator@U?$pair@$$CBHV?$basic_string@DU?$char_traits@D@std@@V?$allocator@D@2@@std@@@std@@@2@$0A@@std@@@std@@KAPAU_Node@?$_Tree_nod@V?$_Tmap_traits@HV?$basic_string@DU?$char_traits@D@std@@V?$allocator@D@2@@std@@U?$less@H@2@V?$allocator@U?$pair@$$CBHV?$basic_string@DU?$char_traits@D@std@@V?$allocator@D@2@@std@@@std@@@2@$0A@@std@@@2@PAU342@@Z 00418e90 f i AlertSendObj.obj
 0001:00017e90       ?_Min@?$_Tree@V?$_Tmap_traits@V?$basic_string@DU?$char_traits@D@std@@V?$allocator@D@2@@std@@KU?$less@V?$basic_string@DU?$char_traits@D@std@@V?$allocator@D@2@@std@@@2@V?$allocator@U?$pair@$$CBV?$basic_string@DU?$char_traits@D@std@@V?$allocator@D@2@@std@@K@std@@@2@$0A@@std@@@std@@KAPAU_Node@?$_Tree_nod@V?$_Tmap_traits@V?$basic_string@DU?$char_traits@D@std@@V?$allocator@D@2@@std@@KU?$less@V?$basic_string@DU?$char_traits@D@std@@V?$allocator@D@2@@std@@@2@V?$allocator@U?$pair@$$CBV?$basic_string@DU?$char_traits@D@std@@V?$allocator@D@2@@std@@K@std@@@2@$0A@@std@@@2@PAU342@@Z 00418e90 f i AlertSendObj.obj
 0001:00017e90       ?_Min@?$_Tree@V?$_Tmap_traits@V?$basic_string@DU?$char_traits@D@std@@V?$allocator@D@2@@std@@HU?$less@V?$basic_string@DU?$char_traits@D@std@@V?$allocator@D@2@@std@@@2@V?$allocator@U?$pair@$$CBV?$basic_string@DU?$char_traits@D@std@@V?$allocator@D@2@@std@@H@std@@@2@$0A@@std@@@std@@KAPAU_Node@?$_Tree_nod@V?$_Tmap_traits@V?$basic_string@DU?$char_traits@D@std@@V?$allocator@D@2@@std@@HU?$less@V?$basic_string@DU?$char_traits@D@std@@V?$allocator@D@2@@std@@@2@V?$allocator@U?$pair@$$CBV?$basic_string@DU?$char_traits@D@std@@V?$allocator@D@2@@std@@H@std@@@2@$0A@@std@@@2@PAU342@@Z 00418e90 f i AlertBaseObj.obj
 0001:00017eb0       ??$fill@PAV?$basic_string@DU?$char_traits@D@std@@V?$allocator@D@2@@std@@V12@@std@@YAXPAV?$basic_string@DU?$char_traits@D@std@@V?$allocator@D@2@@0@0ABV10@@Z 00418eb0 f i AlertSendObj.obj
 0001:00017ee0       ??$fill@PAHH@std@@YAXPAH0ABH@Z 00418ee0 f i AlertSendObj.obj
 0001:00017f00       ??1_Node@?$_List_nod@USendInfo@@V?$allocator@USendInfo@@@std@@@std@@QAE@XZ 00418f00 f i AlertSendObj.obj
 0001:00017f10       ??1_Node@?$_List_nod@USMSInfo@@V?$allocator@USMSInfo@@@std@@@std@@QAE@XZ 00418f10 f i AlertSendObj.obj
 0001:00017f20       ??$otl_numeric_convert_T@H@@YAHHPBXAAH@Z 00418f20 f i AlertSendObj.obj
 0001:00017fa0       ??$_Copy_backward_opt@PAV?$basic_string@DU?$char_traits@D@std@@V?$allocator@D@2@@std@@PAV12@@std@@YAPAV?$basic_string@DU?$char_traits@D@std@@V?$allocator@D@2@@0@PAV10@00U_Nonscalar_ptr_iterator_tag@0@@Z 00418fa0 f i AlertSendObj.obj
 0001:00017fe0       ??0otl_select_struct_override@@QAE@XZ 00418fe0 f i AlertSendObj.obj
 0001:00018030       ?logoff@otl_conn@@QAEHXZ   00419030 f i AlertSendObj.obj
 0001:00018090       ??0?$otl_tmpl_exception@Votl_exc@@Votl_conn@@Votl_cur@@@@QAE@ABV0@@Z 00419090 f i AlertSendObj.obj
 0001:00018100       ??_G?$otl_tmpl_exception@Votl_exc@@Votl_conn@@Votl_cur@@@@UAEPAXI@Z 00419100 f i AlertSendObj.obj
 0001:00018100       ??_E?$otl_tmpl_exception@Votl_exc@@Votl_conn@@Votl_cur@@@@UAEPAXI@Z 00419100 f i AlertSendObj.obj
 0001:00018120       ??0otl_stream_shell@@QAE@H@Z 00419120 f i AlertSendObj.obj
 0001:000181d0       ??_Gotl_stream_shell@@UAEPAXI@Z 004191d0 f i AlertSendObj.obj
 0001:000181d0       ??_Eotl_stream_shell@@UAEPAXI@Z 004191d0 f i AlertSendObj.obj
 0001:000181f0       ??1otl_stream_shell@@UAE@XZ 004191f0 f i AlertSendObj.obj
 0001:000182f0       ?create_var_desc@otl_stream@@QAEXXZ 004192f0 f i AlertSendObj.obj
 0001:000186a0       ?init_stream@otl_stream@@QAEXXZ 004196a0 f i AlertSendObj.obj
 0001:00018790       ?clean@otl_stream@@QAEXH@Z 00419790 f i AlertSendObj.obj
 0001:000187e0       ?intern_cleanup@otl_stream@@QAEXXZ 004197e0 f i AlertSendObj.obj
 0001:00018990       ??1?$shared_ptr@V?$vector@U?$Pair_impl@V?$basic_string@DU?$char_traits@D@std@@V?$allocator@D@2@@std@@@json_spirit@@V?$allocator@U?$Pair_impl@V?$basic_string@DU?$char_traits@D@std@@V?$allocator@D@2@@std@@@json_spirit@@@std@@@std@@@boost@@QAE@XZ 00419990 f i AlertSendObj.obj
 0001:000189d0       ?InsertRecord@@YA_NV?$basic_string@DU?$char_traits@D@std@@V?$allocator@D@2@@std@@000000HH@Z 004199d0 f   AlertSendObj.obj
 0001:00018db0       ?InsertRecord@@YA_NV?$basic_string@DU?$char_traits@D@std@@V?$allocator@D@2@@std@@0000000HH@Z 00419db0 f   AlertSendObj.obj
 0001:000191f0       ??_ECAlertSendObj@@UAEPAXI@Z 0041a1f0 f i AlertSendObj.obj
 0001:000191f0       ??_GCAlertSendObj@@UAEPAXI@Z 0041a1f0 f i AlertSendObj.obj
 0001:00019210       ?InsertRecord@CAlertSendObj@@QAEXV?$basic_string@DU?$char_traits@D@std@@V?$allocator@D@2@@std@@HH@Z 0041a210 f   AlertSendObj.obj
 0001:000193d0       ?InsertRecord@CAlertSendObj@@QAEXV?$basic_string@DU?$char_traits@D@std@@V?$allocator@D@2@@std@@0HH@Z 0041a3d0 f   AlertSendObj.obj
 0001:000195d0       ?GetDebugInfo@CAlertSendObj@@UAE?AV?$basic_string@DU?$char_traits@D@std@@V?$allocator@D@2@@std@@XZ 0041a5d0 f   AlertSendObj.obj
 0001:00019a10       ?GetDebugInfo@CAlertEmailSendObj@@UAE?AV?$basic_string@DU?$char_traits@D@std@@V?$allocator@D@2@@std@@XZ 0041aa10 f   AlertSendObj.obj
 0001:00019e50       ?MakeAlertTitle@CAlertEmailSendObj@@AAEXXZ 0041ae50 f   AlertSendObj.obj
 0001:0001ab60       ?GetDebugInfo@CAlertSmsSendObj@@UAE?AV?$basic_string@DU?$char_traits@D@std@@V?$allocator@D@2@@std@@XZ 0041bb60 f   AlertSendObj.obj
 0001:0001afa0       ?MakeComAlertContent@CAlertSmsSendObj@@AAEXXZ 0041bfa0 f   AlertSendObj.obj
 0001:0001b980       ?MakeWebAlertContent@CAlertSmsSendObj@@AAEXXZ 0041c980 f   AlertSendObj.obj
 0001:0001c4d0       ??_ECAlertScriptSendObj@@UAEPAXI@Z 0041d4d0 f i AlertSendObj.obj
 0001:0001c4d0       ??_GCAlertScriptSendObj@@UAEPAXI@Z 0041d4d0 f i AlertSendObj.obj
 0001:0001c4f0       ?GetDebugInfo@CAlertScriptSendObj@@UAE?AV?$basic_string@DU?$char_traits@D@std@@V?$allocator@D@2@@std@@XZ 0041d4f0 f   AlertSendObj.obj
 0001:0001c930       ?DoWinScript@CAlertScriptSendObj@@QAE?AV?$CStringT@DV?$StrTraitMFC_DLL@DV?$ChTraitsCRT@D@ATL@@@@@ATL@@XZ 0041d930 f   AlertSendObj.obj
 0001:0001d800       ??_ECAlertSoundSendObj@@UAEPAXI@Z 0041e800 f i AlertSendObj.obj
 0001:0001d800       ??_GCAlertSoundSendObj@@UAEPAXI@Z 0041e800 f i AlertSendObj.obj
 0001:0001d820       ?GetDebugInfo@CAlertSoundSendObj@@UAE?AV?$basic_string@DU?$char_traits@D@std@@V?$allocator@D@2@@std@@XZ 0041e820 f   AlertSendObj.obj
 0001:0001dbf0       ?SendAlert@CAlertSoundSendObj@@UAE_NXZ 0041ebf0 f   AlertSendObj.obj
 0001:0001e2b0       ??_ECAlertPythonSendObj@@UAEPAXI@Z 0041f2b0 f i AlertSendObj.obj
 0001:0001e2b0       ??_GCAlertPythonSendObj@@UAEPAXI@Z 0041f2b0 f i AlertSendObj.obj
 0001:0001e2d0       ?GetDebugInfo@CAlertPythonSendObj@@UAE?AV?$basic_string@DU?$char_traits@D@std@@V?$allocator@D@2@@std@@XZ 0041f2d0 f   AlertSendObj.obj
 0001:0001e6a0       ?SendAlert@CAlertSendObj@@UAE_NXZ 0041f6a0 f   AlertSendObj.obj
 0001:0001e6a0       ?SendAlert@CAlertPythonSendObj@@UAE_NXZ 0041f6a0 f   AlertSendObj.obj
 0001:0001e6b0       ?rlogon@?$otl_tmpl_connect@Votl_exc@@Votl_conn@@Votl_cur@@@@QAEXPBDH@Z 0041f6b0 f i AlertSendObj.obj
 0001:0001e730       ?logoff@?$otl_tmpl_connect@Votl_exc@@Votl_conn@@Votl_cur@@@@QAEXXZ 0041f730 f i AlertSendObj.obj
 0001:0001e790       ?rollback@?$otl_tmpl_connect@Votl_exc@@Votl_conn@@Votl_cur@@@@QAEXXZ 0041f790 f i AlertSendObj.obj
 0001:0001e810       ?close@?$otl_tmpl_cursor@Votl_exc@@Votl_conn@@Votl_cur@@Votl_var@@@@UAEXXZ 0041f810 f i AlertSendObj.obj
 0001:0001e8a0       ?flush@?$otl_tmpl_out_stream@Votl_exc@@Votl_conn@@Votl_cur@@Votl_var@@UtagTIMESTAMP_STRUCT@@@@UAEXH_N@Z 0041f8a0 f i AlertSendObj.obj
 0001:0001eae0       ??0?$otl_tmpl_cursor@Votl_exc@@Votl_conn@@Votl_cur@@Votl_var@@@@QAE@AAV?$otl_tmpl_connect@Votl_exc@@Votl_conn@@Votl_cur@@@@@Z 0041fae0 f i AlertSendObj.obj
 0001:0001eb70       ?valid_binding@?$otl_tmpl_cursor@Votl_exc@@Votl_conn@@Votl_cur@@Votl_var@@@@UAE_NABV?$otl_tmpl_variable@Votl_var@@@@H@Z 0041fb70 f i AlertSendObj.obj
 0001:0001ebc0       ?bind@?$otl_tmpl_cursor@Votl_exc@@Votl_conn@@Votl_cur@@Votl_var@@@@UAEXPBDAAV?$otl_tmpl_variable@Votl_var@@@@@Z 0041fbc0 f i AlertSendObj.obj
 0001:0001ed10       ?otl_var_info_var2@@YAXPBDHPADI@Z 0041fd10 f i AlertSendObj.obj
 0001:0001ee00       ?bind@otl_cur@@QAEHPBDAAVotl_var@@HHHHH@Z 0041fe00 f i AlertSendObj.obj
 0001:0001f070       ?bind@?$otl_tmpl_cursor@Votl_exc@@Votl_conn@@Votl_cur@@Votl_var@@@@UAEXHAAV?$otl_tmpl_variable@Votl_var@@@@@Z 00420070 f i AlertSendObj.obj
 0001:0001f1c0       ?otl_var_info_col2@@YAXHHPADI@Z 004201c0 f i AlertSendObj.obj
 0001:0001f2d0       ?bind@otl_cur@@QAEHHAAVotl_var@@HHH@Z 004202d0 f i AlertSendObj.obj
 0001:0001f400       ?cleanup@?$otl_tmpl_select_stream@Votl_exc@@Votl_conn@@Votl_cur@@Votl_var@@Votl_sel@@UtagTIMESTAMP_STRUCT@@@@QAEXXZ 00420400 f i AlertSendObj.obj
 0001:0001f480       ?get_select_list@?$otl_tmpl_select_stream@Votl_exc@@Votl_conn@@Votl_cur@@Votl_var@@Votl_sel@@UtagTIMESTAMP_STRUCT@@@@QAEXXZ 00420480 f i AlertSendObj.obj
 0001:0001f810       ?is_null_intern@?$otl_tmpl_inout_stream@Votl_exc@@Votl_conn@@Votl_cur@@Votl_var@@UtagTIMESTAMP_STRUCT@@@@QAEHXZ 00420810 f i AlertSendObj.obj
 0001:0001f850       ?set_not_null@?$otl_tmpl_variable@Votl_var@@@@QAEXH@Z 00420850 f i AlertSendObj.obj
 0001:0001f870       ?alloc_var@?$otl_tmpl_ext_hv_decl@Votl_var@@UtagTIMESTAMP_STRUCT@@Votl_exc@@Votl_conn@@Votl_cur@@@@QAEPAV?$otl_tmpl_variable@Votl_var@@@@PADHHAAV?$otl_tmpl_connect@Votl_exc@@Votl_conn@@Votl_cur@@@@H@Z 00420870 f i AlertSendObj.obj
 0001:0001fe60       ?alloc_host_var_list@?$otl_tmpl_ext_hv_decl@Votl_var@@UtagTIMESTAMP_STRUCT@@Votl_exc@@Votl_conn@@Votl_cur@@@@QAEXAAPAPAV?$otl_tmpl_variable@Votl_var@@@@AAHAAV?$otl_tmpl_connect@Votl_exc@@Votl_conn@@Votl_cur@@@@H@Z 00420e60 f i AlertSendObj.obj
 0001:0001fff0       ?_Lbound@?$_Tree@V?$_Tmap_traits@V?$basic_string@DU?$char_traits@D@std@@V?$allocator@D@2@@std@@V12@U?$less@V?$basic_string@DU?$char_traits@D@std@@V?$allocator@D@2@@std@@@2@V?$allocator@U?$pair@$$CBV?$basic_string@DU?$char_traits@D@std@@V?$allocator@D@2@@std@@V12@@std@@@2@$0A@@std@@@std@@IBEPAU_Node@?$_Tree_nod@V?$_Tmap_traits@V?$basic_string@DU?$char_traits@D@std@@V?$allocator@D@2@@std@@V12@U?$less@V?$basic_string@DU?$char_traits@D@std@@V?$allocator@D@2@@std@@@2@V?$allocator@U?$pair@$$CBV?$basic_string@DU?$char_traits@D@std@@V?$allocator@D@2@@std@@V12@@std@@@2@$0A@@std@@@2@ABV?$basic_string@DU?$char_traits@D@std@@V?$allocator@D@2@@2@@Z 00420ff0 f i AlertSendObj.obj
 0001:00020040       ?next@?$otl_tmpl_select_cursor@Votl_exc@@Votl_conn@@Votl_cur@@Votl_var@@Votl_sel@@@@QAEHXZ 00421040 f i AlertSendObj.obj
 0001:000200a0       ?add_var@?$otl_tmpl_ext_hv_decl@Votl_var@@UtagTIMESTAMP_STRUCT@@Votl_exc@@Votl_conn@@Votl_cur@@@@QAEXAAHPADFH@Z 004210a0 f i AlertSendObj.obj
 0001:00020230       ??$?5H$03@?$otl_tmpl_inout_stream@Votl_exc@@Votl_conn@@Votl_cur@@Votl_var@@UtagTIMESTAMP_STRUCT@@@@QAEAAV0@AAH@Z 00421230 f i AlertSendObj.obj
 0001:000202c0       ??$copy_backward@PAHPAH@std@@YAPAHPAH00@Z 004212c0 f i AlertSendObj.obj
 0001:000202f0       ??1_Node@?$_Tree_nod@V?$_Tmap_traits@HV?$basic_string@DU?$char_traits@D@std@@V?$allocator@D@2@@std@@U?$less@H@2@V?$allocator@U?$pair@$$CBHV?$basic_string@DU?$char_traits@D@std@@V?$allocator@D@2@@std@@@std@@@2@$0A@@std@@@std@@QAE@XZ 004212f0 f i AlertSendObj.obj
 0001:00020300       ??$_Uninit_copy@PAV?$basic_string@DU?$char_traits@D@std@@V?$allocator@D@2@@std@@PAV12@V?$allocator@V?$basic_string@DU?$char_traits@D@std@@V?$allocator@D@2@@std@@@2@@std@@YAPAV?$basic_string@DU?$char_traits@D@std@@V?$allocator@D@2@@0@PAV10@00AAV?$allocator@V?$basic_string@DU?$char_traits@D@std@@V?$allocator@D@2@@std@@@0@U_Nonscalar_ptr_iterator_tag@0@@Z 00421300 f i AlertSendObj.obj
 0001:00020390       ??1otl_stream@@UAE@XZ      00421390 f i AlertSendObj.obj
 0001:00020460       ??_Gotl_stream@@UAEPAXI@Z  00421460 f i AlertSendObj.obj
 0001:00020460       ??_Eotl_stream@@UAEPAXI@Z  00421460 f i AlertSendObj.obj
 0001:00020480       ??1?$Value_impl@V?$basic_string@DU?$char_traits@D@std@@V?$allocator@D@2@@std@@@json_spirit@@QAE@XZ 00421480 f i AlertSendObj.obj
 0001:00020530       ?MakeAlertContent@CAlertEmailSendObj@@AAEXXZ 00421530 f   AlertSendObj.obj
 0001:000218d0       ??1?$otl_tmpl_connect@Votl_exc@@Votl_conn@@Votl_cur@@@@UAE@XZ 004228d0 f i AlertSendObj.obj
 0001:00021920       ??1?$otl_tmpl_cursor@Votl_exc@@Votl_conn@@Votl_cur@@Votl_var@@@@UAE@XZ 00422920 f i AlertSendObj.obj
 0001:000219a0       ?direct_exec@?$otl_tmpl_cursor@Votl_exc@@Votl_conn@@Votl_cur@@Votl_var@@@@SAJAAV?$otl_tmpl_connect@Votl_exc@@Votl_conn@@Votl_cur@@@@PBDH@Z 004229a0 f i AlertSendObj.obj
 0001:00021a50       ?rewind@?$otl_tmpl_select_stream@Votl_exc@@Votl_conn@@Votl_cur@@Votl_var@@Votl_sel@@UtagTIMESTAMP_STRUCT@@@@QAEXXZ 00422a50 f i AlertSendObj.obj
 0001:00021b60       ??5?$otl_tmpl_inout_stream@Votl_exc@@Votl_conn@@Votl_cur@@Votl_var@@UtagTIMESTAMP_STRUCT@@@@QAEAAV0@AAVotl_long_string@@@Z 00422b60 f i AlertSendObj.obj
 0001:00021d20       ??1?$otl_tmpl_out_stream@Votl_exc@@Votl_conn@@Votl_cur@@Votl_var@@UtagTIMESTAMP_STRUCT@@@@UAE@XZ 00422d20 f i AlertSendObj.obj
 0001:00021db0       ?clean@?$otl_tmpl_out_stream@Votl_exc@@Votl_conn@@Votl_cur@@Votl_var@@UtagTIMESTAMP_STRUCT@@@@UAEXHH@Z 00422db0 f i AlertSendObj.obj
 0001:00021e30       ?bulk_set_len@otl_var@@QAEXHH@Z 00422e30 f i AlertSendObj.obj
 0001:00021f40       ??6?$otl_tmpl_out_stream@Votl_exc@@Votl_conn@@Votl_cur@@Votl_var@@UtagTIMESTAMP_STRUCT@@@@QAEAAV0@ABUtagTIMESTAMP_STRUCT@@@Z 00422f40 f i AlertSendObj.obj
 0001:00022020       ??6?$otl_tmpl_out_stream@Votl_exc@@Votl_conn@@Votl_cur@@Votl_var@@UtagTIMESTAMP_STRUCT@@@@QAEAAV0@ABVotl_long_string@@@Z 00423020 f i AlertSendObj.obj
 0001:00022270       ??_E?$otl_tmpl_connect@Votl_exc@@Votl_conn@@Votl_cur@@@@UAEPAXI@Z 00423270 f i AlertSendObj.obj
 0001:00022270       ??_G?$otl_tmpl_connect@Votl_exc@@Votl_conn@@Votl_cur@@@@UAEPAXI@Z 00423270 f i AlertSendObj.obj
 0001:00022290       ??_G?$otl_tmpl_cursor@Votl_exc@@Votl_conn@@Votl_cur@@Votl_var@@@@UAEPAXI@Z 00423290 f i AlertSendObj.obj
 0001:00022290       ??_E?$otl_tmpl_cursor@Votl_exc@@Votl_conn@@Votl_cur@@Votl_var@@@@UAEPAXI@Z 00423290 f i AlertSendObj.obj
 0001:000222b0       ??1?$otl_tmpl_select_cursor@Votl_exc@@Votl_conn@@Votl_cur@@Votl_var@@Votl_sel@@@@UAE@XZ 004232b0 f i AlertSendObj.obj
 0001:000222f0       ??_G?$otl_tmpl_out_stream@Votl_exc@@Votl_conn@@Votl_cur@@Votl_var@@UtagTIMESTAMP_STRUCT@@@@UAEPAXI@Z 004232f0 f i AlertSendObj.obj
 0001:000222f0       ??_E?$otl_tmpl_out_stream@Votl_exc@@Votl_conn@@Votl_cur@@Votl_var@@UtagTIMESTAMP_STRUCT@@@@UAEPAXI@Z 004232f0 f i AlertSendObj.obj
 0001:00022310       ?_Buynode@?$list@USendInfo@@V?$allocator@USendInfo@@@std@@@std@@IAEPAU_Node@?$_List_nod@USendInfo@@V?$allocator@USendInfo@@@std@@@2@XZ 00423310 f i AlertSendObj.obj
 0001:00022330       ?get_next@?$otl_tmpl_select_stream@Votl_exc@@Votl_conn@@Votl_cur@@Votl_var@@Votl_sel@@UtagTIMESTAMP_STRUCT@@@@QAEXXZ 00423330 f i AlertSendObj.obj
 0001:00022390       ?look_ahead@?$otl_tmpl_select_stream@Votl_exc@@Votl_conn@@Votl_cur@@Votl_var@@Votl_sel@@UtagTIMESTAMP_STRUCT@@@@QAEXXZ 00423390 f i AlertSendObj.obj
 0001:000223d0       ??0?$otl_tmpl_select_cursor@Votl_exc@@Votl_conn@@Votl_cur@@Votl_var@@Votl_sel@@@@QAE@AAV?$otl_tmpl_connect@Votl_exc@@Votl_conn@@Votl_cur@@@@HPBD@Z 004233d0 f i AlertSendObj.obj
 0001:00022510       ?close@?$otl_tmpl_select_cursor@Votl_exc@@Votl_conn@@Votl_cur@@Votl_var@@Votl_sel@@@@UAEXXZ 00423510 f i AlertSendObj.obj
 0001:00022530       ??0?$otl_tmpl_out_stream@Votl_exc@@Votl_conn@@Votl_cur@@Votl_var@@UtagTIMESTAMP_STRUCT@@@@QAE@AAV?$otl_tmpl_connect@Votl_exc@@Votl_conn@@Votl_cur@@@@_NPBD@Z 00423530 f i AlertSendObj.obj
 0001:00022600       ??0?$otl_tmpl_ext_hv_decl@Votl_var@@UtagTIMESTAMP_STRUCT@@Votl_exc@@Votl_conn@@Votl_cur@@@@QAE@PADH0PAPAVotl_select_struct_override@@PAV?$otl_tmpl_connect@Votl_exc@@Votl_conn@@Votl_cur@@@@@Z 00423600 f i AlertSendObj.obj
 0001:00022b00       ??_G?$otl_tmpl_select_cursor@Votl_exc@@Votl_conn@@Votl_cur@@Votl_var@@Votl_sel@@@@UAEPAXI@Z 00423b00 f i AlertSendObj.obj
 0001:00022b00       ??_E?$otl_tmpl_select_cursor@Votl_exc@@Votl_conn@@Votl_cur@@Votl_var@@Votl_sel@@@@UAEPAXI@Z 00423b00 f i AlertSendObj.obj
 0001:00022b20       ?_Buynode@?$list@USendInfo@@V?$allocator@USendInfo@@@std@@@std@@IAEPAU_Node@?$_List_nod@USendInfo@@V?$allocator@USendInfo@@@std@@@2@PAU342@0ABUSendInfo@@@Z 00423b20 f i AlertSendObj.obj
 0001:00022bb0       ?_Incsize@?$list@USendInfo@@V?$allocator@USendInfo@@@std@@@std@@IAEXI@Z 00423bb0 f i AlertSendObj.obj
 0001:00022c50       ?_Buynode@?$list@USMSInfo@@V?$allocator@USMSInfo@@@std@@@std@@IAEPAU_Node@?$_List_nod@USMSInfo@@V?$allocator@USMSInfo@@@std@@@2@PAU342@0ABUSMSInfo@@@Z 00423c50 f i AlertSendObj.obj
 0001:00022ce0       ?_Incsize@?$list@USMSInfo@@V?$allocator@USMSInfo@@@std@@@std@@IAEXI@Z 00423ce0 f i AlertSendObj.obj
 0001:00022d80       ?_Buynode@?$_Tree@V?$_Tmap_traits@V?$basic_string@DU?$char_traits@D@std@@V?$allocator@D@2@@std@@V12@U?$less@V?$basic_string@DU?$char_traits@D@std@@V?$allocator@D@2@@std@@@2@V?$allocator@U?$pair@$$CBV?$basic_string@DU?$char_traits@D@std@@V?$allocator@D@2@@std@@V12@@std@@@2@$0A@@std@@@std@@IAEPAU_Node@?$_Tree_nod@V?$_Tmap_traits@V?$basic_string@DU?$char_traits@D@std@@V?$allocator@D@2@@std@@V12@U?$less@V?$basic_string@DU?$char_traits@D@std@@V?$allocator@D@2@@std@@@2@V?$allocator@U?$pair@$$CBV?$basic_string@DU?$char_traits@D@std@@V?$allocator@D@2@@std@@V12@@std@@@2@$0A@@std@@@2@PAU342@00ABU?$pair@$$CBV?$basic_string@DU?$char_traits@D@std@@V?$allocator@D@2@@std@@V12@@2@D@Z 00423d80 f i AlertSendObj.obj
 0001:00022e20       ??$?5H$03@?$otl_tmpl_select_stream@Votl_exc@@Votl_conn@@Votl_cur@@Votl_var@@Votl_sel@@UtagTIMESTAMP_STRUCT@@@@QAEAAV0@AAH@Z 00423e20 f i AlertSendObj.obj
 0001:00022ef0       ??0?$Value_impl@V?$basic_string@DU?$char_traits@D@std@@V?$allocator@D@2@@std@@@json_spirit@@QAE@XZ 00423ef0 f i AlertSendObj.obj
 0001:00022f20       ??$_Ucopy@PAH@?$vector@HV?$allocator@H@std@@@std@@IAEPAHPAH00@Z 00423f20 f i AlertSendObj.obj
 0001:00022f50       ??$_Uninit_fill_n@PAV?$basic_string@DU?$char_traits@D@std@@V?$allocator@D@2@@std@@IV12@V?$allocator@V?$basic_string@DU?$char_traits@D@std@@V?$allocator@D@2@@std@@@2@@std@@YAXPAV?$basic_string@DU?$char_traits@D@std@@V?$allocator@D@2@@0@IABV10@AAV?$allocator@V?$basic_string@DU?$char_traits@D@std@@V?$allocator@D@2@@std@@@0@U_Nonscalar_ptr_iterator_tag@0@@Z 00423f50 f i AlertSendObj.obj
 0001:00022fe0       ??1otl_connect@@UAE@XZ     00423fe0 f i AlertSendObj.obj
 0001:00023050       ??_Gotl_connect@@UAEPAXI@Z 00424050 f i AlertSendObj.obj
 0001:00023050       ??_Eotl_connect@@UAEPAXI@Z 00424050 f i AlertSendObj.obj
 0001:00023070       ??0?$otl_tmpl_select_stream@Votl_exc@@Votl_conn@@Votl_cur@@Votl_var@@Votl_sel@@UtagTIMESTAMP_STRUCT@@@@QAE@PAVotl_select_struct_override@@HPBDAAV?$otl_tmpl_connect@Votl_exc@@Votl_conn@@Votl_cur@@@@H1@Z 00424070 f i AlertSendObj.obj
 0001:00023230       ?eof@?$otl_tmpl_select_stream@Votl_exc@@Votl_conn@@Votl_cur@@Votl_var@@Votl_sel@@UtagTIMESTAMP_STRUCT@@@@QAEHXZ 00424230 f i AlertSendObj.obj
 0001:00023290       ??5?$otl_tmpl_select_stream@Votl_exc@@Votl_conn@@Votl_cur@@Votl_var@@Votl_sel@@UtagTIMESTAMP_STRUCT@@@@QAEAAV0@AAVotl_long_string@@@Z 00424290 f i AlertSendObj.obj
 0001:00023530       ??6?$otl_tmpl_select_stream@Votl_exc@@Votl_conn@@Votl_cur@@Votl_var@@Votl_sel@@UtagTIMESTAMP_STRUCT@@@@QAEAAV0@ABVotl_long_string@@@Z 00424530 f i AlertSendObj.obj
 0001:00023770       ??6?$otl_tmpl_select_stream@Votl_exc@@Votl_conn@@Votl_cur@@Votl_var@@Votl_sel@@UtagTIMESTAMP_STRUCT@@@@QAEAAV0@ABUtagTIMESTAMP_STRUCT@@@Z 00424770 f i AlertSendObj.obj
 0001:00023850       ??0?$otl_tmpl_inout_stream@Votl_exc@@Votl_conn@@Votl_cur@@Votl_var@@UtagTIMESTAMP_STRUCT@@@@QAE@HPBDAAV?$otl_tmpl_connect@Votl_exc@@Votl_conn@@Votl_cur@@@@_N0@Z 00424850 f i AlertSendObj.obj
[...]
  1083 0001:00000c7c  1084 0001:00000c7f  1085 0001:00000c83  1078 0001:00000c86
  1079 0001:00000c8e  1083 0001:00000c92  1084 0001:00000c95  1085 0001:00000c99
  1081 0001:00000c9c  1083 0001:00000c9f  1084 0001:00000ca2  1085 0001:00000ca6
  1035 0001:00000cb0  1034 0001:00000cb0  1036 0001:00000cc0  1038 0001:00000ccc
   250 0001:00000cd0   251 0001:00000cd0   252 0001:00000cd9   264 0001:00000cde
   253 0001:00000cdf   254 0001:00000ce9   264 0001:00000d02   259 0001:00000d03
   260 0001:00000d16   261 0001:00000d22   262 0001:00000d29   264 0001:00000d2c
   267 0001:00000d30   268 0001:00000d30   270 0001:00000d39   271 0001:00000d44
   280 0001:00000d5e   276 0001:00000d5f   277 0001:00000d77   278 0001:00000d83
   280 0001:00000d86   987 0001:000016d0   988 0001:000016d0   989 0001:000016d8
   991 0001:000016da   992 0001:000016f0   993 0001:000016fe   994 0001:00001701
   996 0001:00001703   997 0001:00001705  1000 0001:00001710  1001 0001:00001714
  1015 0001:00001720  1014 0001:00001720  1016 0001:00001729  1018 0001:0000172e
  1019 0001:00001737  1020 0001:0000173a  1022 0001:00001740  1023 0001:00001748
  1029 0001:0000174c  1030 0001:0000174e  1031 0001:00001752  1024 0001:00001755
  1025 0001:0000175c  1029 0001:0000175f  1030 0001:00001761  1031 0001:00001765
  1027 0001:00001768  1029 0001:0000176c  1030 0001:0000176e  1031 0001:00001772
  1106 0001:00001cc0  1105 0001:00001cc0  1110 0001:00001cca  1112 0001:00001cd4
  1114 0001:00001ce1  1123 0001:00001cee  1124 0001:00001cf2  1126 0001:00001cf6
  1130 0001:00001d00  1131 0001:00001d21  1132 0001:00001d30  1133 0001:00001d37
  1139 0001:00001d72  1135 0001:00001d87  1136 0001:00001d93   911 0001:00001da0
   912 0001:00001dbb   913 0001:00001dc4   915 0001:00001e1d   917 0001:00001e37
   918 0001:00001e3c   920 0001:00001e4b   921 0001:00001e4e   923 0001:00001e59
   925 0001:00001e63   926 0001:00001e65   927 0001:00001e6c   929 0001:00001e6e
   931 0001:00001e70   932 0001:00001e73   933 0001:00001e7b   936 0001:00001e7e
   937 0001:00001e93   939 0001:00001e9f   940 0001:00001ea2   942 0001:00001ea8
   943 0001:00001ead   944 0001:00001eb0   945 0001:00001eb9   947 0001:00001ebe
   949 0001:00001ec0   951 0001:00001ec5   952 0001:00001ec7   954 0001:00001ecf
   955 0001:00001ed5   956 0001:00001edf   959 0001:00001eed   962 0001:00001eef
   969 0001:00001ef3   971 0001:00001ef5   973 0001:00001ef9   974 0001:00001efb
   976 0001:00001f03   977 0001:00001f09   978 0001:00001f13   982 0001:00001f37
   983 0001:00001f3d   984 0001:00001f47   477 0001:000028b0   481 0001:000028b3
   484 0001:000028d0   485 0001:000028e0   481 0001:000028ef   493 0001:000028f6
   495 0001:00002900   496 0001:00002907   505 0001:00002927   498 0001:0000292b
   500 0001:00002938   501 0001:0000294a   505 0001:0000296d   503 0001:00002971
   505 0001:0000297f   590 0001:00002990   591 0001:0000299e   592 0001:000029b6
   593 0001:00002a11   594 0001:00002a14   600 0001:00002a21   601 0001:00002a2a
   602 0001:00002a2d   603 0001:00002a39   604 0001:00002a3b   607 0001:00002a3d
   610 0001:00002a41   613 0001:00002a48   614 0001:00002a52   616 0001:00002a55
   617 0001:00002a5d   618 0001:00002a60   619 0001:00002a66   620 0001:00002a68
   621 0001:00002a6a   623 0001:00002a6d   626 0001:00002a78   628 0001:00002a8e
   631 0001:00002a9a   633 0001:00002aa6   631 0001:00002aa8   633 0001:00002ab4
   635 0001:00002ab6   636 0001:00002ab9   638 0001:00002abd   639 0001:00002ac2
   640 0001:00002ac4   643 0001:00002ac6   644 0001:00002ad0   645 0001:00002ad3
   646 0001:00002ad5   647 0001:00002adb   650 0001:00002ae1   651 0001:00002ae9
   652 0001:00002aec   653 0001:00002af5   654 0001:00002af7   655 0001:00002af9
   657 0001:00002afc   658 0001:00002b02   661 0001:00002b0e   664 0001:00002b1f
   665 0001:00002b39   667 0001:00002b3f   668 0001:00002b42   670 0001:00002b49
   672 0001:00002b4c   673 0001:00002b58   676 0001:00002b5b   678 0001:00002b60
   679 0001:00002b62   686 0001:00002b71   688 0001:00002b79   690 0001:00002b7e
   691 0001:00002b8a   694 0001:00002b8d   695 0001:00002b93   696 0001:00002b96
   697 0001:00002b99   698 0001:00002ba4   704 0001:00002ba6   706 0001:00002bad
   708 0001:00002bb0   709 0001:00002bbc   711 0001:00002bbe   713 0001:00002bc3
   714 0001:00002bc5   716 0001:00002bd4   664 0001:00002bd8   717 0001:00002bde
   664 0001:00002beb   721 0001:00002bed   723 0001:00002bf4   725 0001:00002bfa
   726 0001:00002c06   729 0001:00002c08   730 0001:00002c0e   731 0001:00002c11
   732 0001:00002c13   737 0001:00002c1e   740 0001:00002c21   741 0001:00002c2e
   743 0001:00002c38   744 0001:00002c45   746 0001:00002c49   747 0001:00002c53
   890 0001:00002c90   891 0001:00002c93   893 0001:00002ca2   894 0001:00002cad
   895 0001:00002caf   896 0001:00002cb6   898 0001:00002ccb   509 0001:00002e30
   512 0001:00002e36   513 0001:00002e3e   580 0001:00002e59   548 0001:00002e5f
   550 0001:00002e64   551 0001:00002e88   580 0001:00002e9e   553 0001:00002ea4
   555 0001:00002ea8   556 0001:00002ec1   580 0001:00002edd   560 0001:00002ee3
   562 0001:00002f16   563 0001:00002f1c   580 0001:00002f36   565 0001:00002f3c
   580 0001:00002f4b   570 0001:00002f51   572 0001:00002f89   573 0001:00002f91
   580 0001:00002fa9   575 0001:00002faf   580 0001:00002fbe   579 0001:00002fc4
   580 0001:00002fdd   750 0001:000030b0   751 0001:000030b1   753 0001:000030c8
   754 0001:000030eb   762 0001:000030f9   758 0001:000030fc   759 0001:00003100
   760 0001:0000315b   762 0001:00003164  1042 0001:00017e90  1041 0001:00017e90
  1043 0001:00017ea0  1045 0001:00017eab

Line numbers for .\Release\AlertBaseObj.obj(c:\program files (x86)\microsoft visual studio .net 2003\vc7\include\ostream) segment .text

    75 0001:00000c30    74 0001:00000c30    76 0001:00000c3f    77 0001:00000c48
    88 0001:000015d0    89 0001:0000160a    90 0001:00001628    91 0001:00001630
    92 0001:00001639    95 0001:00001660    98 0001:00001685    99 0001:0000168f
   100 0001:00001697

Line numbers for .\Release\AlertBaseObj.obj(c:\program files (x86)\microsoft visual studio .net 2003\vc7\include\functional) segment .text

   139 0001:00000c10   138 0001:00000c10   140 0001:00000c23

Line numbers for .\Release\AlertBaseObj.obj(c:\program files (x86)\microsoft visual studio .net 2003\vc7\include\istream) segment .text

    59 0001:00000c30    58 0001:00000c30    60 0001:00000c3f    61 0001:00000c48
    72 0001:00001560    73 0001:00001599    74 0001:000015ae

Line numbers for .\Release\AlertBaseObj.obj(c:\users\cxy\git\siteview9.2\ecc8.1\server2003\kennel\alertserver\alertbaseobj.cpp) segment .text

   273 0001:000002b0   272 0001:000002b0   274 0001:000002b2   278 0001:000002c0
   312 0001:000002c0   313 0001:000002c2   350 0001:000002d0   356 0001:000002d3
   357 0001:000002e4   358 0001:0000030d   359 0001:0000030f   361 0001:00000319
   362 0001:00000323   373 0001:0000034e   364 0001:00000350   373 0001:0000035b
   415 0001:00000360   416 0001:0000037b   422 0001:0000037f   426 0001:00000439
   429 0001:00000450   432 0001:00000452   434 0001:00000460   438 0001:0000046b
   446 0001:0000047a   442 0001:0000048d   423 0001:00000493   446 0001:00000495
   438 0001:000004a8   446 0001:000004b8   498 0001:000004d0   504 0001:000004d3
   505 0001:000004e4   506 0001:0000050d   507 0001:0000050f   509 0001:00000519
   510 0001:00000523   521 0001:0000054e   512 0001:00000550   521 0001:0000055b
   525 0001:00000560   526 0001:00000589   527 0001:0000059c   530 0001:000005b1
   532 0001:000005bd   533 0001:000005d2   534 0001:000005df   537 0001:000005e6
   538 0001:000005ea   540 0001:00000612   542 0001:00000627   544 0001:00000634
   546 0001:00000641   548 0001:00000644   550 0001:00000654   552 0001:00000664
   553 0001:0000066a   555 0001:0000066d   556 0001:00000683   557 0001:00000696
   558 0001:000006a9   560 0001:000006bc   562 0001:000006cf   564 0001:000006e2
   565 0001:000006e4   569 0001:00000710   570 0001:0000072b   576 0001:0000072f
   580 0001:000007e9   583 0001:00000800   586 0001:00000802   588 0001:00000810
   592 0001:0000081b   600 0001:0000082a   596 0001:0000083d   577 0001:00000843
   600 0001:00000845   592 0001:00000858   600 0001:00000868   651 0001:00000880
   654 0001:00000896   655 0001:000008a4   694 0001:000008a6   657 0001:000008ba
   658 0001:000008be   661 0001:000008e3   664 0001:000008f5   667 0001:00000902
   670 0001:0000090f   673 0001:00000922   676 0001:0000092f   679 0001:00000932
   681 0001:00000945   682 0001:0000094b   687 0001:0000094e   688 0001:00000964
   689 0001:00000977   691 0001:0000098a   694 0001:0000099d   763 0001:000009c0
   765 0001:000009d6   766 0001:000009e4   795 0001:000009e6   768 0001:000009fa
   769 0001:000009fe   771 0001:00000a23   773 0001:00000a35   775 0001:00000a42
   777 0001:00000a45   779 0001:00000a55   782 0001:00000a62   785 0001:00000a72
   788 0001:00000a75   789 0001:00000a91   790 0001:00000aa4   792 0001:00000ab7
   795 0001:00000aca   840 0001:00000ae0   843 0001:00000af6   844 0001:00000b04
   875 0001:00000b06   846 0001:00000b1a   847 0001:00000b1e   850 0001:00000b43
   852 0001:00000b55   854 0001:00000b62   856 0001:00000b65   858 0001:00000b75
   861 0001:00000b82   864 0001:00000b92   868 0001:00000b95   869 0001:00000bb1
   870 0001:00000bc4   872 0001:00000bd7   875 0001:00000bea   317 0001:00000f30
   318 0001:00000f54   319 0001:00000f7a   320 0001:00000f93   321 0001:00000ffa
   322 0001:00001061   323 0001:000010c8   326 0001:0000112f   327 0001:00001141
   328 0001:00001153   329 0001:00001158   330 0001:0000115f   331 0001:00001164
   332 0001:0000116b   333 0001:00001170   334 0001:00001172   335 0001:00001184
   336 0001:000011f0   337 0001:0000137b   338 0001:0000138d   339 0001:000013d1
   377 0001:00001400   379 0001:00001416   380 0001:00001424   411 0001:00001426
   382 0001:0000143a   383 0001:0000143e   385 0001:00001463   387 0001:00001475
   389 0001:00001482   391 0001:0000148f   393 0001:00001492   395 0001:000014a2
   397 0001:000014b2   400 0001:000014b5   401 0001:000014d1   402 0001:000014e4
   403 0001:000014f7   405 0001:0000150a   408 0001:0000151d   411 0001:00001520
   484 0001:00001540   799 0001:00001540   638 0001:00001540   879 0001:00001540
   724 0001:00001540   639 0001:00001542   880 0001:00001542   485 0001:00001542
   800 0001:00001542   725 0001:00001542   640 0001:00001557   486 0001:00001557
   801 0001:00001557   881 0001:00001557   726 0001:00001557   116 0001:00001f60
   119 0001:00001f85   120 0001:00001fa3   124 0001:00001faa   126 0001:00001fb9
   132 0001:00001fc6   142 0001:00001fd5   143 0001:00001fdf   144 0001:00001ff5
   152 0001:00001ff7   154 0001:00002000   156 0001:00002012   158 0001:00002067
   160 0001:00002074   164 0001:00002076   165 0001:00002090   166 0001:000020c1
   168 0001:000020ce   179 0001:000020d3   183 0001:000020e1   184 0001:000020fe
   185 0001:0000213a   186 0001:00002153   187 0001:000021ce   189 0001:000021da
   190 0001:00002203   192 0001:00002212   193 0001:0000221c   197 0001:00002238
   199 0001:000023c2   200 0001:000023cc   202 0001:000023d2   228 0001:000023ee
   232 0001:000023f9   234 0001:000023fd   240 0001:0000240a   217 0001:0000240c
   221 0001:00002417   223 0001:0000242b   208 0001:0000242d   244 0001:00002438
   250 0001:0000243a   252 0001:00002449   253 0001:00002456   254 0001:00002460
   260 0001:00002467   267 0001:00002481   268 0001:00002487   264 0001:000024a2
   265 0001:000024b0   450 0001:000024c0   457 0001:000024d9   461 0001:00002596
   464 0001:000025ab   467 0001:000025ad   468 0001:000025b3   480 0001:000025bb
   476 0001:000025ce   480 0001:000025d4   604 0001:000025f0   611 0001:00002609
   615 0001:000026c6   618 0001:000026db   621 0001:000026dd   622 0001:000026e3
   634 0001:000026eb   630 0001:000026fe   634 0001:00002704   736 0001:00002720
   698 0001:00002720   813 0001:00002720   820 0001:00002739   705 0001:00002739
   743 0001:00002739   823 0001:000027ed   708 0001:000027ed   746 0001:000027ed
   835 0001:000027f6   720 0001:000027f6   758 0001:000027f6   831 0001:00002809
   716 0001:00002809   754 0001:00002809   835 0001:0000280f   720 0001:0000280f
   758 0001:0000280f    84 0001:00002cd0    86 0001:00002cf6    90 0001:00002d08
    92 0001:00002d20    95 0001:00002d2e   101 0001:00002d49   103 0001:00002d77
    90 0001:00002dab   111 0001:00002db9   112 0001:00002de9    45 0001:00003170
    47 0001:0000318e    48 0001:000031a5    52 0001:000031d2    54 0001:000031e0
    57 0001:00003202    58 0001:00003215    60 0001:00003221    61 0001:0000322d
    63 0001:0000323a    58 0001:00003256    66 0001:0000325b    67 0001:00003286
    68 0001:000032b0    69 0001:000032da    74 0001:00003304    32 0001:000034f0
    33 0001:00003613    35 0001:00003616    36 0001:0000361c    37 0001:00003622
    38 0001:00003628    41 0001:0000362e   343 0001:00003650   346 0001:000036e1
   491 0001:00003710   494 0001:000037b2   645 0001:000037e0   647 0001:0000384f
   730 0001:00003870   732 0001:000038ce   807 0001:000038e0   809 0001:0000393e
    78 0001:00003b80    80 0001:00003b80

Line numbers for .\Release\AlertBaseObj.obj(c:\users\cxy\git\siteview9.2\ecc8.1\server2003\kennel\alertserver\alerteventobj.h) segment .text

    37 0001:000000f0    38 0001:00000110    39 0001:0000012b    43 0001:00000145
    44 0001:0000014a    47 0001:0000014c    48 0001:00000151    55 0001:00000153
    56 0001:00000158    59 0001:0000015a    65 0001:00000169    66 0001:00000191
    69 0001:000001d0    70 0001:000001f0    71 0001:0000020b    75 0001:00000225
    76 0001:0000022a    79 0001:0000022c    80 0001:00000231    87 0001:00000233
    88 0001:00000238    91 0001:0000023a    97 0001:00000249    98 0001:00000271

Line numbers for .\Release\AlertBaseObj.obj(c:\program files (x86)\microsoft visual studio .net 2003\vc7\include\stdexcept) segment .text

    23 0001:00000000    27 0001:00000060    26 0001:00000060    28 0001:00000069
    27 0001:0000006a    28 0001:0000006d    99 0001:000000b0   122 0001:000000e0

Line numbers for .\Release\AlertBaseObj.obj(c:\program files (x86)\microsoft visual studio .net 2003\vc7\include\new) segment .text

    69 0001:00003b80    68 0001:00003b80

Line numbers for C:\Program Files (x86)\Microsoft Visual Studio .NET 2003\Vc7\lib\msvcprt.lib(f:\vs70builds\3077\vc\crtbld\crt\src\newaop.cpp) segment .text

     7 0001:000328bd     6 0001:000328bd

Line numbers for C:\Program Files (x86)\Microsoft Visual Studio .NET 2003\Vc7\lib\msvcprt.lib(f:\vs70builds\3077\vc\crtbld\crt\src\newop.cpp) segment .text

    10 0001:00032898    12 0001:00032899    13 0001:0003289f    14 0001:000328aa
    12 0001:000328b0    16 0001:000328bc

Line numbers for C:\Program Files (x86)\Microsoft Visual Studio .NET 2003\Vc7\atlmfc\lib\mfcs71.lib(f:\vs70builds\3077\vc\mfcatl\ship\atlmfc\include\atlcore.h) segment .text

   114 0001:0003292c   116 0001:0003292d   117 0001:0003293c   129 0001:00032940
   130 0001:0003294c   131 0001:0003294e   133 0001:00032951   136 0001:0003295a
   138 0001:0003296b   143 0001:00032988   144 0001:0003298a

Line numbers for C:\Program Files (x86)\Microsoft Visual Studio .NET 2003\Vc7\lib\msvcrt.lib(F:\VS70Builds\3077\vc\crtbld\crt\src\intel\chkstk.asm) segment .text

    69 0001:000329c0    65 0001:000329c0    70 0001:000329c5    72 0001:000329c7
    73 0001:000329c9    74 0001:000329cb    75 0001:000329ce    76 0001:000329d0
    77 0001:000329d1    78 0001:000329d3    79 0001:000329d4    82 0001:000329d5
    83 0001:000329d6    88 0001:000329da    89 0001:000329e0    91 0001:000329e5
    93 0001:000329e7    94 0001:000329ec    97 0001:000329ee    98 0001:000329f0
   100 0001:000329f2   102 0001:000329f4   104 0001:000329f6   105 0001:000329f8
   107 0001:000329fb   109 0001:000329fc

Line numbers for C:\Program Files (x86)\Microsoft Visual Studio .NET 2003\Vc7\lib\msvcrt.lib(f:\vs70builds\3077\vc\crtbld\crt\src\atonexit.c) segment .text

    81 0001:00032a94    76 0001:00032a94    90 0001:00032ab9    96 0001:00032aba
    95 0001:00032aba    97 0001:00032acb

Line numbers for C:\Program Files (x86)\Microsoft Visual Studio .NET 2003\Vc7\lib\msvcrt.lib(f:\vs70builds\3077\vc\crtbld\crt\src\crtexe.c) segment .text

   202 0001:00032ca4   222 0001:00032cb0   229 0001:00032d0b   236 0001:00032d0e
   244 0001:00032d17   249 0001:00032d25   250 0001:00032d33   257 0001:00032d41
   264 0001:00032d4d   275 0001:00032d52   282 0001:00032d57   283 0001:00032d5f
   286 0001:00032d6b   305 0001:00032d70   308 0001:00032d7f   324 0001:00032d89
   327 0001:00032d91   329 0001:00032db3   330 0001:00032db7   336 0001:00032dbf
   397 0001:00032dce   398 0001:00032dd9   403 0001:00032def   404 0001:00032df4
   406 0001:00032dfb   409 0001:00032e03   415 0001:00032e1a   417 0001:00032e1d
   418 0001:00032e23   420 0001:00032e2a   424 0001:00032e34   425 0001:00032e36

Line numbers for C:\Program Files (x86)\Microsoft Visual Studio .NET 2003\Vc7\lib\msvcrt.lib(f:\vs70builds\3077\vc\crtbld\crt\src\dllargv.c) segment .text

    49 0001:00032fe2    48 0001:00032fe2    50 0001:00032fe4

Line numbers for C:\Program Files (x86)\Microsoft Visual Studio .NET 2003\Vc7\lib\msvcrt.lib(f:\vs70builds\3077\vc\crtbld\crt\src\merr.c) segment .text

    33 0001:00032fe2    32 0001:00032fe2    34 0001:00032fe4

Line numbers for C:\Program Files (x86)\Microsoft Visual Studio .NET 2003\Vc7\lib\msvcrt.lib(f:\vs70builds\3077\vc\crtbld\crt\src\intel\fp8.c) segment .text

    19 0001:00032fd0    18 0001:00032fd0    20 0001:00032fe1

Line numbers for C:\Program Files (x86)\Microsoft Visual Studio .NET 2003\Vc7\lib\msvcrt.lib(F:\VS70Builds\3077\vc\crtbld\crt\src\intel\llmul.asm) segment .text

    62 0001:00032c70    47 0001:00032c70    63 0001:00032c74    64 0001:00032c78
    65 0001:00032c7a    66 0001:00032c7e    68 0001:00032c80    69 0001:00032c84
    71 0001:00032c86    74 0001:00032c89    81 0001:00032c8a    82 0001:00032c8c
    84 0001:00032c8e    85 0001:00032c92    86 0001:00032c96    88 0001:00032c98
    89 0001:00032c9c    90 0001:00032c9e    92 0001:00032ca0    94 0001:00032ca1

Line numbers for C:\Program Files (x86)\Microsoft Visual Studio .NET 2003\Vc7\lib\msvcrt.lib(f:\vs70builds\3077\vc\crtbld\crt\src\secchk.c) segment .text

   114 0001:000329fd   116 0001:00032a09   117 0001:00032a0d   119 0001:00032a1a
   123 0001:00032a25   100 0001:00032a2e   103 0001:00032a2e   104 0001:00032a34
   105 0001:00032a36   107 0001:00032a37

Line numbers for C:\Program Files (x86)\Microsoft Visual Studio .NET 2003\Vc7\lib\msvcrt.lib(f:\vs70builds\3077\vc\crtbld\crt\src\seccinit.c) segment .text

    49 0001:00032eb7    58 0001:00032ebd    67 0001:00032ece    70 0001:00032ed8
    75 0001:00032ede    76 0001:00032ee6    77 0001:00032eee    79 0001:00032ef6
    93 0001:00032f00    94 0001:00032f1b

Line numbers for C:\Program Files (x86)\Microsoft Visual Studio .NET 2003\Vc7\atlmfc\lib\atls.lib(f:\vs70builds\3077\vc\mfcatl\ship\atlmfc\src\atl\atls\atlbase.cpp) segment .text

    67 0001:000331c9    68 0001:000331cc    69 0001:000331d6    29 0001:000331df
    32 0001:000331fa    36 0001:000331ff    38 0001:00033222    39 0001:00033233
    41 0001:00033239    46 0001:0003323f    49 0001:00033247    51 0001:00033255
    58 0001:00033259    62 0001:00033273    64 0001:0003327a   126 0001:0003a21c

Line numbers for C:\Program Files (x86)\Microsoft Visual Studio .NET 2003\Vc7\atlmfc\lib\atls.lib(f:\vs70builds\3077\vc\mfcatl\ship\atlmfc\include\atlsimpcoll.h) segment .text

   173 0001:00033192   174 0001:00033195   178 0001:0003319b   179 0001:000331a1
   181 0001:000331a5   182 0001:000331a9   183 0001:000331ae
