 CommonNetworkDeviceMonitor

 Timestamp is 4ffe3a97 (Thu Jul 12 10:46:47 2012)

 Preferred load address is 10000000

 Start         Length     Name                   Class
 0001:00000000 0004da7cH .text                   CODE
 0001:0004da80 00002628H .text$x                 CODE
 0001:000500b0 000004e9H .text$yc                CODE
 0001:000505a0 000003dcH .text$yd                CODE
 0002:00000000 00000290H .idata$5                DATA
 0002:00000290 000070e5H .rdata                  DATA
 0002:00007378 0000008fH .rdata$debug            DATA
 0002:00007408 00000044H .rdata$r                DATA
 0002:0000744c 00000004H .rtc$IAA                DATA
 0002:00007450 00000004H .rtc$IMZ                DATA
 0002:00007454 00000004H .rtc$IZZ                DATA
 0002:00007458 00000004H .rtc$TAA                DATA
 0002:0000745c 00000004H .rtc$TMZ                DATA
 0002:00007460 00000004H .rtc$TZZ                DATA
 0002:00007464 0000293cH .xdata$x                DATA
 0002:00009da0 00000064H .idata$2                DATA
 0002:00009e04 00000014H .idata$3                DATA
 0002:00009e18 00000290H .idata$4                DATA
 0002:0000a0a8 00001260H .idata$6                DATA
 0002:0000b310 000000b0H .edata                  DATA
 0003:00000000 00000004H .CRT$XCA                DATA
 0003:00000004 00000004H .CRT$XCAA               DATA
 0003:00000008 00000044H .CRT$XCU                DATA
 0003:0000004c 00000004H .CRT$XCZ                DATA
 0003:00000050 00000004H .CRT$XIA                DATA
 0003:00000054 00000004H .CRT$XIZ                DATA
 0003:00000060 00000b04H .data                   DATA
 0003:00000b64 00000290H .bss                    DATA

  Address         Publics by Value              Rva+Base     Lib:Object

 0000:00000000       ___safe_se_handler_count   00000000     <absolute>
 0000:00000000       ___safe_se_handler_table   00000000     <absolute>
 0000:00000000       __except_list              00000000     <absolute>
 0000:00009876       __fltused                  00009876     <absolute>
 0000:00009876       __ldused                   00009876     <absolute>
 0001:00000000       ??3@YAXPAX0@Z              10001000 f i CommonMonitor.obj
 0001:00000000       ?format_output@GenAddress@@MBEXXZ 10001000 f i snmplib.obj
 0001:00000010       ??1logic_error@std@@UAE@XZ 10001010 f i CommonMonitor.obj
 0001:00000070       ?what@logic_error@std@@UBEPBDXZ 10001070 f i CommonMonitor.obj
 0001:00000080       ??_Glogic_error@std@@UAEPAXI@Z 10001080 f i CommonMonitor.obj
 0001:00000080       ??_Elogic_error@std@@UAEPAXI@Z 10001080 f i CommonMonitor.obj
 0001:000000a0       ??_Glength_error@std@@UAEPAXI@Z 100010a0 f i CommonMonitor.obj
 0001:000000a0       ??_Elength_error@std@@UAEPAXI@Z 100010a0 f i CommonMonitor.obj
 0001:000000c0       ??1length_error@std@@UAE@XZ 100010c0 f i CommonMonitor.obj
 0001:000000d0       ??_Eout_of_range@std@@UAEPAXI@Z 100010d0 f i CommonMonitor.obj
 0001:000000d0       ??_Gout_of_range@std@@UAEPAXI@Z 100010d0 f i CommonMonitor.obj
 0001:000000f0       ??1out_of_range@std@@UAE@XZ 100010f0 f i CommonMonitor.obj
 0001:00000100       ?MakeCharByString@@YA_NPADAAHV?$basic_string@DU?$char_traits@D@std@@V?$allocator@D@2@@std@@@Z 10001100 f   CommonMonitor.obj
 0001:000001b0       ??R?$less@V?$basic_string@DU?$char_traits@D@std@@V?$allocator@D@2@@std@@@std@@QBE_NABV?$basic_string@DU?$char_traits@D@std@@V?$allocator@D@2@@1@0@Z 100011b0 f i CommonMonitor.obj
 0001:000001d0       ?_Max@?$_Tree@V?$_Tmap_traits@V?$basic_string@DU?$char_traits@D@std@@V?$allocator@D@2@@std@@V12@U?$less@V?$basic_string@DU?$char_traits@D@std@@V?$allocator@D@2@@std@@@2@V?$allocator@U?$pair@$$CBV?$basic_string@DU?$char_traits@D@std@@V?$allocator@D@2@@std@@V12@@std@@@2@$0A@@std@@@std@@KAPAU_Node@?$_Tree_nod@V?$_Tmap_traits@V?$basic_string@DU?$char_traits@D@std@@V?$allocator@D@2@@std@@V12@U?$less@V?$basic_string@DU?$char_traits@D@std@@V?$allocator@D@2@@std@@@2@V?$allocator@U?$pair@$$CBV?$basic_string@DU?$char_traits@D@std@@V?$allocator@D@2@@std@@V12@@std@@@2@$0A@@std@@@2@PAU342@@Z 100011d0 f i CommonMonitor.obj
 0001:000001f0       ?_Min@?$_Tree@V?$_Tmap_traits@V?$basic_string@DU?$char_traits@D@std@@V?$allocator@D@2@@std@@V12@U?$less@V?$basic_string@DU?$char_traits@D@std@@V?$allocator@D@2@@std@@@2@V?$allocator@U?$pair@$$CBV?$basic_string@DU?$char_traits@D@std@@V?$allocator@D@2@@std@@V12@@std@@@2@$0A@@std@@@std@@KAPAU_Node@?$_Tree_nod@V?$_Tmap_traits@V?$basic_string@DU?$char_traits@D@std@@V?$allocator@D@2@@std@@V12@U?$less@V?$basic_string@DU?$char_traits@D@std@@V?$allocator@D@2@@std@@@2@V?$allocator@U?$pair@$$CBV?$basic_string@DU?$char_traits@D@std@@V?$allocator@D@2@@std@@V12@@std@@@2@$0A@@std@@@2@PAU342@@Z 100011f0 f i CommonMonitor.obj
 0001:00000210       ??1_Sentry_base@?$basic_ostream@DU?$char_traits@D@std@@@std@@QAE@XZ 10001210 f i CommonMonitor.obj
 0001:00000230       ?_Inc@const_iterator@?$_Tree@V?$_Tmap_traits@V?$basic_string@DU?$char_traits@D@std@@V?$allocator@D@2@@std@@V12@U?$less@V?$basic_string@DU?$char_traits@D@std@@V?$allocator@D@2@@std@@@2@V?$allocator@U?$pair@$$CBV?$basic_string@DU?$char_traits@D@std@@V?$allocator@D@2@@std@@V12@@std@@@2@$0A@@std@@@std@@QAEXXZ 10001230 f i CommonMonitor.obj
 0001:00000290       ?_Max@?$_Tree@V?$_Tmap_traits@HUSNMP_Monitor_Result@@U?$less@H@std@@V?$allocator@U?$pair@$$CBHUSNMP_Monitor_Result@@@std@@@3@$0A@@std@@@std@@KAPAU_Node@?$_Tree_nod@V?$_Tmap_traits@HUSNMP_Monitor_Result@@U?$less@H@std@@V?$allocator@U?$pair@$$CBHUSNMP_Monitor_Result@@@std@@@3@$0A@@std@@@2@PAU342@@Z 10001290 f i CommonMonitor.obj
 0001:000002b0       ?_Min@?$_Tree@V?$_Tmap_traits@HUSNMP_Monitor_Result@@U?$less@H@std@@V?$allocator@U?$pair@$$CBHUSNMP_Monitor_Result@@@std@@@3@$0A@@std@@@std@@KAPAU_Node@?$_Tree_nod@V?$_Tmap_traits@HUSNMP_Monitor_Result@@U?$less@H@std@@V?$allocator@U?$pair@$$CBHUSNMP_Monitor_Result@@@std@@@3@$0A@@std@@@2@PAU342@@Z 100012b0 f i CommonMonitor.obj
 0001:000002d0       ??0?$pair@$$CBV?$basic_string@DU?$char_traits@D@std@@V?$allocator@D@2@@std@@V12@@std@@QAE@ABU01@@Z 100012d0 f i CommonMonitor.obj
 0001:00000330       ??1?$pair@$$CBV?$basic_string@DU?$char_traits@D@std@@V?$allocator@D@2@@std@@V12@@std@@QAE@XZ 10001330 f i CommonMonitor.obj
 0001:00000380       ??$?HDU?$char_traits@D@std@@V?$allocator@D@1@@std@@YA?AV?$basic_string@DU?$char_traits@D@std@@V?$allocator@D@2@@0@ABV10@0@Z 10001380 f i CommonMonitor.obj
 0001:00000400       ??$?HDU?$char_traits@D@std@@V?$allocator@D@1@@std@@YA?AV?$basic_string@DU?$char_traits@D@std@@V?$allocator@D@2@@0@ABV10@PBD@Z 10001400 f i CommonMonitor.obj
 0001:00000480       ??$?HDU?$char_traits@D@std@@V?$allocator@D@1@@std@@YA?AV?$basic_string@DU?$char_traits@D@std@@V?$allocator@D@2@@0@ABV10@D@Z 10001480 f i CommonMonitor.obj
 0001:00000500       ??1_Node@?$_List_nod@V?$basic_string@DU?$char_traits@D@std@@V?$allocator@D@2@@std@@V?$allocator@V?$basic_string@DU?$char_traits@D@std@@V?$allocator@D@2@@std@@@2@@std@@QAE@XZ 10001500 f i CommonMonitor.obj
 0001:00000510       ??1_Node@?$_Tree_nod@V?$_Tmap_traits@V?$basic_string@DU?$char_traits@D@std@@V?$allocator@D@2@@std@@V12@U?$less@V?$basic_string@DU?$char_traits@D@std@@V?$allocator@D@2@@std@@@2@V?$allocator@U?$pair@$$CBV?$basic_string@DU?$char_traits@D@std@@V?$allocator@D@2@@std@@V12@@std@@@2@$0A@@std@@@std@@QAE@XZ 10001510 f i CommonMonitor.obj
 0001:00000520       ??1SNMP_Monitor_Result@@QAE@XZ 10001520 f i CommonMonitor.obj
 0001:00000580       ??0sentry@?$basic_ostream@DU?$char_traits@D@std@@@std@@QAE@AAV12@@Z 10001580 f i CommonMonitor.obj
 0001:00000610       ??1sentry@?$basic_ostream@DU?$char_traits@D@std@@@std@@QAE@XZ 10001610 f i CommonMonitor.obj
 0001:00000680       ?_Lbound@?$_Tree@V?$_Tmap_traits@V?$basic_string@DU?$char_traits@D@std@@V?$allocator@D@2@@std@@V12@U?$less@V?$basic_string@DU?$char_traits@D@std@@V?$allocator@D@2@@std@@@2@V?$allocator@U?$pair@$$CBV?$basic_string@DU?$char_traits@D@std@@V?$allocator@D@2@@std@@V12@@std@@@2@$0A@@std@@@std@@IBEPAU_Node@?$_Tree_nod@V?$_Tmap_traits@V?$basic_string@DU?$char_traits@D@std@@V?$allocator@D@2@@std@@V12@U?$less@V?$basic_string@DU?$char_traits@D@std@@V?$allocator@D@2@@std@@@2@V?$allocator@U?$pair@$$CBV?$basic_string@DU?$char_traits@D@std@@V?$allocator@D@2@@std@@V12@@std@@@2@$0A@@std@@@2@ABV?$basic_string@DU?$char_traits@D@std@@V?$allocator@D@2@@2@@Z 10001680 f i CommonMonitor.obj
 0001:000006d0       ?_Inc@const_iterator@?$_Tree@V?$_Tmap_traits@HUSNMP_Monitor_Result@@U?$less@H@std@@V?$allocator@U?$pair@$$CBHUSNMP_Monitor_Result@@@std@@@3@$0A@@std@@@std@@QAEXXZ 100016d0 f i CommonMonitor.obj
 0001:00000730       ?_Lrotate@?$_Tree@V?$_Tmap_traits@HUSNMP_Monitor_Result@@U?$less@H@std@@V?$allocator@U?$pair@$$CBHUSNMP_Monitor_Result@@@std@@@3@$0A@@std@@@std@@IAEXPAU_Node@?$_Tree_nod@V?$_Tmap_traits@HUSNMP_Monitor_Result@@U?$less@H@std@@V?$allocator@U?$pair@$$CBHUSNMP_Monitor_Result@@@std@@@3@$0A@@std@@@2@@Z 10001730 f i CommonMonitor.obj
 0001:00000790       ?_Rrotate@?$_Tree@V?$_Tmap_traits@HUSNMP_Monitor_Result@@U?$less@H@std@@V?$allocator@U?$pair@$$CBHUSNMP_Monitor_Result@@@std@@@3@$0A@@std@@@std@@IAEXPAU_Node@?$_Tree_nod@V?$_Tmap_traits@HUSNMP_Monitor_Result@@U?$less@H@std@@V?$allocator@U?$pair@$$CBHUSNMP_Monitor_Result@@@std@@@3@$0A@@std@@@2@@Z 10001790 f i CommonMonitor.obj
 0001:000007f0       ?_Lrotate@?$_Tree@V?$_Tmap_traits@V?$basic_string@DU?$char_traits@D@std@@V?$allocator@D@2@@std@@V12@U?$less@V?$basic_string@DU?$char_traits@D@std@@V?$allocator@D@2@@std@@@2@V?$allocator@U?$pair@$$CBV?$basic_string@DU?$char_traits@D@std@@V?$allocator@D@2@@std@@V12@@std@@@2@$0A@@std@@@std@@IAEXPAU_Node@?$_Tree_nod@V?$_Tmap_traits@V?$basic_string@DU?$char_traits@D@std@@V?$allocator@D@2@@std@@V12@U?$less@V?$basic_string@DU?$char_traits@D@std@@V?$allocator@D@2@@std@@@2@V?$allocator@U?$pair@$$CBV?$basic_string@DU?$char_traits@D@std@@V?$allocator@D@2@@std@@V12@@std@@@2@$0A@@std@@@2@@Z 100017f0 f i CommonMonitor.obj
 0001:00000850       ?_Rrotate@?$_Tree@V?$_Tmap_traits@V?$basic_string@DU?$char_traits@D@std@@V?$allocator@D@2@@std@@V12@U?$less@V?$basic_string@DU?$char_traits@D@std@@V?$allocator@D@2@@std@@@2@V?$allocator@U?$pair@$$CBV?$basic_string@DU?$char_traits@D@std@@V?$allocator@D@2@@std@@V12@@std@@@2@$0A@@std@@@std@@IAEXPAU_Node@?$_Tree_nod@V?$_Tmap_traits@V?$basic_string@DU?$char_traits@D@std@@V?$allocator@D@2@@std@@V12@U?$less@V?$basic_string@DU?$char_traits@D@std@@V?$allocator@D@2@@std@@@2@V?$allocator@U?$pair@$$CBV?$basic_string@DU?$char_traits@D@std@@V?$allocator@D@2@@std@@V12@@std@@@2@$0A@@std@@@2@@Z 10001850 f i CommonMonitor.obj
 0001:000008b0       ??$?6DU?$char_traits@D@std@@V?$allocator@D@1@@std@@YAAAV?$basic_ostream@DU?$char_traits@D@std@@@0@AAV10@ABV?$basic_string@DU?$char_traits@D@std@@V?$allocator@D@2@@0@@Z 100018b0 f i CommonMonitor.obj
 0001:00000ab0       ??1?$pair@$$CBHUSNMP_Monitor_Result@@@std@@QAE@XZ 10001ab0 f i CommonMonitor.obj
 0001:00000ac0       ?_Buynode@?$list@PADV?$allocator@PAD@std@@@std@@IAEPAU_Node@?$_List_nod@PADV?$allocator@PAD@std@@@2@XZ 10001ac0 f i CommonMonitor.obj
 0001:00000ae0       ?_Buynode@?$list@V?$basic_string@DU?$char_traits@D@std@@V?$allocator@D@2@@std@@V?$allocator@V?$basic_string@DU?$char_traits@D@std@@V?$allocator@D@2@@std@@@2@@std@@IAEPAU_Node@?$_List_nod@V?$basic_string@DU?$char_traits@D@std@@V?$allocator@D@2@@std@@V?$allocator@V?$basic_string@DU?$char_traits@D@std@@V?$allocator@D@2@@std@@@2@@2@XZ 10001ae0 f i CommonMonitor.obj
 0001:00000b00       ?_Buynode@?$_Tree@V?$_Tmap_traits@V?$basic_string@DU?$char_traits@D@std@@V?$allocator@D@2@@std@@V12@U?$less@V?$basic_string@DU?$char_traits@D@std@@V?$allocator@D@2@@std@@@2@V?$allocator@U?$pair@$$CBV?$basic_string@DU?$char_traits@D@std@@V?$allocator@D@2@@std@@V12@@std@@@2@$0A@@std@@@std@@IAEPAU_Node@?$_Tree_nod@V?$_Tmap_traits@V?$basic_string@DU?$char_traits@D@std@@V?$allocator@D@2@@std@@V12@U?$less@V?$basic_string@DU?$char_traits@D@std@@V?$allocator@D@2@@std@@@2@V?$allocator@U?$pair@$$CBV?$basic_string@DU?$char_traits@D@std@@V?$allocator@D@2@@std@@V12@@std@@@2@$0A@@std@@@2@XZ 10001b00 f i CommonMonitor.obj
 0001:00000b40       ?clear@?$list@PADV?$allocator@PAD@std@@@std@@QAEXXZ 10001b40 f i CommonMonitor.obj
 0001:00000b80       ?_Buynode@?$list@PADV?$allocator@PAD@std@@@std@@IAEPAU_Node@?$_List_nod@PADV?$allocator@PAD@std@@@2@PAU342@0ABQAD@Z 10001b80 f i CommonMonitor.obj
 0001:00000bb0       ?_Incsize@?$list@PADV?$allocator@PAD@std@@@std@@IAEXI@Z 10001bb0 f i CommonMonitor.obj
 0001:00000c50       ??0logic_error@std@@QAE@ABV01@@Z 10001c50 f i CommonMonitor.obj
 0001:00000cb0       ??0length_error@std@@QAE@ABV01@@Z 10001cb0 f i CommonMonitor.obj
 0001:00000cd0       ?_Buynode@?$list@V?$basic_string@DU?$char_traits@D@std@@V?$allocator@D@2@@std@@V?$allocator@V?$basic_string@DU?$char_traits@D@std@@V?$allocator@D@2@@std@@@2@@std@@IAEPAU_Node@?$_List_nod@V?$basic_string@DU?$char_traits@D@std@@V?$allocator@D@2@@std@@V?$allocator@V?$basic_string@DU?$char_traits@D@std@@V?$allocator@D@2@@std@@@2@@2@PAU342@0ABV?$basic_string@DU?$char_traits@D@std@@V?$allocator@D@2@@2@@Z 10001cd0 f i CommonMonitor.obj
 0001:00000d60       ?_Incsize@?$list@V?$basic_string@DU?$char_traits@D@std@@V?$allocator@D@2@@std@@V?$allocator@V?$basic_string@DU?$char_traits@D@std@@V?$allocator@D@2@@std@@@2@@std@@IAEXI@Z 10001d60 f i CommonMonitor.obj
 0001:00000e00       ?_Buynode@?$_Tree@V?$_Tmap_traits@HUSNMP_Monitor_Result@@U?$less@H@std@@V?$allocator@U?$pair@$$CBHUSNMP_Monitor_Result@@@std@@@3@$0A@@std@@@std@@IAEPAU_Node@?$_Tree_nod@V?$_Tmap_traits@HUSNMP_Monitor_Result@@U?$less@H@std@@V?$allocator@U?$pair@$$CBHUSNMP_Monitor_Result@@@std@@@3@$0A@@std@@@2@XZ 10001e00 f i CommonMonitor.obj
 0001:00000e40       ?_Buynode@?$_Tree@V?$_Tmap_traits@V?$basic_string@DU?$char_traits@D@std@@V?$allocator@D@2@@std@@V12@U?$less@V?$basic_string@DU?$char_traits@D@std@@V?$allocator@D@2@@std@@@2@V?$allocator@U?$pair@$$CBV?$basic_string@DU?$char_traits@D@std@@V?$allocator@D@2@@std@@V12@@std@@@2@$0A@@std@@@std@@IAEPAU_Node@?$_Tree_nod@V?$_Tmap_traits@V?$basic_string@DU?$char_traits@D@std@@V?$allocator@D@2@@std@@V12@U?$less@V?$basic_string@DU?$char_traits@D@std@@V?$allocator@D@2@@std@@@2@V?$allocator@U?$pair@$$CBV?$basic_string@DU?$char_traits@D@std@@V?$allocator@D@2@@std@@V12@@std@@@2@$0A@@std@@@2@PAU342@00ABU?$pair@$$CBV?$basic_string@DU?$char_traits@D@std@@V?$allocator@D@2@@std@@V12@@2@D@Z 10001e40 f i CommonMonitor.obj
 0001:00000ee0       ??1_Node@?$_Tree_nod@V?$_Tmap_traits@HUSNMP_Monitor_Result@@U?$less@H@std@@V?$allocator@U?$pair@$$CBHUSNMP_Monitor_Result@@@std@@@3@$0A@@std@@@std@@QAE@XZ 10001ee0 f i CommonMonitor.obj
 0001:00000ef0       ?find@?$_Tree@V?$_Tmap_traits@V?$basic_string@DU?$char_traits@D@std@@V?$allocator@D@2@@std@@V12@U?$less@V?$basic_string@DU?$char_traits@D@std@@V?$allocator@D@2@@std@@@2@V?$allocator@U?$pair@$$CBV?$basic_string@DU?$char_traits@D@std@@V?$allocator@D@2@@std@@V12@@std@@@2@$0A@@std@@@std@@QAE?AViterator@12@ABV?$basic_string@DU?$char_traits@D@std@@V?$allocator@D@2@@2@@Z 10001ef0 f i CommonMonitor.obj
 0001:00000f50       ?erase@?$_Tree@V?$_Tmap_traits@V?$basic_string@DU?$char_traits@D@std@@V?$allocator@D@2@@std@@V12@U?$less@V?$basic_string@DU?$char_traits@D@std@@V?$allocator@D@2@@std@@@2@V?$allocator@U?$pair@$$CBV?$basic_string@DU?$char_traits@D@std@@V?$allocator@D@2@@std@@V12@@std@@@2@$0A@@std@@@std@@QAE?AViterator@12@V312@@Z 10001f50 f i CommonMonitor.obj
 0001:00001250       ??0out_of_range@std@@QAE@ABV01@@Z 10002250 f i CommonMonitor.obj
 0001:00001270       ??1?$list@PADV?$allocator@PAD@std@@@std@@QAE@XZ 10002270 f i CommonMonitor.obj
 0001:00001290       ??0?$list@V?$basic_string@DU?$char_traits@D@std@@V?$allocator@D@2@@std@@V?$allocator@V?$basic_string@DU?$char_traits@D@std@@V?$allocator@D@2@@std@@@2@@std@@QAE@XZ 10002290 f i CommonMonitor.obj
 0001:000012b0       ?push_back@?$list@V?$basic_string@DU?$char_traits@D@std@@V?$allocator@D@2@@std@@V?$allocator@V?$basic_string@DU?$char_traits@D@std@@V?$allocator@D@2@@std@@@2@@std@@QAEXABV?$basic_string@DU?$char_traits@D@std@@V?$allocator@D@2@@2@@Z 100022b0 f i CommonMonitor.obj
 0001:000012f0       ?clear@?$list@V?$basic_string@DU?$char_traits@D@std@@V?$allocator@D@2@@std@@V?$allocator@V?$basic_string@DU?$char_traits@D@std@@V?$allocator@D@2@@std@@@2@@std@@QAEXXZ 100022f0 f i CommonMonitor.obj
 0001:00001330       ?_Erase@?$_Tree@V?$_Tmap_traits@V?$basic_string@DU?$char_traits@D@std@@V?$allocator@D@2@@std@@V12@U?$less@V?$basic_string@DU?$char_traits@D@std@@V?$allocator@D@2@@std@@@2@V?$allocator@U?$pair@$$CBV?$basic_string@DU?$char_traits@D@std@@V?$allocator@D@2@@std@@V12@@std@@@2@$0A@@std@@@std@@IAEXPAU_Node@?$_Tree_nod@V?$_Tmap_traits@V?$basic_string@DU?$char_traits@D@std@@V?$allocator@D@2@@std@@V12@U?$less@V?$basic_string@DU?$char_traits@D@std@@V?$allocator@D@2@@std@@@2@V?$allocator@U?$pair@$$CBV?$basic_string@DU?$char_traits@D@std@@V?$allocator@D@2@@std@@V12@@std@@@2@$0A@@std@@@2@@Z 10002330 f i CommonMonitor.obj
 0001:00001370       ?_Copy@?$_Tree@V?$_Tmap_traits@V?$basic_string@DU?$char_traits@D@std@@V?$allocator@D@2@@std@@V12@U?$less@V?$basic_string@DU?$char_traits@D@std@@V?$allocator@D@2@@std@@@2@V?$allocator@U?$pair@$$CBV?$basic_string@DU?$char_traits@D@std@@V?$allocator@D@2@@std@@V12@@std@@@2@$0A@@std@@@std@@IAEPAU_Node@?$_Tree_nod@V?$_Tmap_traits@V?$basic_string@DU?$char_traits@D@std@@V?$allocator@D@2@@std@@V12@U?$less@V?$basic_string@DU?$char_traits@D@std@@V?$allocator@D@2@@std@@@2@V?$allocator@U?$pair@$$CBV?$basic_string@DU?$char_traits@D@std@@V?$allocator@D@2@@std@@V12@@std@@@2@$0A@@std@@@2@PAU342@0@Z 10002370 f i CommonMonitor.obj
 0001:00001420       ?MakeStringListByChar@@YA_NAAV?$list@PADV?$allocator@PAD@std@@@std@@PBD@Z 10002420 f   CommonMonitor.obj
 0001:00001490       ?MakeChar@@YAHPADAAH@Z     10002490 f   CommonMonitor.obj
 0001:00001650       ?MakeCharByParam@@YAHPADAAH0H@Z 10002650 f   CommonMonitor.obj
 0001:00001890       ?MakeLabel@@YAXAAV?$list@V?$basic_string@DU?$char_traits@D@std@@V?$allocator@D@2@@std@@V?$allocator@V?$basic_string@DU?$char_traits@D@std@@V?$allocator@D@2@@std@@@2@@std@@0PADHH@Z 10002890 f   CommonMonitor.obj
 0001:000019c0       ??1?$list@V?$basic_string@DU?$char_traits@D@std@@V?$allocator@D@2@@std@@V?$allocator@V?$basic_string@DU?$char_traits@D@std@@V?$allocator@D@2@@std@@@2@@std@@QAE@XZ 100029c0 f i CommonMonitor.obj
 0001:000019e0       ?_Copy@?$_Tree@V?$_Tmap_traits@V?$basic_string@DU?$char_traits@D@std@@V?$allocator@D@2@@std@@V12@U?$less@V?$basic_string@DU?$char_traits@D@std@@V?$allocator@D@2@@std@@@2@V?$allocator@U?$pair@$$CBV?$basic_string@DU?$char_traits@D@std@@V?$allocator@D@2@@std@@V12@@std@@@2@$0A@@std@@@std@@IAEXABV12@@Z 100029e0 f i CommonMonitor.obj
 0001:00001a70       ?erase@?$_Tree@V?$_Tmap_traits@V?$basic_string@DU?$char_traits@D@std@@V?$allocator@D@2@@std@@V12@U?$less@V?$basic_string@DU?$char_traits@D@std@@V?$allocator@D@2@@std@@@2@V?$allocator@U?$pair@$$CBV?$basic_string@DU?$char_traits@D@std@@V?$allocator@D@2@@std@@V12@@std@@@2@$0A@@std@@@std@@QAE?AViterator@12@V312@0@Z 10002a70 f i CommonMonitor.obj
 0001:00001b30       ?erase@?$_Tree@V?$_Tmap_traits@HUSNMP_Monitor_Result@@U?$less@H@std@@V?$allocator@U?$pair@$$CBHUSNMP_Monitor_Result@@@std@@@3@$0A@@std@@@std@@QAE?AViterator@12@V312@@Z 10002b30 f i CommonMonitor.obj
 0001:00001e40       ?_Erase@?$_Tree@V?$_Tmap_traits@HUSNMP_Monitor_Result@@U?$less@H@std@@V?$allocator@U?$pair@$$CBHUSNMP_Monitor_Result@@@std@@@3@$0A@@std@@@std@@IAEXPAU_Node@?$_Tree_nod@V?$_Tmap_traits@HUSNMP_Monitor_Result@@U?$less@H@std@@V?$allocator@U?$pair@$$CBHUSNMP_Monitor_Result@@@std@@@3@$0A@@std@@@2@@Z 10002e40 f i CommonMonitor.obj
 0001:00001e80       ?_Tidy@?$_Tree@V?$_Tmap_traits@V?$basic_string@DU?$char_traits@D@std@@V?$allocator@D@2@@std@@V12@U?$less@V?$basic_string@DU?$char_traits@D@std@@V?$allocator@D@2@@std@@@2@V?$allocator@U?$pair@$$CBV?$basic_string@DU?$char_traits@D@std@@V?$allocator@D@2@@std@@V12@@std@@@2@$0A@@std@@@std@@IAEXXZ 10002e80 f i CommonMonitor.obj
 0001:00001e80       ??1?$map@V?$basic_string@DU?$char_traits@D@std@@V?$allocator@D@2@@std@@V12@U?$less@V?$basic_string@DU?$char_traits@D@std@@V?$allocator@D@2@@std@@@2@V?$allocator@U?$pair@$$CBV?$basic_string@DU?$char_traits@D@std@@V?$allocator@D@2@@std@@V12@@std@@@2@@std@@QAE@XZ 10002e80 f i CommonMonitor.obj
 0001:00001eb0       ??0?$_Tree@V?$_Tmap_traits@V?$basic_string@DU?$char_traits@D@std@@V?$allocator@D@2@@std@@V12@U?$less@V?$basic_string@DU?$char_traits@D@std@@V?$allocator@D@2@@std@@@2@V?$allocator@U?$pair@$$CBV?$basic_string@DU?$char_traits@D@std@@V?$allocator@D@2@@std@@V12@@std@@@2@$0A@@std@@@std@@QAE@ABV01@@Z 10002eb0 f i CommonMonitor.obj
 0001:00001f40       ?erase@?$_Tree@V?$_Tmap_traits@HUSNMP_Monitor_Result@@U?$less@H@std@@V?$allocator@U?$pair@$$CBHUSNMP_Monitor_Result@@@std@@@3@$0A@@std@@@std@@QAE?AViterator@12@V312@0@Z 10002f40 f i CommonMonitor.obj
 0001:00002000       ?GetDataBySNMP@@YA_NV?$map@V?$basic_string@DU?$char_traits@D@std@@V?$allocator@D@2@@std@@V12@U?$less@V?$basic_string@DU?$char_traits@D@std@@V?$allocator@D@2@@std@@@2@V?$allocator@U?$pair@$$CBV?$basic_string@DU?$char_traits@D@std@@V?$allocator@D@2@@std@@V12@@std@@@2@@std@@PADAAH@Z 10003000 f   CommonMonitor.obj
 0001:00002bd0       ?GetIfBySNMP@@YA_NV?$map@V?$basic_string@DU?$char_traits@D@std@@V?$allocator@D@2@@std@@V12@U?$less@V?$basic_string@DU?$char_traits@D@std@@V?$allocator@D@2@@std@@@2@V?$allocator@U?$pair@$$CBV?$basic_string@DU?$char_traits@D@std@@V?$allocator@D@2@@std@@V12@@std@@@2@@std@@PADAAH@Z 10003bd0 f   CommonMonitor.obj
 0001:00003690       ?GetDataBySMI@@YA_NV?$map@V?$basic_string@DU?$char_traits@D@std@@V?$allocator@D@2@@std@@V12@U?$less@V?$basic_string@DU?$char_traits@D@std@@V?$allocator@D@2@@std@@@2@V?$allocator@U?$pair@$$CBV?$basic_string@DU?$char_traits@D@std@@V?$allocator@D@2@@std@@V12@@std@@@2@@std@@PADAAH@Z 10004690 f   CommonMonitor.obj
 0001:00003690       ?GetIFByCLI@@YA_NV?$map@V?$basic_string@DU?$char_traits@D@std@@V?$allocator@D@2@@std@@V12@U?$less@V?$basic_string@DU?$char_traits@D@std@@V?$allocator@D@2@@std@@@2@V?$allocator@U?$pair@$$CBV?$basic_string@DU?$char_traits@D@std@@V?$allocator@D@2@@std@@V12@@std@@@2@@std@@PADAAH@Z 10004690 f   CommonMonitor.obj
 0001:000036c0       ?GetDataByCLI@@YA_NV?$map@V?$basic_string@DU?$char_traits@D@std@@V?$allocator@D@2@@std@@V12@U?$less@V?$basic_string@DU?$char_traits@D@std@@V?$allocator@D@2@@std@@@2@V?$allocator@U?$pair@$$CBV?$basic_string@DU?$char_traits@D@std@@V?$allocator@D@2@@std@@V12@@std@@@2@@std@@PADAAH@Z 100046c0 f   CommonMonitor.obj
 0001:00003c00       ??0?$map@V?$basic_string@DU?$char_traits@D@std@@V?$allocator@D@2@@std@@V12@U?$less@V?$basic_string@DU?$char_traits@D@std@@V?$allocator@D@2@@std@@@2@V?$allocator@U?$pair@$$CBV?$basic_string@DU?$char_traits@D@std@@V?$allocator@D@2@@std@@V12@@std@@@2@@std@@QAE@ABV01@@Z 10004c00 f i CommonMonitor.obj
 0001:00003c20       ??0?$map@V?$basic_string@DU?$char_traits@D@std@@V?$allocator@D@2@@std@@V12@U?$less@V?$basic_string@DU?$char_traits@D@std@@V?$allocator@D@2@@std@@@2@V?$allocator@U?$pair@$$CBV?$basic_string@DU?$char_traits@D@std@@V?$allocator@D@2@@std@@V12@@std@@@2@@std@@QAE@XZ 10004c20 f i CommonMonitor.obj
 0001:00003c50       ?PrintDebug@@YAXV?$map@V?$basic_string@DU?$char_traits@D@std@@V?$allocator@D@2@@std@@V12@U?$less@V?$basic_string@DU?$char_traits@D@std@@V?$allocator@D@2@@std@@@2@V?$allocator@U?$pair@$$CBV?$basic_string@DU?$char_traits@D@std@@V?$allocator@D@2@@std@@V12@@std@@@2@@std@@@Z 10004c50 f   CommonMonitor.obj
 0001:00003e00       _GetData                   10004e00 f   CommonMonitor.obj
 0001:00004020       _INTERFACES                10005020 f   CommonMonitor.obj
 0001:000041e0       ??1?$map@HUSNMP_Monitor_Result@@U?$less@H@std@@V?$allocator@U?$pair@$$CBHUSNMP_Monitor_Result@@@std@@@3@@std@@QAE@XZ 100051e0 f i CommonMonitor.obj
 0001:00004210       ??0?$map@HUSNMP_Monitor_Result@@U?$less@H@std@@V?$allocator@U?$pair@$$CBHUSNMP_Monitor_Result@@@std@@@3@@std@@QAE@XZ 10005210 f i CommonMonitor.obj
 0001:00004240       ?CheckOIDIndex@@YAHAAV?$list@V?$basic_string@DU?$char_traits@D@std@@V?$allocator@D@2@@std@@V?$allocator@V?$basic_string@DU?$char_traits@D@std@@V?$allocator@D@2@@std@@@2@@std@@PADAAVCSVSnmpOID@@H@Z 10005240 f   CommonMonitor.obj
 0001:00004840       _SNMPList                  10005840 f   CommonMonitor.obj
 0001:000055b0       _SNMPProList               100065b0 f   CommonMonitor.obj
 0001:00006290       _SNMPListForPro            10007290 f   CommonMonitor.obj
 0001:00006e90       ?isOperator@CSVExpression@@AAEHABV?$basic_string@DU?$char_traits@D@std@@V?$allocator@D@2@@std@@@Z 10007e90 f   expression.obj
 0001:00006fc0       ?getToken@CSVExpression@@AAEHABV?$basic_string@DU?$char_traits@D@std@@V?$allocator@D@2@@std@@@Z 10007fc0 f   expression.obj
 0001:00007020       ?IsNumbric@CSVExpression@@AAE_NPBD@Z 10008020 f   expression.obj
 0001:000070a0       ??1?$pair@$$CBV?$basic_string@DU?$char_traits@D@std@@V?$allocator@D@2@@std@@_K@std@@QAE@XZ 100080a0 f i expression.obj
 0001:000070b0       ?_Max@?$_Tree@V?$_Tmap_traits@V?$basic_string@DU?$char_traits@D@std@@V?$allocator@D@2@@std@@_KU?$less@V?$basic_string@DU?$char_traits@D@std@@V?$allocator@D@2@@std@@@2@V?$allocator@U?$pair@$$CBV?$basic_string@DU?$char_traits@D@std@@V?$allocator@D@2@@std@@_K@std@@@2@$0A@@std@@@std@@KAPAU_Node@?$_Tree_nod@V?$_Tmap_traits@V?$basic_string@DU?$char_traits@D@std@@V?$allocator@D@2@@std@@_KU?$less@V?$basic_string@DU?$char_traits@D@std@@V?$allocator@D@2@@std@@@2@V?$allocator@U?$pair@$$CBV?$basic_string@DU?$char_traits@D@std@@V?$allocator@D@2@@std@@_K@std@@@2@$0A@@std@@@2@PAU342@@Z 100080b0 f i expression.obj
 0001:000070d0       ?_Min@?$_Tree@V?$_Tmap_traits@V?$basic_string@DU?$char_traits@D@std@@V?$allocator@D@2@@std@@_KU?$less@V?$basic_string@DU?$char_traits@D@std@@V?$allocator@D@2@@std@@@2@V?$allocator@U?$pair@$$CBV?$basic_string@DU?$char_traits@D@std@@V?$allocator@D@2@@std@@_K@std@@@2@$0A@@std@@@std@@KAPAU_Node@?$_Tree_nod@V?$_Tmap_traits@V?$basic_string@DU?$char_traits@D@std@@V?$allocator@D@2@@std@@_KU?$less@V?$basic_string@DU?$char_traits@D@std@@V?$allocator@D@2@@std@@@2@V?$allocator@U?$pair@$$CBV?$basic_string@DU?$char_traits@D@std@@V?$allocator@D@2@@std@@_K@std@@@2@$0A@@std@@@2@PAU342@@Z 100080d0 f i expression.obj
 0001:000070f0       ?_Lrotate@?$_Tree@V?$_Tmap_traits@V?$basic_string@DU?$char_traits@D@std@@V?$allocator@D@2@@std@@_KU?$less@V?$basic_string@DU?$char_traits@D@std@@V?$allocator@D@2@@std@@@2@V?$allocator@U?$pair@$$CBV?$basic_string@DU?$char_traits@D@std@@V?$allocator@D@2@@std@@_K@std@@@2@$0A@@std@@@std@@IAEXPAU_Node@?$_Tree_nod@V?$_Tmap_traits@V?$basic_string@DU?$char_traits@D@std@@V?$allocator@D@2@@std@@_KU?$less@V?$basic_string@DU?$char_traits@D@std@@V?$allocator@D@2@@std@@@2@V?$allocator@U?$pair@$$CBV?$basic_string@DU?$char_traits@D@std@@V?$allocator@D@2@@std@@_K@std@@@2@$0A@@std@@@2@@Z 100080f0 f i expression.obj
 0001:00007150       ?_Rrotate@?$_Tree@V?$_Tmap_traits@V?$basic_string@DU?$char_traits@D@std@@V?$allocator@D@2@@std@@_KU?$less@V?$basic_string@DU?$char_traits@D@std@@V?$allocator@D@2@@std@@@2@V?$allocator@U?$pair@$$CBV?$basic_string@DU?$char_traits@D@std@@V?$allocator@D@2@@std@@_K@std@@@2@$0A@@std@@@std@@IAEXPAU_Node@?$_Tree_nod@V?$_Tmap_traits@V?$basic_string@DU?$char_traits@D@std@@V?$allocator@D@2@@std@@_KU?$less@V?$basic_string@DU?$char_traits@D@std@@V?$allocator@D@2@@std@@@2@V?$allocator@U?$pair@$$CBV?$basic_string@DU?$char_traits@D@std@@V?$allocator@D@2@@std@@_K@std@@@2@$0A@@std@@@2@@Z 10008150 f i expression.obj
 0001:000071b0       ?_Rrotate@?$_Tree@V?$_Tmap_traits@V?$basic_string@DU?$char_traits@D@std@@V?$allocator@D@2@@std@@V?$map@V?$basic_string@DU?$char_traits@D@std@@V?$allocator@D@2@@std@@_KU?$less@V?$basic_string@DU?$char_traits@D@std@@V?$allocator@D@2@@std@@@2@V?$allocator@U?$pair@$$CBV?$basic_string@DU?$char_traits@D@std@@V?$allocator@D@2@@std@@_K@std@@@2@@2@U?$less@V?$basic_string@DU?$char_traits@D@std@@V?$allocator@D@2@@std@@@2@V?$allocator@U?$pair@$$CBV?$basic_string@DU?$char_traits@D@std@@V?$allocator@D@2@@std@@V?$map@V?$basic_string@DU?$char_traits@D@std@@V?$allocator@D@2@@std@@_KU?$less@V?$basic_string@DU?$char_traits@D@std@@V?$allocator@D@2@@std@@@2@V?$allocator@U?$pair@$$CBV?$basic_string@DU?$char_traits@D@std@@V?$allocator@D@2@@std@@_K@std@@@2@@2@@std@@@2@$0A@@std@@@std@@IAEXPAU_Node@?$_Tree_nod@V?$_Tmap_traits@V?$basic_string@DU?$char_traits@D@std@@V?$allocator@D@2@@std@@V?$map@V?$basic_string@DU?$char_traits@D@std@@V?$allocator@D@2@@std@@_KU?$less@V?$basic_string@DU?$char_traits@D@std@@V?$allocator@D@2@@std@@@2@V?$allocator@U?$pair@$$CBV?$basic_string@DU?$char_traits@D@std@@V?$allocator@D@2@@std@@_K@std@@@2@@2@U?$less@V?$basic_string@DU?$char_traits@D@std@@V?$allocator@D@2@@std@@@2@V?$allocator@U?$pair@$$CBV?$basic_string@DU?$char_traits@D@std@@V?$allocator@D@2@@std@@V?$map@V?$basic_string@DU?$char_traits@D@std@@V?$allocator@D@2@@std@@_KU?$less@V?$basic_string@DU?$char_traits@D@std@@V?$allocator@D@2@@std@@@2@V?$allocator@U?$pair@$$CBV?$basic_string@DU?$char_traits@D@std@@V?$allocator@D@2@@std@@_K@std@@@2@@2@@std@@@2@$0A@@std@@@2@@Z 100081b0 f i expression.obj
 0001:00007210       ?_Xlen@?$deque@V?$basic_string@DU?$char_traits@D@std@@V?$allocator@D@2@@std@@V?$allocator@V?$basic_string@DU?$char_traits@D@std@@V?$allocator@D@2@@std@@@2@@std@@IBEXXZ 10008210 f i expression.obj
 0001:00007210       ?_Xlen@?$deque@NV?$allocator@N@std@@@std@@IBEXXZ 10008210 f i expression.obj
 0001:00007290       ?_Max@?$_Tree@V?$_Tmap_traits@V?$basic_string@DU?$char_traits@D@std@@V?$allocator@D@2@@std@@V?$map@V?$basic_string@DU?$char_traits@D@std@@V?$allocator@D@2@@std@@_KU?$less@V?$basic_string@DU?$char_traits@D@std@@V?$allocator@D@2@@std@@@2@V?$allocator@U?$pair@$$CBV?$basic_string@DU?$char_traits@D@std@@V?$allocator@D@2@@std@@_K@std@@@2@@2@U?$less@V?$basic_string@DU?$char_traits@D@std@@V?$allocator@D@2@@std@@@2@V?$allocator@U?$pair@$$CBV?$basic_string@DU?$char_traits@D@std@@V?$allocator@D@2@@std@@V?$map@V?$basic_string@DU?$char_traits@D@std@@V?$allocator@D@2@@std@@_KU?$less@V?$basic_string@DU?$char_traits@D@std@@V?$allocator@D@2@@std@@@2@V?$allocator@U?$pair@$$CBV?$basic_string@DU?$char_traits@D@std@@V?$allocator@D@2@@std@@_K@std@@@2@@2@@std@@@2@$0A@@std@@@std@@KAPAU_Node@?$_Tree_nod@V?$_Tmap_traits@V?$basic_string@DU?$char_traits@D@std@@V?$allocator@D@2@@std@@V?$map@V?$basic_string@DU?$char_traits@D@std@@V?$allocator@D@2@@std@@_KU?$less@V?$basic_string@DU?$char_traits@D@std@@V?$allocator@D@2@@std@@@2@V?$allocator@U?$pair@$$CBV?$basic_string@DU?$char_traits@D@std@@V?$allocator@D@2@@std@@_K@std@@@2@@2@U?$less@V?$basic_string@DU?$char_traits@D@std@@V?$allocator@D@2@@std@@@2@V?$allocator@U?$pair@$$CBV?$basic_string@DU?$char_traits@D@std@@V?$allocator@D@2@@std@@V?$map@V?$basic_string@DU?$char_traits@D@std@@V?$allocator@D@2@@std@@_KU?$less@V?$basic_string@DU?$char_traits@D@std@@V?$allocator@D@2@@std@@@2@V?$allocator@U?$pair@$$CBV?$basic_string@DU?$char_traits@D@std@@V?$allocator@D@2@@std@@_K@std@@@2@@2@@std@@@2@$0A@@std@@@2@PAU342@@Z 10008290 f i expression.obj
 0001:000072b0       ?_Min@?$_Tree@V?$_Tmap_traits@V?$basic_string@DU?$char_traits@D@std@@V?$allocator@D@2@@std@@V?$map@V?$basic_string@DU?$char_traits@D@std@@V?$allocator@D@2@@std@@_KU?$less@V?$basic_string@DU?$char_traits@D@std@@V?$allocator@D@2@@std@@@2@V?$allocator@U?$pair@$$CBV?$basic_string@DU?$char_traits@D@std@@V?$allocator@D@2@@std@@_K@std@@@2@@2@U?$less@V?$basic_string@DU?$char_traits@D@std@@V?$allocator@D@2@@std@@@2@V?$allocator@U?$pair@$$CBV?$basic_string@DU?$char_traits@D@std@@V?$allocator@D@2@@std@@V?$map@V?$basic_string@DU?$char_traits@D@std@@V?$allocator@D@2@@std@@_KU?$less@V?$basic_string@DU?$char_traits@D@std@@V?$allocator@D@2@@std@@@2@V?$allocator@U?$pair@$$CBV?$basic_string@DU?$char_traits@D@std@@V?$allocator@D@2@@std@@_K@std@@@2@@2@@std@@@2@$0A@@std@@@std@@KAPAU_Node@?$_Tree_nod@V?$_Tmap_traits@V?$basic_string@DU?$char_traits@D@std@@V?$allocator@D@2@@std@@V?$map@V?$basic_string@DU?$char_traits@D@std@@V?$allocator@D@2@@std@@_KU?$less@V?$basic_string@DU?$char_traits@D@std@@V?$allocator@D@2@@std@@@2@V?$allocator@U?$pair@$$CBV?$basic_string@DU?$char_traits@D@std@@V?$allocator@D@2@@std@@_K@std@@@2@@2@U?$less@V?$basic_string@DU?$char_traits@D@std@@V?$allocator@D@2@@std@@@2@V?$allocator@U?$pair@$$CBV?$basic_string@DU?$char_traits@D@std@@V?$allocator@D@2@@std@@V?$map@V?$basic_string@DU?$char_traits@D@std@@V?$allocator@D@2@@std@@_KU?$less@V?$basic_string@DU?$char_traits@D@std@@V?$allocator@D@2@@std@@@2@V?$allocator@U?$pair@$$CBV?$basic_string@DU?$char_traits@D@std@@V?$allocator@D@2@@std@@_K@std@@@2@@2@@std@@@2@$0A@@std@@@2@PAU342@@Z 100082b0 f i expression.obj
 0001:000072d0       ?_Dec@const_iterator@?$_Tree@V?$_Tmap_traits@V?$basic_string@DU?$char_traits@D@std@@V?$allocator@D@2@@std@@V?$map@V?$basic_string@DU?$char_traits@D@std@@V?$allocator@D@2@@std@@_KU?$less@V?$basic_string@DU?$char_traits@D@std@@V?$allocator@D@2@@std@@@2@V?$allocator@U?$pair@$$CBV?$basic_string@DU?$char_traits@D@std@@V?$allocator@D@2@@std@@_K@std@@@2@@2@U?$less@V?$basic_string@DU?$char_traits@D@std@@V?$allocator@D@2@@std@@@2@V?$allocator@U?$pair@$$CBV?$basic_string@DU?$char_traits@D@std@@V?$allocator@D@2@@std@@V?$map@V?$basic_string@DU?$char_traits@D@std@@V?$allocator@D@2@@std@@_KU?$less@V?$basic_string@DU?$char_traits@D@std@@V?$allocator@D@2@@std@@@2@V?$allocator@U?$pair@$$CBV?$basic_string@DU?$char_traits@D@std@@V?$allocator@D@2@@std@@_K@std@@@2@@2@@std@@@2@$0A@@std@@@std@@QAEXXZ 100082d0 f i expression.obj
 0001:00007330       ?_Inc@const_iterator@?$_Tree@V?$_Tmap_traits@V?$basic_string@DU?$char_traits@D@std@@V?$allocator@D@2@@std@@V?$map@V?$basic_string@DU?$char_traits@D@std@@V?$allocator@D@2@@std@@_KU?$less@V?$basic_string@DU?$char_traits@D@std@@V?$allocator@D@2@@std@@@2@V?$allocator@U?$pair@$$CBV?$basic_string@DU?$char_traits@D@std@@V?$allocator@D@2@@std@@_K@std@@@2@@2@U?$less@V?$basic_string@DU?$char_traits@D@std@@V?$allocator@D@2@@std@@@2@V?$allocator@U?$pair@$$CBV?$basic_string@DU?$char_traits@D@std@@V?$allocator@D@2@@std@@V?$map@V?$basic_string@DU?$char_traits@D@std@@V?$allocator@D@2@@std@@_KU?$less@V?$basic_string@DU?$char_traits@D@std@@V?$allocator@D@2@@std@@@2@V?$allocator@U?$pair@$$CBV?$basic_string@DU?$char_traits@D@std@@V?$allocator@D@2@@std@@_K@std@@@2@@2@@std@@@2@$0A@@std@@@std@@QAEXXZ 10008330 f i expression.obj
 0001:00007390       ?_Dec@const_iterator@?$_Tree@V?$_Tmap_traits@V?$basic_string@DU?$char_traits@D@std@@V?$allocator@D@2@@std@@_KU?$less@V?$basic_string@DU?$char_traits@D@std@@V?$allocator@D@2@@std@@@2@V?$allocator@U?$pair@$$CBV?$basic_string@DU?$char_traits@D@std@@V?$allocator@D@2@@std@@_K@std@@@2@$0A@@std@@@std@@QAEXXZ 10008390 f i expression.obj
 0001:000073f0       ?_Inc@const_iterator@?$_Tree@V?$_Tmap_traits@V?$basic_string@DU?$char_traits@D@std@@V?$allocator@D@2@@std@@_KU?$less@V?$basic_string@DU?$char_traits@D@std@@V?$allocator@D@2@@std@@@2@V?$allocator@U?$pair@$$CBV?$basic_string@DU?$char_traits@D@std@@V?$allocator@D@2@@std@@_K@std@@@2@$0A@@std@@@std@@QAEXXZ 100083f0 f i expression.obj
 0001:00007450       ??$_Construct@V?$basic_string@DU?$char_traits@D@std@@V?$allocator@D@2@@std@@V12@@std@@YAXPAV?$basic_string@DU?$char_traits@D@std@@V?$allocator@D@2@@0@ABV10@@Z 10008450 f i expression.obj
 0001:000074a0       ??1_Node@?$_Tree_nod@V?$_Tmap_traits@V?$basic_string@DU?$char_traits@D@std@@V?$allocator@D@2@@std@@_KU?$less@V?$basic_string@DU?$char_traits@D@std@@V?$allocator@D@2@@std@@@2@V?$allocator@U?$pair@$$CBV?$basic_string@DU?$char_traits@D@std@@V?$allocator@D@2@@std@@_K@std@@@2@$0A@@std@@@std@@QAE@XZ 100084a0 f i expression.obj
 0001:000074a0       ??1_Node@?$_Tree_nod@V?$_Tmap_traits@HV?$basic_string@DU?$char_traits@D@std@@V?$allocator@D@2@@std@@U?$less@H@2@V?$allocator@U?$pair@$$CBHV?$basic_string@DU?$char_traits@D@std@@V?$allocator@D@2@@std@@@std@@@2@$0A@@std@@@std@@QAE@XZ 100084a0 f i SnmpOperate.obj
 0001:000074b0       ?_Lbound@?$_Tree@V?$_Tmap_traits@V?$basic_string@DU?$char_traits@D@std@@V?$allocator@D@2@@std@@_KU?$less@V?$basic_string@DU?$char_traits@D@std@@V?$allocator@D@2@@std@@@2@V?$allocator@U?$pair@$$CBV?$basic_string@DU?$char_traits@D@std@@V?$allocator@D@2@@std@@_K@std@@@2@$0A@@std@@@std@@IBEPAU_Node@?$_Tree_nod@V?$_Tmap_traits@V?$basic_string@DU?$char_traits@D@std@@V?$allocator@D@2@@std@@_KU?$less@V?$basic_string@DU?$char_traits@D@std@@V?$allocator@D@2@@std@@@2@V?$allocator@U?$pair@$$CBV?$basic_string@DU?$char_traits@D@std@@V?$allocator@D@2@@std@@_K@std@@@2@$0A@@std@@@2@ABV?$basic_string@DU?$char_traits@D@std@@V?$allocator@D@2@@2@@Z 100084b0 f i expression.obj
 0001:00007500       ?_Lbound@?$_Tree@V?$_Tmap_traits@V?$basic_string@DU?$char_traits@D@std@@V?$allocator@D@2@@std@@V?$map@V?$basic_string@DU?$char_traits@D@std@@V?$allocator@D@2@@std@@_KU?$less@V?$basic_string@DU?$char_traits@D@std@@V?$allocator@D@2@@std@@@2@V?$allocator@U?$pair@$$CBV?$basic_string@DU?$char_traits@D@std@@V?$allocator@D@2@@std@@_K@std@@@2@@2@U?$less@V?$basic_string@DU?$char_traits@D@std@@V?$allocator@D@2@@std@@@2@V?$allocator@U?$pair@$$CBV?$basic_string@DU?$char_traits@D@std@@V?$allocator@D@2@@std@@V?$map@V?$basic_string@DU?$char_traits@D@std@@V?$allocator@D@2@@std@@_KU?$less@V?$basic_string@DU?$char_traits@D@std@@V?$allocator@D@2@@std@@@2@V?$allocator@U?$pair@$$CBV?$basic_string@DU?$char_traits@D@std@@V?$allocator@D@2@@std@@_K@std@@@2@@2@@std@@@2@$0A@@std@@@std@@IBEPAU_Node@?$_Tree_nod@V?$_Tmap_traits@V?$basic_string@DU?$char_traits@D@std@@V?$allocator@D@2@@std@@V?$map@V?$basic_string@DU?$char_traits@D@std@@V?$allocator@D@2@@std@@_KU?$less@V?$basic_string@DU?$char_traits@D@std@@V?$allocator@D@2@@std@@@2@V?$allocator@U?$pair@$$CBV?$basic_string@DU?$char_traits@D@std@@V?$allocator@D@2@@std@@_K@std@@@2@@2@U?$less@V?$basic_string@DU?$char_traits@D@std@@V?$allocator@D@2@@std@@@2@V?$allocator@U?$pair@$$CBV?$basic_string@DU?$char_traits@D@std@@V?$allocator@D@2@@std@@V?$map@V?$basic_string@DU?$char_traits@D@std@@V?$allocator@D@2@@std@@_KU?$less@V?$basic_string@DU?$char_traits@D@std@@V?$allocator@D@2@@std@@@2@V?$allocator@U?$pair@$$CBV?$basic_string@DU?$char_traits@D@std@@V?$allocator@D@2@@std@@_K@std@@@2@@2@@std@@@2@$0A@@std@@@2@ABV?$basic_string@DU?$char_traits@D@std@@V?$allocator@D@2@@2@@Z 10008500 f i expression.obj
 0001:00007550       ?_Lrotate@?$_Tree@V?$_Tmap_traits@V?$basic_string@DU?$char_traits@D@std@@V?$allocator@D@2@@std@@V?$map@V?$basic_string@DU?$char_traits@D@std@@V?$allocator@D@2@@std@@_KU?$less@V?$basic_string@DU?$char_traits@D@std@@V?$allocator@D@2@@std@@@2@V?$allocator@U?$pair@$$CBV?$basic_string@DU?$char_traits@D@std@@V?$allocator@D@2@@std@@_K@std@@@2@@2@U?$less@V?$basic_string@DU?$char_traits@D@std@@V?$allocator@D@2@@std@@@2@V?$allocator@U?$pair@$$CBV?$basic_string@DU?$char_traits@D@std@@V?$allocator@D@2@@std@@V?$map@V?$basic_string@DU?$char_traits@D@std@@V?$allocator@D@2@@std@@_KU?$less@V?$basic_string@DU?$char_traits@D@std@@V?$allocator@D@2@@std@@@2@V?$allocator@U?$pair@$$CBV?$basic_string@DU?$char_traits@D@std@@V?$allocator@D@2@@std@@_K@std@@@2@@2@@std@@@2@$0A@@std@@@std@@IAEXPAU_Node@?$_Tree_nod@V?$_Tmap_traits@V?$basic_string@DU?$char_traits@D@std@@V?$allocator@D@2@@std@@V?$map@V?$basic_string@DU?$char_traits@D@std@@V?$allocator@D@2@@std@@_KU?$less@V?$basic_string@DU?$char_traits@D@std@@V?$allocator@D@2@@std@@@2@V?$allocator@U?$pair@$$CBV?$basic_string@DU?$char_traits@D@std@@V?$allocator@D@2@@std@@_K@std@@@2@@2@U?$less@V?$basic_string@DU?$char_traits@D@std@@V?$allocator@D@2@@std@@@2@V?$allocator@U?$pair@$$CBV?$basic_string@DU?$char_traits@D@std@@V?$allocator@D@2@@std@@V?$map@V?$basic_string@DU?$char_traits@D@std@@V?$allocator@D@2@@std@@_KU?$less@V?$basic_string@DU?$char_traits@D@std@@V?$allocator@D@2@@std@@@2@V?$allocator@U?$pair@$$CBV?$basic_string@DU?$char_traits@D@std@@V?$allocator@D@2@@std@@_K@std@@@2@@2@@std@@@2@$0A@@std@@@2@@Z 10008550 f i expression.obj
 0001:000075b0       ?_Tidy@?$deque@NV?$allocator@N@std@@@std@@IAEXXZ 100085b0 f i expression.obj
 0001:00007620       ?_Buynode@?$_Tree@V?$_Tmap_traits@V?$basic_string@DU?$char_traits@D@std@@V?$allocator@D@2@@std@@_KU?$less@V?$basic_string@DU?$char_traits@D@std@@V?$allocator@D@2@@std@@@2@V?$allocator@U?$pair@$$CBV?$basic_string@DU?$char_traits@D@std@@V?$allocator@D@2@@std@@_K@std@@@2@$0A@@std@@@std@@IAEPAU_Node@?$_Tree_nod@V?$_Tmap_traits@V?$basic_string@DU?$char_traits@D@std@@V?$allocator@D@2@@std@@_KU?$less@V?$basic_string@DU?$char_traits@D@std@@V?$allocator@D@2@@std@@@2@V?$allocator@U?$pair@$$CBV?$basic_string@DU?$char_traits@D@std@@V?$allocator@D@2@@std@@_K@std@@@2@$0A@@std@@@2@XZ 10008620 f i expression.obj
 0001:00007660       ?_Buynode@?$_Tree@V?$_Tmap_traits@V?$basic_string@DU?$char_traits@D@std@@V?$allocator@D@2@@std@@_KU?$less@V?$basic_string@DU?$char_traits@D@std@@V?$allocator@D@2@@std@@@2@V?$allocator@U?$pair@$$CBV?$basic_string@DU?$char_traits@D@std@@V?$allocator@D@2@@std@@_K@std@@@2@$0A@@std@@@std@@IAEPAU_Node@?$_Tree_nod@V?$_Tmap_traits@V?$basic_string@DU?$char_traits@D@std@@V?$allocator@D@2@@std@@_KU?$less@V?$basic_string@DU?$char_traits@D@std@@V?$allocator@D@2@@std@@@2@V?$allocator@U?$pair@$$CBV?$basic_string@DU?$char_traits@D@std@@V?$allocator@D@2@@std@@_K@std@@@2@$0A@@std@@@2@PAU342@00ABU?$pair@$$CBV?$basic_string@DU?$char_traits@D@std@@V?$allocator@D@2@@std@@_K@2@D@Z 10008660 f i expression.obj
 0001:00007710       ?_Buynode@?$_Tree@V?$_Tmap_traits@V?$basic_string@DU?$char_traits@D@std@@V?$allocator@D@2@@std@@V?$map@V?$basic_string@DU?$char_traits@D@std@@V?$allocator@D@2@@std@@_KU?$less@V?$basic_string@DU?$char_traits@D@std@@V?$allocator@D@2@@std@@@2@V?$allocator@U?$pair@$$CBV?$basic_string@DU?$char_traits@D@std@@V?$allocator@D@2@@std@@_K@std@@@2@@2@U?$less@V?$basic_string@DU?$char_traits@D@std@@V?$allocator@D@2@@std@@@2@V?$allocator@U?$pair@$$CBV?$basic_string@DU?$char_traits@D@std@@V?$allocator@D@2@@std@@V?$map@V?$basic_string@DU?$char_traits@D@std@@V?$allocator@D@2@@std@@_KU?$less@V?$basic_string@DU?$char_traits@D@std@@V?$allocator@D@2@@std@@@2@V?$allocator@U?$pair@$$CBV?$basic_string@DU?$char_traits@D@std@@V?$allocator@D@2@@std@@_K@std@@@2@@2@@std@@@2@$0A@@std@@@std@@IAEPAU_Node@?$_Tree_nod@V?$_Tmap_traits@V?$basic_string@DU?$char_traits@D@std@@V?$allocator@D@2@@std@@V?$map@V?$basic_string@DU?$char_traits@D@std@@V?$allocator@D@2@@std@@_KU?$less@V?$basic_string@DU?$char_traits@D@std@@V?$allocator@D@2@@std@@@2@V?$allocator@U?$pair@$$CBV?$basic_string@DU?$char_traits@D@std@@V?$allocator@D@2@@std@@_K@std@@@2@@2@U?$less@V?$basic_string@DU?$char_traits@D@std@@V?$allocator@D@2@@std@@@2@V?$allocator@U?$pair@$$CBV?$basic_string@DU?$char_traits@D@std@@V?$allocator@D@2@@std@@V?$map@V?$basic_string@DU?$char_traits@D@std@@V?$allocator@D@2@@std@@_KU?$less@V?$basic_string@DU?$char_traits@D@std@@V?$allocator@D@2@@std@@@2@V?$allocator@U?$pair@$$CBV?$basic_string@DU?$char_traits@D@std@@V?$allocator@D@2@@std@@_K@std@@@2@@2@@std@@@2@$0A@@std@@@2@XZ 10008710 f i expression.obj
 0001:00007750       ?find@?$_Tree@V?$_Tmap_traits@V?$basic_string@DU?$char_traits@D@std@@V?$allocator@D@2@@std@@_KU?$less@V?$basic_string@DU?$char_traits@D@std@@V?$allocator@D@2@@std@@@2@V?$allocator@U?$pair@$$CBV?$basic_string@DU?$char_traits@D@std@@V?$allocator@D@2@@std@@_K@std@@@2@$0A@@std@@@std@@QAE?AViterator@12@ABV?$basic_string@DU?$char_traits@D@std@@V?$allocator@D@2@@2@@Z 10008750 f i expression.obj
 0001:000077b0       ?find@?$_Tree@V?$_Tmap_traits@V?$basic_string@DU?$char_traits@D@std@@V?$allocator@D@2@@std@@V?$map@V?$basic_string@DU?$char_traits@D@std@@V?$allocator@D@2@@std@@_KU?$less@V?$basic_string@DU?$char_traits@D@std@@V?$allocator@D@2@@std@@@2@V?$allocator@U?$pair@$$CBV?$basic_string@DU?$char_traits@D@std@@V?$allocator@D@2@@std@@_K@std@@@2@@2@U?$less@V?$basic_string@DU?$char_traits@D@std@@V?$allocator@D@2@@std@@@2@V?$allocator@U?$pair@$$CBV?$basic_string@DU?$char_traits@D@std@@V?$allocator@D@2@@std@@V?$map@V?$basic_string@DU?$char_traits@D@std@@V?$allocator@D@2@@std@@_KU?$less@V?$basic_string@DU?$char_traits@D@std@@V?$allocator@D@2@@std@@@2@V?$allocator@U?$pair@$$CBV?$basic_string@DU?$char_traits@D@std@@V?$allocator@D@2@@std@@_K@std@@@2@@2@@std@@@2@$0A@@std@@@std@@QAE?AViterator@12@ABV?$basic_string@DU?$char_traits@D@std@@V?$allocator@D@2@@2@@Z 100087b0 f i expression.obj
 0001:00007810       ?_Tidy@?$deque@V?$basic_string@DU?$char_traits@D@std@@V?$allocator@D@2@@std@@V?$allocator@V?$basic_string@DU?$char_traits@D@std@@V?$allocator@D@2@@std@@@2@@std@@IAEXXZ 10008810 f i expression.obj
 0001:00007890       ?_Insert@?$_Tree@V?$_Tmap_traits@V?$basic_string@DU?$char_traits@D@std@@V?$allocator@D@2@@std@@_KU?$less@V?$basic_string@DU?$char_traits@D@std@@V?$allocator@D@2@@std@@@2@V?$allocator@U?$pair@$$CBV?$basic_string@DU?$char_traits@D@std@@V?$allocator@D@2@@std@@_K@std@@@2@$0A@@std@@@std@@IAE?AViterator@12@_NPAU_Node@?$_Tree_nod@V?$_Tmap_traits@V?$basic_string@DU?$char_traits@D@std@@V?$allocator@D@2@@std@@_KU?$less@V?$basic_string@DU?$char_traits@D@std@@V?$allocator@D@2@@std@@@2@V?$allocator@U?$pair@$$CBV?$basic_string@DU?$char_traits@D@std@@V?$allocator@D@2@@std@@_K@std@@@2@$0A@@std@@@2@ABU?$pair@$$CBV?$basic_string@DU?$char_traits@D@std@@V?$allocator@D@2@@std@@_K@2@@Z 10008890 f i expression.obj
 0001:00007a50       ?_Growmap@?$deque@V?$basic_string@DU?$char_traits@D@std@@V?$allocator@D@2@@std@@V?$allocator@V?$basic_string@DU?$char_traits@D@std@@V?$allocator@D@2@@std@@@2@@std@@IAEXI@Z 10008a50 f i expression.obj
 0001:00007ba0       ?_Growmap@?$deque@NV?$allocator@N@std@@@std@@IAEXI@Z 10008ba0 f i expression.obj
 0001:00007d00       ??1?$stack@NV?$deque@NV?$allocator@N@std@@@std@@@std@@QAE@XZ 10008d00 f i expression.obj
 0001:00007d10       ?GetOidValue@CSVExpression@@AAE_KABV?$basic_string@DU?$char_traits@D@std@@V?$allocator@D@2@@std@@@Z 10008d10 f   expression.obj
 0001:00007eb0       ?push_back@?$deque@V?$basic_string@DU?$char_traits@D@std@@V?$allocator@D@2@@std@@V?$allocator@V?$basic_string@DU?$char_traits@D@std@@V?$allocator@D@2@@std@@@2@@std@@QAEXABV?$basic_string@DU?$char_traits@D@std@@V?$allocator@D@2@@2@@Z 10008eb0 f i expression.obj
 0001:00007f20       ?push_back@?$deque@NV?$allocator@N@std@@@std@@QAEXABN@Z 10008f20 f i expression.obj
 0001:00007fa0       ?insert@?$_Tree@V?$_Tmap_traits@V?$basic_string@DU?$char_traits@D@std@@V?$allocator@D@2@@std@@_KU?$less@V?$basic_string@DU?$char_traits@D@std@@V?$allocator@D@2@@std@@@2@V?$allocator@U?$pair@$$CBV?$basic_string@DU?$char_traits@D@std@@V?$allocator@D@2@@std@@_K@std@@@2@$0A@@std@@@std@@QAE?AU?$pair@Viterator@?$_Tree@V?$_Tmap_traits@V?$basic_string@DU?$char_traits@D@std@@V?$allocator@D@2@@std@@_KU?$less@V?$basic_string@DU?$char_traits@D@std@@V?$allocator@D@2@@std@@@2@V?$allocator@U?$pair@$$CBV?$basic_string@DU?$char_traits@D@std@@V?$allocator@D@2@@std@@_K@std@@@2@$0A@@std@@@std@@_N@2@ABU?$pair@$$CBV?$basic_string@DU?$char_traits@D@std@@V?$allocator@D@2@@std@@_K@2@@Z 10008fa0 f i expression.obj
 0001:00008080       ?erase@?$_Tree@V?$_Tmap_traits@V?$basic_string@DU?$char_traits@D@std@@V?$allocator@D@2@@std@@_KU?$less@V?$basic_string@DU?$char_traits@D@std@@V?$allocator@D@2@@std@@@2@V?$allocator@U?$pair@$$CBV?$basic_string@DU?$char_traits@D@std@@V?$allocator@D@2@@std@@_K@std@@@2@$0A@@std@@@std@@QAE?AViterator@12@V312@@Z 10009080 f i expression.obj
 0001:00008360       ?_Erase@?$_Tree@V?$_Tmap_traits@V?$basic_string@DU?$char_traits@D@std@@V?$allocator@D@2@@std@@_KU?$less@V?$basic_string@DU?$char_traits@D@std@@V?$allocator@D@2@@std@@@2@V?$allocator@U?$pair@$$CBV?$basic_string@DU?$char_traits@D@std@@V?$allocator@D@2@@std@@_K@std@@@2@$0A@@std@@@std@@IAEXPAU_Node@?$_Tree_nod@V?$_Tmap_traits@V?$basic_string@DU?$char_traits@D@std@@V?$allocator@D@2@@std@@_KU?$less@V?$basic_string@DU?$char_traits@D@std@@V?$allocator@D@2@@std@@@2@V?$allocator@U?$pair@$$CBV?$basic_string@DU?$char_traits@D@std@@V?$allocator@D@2@@std@@_K@std@@@2@$0A@@std@@@2@@Z 10009360 f i expression.obj
 0001:000083a0       ??1?$stack@V?$basic_string@DU?$char_traits@D@std@@V?$allocator@D@2@@std@@V?$deque@V?$basic_string@DU?$char_traits@D@std@@V?$allocator@D@2@@std@@V?$allocator@V?$basic_string@DU?$char_traits@D@std@@V?$allocator@D@2@@std@@@2@@2@@std@@QAE@XZ 100093a0 f i expression.obj
 0001:000083b0       ?insert@?$_Tree@V?$_Tmap_traits@V?$basic_string@DU?$char_traits@D@std@@V?$allocator@D@2@@std@@_KU?$less@V?$basic_string@DU?$char_traits@D@std@@V?$allocator@D@2@@std@@@2@V?$allocator@U?$pair@$$CBV?$basic_string@DU?$char_traits@D@std@@V?$allocator@D@2@@std@@_K@std@@@2@$0A@@std@@@std@@QAE?AViterator@12@V312@ABU?$pair@$$CBV?$basic_string@DU?$char_traits@D@std@@V?$allocator@D@2@@std@@_K@2@@Z 100093b0 f i expression.obj
 0001:00008570       ?_Copy@?$_Tree@V?$_Tmap_traits@V?$basic_string@DU?$char_traits@D@std@@V?$allocator@D@2@@std@@_KU?$less@V?$basic_string@DU?$char_traits@D@std@@V?$allocator@D@2@@std@@@2@V?$allocator@U?$pair@$$CBV?$basic_string@DU?$char_traits@D@std@@V?$allocator@D@2@@std@@_K@std@@@2@$0A@@std@@@std@@IAEPAU_Node@?$_Tree_nod@V?$_Tmap_traits@V?$basic_string@DU?$char_traits@D@std@@V?$allocator@D@2@@std@@_KU?$less@V?$basic_string@DU?$char_traits@D@std@@V?$allocator@D@2@@std@@@2@V?$allocator@U?$pair@$$CBV?$basic_string@DU?$char_traits@D@std@@V?$allocator@D@2@@std@@_K@std@@@2@$0A@@std@@@2@PAU342@0@Z 10009570 f i expression.obj
 0001:00008620       ?toRPN@CSVExpression@@AAEHABV?$basic_string@DU?$char_traits@D@std@@V?$allocator@D@2@@std@@AAV23@@Z 10009620 f   expression.obj
 0001:00008de0       ?evaluateRPN@CSVExpression@@AAEHABV?$basic_string@DU?$char_traits@D@std@@V?$allocator@D@2@@std@@AAN@Z 10009de0 f   expression.obj
 0001:00009760       ??A?$map@V?$basic_string@DU?$char_traits@D@std@@V?$allocator@D@2@@std@@_KU?$less@V?$basic_string@DU?$char_traits@D@std@@V?$allocator@D@2@@std@@@2@V?$allocator@U?$pair@$$CBV?$basic_string@DU?$char_traits@D@std@@V?$allocator@D@2@@std@@_K@std@@@2@@std@@QAEAA_KABV?$basic_string@DU?$char_traits@D@std@@V?$allocator@D@2@@1@@Z 1000a760 f i expression.obj
 0001:00009800       ?erase@?$_Tree@V?$_Tmap_traits@V?$basic_string@DU?$char_traits@D@std@@V?$allocator@D@2@@std@@_KU?$less@V?$basic_string@DU?$char_traits@D@std@@V?$allocator@D@2@@std@@@2@V?$allocator@U?$pair@$$CBV?$basic_string@DU?$char_traits@D@std@@V?$allocator@D@2@@std@@_K@std@@@2@$0A@@std@@@std@@QAE?AViterator@12@V312@0@Z 1000a800 f i expression.obj
 0001:000098c0       ?_Copy@?$_Tree@V?$_Tmap_traits@V?$basic_string@DU?$char_traits@D@std@@V?$allocator@D@2@@std@@_KU?$less@V?$basic_string@DU?$char_traits@D@std@@V?$allocator@D@2@@std@@@2@V?$allocator@U?$pair@$$CBV?$basic_string@DU?$char_traits@D@std@@V?$allocator@D@2@@std@@_K@std@@@2@$0A@@std@@@std@@IAEXABV12@@Z 1000a8c0 f i expression.obj
 0001:00009950       ??0?$_Tree@V?$_Tmap_traits@V?$basic_string@DU?$char_traits@D@std@@V?$allocator@D@2@@std@@_KU?$less@V?$basic_string@DU?$char_traits@D@std@@V?$allocator@D@2@@std@@@2@V?$allocator@U?$pair@$$CBV?$basic_string@DU?$char_traits@D@std@@V?$allocator@D@2@@std@@_K@std@@@2@$0A@@std@@@std@@QAE@ABV01@@Z 1000a950 f i expression.obj
 0001:000099e0       ?calculateDouble@CSVExpression@@QAEHABV?$basic_string@DU?$char_traits@D@std@@V?$allocator@D@2@@std@@AAN@Z 1000a9e0 f   expression.obj
 0001:00009a80       ??1?$map@V?$basic_string@DU?$char_traits@D@std@@V?$allocator@D@2@@std@@_KU?$less@V?$basic_string@DU?$char_traits@D@std@@V?$allocator@D@2@@std@@@2@V?$allocator@U?$pair@$$CBV?$basic_string@DU?$char_traits@D@std@@V?$allocator@D@2@@std@@_K@std@@@2@@std@@QAE@XZ 1000aa80 f i expression.obj
 0001:00009a80       ?_Tidy@?$_Tree@V?$_Tmap_traits@V?$basic_string@DU?$char_traits@D@std@@V?$allocator@D@2@@std@@_KU?$less@V?$basic_string@DU?$char_traits@D@std@@V?$allocator@D@2@@std@@@2@V?$allocator@U?$pair@$$CBV?$basic_string@DU?$char_traits@D@std@@V?$allocator@D@2@@std@@_K@std@@@2@$0A@@std@@@std@@IAEXXZ 1000aa80 f i expression.obj
 0001:00009ab0       ??1?$pair@$$CBV?$basic_string@DU?$char_traits@D@std@@V?$allocator@D@2@@std@@V?$map@V?$basic_string@DU?$char_traits@D@std@@V?$allocator@D@2@@std@@_KU?$less@V?$basic_string@DU?$char_traits@D@std@@V?$allocator@D@2@@std@@@2@V?$allocator@U?$pair@$$CBV?$basic_string@DU?$char_traits@D@std@@V?$allocator@D@2@@std@@_K@std@@@2@@2@@std@@QAE@XZ 1000aab0 f i expression.obj
 0001:00009b30       ??0?$pair@$$CBV?$basic_string@DU?$char_traits@D@std@@V?$allocator@D@2@@std@@V?$map@V?$basic_string@DU?$char_traits@D@std@@V?$allocator@D@2@@std@@_KU?$less@V?$basic_string@DU?$char_traits@D@std@@V?$allocator@D@2@@std@@@2@V?$allocator@U?$pair@$$CBV?$basic_string@DU?$char_traits@D@std@@V?$allocator@D@2@@std@@_K@std@@@2@@2@@std@@QAE@ABV?$basic_string@DU?$char_traits@D@std@@V?$allocator@D@2@@1@ABV?$map@V?$basic_string@DU?$char_traits@D@std@@V?$allocator@D@2@@std@@_KU?$less@V?$basic_string@DU?$char_traits@D@std@@V?$allocator@D@2@@std@@@2@V?$allocator@U?$pair@$$CBV?$basic_string@DU?$char_traits@D@std@@V?$allocator@D@2@@std@@_K@std@@@2@@1@@Z 1000ab30 f i expression.obj
 0001:00009b90       ??0?$pair@$$CBV?$basic_string@DU?$char_traits@D@std@@V?$allocator@D@2@@std@@V?$map@V?$basic_string@DU?$char_traits@D@std@@V?$allocator@D@2@@std@@_KU?$less@V?$basic_string@DU?$char_traits@D@std@@V?$allocator@D@2@@std@@@2@V?$allocator@U?$pair@$$CBV?$basic_string@DU?$char_traits@D@std@@V?$allocator@D@2@@std@@_K@std@@@2@@2@@std@@QAE@ABU01@@Z 1000ab90 f i expression.obj
 0001:00009bf0       ??1_Node@?$_Tree_nod@V?$_Tmap_traits@V?$basic_string@DU?$char_traits@D@std@@V?$allocator@D@2@@std@@V?$map@V?$basic_string@DU?$char_traits@D@std@@V?$allocator@D@2@@std@@_KU?$less@V?$basic_string@DU?$char_traits@D@std@@V?$allocator@D@2@@std@@@2@V?$allocator@U?$pair@$$CBV?$basic_string@DU?$char_traits@D@std@@V?$allocator@D@2@@std@@_K@std@@@2@@2@U?$less@V?$basic_string@DU?$char_traits@D@std@@V?$allocator@D@2@@std@@@2@V?$allocator@U?$pair@$$CBV?$basic_string@DU?$char_traits@D@std@@V?$allocator@D@2@@std@@V?$map@V?$basic_string@DU?$char_traits@D@std@@V?$allocator@D@2@@std@@_KU?$less@V?$basic_string@DU?$char_traits@D@std@@V?$allocator@D@2@@std@@@2@V?$allocator@U?$pair@$$CBV?$basic_string@DU?$char_traits@D@std@@V?$allocator@D@2@@std@@_K@std@@@2@@2@@std@@@2@$0A@@std@@@std@@QAE@XZ 1000abf0 f i expression.obj
 0001:00009c00       ?_Buynode@?$_Tree@V?$_Tmap_traits@V?$basic_string@DU?$char_traits@D@std@@V?$allocator@D@2@@std@@V?$map@V?$basic_string@DU?$char_traits@D@std@@V?$allocator@D@2@@std@@_KU?$less@V?$basic_string@DU?$char_traits@D@std@@V?$allocator@D@2@@std@@@2@V?$allocator@U?$pair@$$CBV?$basic_string@DU?$char_traits@D@std@@V?$allocator@D@2@@std@@_K@std@@@2@@2@U?$less@V?$basic_string@DU?$char_traits@D@std@@V?$allocator@D@2@@std@@@2@V?$allocator@U?$pair@$$CBV?$basic_string@DU?$char_traits@D@std@@V?$allocator@D@2@@std@@V?$map@V?$basic_string@DU?$char_traits@D@std@@V?$allocator@D@2@@std@@_KU?$less@V?$basic_string@DU?$char_traits@D@std@@V?$allocator@D@2@@std@@@2@V?$allocator@U?$pair@$$CBV?$basic_string@DU?$char_traits@D@std@@V?$allocator@D@2@@std@@_K@std@@@2@@2@@std@@@2@$0A@@std@@@std@@IAEPAU_Node@?$_Tree_nod@V?$_Tmap_traits@V?$basic_string@DU?$char_traits@D@std@@V?$allocator@D@2@@std@@V?$map@V?$basic_string@DU?$char_traits@D@std@@V?$allocator@D@2@@std@@_KU?$less@V?$basic_string@DU?$char_traits@D@std@@V?$allocator@D@2@@std@@@2@V?$allocator@U?$pair@$$CBV?$basic_string@DU?$char_traits@D@std@@V?$allocator@D@2@@std@@_K@std@@@2@@2@U?$less@V?$basic_string@DU?$char_traits@D@std@@V?$allocator@D@2@@std@@@2@V?$allocator@U?$pair@$$CBV?$basic_string@DU?$char_traits@D@std@@V?$allocator@D@2@@std@@V?$map@V?$basic_string@DU?$char_traits@D@std@@V?$allocator@D@2@@std@@_KU?$less@V?$basic_string@DU?$char_traits@D@std@@V?$allocator@D@2@@std@@@2@V?$allocator@U?$pair@$$CBV?$basic_string@DU?$char_traits@D@std@@V?$allocator@D@2@@std@@_K@std@@@2@@2@@std@@@2@$0A@@std@@@2@PAU342@00ABU?$pair@$$CBV?$basic_string@DU?$char_traits@D@std@@V?$allocator@D@2@@std@@V?$map@V?$basic_string@DU?$char_traits@D@std@@V?$allocator@D@2@@std@@_KU?$less@V?$basic_string@DU?$char_traits@D@std@@V?$allocator@D@2@@std@@@2@V?$allocator@U?$pair@$$CBV?$basic_string@DU?$char_traits@D@std@@V?$allocator@D@2@@std@@_K@std@@@2@@2@@2@D@Z 1000ac00 f i expression.obj
 0001:00009ca0       ?_Insert@?$_Tree@V?$_Tmap_traits@V?$basic_string@DU?$char_traits@D@std@@V?$allocator@D@2@@std@@V?$map@V?$basic_string@DU?$char_traits@D@std@@V?$allocator@D@2@@std@@_KU?$less@V?$basic_string@DU?$char_traits@D@std@@V?$allocator@D@2@@std@@@2@V?$allocator@U?$pair@$$CBV?$basic_string@DU?$char_traits@D@std@@V?$allocator@D@2@@std@@_K@std@@@2@@2@U?$less@V?$basic_string@DU?$char_traits@D@std@@V?$allocator@D@2@@std@@@2@V?$allocator@U?$pair@$$CBV?$basic_string@DU?$char_traits@D@std@@V?$allocator@D@2@@std@@V?$map@V?$basic_string@DU?$char_traits@D@std@@V?$allocator@D@2@@std@@_KU?$less@V?$basic_string@DU?$char_traits@D@std@@V?$allocator@D@2@@std@@@2@V?$allocator@U?$pair@$$CBV?$basic_string@DU?$char_traits@D@std@@V?$allocator@D@2@@std@@_K@std@@@2@@2@@std@@@2@$0A@@std@@@std@@IAE?AViterator@12@_NPAU_Node@?$_Tree_nod@V?$_Tmap_traits@V?$basic_string@DU?$char_traits@D@std@@V?$allocator@D@2@@std@@V?$map@V?$basic_string@DU?$char_traits@D@std@@V?$allocator@D@2@@std@@_KU?$less@V?$basic_string@DU?$char_traits@D@std@@V?$allocator@D@2@@std@@@2@V?$allocator@U?$pair@$$CBV?$basic_string@DU?$char_traits@D@std@@V?$allocator@D@2@@std@@_K@std@@@2@@2@U?$less@V?$basic_string@DU?$char_traits@D@std@@V?$allocator@D@2@@std@@@2@V?$allocator@U?$pair@$$CBV?$basic_string@DU?$char_traits@D@std@@V?$allocator@D@2@@std@@V?$map@V?$basic_string@DU?$char_traits@D@std@@V?$allocator@D@2@@std@@_KU?$less@V?$basic_string@DU?$char_traits@D@std@@V?$allocator@D@2@@std@@@2@V?$allocator@U?$pair@$$CBV?$basic_string@DU?$char_traits@D@std@@V?$allocator@D@2@@std@@_K@std@@@2@@2@@std@@@2@$0A@@std@@@2@ABU?$pair@$$CBV?$basic_string@DU?$char_traits@D@std@@V?$allocator@D@2@@std@@V?$map@V?$basic_string@DU?$char_traits@D@std@@V?$allocator@D@2@@std@@_KU?$less@V?$basic_string@DU?$char_traits@D@std@@V?$allocator@D@2@@std@@@2@V?$allocator@U?$pair@$$CBV?$basic_string@DU?$char_traits@D@std@@V?$allocator@D@2@@std@@_K@std@@@2@@2@@2@@Z 1000aca0 f i expression.obj
 0001:00009e60       ?insert@?$_Tree@V?$_Tmap_traits@V?$basic_string@DU?$char_traits@D@std@@V?$allocator@D@2@@std@@V?$map@V?$basic_string@DU?$char_traits@D@std@@V?$allocator@D@2@@std@@_KU?$less@V?$basic_string@DU?$char_traits@D@std@@V?$allocator@D@2@@std@@@2@V?$allocator@U?$pair@$$CBV?$basic_string@DU?$char_traits@D@std@@V?$allocator@D@2@@std@@_K@std@@@2@@2@U?$less@V?$basic_string@DU?$char_traits@D@std@@V?$allocator@D@2@@std@@@2@V?$allocator@U?$pair@$$CBV?$basic_string@DU?$char_traits@D@std@@V?$allocator@D@2@@std@@V?$map@V?$basic_string@DU?$char_traits@D@std@@V?$allocator@D@2@@std@@_KU?$less@V?$basic_string@DU?$char_traits@D@std@@V?$allocator@D@2@@std@@@2@V?$allocator@U?$pair@$$CBV?$basic_string@DU?$char_traits@D@std@@V?$allocator@D@2@@std@@_K@std@@@2@@2@@std@@@2@$0A@@std@@@std@@QAE?AU?$pair@Viterator@?$_Tree@V?$_Tmap_traits@V?$basic_string@DU?$char_traits@D@std@@V?$allocator@D@2@@std@@V?$map@V?$basic_string@DU?$char_traits@D@std@@V?$allocator@D@2@@std@@_KU?$less@V?$basic_string@DU?$char_traits@D@std@@V?$allocator@D@2@@std@@@2@V?$allocator@U?$pair@$$CBV?$basic_string@DU?$char_traits@D@std@@V?$allocator@D@2@@std@@_K@std@@@2@@2@U?$less@V?$basic_string@DU?$char_traits@D@std@@V?$allocator@D@2@@std@@@2@V?$allocator@U?$pair@$$CBV?$basic_string@DU?$char_traits@D@std@@V?$allocator@D@2@@std@@V?$map@V?$basic_string@DU?$char_traits@D@std@@V?$allocator@D@2@@std@@_KU?$less@V?$basic_string@DU?$char_traits@D@std@@V?$allocator@D@2@@std@@@2@V?$allocator@U?$pair@$$CBV?$basic_string@DU?$char_traits@D@std@@V?$allocator@D@2@@std@@_K@std@@@2@@2@@std@@@2@$0A@@std@@@std@@_N@2@ABU?$pair@$$CBV?$basic_string@DU?$char_traits@D@std@@V?$allocator@D@2@@std@@V?$map@V?$basic_string@DU?$char_traits@D@std@@V?$allocator@D@2@@std@@_KU?$less@V?$basic_string@DU?$char_traits@D@std@@V?$allocator@D@2@@std@@@2@V?$allocator@U?$pair@$$CBV?$basic_string@DU?$char_traits@D@std@@V?$allocator@D@2@@std@@_K@std@@@2@@2@@2@@Z 1000ae60 f i expression.obj
 0001:00009f40       ?erase@?$_Tree@V?$_Tmap_traits@V?$basic_string@DU?$char_traits@D@std@@V?$allocator@D@2@@std@@V?$map@V?$basic_string@DU?$char_traits@D@std@@V?$allocator@D@2@@std@@_KU?$less@V?$basic_string@DU?$char_traits@D@std@@V?$allocator@D@2@@std@@@2@V?$allocator@U?$pair@$$CBV?$basic_string@DU?$char_traits@D@std@@V?$allocator@D@2@@std@@_K@std@@@2@@2@U?$less@V?$basic_string@DU?$char_traits@D@std@@V?$allocator@D@2@@std@@@2@V?$allocator@U?$pair@$$CBV?$basic_string@DU?$char_traits@D@std@@V?$allocator@D@2@@std@@V?$map@V?$basic_string@DU?$char_traits@D@std@@V?$allocator@D@2@@std@@_KU?$less@V?$basic_string@DU?$char_traits@D@std@@V?$allocator@D@2@@std@@@2@V?$allocator@U?$pair@$$CBV?$basic_string@DU?$char_traits@D@std@@V?$allocator@D@2@@std@@_K@std@@@2@@2@@std@@@2@$0A@@std@@@std@@QAE?AViterator@12@V312@@Z 1000af40 f i expression.obj
 0001:0000a220       ?_Erase@?$_Tree@V?$_Tmap_traits@V?$basic_string@DU?$char_traits@D@std@@V?$allocator@D@2@@std@@V?$map@V?$basic_string@DU?$char_traits@D@std@@V?$allocator@D@2@@std@@_KU?$less@V?$basic_string@DU?$char_traits@D@std@@V?$allocator@D@2@@std@@@2@V?$allocator@U?$pair@$$CBV?$basic_string@DU?$char_traits@D@std@@V?$allocator@D@2@@std@@_K@std@@@2@@2@U?$less@V?$basic_string@DU?$char_traits@D@std@@V?$allocator@D@2@@std@@@2@V?$allocator@U?$pair@$$CBV?$basic_string@DU?$char_traits@D@std@@V?$allocator@D@2@@std@@V?$map@V?$basic_string@DU?$char_traits@D@std@@V?$allocator@D@2@@std@@_KU?$less@V?$basic_string@DU?$char_traits@D@std@@V?$allocator@D@2@@std@@@2@V?$allocator@U?$pair@$$CBV?$basic_string@DU?$char_traits@D@std@@V?$allocator@D@2@@std@@_K@std@@@2@@2@@std@@@2@$0A@@std@@@std@@IAEXPAU_Node@?$_Tree_nod@V?$_Tmap_traits@V?$basic_string@DU?$char_traits@D@std@@V?$allocator@D@2@@std@@V?$map@V?$basic_string@DU?$char_traits@D@std@@V?$allocator@D@2@@std@@_KU?$less@V?$basic_string@DU?$char_traits@D@std@@V?$allocator@D@2@@std@@@2@V?$allocator@U?$pair@$$CBV?$basic_string@DU?$char_traits@D@std@@V?$allocator@D@2@@std@@_K@std@@@2@@2@U?$less@V?$basic_string@DU?$char_traits@D@std@@V?$allocator@D@2@@std@@@2@V?$allocator@U?$pair@$$CBV?$basic_string@DU?$char_traits@D@std@@V?$allocator@D@2@@std@@V?$map@V?$basic_string@DU?$char_traits@D@std@@V?$allocator@D@2@@std@@_KU?$less@V?$basic_string@DU?$char_traits@D@std@@V?$allocator@D@2@@std@@@2@V?$allocator@U?$pair@$$CBV?$basic_string@DU?$char_traits@D@std@@V?$allocator@D@2@@std@@_K@std@@@2@@2@@std@@@2@$0A@@std@@@2@@Z 1000b220 f i expression.obj
 0001:0000a260       ?insert@?$_Tree@V?$_Tmap_traits@V?$basic_string@DU?$char_traits@D@std@@V?$allocator@D@2@@std@@V?$map@V?$basic_string@DU?$char_traits@D@std@@V?$allocator@D@2@@std@@_KU?$less@V?$basic_string@DU?$char_traits@D@std@@V?$allocator@D@2@@std@@@2@V?$allocator@U?$pair@$$CBV?$basic_string@DU?$char_traits@D@std@@V?$allocator@D@2@@std@@_K@std@@@2@@2@U?$less@V?$basic_string@DU?$char_traits@D@std@@V?$allocator@D@2@@std@@@2@V?$allocator@U?$pair@$$CBV?$basic_string@DU?$char_traits@D@std@@V?$allocator@D@2@@std@@V?$map@V?$basic_string@DU?$char_traits@D@std@@V?$allocator@D@2@@std@@_KU?$less@V?$basic_string@DU?$char_traits@D@std@@V?$allocator@D@2@@std@@@2@V?$allocator@U?$pair@$$CBV?$basic_string@DU?$char_traits@D@std@@V?$allocator@D@2@@std@@_K@std@@@2@@2@@std@@@2@$0A@@std@@@std@@QAE?AViterator@12@V312@ABU?$pair@$$CBV?$basic_string@DU?$char_traits@D@std@@V?$allocator@D@2@@std@@V?$map@V?$basic_string@DU?$char_traits@D@std@@V?$allocator@D@2@@std@@_KU?$less@V?$basic_string@DU?$char_traits@D@std@@V?$allocator@D@2@@std@@@2@V?$allocator@U?$pair@$$CBV?$basic_string@DU?$char_traits@D@std@@V?$allocator@D@2@@std@@_K@std@@@2@@2@@2@@Z 1000b260 f i expression.obj
 0001:0000a420       ??A?$map@V?$basic_string@DU?$char_traits@D@std@@V?$allocator@D@2@@std@@V?$map@V?$basic_string@DU?$char_traits@D@std@@V?$allocator@D@2@@std@@_KU?$less@V?$basic_string@DU?$char_traits@D@std@@V?$allocator@D@2@@std@@@2@V?$allocator@U?$pair@$$CBV?$basic_string@DU?$char_traits@D@std@@V?$allocator@D@2@@std@@_K@std@@@2@@2@U?$less@V?$basic_string@DU?$char_traits@D@std@@V?$allocator@D@2@@std@@@2@V?$allocator@U?$pair@$$CBV?$basic_string@DU?$char_traits@D@std@@V?$allocator@D@2@@std@@V?$map@V?$basic_string@DU?$char_traits@D@std@@V?$allocator@D@2@@std@@_KU?$less@V?$basic_string@DU?$char_traits@D@std@@V?$allocator@D@2@@std@@@2@V?$allocator@U?$pair@$$CBV?$basic_string@DU?$char_traits@D@std@@V?$allocator@D@2@@std@@_K@std@@@2@@2@@std@@@2@@std@@QAEAAV?$map@V?$basic_string@DU?$char_traits@D@std@@V?$allocator@D@2@@std@@_KU?$less@V?$basic_string@DU?$char_traits@D@std@@V?$allocator@D@2@@std@@@2@V?$allocator@U?$pair@$$CBV?$basic_string@DU?$char_traits@D@std@@V?$allocator@D@2@@std@@_K@std@@@2@@1@ABV?$basic_string@DU?$char_traits@D@std@@V?$allocator@D@2@@1@@Z 1000b420 f i expression.obj
 0001:0000a510       ?erase@?$_Tree@V?$_Tmap_traits@V?$basic_string@DU?$char_traits@D@std@@V?$allocator@D@2@@std@@V?$map@V?$basic_string@DU?$char_traits@D@std@@V?$allocator@D@2@@std@@_KU?$less@V?$basic_string@DU?$char_traits@D@std@@V?$allocator@D@2@@std@@@2@V?$allocator@U?$pair@$$CBV?$basic_string@DU?$char_traits@D@std@@V?$allocator@D@2@@std@@_K@std@@@2@@2@U?$less@V?$basic_string@DU?$char_traits@D@std@@V?$allocator@D@2@@std@@@2@V?$allocator@U?$pair@$$CBV?$basic_string@DU?$char_traits@D@std@@V?$allocator@D@2@@std@@V?$map@V?$basic_string@DU?$char_traits@D@std@@V?$allocator@D@2@@std@@_KU?$less@V?$basic_string@DU?$char_traits@D@std@@V?$allocator@D@2@@std@@@2@V?$allocator@U?$pair@$$CBV?$basic_string@DU?$char_traits@D@std@@V?$allocator@D@2@@std@@_K@std@@@2@@2@@std@@@2@$0A@@std@@@std@@QAE?AViterator@12@V312@0@Z 1000b510 f i expression.obj
 0001:0000a5d0       ?AddFields@CSVExpression@@QAEXABV?$basic_string@DU?$char_traits@D@std@@V?$allocator@D@2@@std@@0_K@Z 1000b5d0 f   expression.obj
 0001:0000a730       ??1CSVExpression@@QAE@XZ   1000b730 f   expression.obj
 0001:0000a760       ??0CSVExpression@@QAE@XZ   1000b760 f   expression.obj
 0001:0000a790       ??4SnmpSyntax@@UAEAAV0@ABV0@@Z 1000b790 f i snmplib.obj
 0001:0000a7a0       ??_GSnmpSyntax@@UAEPAXI@Z  1000b7a0 f i snmplib.obj
 0001:0000a7a0       ??_ESnmpSyntax@@UAEPAXI@Z  1000b7a0 f i snmplib.obj
 0001:0000a7c0       ?len@OctetStr@@QBEKXZ      1000b7c0 f i snmplib.obj
 0001:0000a7d0       ??1IpAddress@@UAE@XZ       1000b7d0 f i snmplib.obj
 0001:0000a7d0       ??1UdpAddress@@UAE@XZ      1000b7d0 f i snmplib.obj
 0001:0000a7d0       ??1SnmpSyntax@@UAE@XZ      1000b7d0 f i snmplib.obj
 0001:0000a7d0       ??1Address@@UAE@XZ         1000b7d0 f i snmplib.obj
 0001:0000a7e0       ??1GenAddress@@UAE@XZ      1000b7e0 f i snmplib.obj
 0001:0000a830       ?valid@Address@@UBE_NXZ    1000b830 f i snmplib.obj
 0001:0000a840       ?hashFunction@Address@@UBEIXZ 1000b840 f i snmplib.obj
 0001:0000a850       ?get_syntax@GenAddress@@UBEKXZ 1000b850 f i snmplib.obj
 0001:0000a870       ?get_asn1_length@GenAddress@@UBEHXZ 1000b870 f i snmplib.obj
 0001:0000a890       ?clone@GenAddress@@UBEPAVSnmpSyntax@@XZ 1000b890 f i snmplib.obj
 0001:0000a8f0       ?get_printable@GenAddress@@UBEPBDXZ 1000b8f0 f i snmplib.obj
 0001:0000a910       ??BGenAddress@@UBEPBDXZ    1000b910 f i snmplib.obj
 0001:0000a930       ?get_length@GenAddress@@UBEHXZ 1000b930 f i snmplib.obj
 0001:0000a950       ?clear@GenAddress@@UAEXXZ  1000b950 f i snmplib.obj
 0001:0000a960       ?get_type@GenAddress@@UBE?AW4addr_type@Address@@XZ 1000b960 f i snmplib.obj
 0001:0000a980       ?parse_address@GenAddress@@MAE_NPBD@Z 1000b980 f i snmplib.obj
 0001:0000a990       ?is_gen_address@GenAddress@@MBE_NXZ 1000b990 f i snmplib.obj
 0001:0000a9a0       ??_GGenAddress@@UAEPAXI@Z  1000b9a0 f i snmplib.obj
 0001:0000a9a0       ??_EGenAddress@@UAEPAXI@Z  1000b9a0 f i snmplib.obj
 0001:0000a9c0       ??0Vb@@QAE@XZ              1000b9c0 f i snmplib.obj
 0001:0000a9e0       ??1Vb@@QAE@XZ              1000b9e0 f i snmplib.obj
 0001:0000aa30       ?set_oid@Vb@@QAEXABVOid@@@Z 1000ba30 f i snmplib.obj
 0001:0000aa40       ?get_oid@Vb@@QBEXAAVOid@@@Z 1000ba40 f i snmplib.obj
 0001:0000aa50       ?get_printable_oid@Vb@@QBEPBDXZ 1000ba50 f i snmplib.obj
 0001:0000aa60       ??1SnmpTarget@@UAE@XZ      1000ba60 f i snmplib.obj
 0001:0000aa70       ?set_retry@SnmpTarget@@QAEXH@Z 1000ba70 f i snmplib.obj
 0001:0000aa80       ?set_timeout@SnmpTarget@@QAEXK@Z 1000ba80 f i snmplib.obj
 0001:0000aa90       ?set_version@SnmpTarget@@QAEXW4snmp_version@@@Z 1000ba90 f i snmplib.obj
 0001:0000aaa0       ??_ESnmpTarget@@UAEPAXI@Z  1000baa0 f i snmplib.obj
 0001:0000aaa0       ??_GSnmpTarget@@UAEPAXI@Z  1000baa0 f i snmplib.obj
 0001:0000aac0       ??1CTarget@@UAE@XZ         1000bac0 f i snmplib.obj
 0001:0000ab30       ?clone@CTarget@@UBEPAVSnmpTarget@@XZ 1000bb30 f i snmplib.obj
 0001:0000ab90       ??_GCTarget@@UAEPAXI@Z     1000bb90 f i snmplib.obj
 0001:0000ab90       ??_ECTarget@@UAEPAXI@Z     1000bb90 f i snmplib.obj
 0001:0000abb0       ??1UTarget@@UAE@XZ         1000bbb0 f i snmplib.obj
 0001:0000ac20       ?clone@UTarget@@UBEPAVSnmpTarget@@XZ 1000bc20 f i snmplib.obj
 0001:0000ac80       ?set_readcommunity@CTarget@@QAEXABVOctetStr@@@Z 1000bc80 f i snmplib.obj
 0001:0000ac80       ?set_security_name@UTarget@@QAEXABVOctetStr@@@Z 1000bc80 f i snmplib.obj
 0001:0000ac90       ?set_engine_id@UTarget@@QAEXABVOctetStr@@@Z 1000bc90 f i snmplib.obj
 0001:0000aca0       ?set_security_model@UTarget@@QAEXH@Z 1000bca0 f i snmplib.obj
 0001:0000acb0       ??_GUTarget@@UAEPAXI@Z     1000bcb0 f i snmplib.obj
 0001:0000acb0       ??_EUTarget@@UAEPAXI@Z     1000bcb0 f i snmplib.obj
 0001:0000acd0       ?get_vb_count@Pdu@@QBEHXZ  1000bcd0 f i snmplib.obj
 0001:0000ace0       ?get_type@Pdu@@QBEGXZ      1000bce0 f i snmplib.obj
 0001:0000acf0       ?set_security_level@Pdu@@QAEXH@Z 1000bcf0 f i snmplib.obj
 0001:0000ad00       ?set_context_name@Pdu@@QAE_NABVOctetStr@@@Z 1000bd00 f i snmplib.obj
 0001:0000ad40       ?set_context_engine_id@Pdu@@QAE_NABVOctetStr@@@Z 1000bd40 f i snmplib.obj
 0001:0000ad80       ??0SNMP_Monitor_Result@@QAE@XZ 1000bd80 f i snmplib.obj
 0001:0000adf0       ??0SNMP_Monitor_Result@@QAE@ABU0@@Z 1000bdf0 f i snmplib.obj
 0001:0000ae60       ??0CSVBaseSNMP@@QAE@XZ     1000be60 f   snmplib.obj
 0001:0000afd0       ??1CSVBaseSNMP@@QAE@XZ     1000bfd0 f   snmplib.obj
 0001:0000b0d0       ?GetErrorMsg@CSVBaseSNMP@@QAEPBDH@Z 1000c0d0 f   snmplib.obj
 0001:0000b110       ?InitUTarget@CSVBaseSNMP@@AAEHXZ 1000c110 f   snmplib.obj
 0001:0000b230       ?SetCommunity@CSVBaseSNMP@@QAEXPBD@Z 1000c230 f   snmplib.obj
 0001:0000b240       ?SetIPAddress@CSVBaseSNMP@@QAEXPBD@Z 1000c240 f   snmplib.obj
 0001:0000b280       ?SetNetworkPort@CSVBaseSNMP@@QAEXH@Z 1000c280 f   snmplib.obj
 0001:0000b290       ?SetOID@CSVBaseSNMP@@QAEXPBD@Z 1000c290 f   snmplib.obj
 0001:0000b2e0       ?SetTimeout@CSVBaseSNMP@@QAEXH@Z 1000c2e0 f   snmplib.obj
 0001:0000b2f0       ?SetVersion@CSVBaseSNMP@@QAEXH@Z 1000c2f0 f   snmplib.obj
 0001:0000b320       ??0CSVSnmpOID@@QAE@XZ      1000c320 f   snmplib.obj
 0001:0000b3c0       ??1CSVSnmpOID@@QAE@XZ      1000c3c0 f   snmplib.obj
 0001:0000b440       ?SetOIDValue@CSVSnmpOID@@QAEXPBD@Z 1000c440 f   snmplib.obj
 0001:0000b450       ?SetOIDType@CSVSnmpOID@@QAEXH@Z 1000c450 f   snmplib.obj
 0001:0000b460       ?SetSelName@CSVSnmpOID@@QAEXPBD@Z 1000c460 f   snmplib.obj
 0001:0000b470       ?InitLib@SV_ECC_SNMP_LIB@@YAXXZ 1000c470 f   snmplib.obj
 0001:0000b480       ?ReleaseLib@SV_ECC_SNMP_LIB@@YAXXZ 1000c480 f   snmplib.obj
 0001:0000b490       ?InitSNMPV3@CSVBaseSNMP@@AAEHXZ 1000c490 f   snmplib.obj
 0001:0000b640       ?_Dec@const_iterator@?$_Tree@V?$_Tmap_traits@HUSNMP_Monitor_Result@@U?$less@H@std@@V?$allocator@U?$pair@$$CBHUSNMP_Monitor_Result@@@std@@@3@$0A@@std@@@std@@QAEXXZ 1000c640 f i snmplib.obj
 0001:0000b6a0       ?InitSNMP@CSVBaseSNMP@@QAEHXZ 1000c6a0 f   snmplib.obj
 0001:0000b7e0       ?_Buynode@?$_Tree@V?$_Tmap_traits@HUSNMP_Monitor_Result@@U?$less@H@std@@V?$allocator@U?$pair@$$CBHUSNMP_Monitor_Result@@@std@@@3@$0A@@std@@@std@@IAEPAU_Node@?$_Tree_nod@V?$_Tmap_traits@HUSNMP_Monitor_Result@@U?$less@H@std@@V?$allocator@U?$pair@$$CBHUSNMP_Monitor_Result@@@std@@@3@$0A@@std@@@2@PAU342@00ABU?$pair@$$CBHUSNMP_Monitor_Result@@@2@D@Z 1000c7e0 f i snmplib.obj
 0001:0000b880       ?_Insert@?$_Tree@V?$_Tmap_traits@HUSNMP_Monitor_Result@@U?$less@H@std@@V?$allocator@U?$pair@$$CBHUSNMP_Monitor_Result@@@std@@@3@$0A@@std@@@std@@IAE?AViterator@12@_NPAU_Node@?$_Tree_nod@V?$_Tmap_traits@HUSNMP_Monitor_Result@@U?$less@H@std@@V?$allocator@U?$pair@$$CBHUSNMP_Monitor_Result@@@std@@@3@$0A@@std@@@2@ABU?$pair@$$CBHUSNMP_Monitor_Result@@@2@@Z 1000c880 f i snmplib.obj
 0001:0000ba40       ?AvgValue@CSVSnmpOID@@QAE_KABV?$map@HUSNMP_Monitor_Result@@U?$less@H@std@@V?$allocator@U?$pair@$$CBHUSNMP_Monitor_Result@@@std@@@3@@std@@@Z 1000ca40 f   snmplib.obj
 0001:0000bbb0       ?MaxValue@CSVSnmpOID@@QAE_KABV?$map@HUSNMP_Monitor_Result@@U?$less@H@std@@V?$allocator@U?$pair@$$CBHUSNMP_Monitor_Result@@@std@@@3@@std@@@Z 1000cbb0 f   snmplib.obj
 0001:0000bd10       ?MinValue@CSVSnmpOID@@QAE_KABV?$map@HUSNMP_Monitor_Result@@U?$less@H@std@@V?$allocator@U?$pair@$$CBHUSNMP_Monitor_Result@@@std@@@3@@std@@@Z 1000cd10 f   snmplib.obj
 0001:0000be70       ?SumValue@CSVSnmpOID@@QAE_JABV?$map@HUSNMP_Monitor_Result@@U?$less@H@std@@V?$allocator@U?$pair@$$CBHUSNMP_Monitor_Result@@@std@@@3@@std@@@Z 1000ce70 f   snmplib.obj
 0001:0000bfd0       ?IndexCount@CSVSnmpOID@@QAEHABV?$map@HUSNMP_Monitor_Result@@U?$less@H@std@@V?$allocator@U?$pair@$$CBHUSNMP_Monitor_Result@@@std@@@3@@std@@@Z 1000cfd0 f   snmplib.obj
 0001:0000c120       ?insert@?$_Tree@V?$_Tmap_traits@HUSNMP_Monitor_Result@@U?$less@H@std@@V?$allocator@U?$pair@$$CBHUSNMP_Monitor_Result@@@std@@@3@$0A@@std@@@std@@QAE?AU?$pair@Viterator@?$_Tree@V?$_Tmap_traits@HUSNMP_Monitor_Result@@U?$less@H@std@@V?$allocator@U?$pair@$$CBHUSNMP_Monitor_Result@@@std@@@3@$0A@@std@@@std@@_N@2@ABU?$pair@$$CBHUSNMP_Monitor_Result@@@2@@Z 1000d120 f i snmplib.obj
 0001:0000c1e0       ?insert@?$_Tree@V?$_Tmap_traits@HUSNMP_Monitor_Result@@U?$less@H@std@@V?$allocator@U?$pair@$$CBHUSNMP_Monitor_Result@@@std@@@3@$0A@@std@@@std@@QAE?AViterator@12@V312@ABU?$pair@$$CBHUSNMP_Monitor_Result@@@2@@Z 1000d1e0 f i snmplib.obj
 0001:0000c350       ??A?$map@HUSNMP_Monitor_Result@@U?$less@H@std@@V?$allocator@U?$pair@$$CBHUSNMP_Monitor_Result@@@std@@@3@@std@@QAEAAUSNMP_Monitor_Result@@ABH@Z 1000d350 f i snmplib.obj
 0001:0000c440       ?GetBulkRequest@CSVBaseSNMP@@QAEHAAV?$map@HUSNMP_Monitor_Result@@U?$less@H@std@@V?$allocator@U?$pair@$$CBHUSNMP_Monitor_Result@@@std@@@3@@std@@@Z 1000d440 f   snmplib.obj
 0001:0000c9c0       ?GetRequest@CSVBaseSNMP@@QAEHAAV?$map@HUSNMP_Monitor_Result@@U?$less@H@std@@V?$allocator@U?$pair@$$CBHUSNMP_Monitor_Result@@@std@@@3@@std@@@Z 1000d9c0 f   snmplib.obj
 0001:0000cdd0       ?GetResult@CSVSnmpOID@@QAEHAAV?$map@HUSNMP_Monitor_Result@@U?$less@H@std@@V?$allocator@U?$pair@$$CBHUSNMP_Monitor_Result@@@std@@@3@@std@@@Z 1000ddd0 f   snmplib.obj
 0001:0000cf30       ??0_SNMPList@CSnmpOperate@@QAE@XZ 1000df30 f i SnmpOperate.obj
 0001:0000cf80       ??0_SNMPIfOIDList@CSnmpOperate@@QAE@XZ 1000df80 f i SnmpOperate.obj
 0001:0000cfc0       ?GetTotalMinutes@TTimeSpan@svutil@@QBEJXZ 1000dfc0 f i SnmpOperate.obj
 0001:0000cfe0       ?GetHours@TTimeSpan@svutil@@QBEHXZ 1000dfe0 f i SnmpOperate.obj
 0001:0000d000       ?GetCurrentTimeEx@TTime@svutil@@SA?AV12@XZ 1000e000 f i SnmpOperate.obj
 0001:0000d030       ?Format@TTime@svutil@@QBE?AV?$basic_string@DU?$char_traits@D@std@@V?$allocator@D@2@@std@@XZ 1000e030 f i SnmpOperate.obj
 0001:0000d0c0       ?OXTOD@@YA_KV?$basic_string@DU?$char_traits@D@std@@V?$allocator@D@2@@std@@@Z 1000e0c0 f   SnmpOperate.obj
 0001:0000d290       ?DumpLog@@YAXPBD0H@Z       1000e290 f   SnmpOperate.obj
 0001:0000d320       ?FuncGetInstallPath@@YA?AV?$basic_string@DU?$char_traits@D@std@@V?$allocator@D@2@@std@@XZ 1000e320 f   SnmpOperate.obj
 0001:0000d3b0       ?FuncGetStringFromIDS@@YA?AV?$basic_string@DU?$char_traits@D@std@@V?$allocator@D@2@@std@@PBD@Z 1000e3b0 f   SnmpOperate.obj
 0001:0000d3e0       ?FuncGetStringFromIDS@@YA?AV?$basic_string@DU?$char_traits@D@std@@V?$allocator@D@2@@std@@PBD0@Z 1000e3e0 f   SnmpOperate.obj
 0001:0000d410       ?GetPrivateProfileInt1@@YAHPAD0H0@Z 1000e410 f   SnmpOperate.obj
 0001:0000d510       ?GetPrivateProfileString1@@YAHPAD000H0@Z 1000e510 f   SnmpOperate.obj
 0001:0000d610       ?WritePrivateProfileString1@@YAHPAD000@Z 1000e610 f   SnmpOperate.obj
 0001:0000d730       ?InitSNMP@CSnmpOperate@@AAEHAAVCSVSnmpOID@@@Z 1000e730 f   SnmpOperate.obj
 0001:0000d7b0       ??_H@YGXPAXIHP6EPAX0@Z@Z   1000e7b0 f i SnmpOperate.obj
 0001:0000d7e0       ??1?$pair@$$CBHV?$basic_string@DU?$char_traits@D@std@@V?$allocator@D@2@@std@@@std@@QAE@XZ 1000e7e0 f i SnmpOperate.obj
 0001:0000d7f0       ??0?$pair@$$CBV?$basic_string@DU?$char_traits@D@std@@V?$allocator@D@2@@std@@V12@@std@@QAE@ABV?$basic_string@DU?$char_traits@D@std@@V?$allocator@D@2@@1@0@Z 1000e7f0 f i SnmpOperate.obj
 0001:0000d850       ?_Rrotate@?$_Tree@V?$_Tmap_traits@HV?$basic_string@DU?$char_traits@D@std@@V?$allocator@D@2@@std@@U?$less@H@2@V?$allocator@U?$pair@$$CBHV?$basic_string@DU?$char_traits@D@std@@V?$allocator@D@2@@std@@@std@@@2@$0A@@std@@@std@@IAEXPAU_Node@?$_Tree_nod@V?$_Tmap_traits@HV?$basic_string@DU?$char_traits@D@std@@V?$allocator@D@2@@std@@U?$less@H@2@V?$allocator@U?$pair@$$CBHV?$basic_string@DU?$char_traits@D@std@@V?$allocator@D@2@@std@@@std@@@2@$0A@@std@@@2@@Z 1000e850 f i SnmpOperate.obj
 0001:0000d8b0       ?_Dec@const_iterator@?$_Tree@V?$_Tmap_traits@V?$basic_string@DU?$char_traits@D@std@@V?$allocator@D@2@@std@@V12@U?$less@V?$basic_string@DU?$char_traits@D@std@@V?$allocator@D@2@@std@@@2@V?$allocator@U?$pair@$$CBV?$basic_string@DU?$char_traits@D@std@@V?$allocator@D@2@@std@@V12@@std@@@2@$0A@@std@@@std@@QAEXXZ 1000e8b0 f i SnmpOperate.obj
 0001:0000d910       ?_Max@?$_Tree@V?$_Tmap_traits@HV?$basic_string@DU?$char_traits@D@std@@V?$allocator@D@2@@std@@U?$less@H@2@V?$allocator@U?$pair@$$CBHV?$basic_string@DU?$char_traits@D@std@@V?$allocator@D@2@@std@@@std@@@2@$0A@@std@@@std@@KAPAU_Node@?$_Tree_nod@V?$_Tmap_traits@HV?$basic_string@DU?$char_traits@D@std@@V?$allocator@D@2@@std@@U?$less@H@2@V?$allocator@U?$pair@$$CBHV?$basic_string@DU?$char_traits@D@std@@V?$allocator@D@2@@std@@@std@@@2@$0A@@std@@@2@PAU342@@Z 1000e910 f i SnmpOperate.obj
 0001:0000d930       ?_Min@?$_Tree@V?$_Tmap_traits@HV?$basic_string@DU?$char_traits@D@std@@V?$allocator@D@2@@std@@U?$less@H@2@V?$allocator@U?$pair@$$CBHV?$basic_string@DU?$char_traits@D@std@@V?$allocator@D@2@@std@@@std@@@2@$0A@@std@@@std@@KAPAU_Node@?$_Tree_nod@V?$_Tmap_traits@HV?$basic_string@DU?$char_traits@D@std@@V?$allocator@D@2@@std@@U?$less@H@2@V?$allocator@U?$pair@$$CBHV?$basic_string@DU?$char_traits@D@std@@V?$allocator@D@2@@std@@@std@@@2@$0A@@std@@@2@PAU342@@Z 1000e930 f i SnmpOperate.obj
 0001:0000d950       ?_Dec@const_iterator@?$_Tree@V?$_Tmap_traits@HV?$basic_string@DU?$char_traits@D@std@@V?$allocator@D@2@@std@@U?$less@H@2@V?$allocator@U?$pair@$$CBHV?$basic_string@DU?$char_traits@D@std@@V?$allocator@D@2@@std@@@std@@@2@$0A@@std@@@std@@QAEXXZ 1000e950 f i SnmpOperate.obj
 0001:0000d9b0       ??GTTime@svutil@@QBE?AVTTimeSpan@1@V01@@Z 1000e9b0 f i SnmpOperate.obj
 0001:0000d9d0       ?FuncGetProfileStringBy@@YA?AV?$basic_string@DU?$char_traits@D@std@@V?$allocator@D@2@@std@@PAD00@Z 1000e9d0 f   SnmpOperate.obj
 0001:0000dac0       ?FuncGetProfileIntBy@@YAHPAD00@Z 1000eac0 f   SnmpOperate.obj
 0001:0000dae0       ?ReadInterfaceOID@CSnmpOperate@@AAE_NXZ 1000eae0 f   SnmpOperate.obj
 0001:0000e030       ?_Lrotate@?$_Tree@V?$_Tmap_traits@HV?$basic_string@DU?$char_traits@D@std@@V?$allocator@D@2@@std@@U?$less@H@2@V?$allocator@U?$pair@$$CBHV?$basic_string@DU?$char_traits@D@std@@V?$allocator@D@2@@std@@@std@@@2@$0A@@std@@@std@@IAEXPAU_Node@?$_Tree_nod@V?$_Tmap_traits@HV?$basic_string@DU?$char_traits@D@std@@V?$allocator@D@2@@std@@U?$less@H@2@V?$allocator@U?$pair@$$CBHV?$basic_string@DU?$char_traits@D@std@@V?$allocator@D@2@@std@@@std@@@2@$0A@@std@@@2@@Z 1000f030 f i SnmpOperate.obj
[...]
 0001:0004fb0c       __unwindfunclet$?load@SnmpMessage@@AAEHABVPdu@@ABVOctetStr@@W4snmp_version@@PBV3@3H@Z$4 10050b0c f   Snmp_pp:snmpmsg.obj
 0001:0004fb17       __unwindfunclet$?load@SnmpMessage@@AAEHABVPdu@@ABVOctetStr@@W4snmp_version@@PBV3@3H@Z$5 10050b17 f   Snmp_pp:snmpmsg.obj
 0001:0004fb22       __unwindfunclet$?load@SnmpMessage@@AAEHABVPdu@@ABVOctetStr@@W4snmp_version@@PBV3@3H@Z$6 10050b22 f   Snmp_pp:snmpmsg.obj
 0001:0004fb2d       __unwindfunclet$?load@SnmpMessage@@AAEHABVPdu@@ABVOctetStr@@W4snmp_version@@PBV3@3H@Z$7 10050b2d f   Snmp_pp:snmpmsg.obj
 0001:0004fb38       __unwindfunclet$?load@SnmpMessage@@AAEHABVPdu@@ABVOctetStr@@W4snmp_version@@PBV3@3H@Z$8 10050b38 f   Snmp_pp:snmpmsg.obj
 0001:0004fb43       __unwindfunclet$?load@SnmpMessage@@AAEHABVPdu@@ABVOctetStr@@W4snmp_version@@PBV3@3H@Z$9 10050b43 f   Snmp_pp:snmpmsg.obj
 0001:0004fb4e       __unwindfunclet$?load@SnmpMessage@@AAEHABVPdu@@ABVOctetStr@@W4snmp_version@@PBV3@3H@Z$10 10050b4e f   Snmp_pp:snmpmsg.obj
 0001:0004fb59       __unwindfunclet$?load@SnmpMessage@@AAEHABVPdu@@ABVOctetStr@@W4snmp_version@@PBV3@3H@Z$11 10050b59 f   Snmp_pp:snmpmsg.obj
 0001:0004fb64       __unwindfunclet$?load@SnmpMessage@@AAEHABVPdu@@ABVOctetStr@@W4snmp_version@@PBV3@3H@Z$12 10050b64 f   Snmp_pp:snmpmsg.obj
 0001:0004fb6f       __ehhandler$?load@SnmpMessage@@AAEHABVPdu@@ABVOctetStr@@W4snmp_version@@PBV3@3H@Z 10050b6f f   Snmp_pp:snmpmsg.obj
 0001:0004fb80       __unwindfunclet$?unload@SnmpMessage@@AAEHAAVPdu@@AAVOctetStr@@AAW4snmp_version@@PAV3@3PAJPAVUdpAddress@@PAVSnmp@@@Z$0 10050b80 f   Snmp_pp:snmpmsg.obj
 0001:0004fb88       __unwindfunclet$?unload@SnmpMessage@@AAEHAAVPdu@@AAVOctetStr@@AAW4snmp_version@@PAV3@3PAJPAVUdpAddress@@PAVSnmp@@@Z$1 10050b88 f   Snmp_pp:snmpmsg.obj
 0001:0004fb93       __unwindfunclet$?unload@SnmpMessage@@AAEHAAVPdu@@AAVOctetStr@@AAW4snmp_version@@PAV3@3PAJPAVUdpAddress@@PAVSnmp@@@Z$3 10050b93 f   Snmp_pp:snmpmsg.obj
 0001:0004fb9e       __unwindfunclet$?unload@SnmpMessage@@AAEHAAVPdu@@AAVOctetStr@@AAW4snmp_version@@PAV3@3PAJPAVUdpAddress@@PAVSnmp@@@Z$4 10050b9e f   Snmp_pp:snmpmsg.obj
 0001:0004fba9       __unwindfunclet$?unload@SnmpMessage@@AAEHAAVPdu@@AAVOctetStr@@AAW4snmp_version@@PAV3@3PAJPAVUdpAddress@@PAVSnmp@@@Z$5 10050ba9 f   Snmp_pp:snmpmsg.obj
 0001:0004fbb4       __unwindfunclet$?unload@SnmpMessage@@AAEHAAVPdu@@AAVOctetStr@@AAW4snmp_version@@PAV3@3PAJPAVUdpAddress@@PAVSnmp@@@Z$6 10050bb4 f   Snmp_pp:snmpmsg.obj
 0001:0004fbbf       __unwindfunclet$?unload@SnmpMessage@@AAEHAAVPdu@@AAVOctetStr@@AAW4snmp_version@@PAV3@3PAJPAVUdpAddress@@PAVSnmp@@@Z$7 10050bbf f   Snmp_pp:snmpmsg.obj
 0001:0004fbca       __unwindfunclet$?unload@SnmpMessage@@AAEHAAVPdu@@AAVOctetStr@@AAW4snmp_version@@PAV3@3PAJPAVUdpAddress@@PAVSnmp@@@Z$8 10050bca f   Snmp_pp:snmpmsg.obj
 0001:0004fbd5       __unwindfunclet$?unload@SnmpMessage@@AAEHAAVPdu@@AAVOctetStr@@AAW4snmp_version@@PAV3@3PAJPAVUdpAddress@@PAVSnmp@@@Z$9 10050bd5 f   Snmp_pp:snmpmsg.obj
 0001:0004fbe0       __unwindfunclet$?unload@SnmpMessage@@AAEHAAVPdu@@AAVOctetStr@@AAW4snmp_version@@PAV3@3PAJPAVUdpAddress@@PAVSnmp@@@Z$10 10050be0 f   Snmp_pp:snmpmsg.obj
 0001:0004fbeb       __unwindfunclet$?unload@SnmpMessage@@AAEHAAVPdu@@AAVOctetStr@@AAW4snmp_version@@PAV3@3PAJPAVUdpAddress@@PAVSnmp@@@Z$11 10050beb f   Snmp_pp:snmpmsg.obj
 0001:0004fbf6       __unwindfunclet$?unload@SnmpMessage@@AAEHAAVPdu@@AAVOctetStr@@AAW4snmp_version@@PAV3@3PAJPAVUdpAddress@@PAVSnmp@@@Z$12 10050bf6 f   Snmp_pp:snmpmsg.obj
 0001:0004fc01       __unwindfunclet$?unload@SnmpMessage@@AAEHAAVPdu@@AAVOctetStr@@AAW4snmp_version@@PAV3@3PAJPAVUdpAddress@@PAVSnmp@@@Z$13 10050c01 f   Snmp_pp:snmpmsg.obj
 0001:0004fc0c       __unwindfunclet$?unload@SnmpMessage@@AAEHAAVPdu@@AAVOctetStr@@AAW4snmp_version@@PAV3@3PAJPAVUdpAddress@@PAVSnmp@@@Z$14 10050c0c f   Snmp_pp:snmpmsg.obj
 0001:0004fc17       __unwindfunclet$?unload@SnmpMessage@@AAEHAAVPdu@@AAVOctetStr@@AAW4snmp_version@@PAV3@3PAJPAVUdpAddress@@PAVSnmp@@@Z$15 10050c17 f   Snmp_pp:snmpmsg.obj
 0001:0004fc22       __unwindfunclet$?unload@SnmpMessage@@AAEHAAVPdu@@AAVOctetStr@@AAW4snmp_version@@PAV3@3PAJPAVUdpAddress@@PAVSnmp@@@Z$16 10050c22 f   Snmp_pp:snmpmsg.obj
 0001:0004fc2d       __unwindfunclet$?unload@SnmpMessage@@AAEHAAVPdu@@AAVOctetStr@@AAW4snmp_version@@PAV3@3PAJPAVUdpAddress@@PAVSnmp@@@Z$17 10050c2d f   Snmp_pp:snmpmsg.obj
 0001:0004fc38       __ehhandler$?unload@SnmpMessage@@AAEHAAVPdu@@AAVOctetStr@@AAW4snmp_version@@PAV3@3PAJPAVUdpAddress@@PAVSnmp@@@Z 10050c38 f   Snmp_pp:snmpmsg.obj
 0001:0004fc50       __unwindfunclet$??0EventListHolder@@QAE@PAVSnmp@@@Z$0 10050c50 f   Snmp_pp:eventlistholder.obj
 0001:0004fc5b       __unwindfunclet$??0EventListHolder@@QAE@PAVSnmp@@@Z$1 10050c5b f   Snmp_pp:eventlistholder.obj
 0001:0004fc66       __unwindfunclet$??0EventListHolder@@QAE@PAVSnmp@@@Z$2 10050c66 f   Snmp_pp:eventlistholder.obj
 0001:0004fc74       __unwindfunclet$??0EventListHolder@@QAE@PAVSnmp@@@Z$3 10050c74 f   Snmp_pp:eventlistholder.obj
 0001:0004fc82       __ehhandler$??0EventListHolder@@QAE@PAVSnmp@@@Z 10050c82 f   Snmp_pp:eventlistholder.obj
 0001:0004fc90       __unwindfunclet$??0CEventList@@QAE@XZ$0 10050c90 f   Snmp_pp:eventlistholder.obj
 0001:0004fc98       __ehhandler$??0CEventList@@QAE@XZ 10050c98 f   Snmp_pp:eventlistholder.obj
 0001:0004fcb0       __unwindfunclet$??1CEventList@@UAE@XZ$0 10050cb0 f   Snmp_pp:eventlist.obj
 0001:0004fcb8       __unwindfunclet$??1CEventList@@UAE@XZ$1 10050cb8 f   Snmp_pp:eventlist.obj
 0001:0004fcc3       __ehhandler$??1CEventList@@UAE@XZ 10050cc3 f   Snmp_pp:eventlist.obj
 0001:0004fcd0       __unwindfunclet$?AddEntry@CEventList@@QAEPAVCEvents@@PAV2@@Z$0 10050cd0 f   Snmp_pp:eventlist.obj
 0001:0004fcd8       __unwindfunclet$?AddEntry@CEventList@@QAEPAVCEvents@@PAV2@@Z$1 10050cd8 f   Snmp_pp:eventlist.obj
 0001:0004fce6       __ehhandler$?AddEntry@CEventList@@QAEPAVCEvents@@PAV2@@Z 10050ce6 f   Snmp_pp:eventlist.obj
 0001:0004fcf0       __unwindfunclet$?GetNextTimeout@CEventList@@QAEHAAVmsec@@@Z$0 10050cf0 f   Snmp_pp:eventlist.obj
 0001:0004fcf0       __unwindfunclet$?GetFdSets@CEventList@@QAEXAAHAAUfd_set@@11@Z$0 10050cf0 f   Snmp_pp:eventlist.obj
 0001:0004fcf0       __unwindfunclet$?DoRetries@CEventList@@QAEHABVmsec@@@Z$0 10050cf0 f   Snmp_pp:eventlist.obj
 0001:0004fcf8       __ehhandler$?GetFdSets@CEventList@@QAEXAAHAAUfd_set@@11@Z 10050cf8 f   Snmp_pp:eventlist.obj
 0001:0004fcf8       __ehhandler$?GetNextTimeout@CEventList@@QAEHAAVmsec@@@Z 10050cf8 f   Snmp_pp:eventlist.obj
 0001:0004fcf8       __ehhandler$?DoRetries@CEventList@@QAEHABVmsec@@@Z 10050cf8 f   Snmp_pp:eventlist.obj
 0001:0004fd10       __unwindfunclet$??1LogEntryImpl@@UAE@XZ$0 10050d10 f   Snmp_pp:log.obj
 0001:0004fd10       __unwindfunclet$??0LogEntryImpl@@QAE@E@Z$0 10050d10 f   Snmp_pp:log.obj
 0001:0004fd18       __ehhandler$??1LogEntryImpl@@UAE@XZ 10050d18 f   Snmp_pp:log.obj
 0001:0004fd18       __ehhandler$??0LogEntryImpl@@QAE@E@Z 10050d18 f   Snmp_pp:log.obj
 0001:0004fd30       __unwindfunclet$??0AgentLogImpl@@QAE@PAU_iobuf@@@Z$0 10050d30 f   Snmp_pp:log.obj
 0001:0004fd38       __unwindfunclet$??0AgentLogImpl@@QAE@PAU_iobuf@@@Z$1 10050d38 f   Snmp_pp:log.obj
 0001:0004fd43       __ehhandler$??0AgentLogImpl@@QAE@PAU_iobuf@@@Z 10050d43 f   Snmp_pp:log.obj
 0001:0004fd50       __unwindfunclet$??1AgentLogImpl@@UAE@XZ$0 10050d50 f   Snmp_pp:log.obj
 0001:0004fd58       __ehhandler$??1AgentLogImpl@@UAE@XZ 10050d58 f   Snmp_pp:log.obj
 0001:0004fd70       __unwindfunclet$?create_log_entry@AgentLogImpl@@UBEPAVLogEntry@@E@Z$0 10050d70 f   Snmp_pp:log.obj
 0001:0004fd7e       __ehhandler$?create_log_entry@AgentLogImpl@@UBEPAVLogEntry@@E@Z 10050d7e f   Snmp_pp:log.obj
 0001:0004fd90       __unwindfunclet$??0CNotifyEvent@@QAE@PAVSnmp@@ABV?$SnmpCollection@VOid@@@@ABV?$SnmpCollection@VSnmpTarget@@@@ABV?$SnmpCollection@VGenAddress@@@@@Z$0 10050d90 f   Snmp_pp:notifyqueue.obj
 0001:0004fd9e       __unwindfunclet$??0CNotifyEvent@@QAE@PAVSnmp@@ABV?$SnmpCollection@VOid@@@@ABV?$SnmpCollection@VSnmpTarget@@@@ABV?$SnmpCollection@VGenAddress@@@@@Z$1 10050d9e f   Snmp_pp:notifyqueue.obj
 0001:0004fdac       __unwindfunclet$??0CNotifyEvent@@QAE@PAVSnmp@@ABV?$SnmpCollection@VOid@@@@ABV?$SnmpCollection@VSnmpTarget@@@@ABV?$SnmpCollection@VGenAddress@@@@@Z$2 10050dac f   Snmp_pp:notifyqueue.obj
 0001:0004fdba       __ehhandler$??0CNotifyEvent@@QAE@PAVSnmp@@ABV?$SnmpCollection@VOid@@@@ABV?$SnmpCollection@VSnmpTarget@@@@ABV?$SnmpCollection@VGenAddress@@@@@Z 10050dba f   Snmp_pp:notifyqueue.obj
 0001:0004fdd0       __unwindfunclet$?notify_filter@CNotifyEvent@@QBEHABVOid@@AAVSnmpTarget@@@Z$0 10050dd0 f   Snmp_pp:notifyqueue.obj
 0001:0004fddb       __unwindfunclet$?notify_filter@CNotifyEvent@@QBEHABVOid@@AAVSnmpTarget@@@Z$1 10050ddb f   Snmp_pp:notifyqueue.obj
 0001:0004fde6       __unwindfunclet$?notify_filter@CNotifyEvent@@QBEHABVOid@@AAVSnmpTarget@@@Z$2 10050de6 f   Snmp_pp:notifyqueue.obj
 0001:0004fdf1       __unwindfunclet$?notify_filter@CNotifyEvent@@QBEHABVOid@@AAVSnmpTarget@@@Z$3 10050df1 f   Snmp_pp:notifyqueue.obj
 0001:0004fdfc       __unwindfunclet$?notify_filter@CNotifyEvent@@QBEHABVOid@@AAVSnmpTarget@@@Z$4 10050dfc f   Snmp_pp:notifyqueue.obj
 0001:0004fe1e       __unwindfunclet$?notify_filter@CNotifyEvent@@QBEHABVOid@@AAVSnmpTarget@@@Z$5 10050e1e f   Snmp_pp:notifyqueue.obj
 0001:0004fe40       __unwindfunclet$?notify_filter@CNotifyEvent@@QBEHABVOid@@AAVSnmpTarget@@@Z$6 10050e40 f   Snmp_pp:notifyqueue.obj
 0001:0004fe4b       __ehhandler$?notify_filter@CNotifyEvent@@QBEHABVOid@@AAVSnmpTarget@@@Z 10050e4b f   Snmp_pp:notifyqueue.obj
 0001:0004fe60       __unwindfunclet$?Callback@CNotifyEvent@@QAEHAAVSnmpTarget@@AAVPdu@@IH@Z$0 10050e60 f   Snmp_pp:notifyqueue.obj
 0001:0004fe68       __ehhandler$?Callback@CNotifyEvent@@QAEHAAVSnmpTarget@@AAVPdu@@IH@Z 10050e68 f   Snmp_pp:notifyqueue.obj
 0001:0004fe80       __unwindfunclet$??0CNotifyEventQueue@@QAE@PAVEventListHolder@@PAVSnmp@@@Z$0 10050e80 f   Snmp_pp:notifyqueue.obj
 0001:0004fe88       __unwindfunclet$??0CNotifyEventQueue@@QAE@PAVEventListHolder@@PAVSnmp@@@Z$1 10050e88 f   Snmp_pp:notifyqueue.obj
 0001:0004fe93       __ehhandler$??0CNotifyEventQueue@@QAE@PAVEventListHolder@@PAVSnmp@@@Z 10050e93 f   Snmp_pp:notifyqueue.obj
 0001:0004fea0       __unwindfunclet$??1CNotifyEventQueue@@UAE@XZ$0 10050ea0 f   Snmp_pp:notifyqueue.obj
 0001:0004fea8       __unwindfunclet$??1CNotifyEventQueue@@UAE@XZ$1 10050ea8 f   Snmp_pp:notifyqueue.obj
 0001:0004feb3       __unwindfunclet$??1CNotifyEventQueue@@UAE@XZ$2 10050eb3 f   Snmp_pp:notifyqueue.obj
 0001:0004febe       __ehhandler$??1CNotifyEventQueue@@UAE@XZ 10050ebe f   Snmp_pp:notifyqueue.obj
 0001:0004fed0       __unwindfunclet$?AddEntry@CNotifyEventQueue@@QAEHPAVSnmp@@ABV?$SnmpCollection@VOid@@@@ABV?$SnmpCollection@VSnmpTarget@@@@ABV?$SnmpCollection@VGenAddress@@@@@Z$0 10050ed0 f   Snmp_pp:notifyqueue.obj
 0001:0004fedb       __unwindfunclet$?AddEntry@CNotifyEventQueue@@QAEHPAVSnmp@@ABV?$SnmpCollection@VOid@@@@ABV?$SnmpCollection@VSnmpTarget@@@@ABV?$SnmpCollection@VGenAddress@@@@@Z$1 10050edb f   Snmp_pp:notifyqueue.obj
 0001:0004fee6       __unwindfunclet$?AddEntry@CNotifyEventQueue@@QAEHPAVSnmp@@ABV?$SnmpCollection@VOid@@@@ABV?$SnmpCollection@VSnmpTarget@@@@ABV?$SnmpCollection@VGenAddress@@@@@Z$2 10050ee6 f   Snmp_pp:notifyqueue.obj
 0001:0004fef1       __unwindfunclet$?AddEntry@CNotifyEventQueue@@QAEHPAVSnmp@@ABV?$SnmpCollection@VOid@@@@ABV?$SnmpCollection@VSnmpTarget@@@@ABV?$SnmpCollection@VGenAddress@@@@@Z$3 10050ef1 f   Snmp_pp:notifyqueue.obj
 0001:0004fefc       __unwindfunclet$?AddEntry@CNotifyEventQueue@@QAEHPAVSnmp@@ABV?$SnmpCollection@VOid@@@@ABV?$SnmpCollection@VSnmpTarget@@@@ABV?$SnmpCollection@VGenAddress@@@@@Z$4 10050efc f   Snmp_pp:notifyqueue.obj
 0001:0004ff07       __unwindfunclet$?AddEntry@CNotifyEventQueue@@QAEHPAVSnmp@@ABV?$SnmpCollection@VOid@@@@ABV?$SnmpCollection@VSnmpTarget@@@@ABV?$SnmpCollection@VGenAddress@@@@@Z$5 10050f07 f   Snmp_pp:notifyqueue.obj
 0001:0004ff12       __unwindfunclet$?AddEntry@CNotifyEventQueue@@QAEHPAVSnmp@@ABV?$SnmpCollection@VOid@@@@ABV?$SnmpCollection@VSnmpTarget@@@@ABV?$SnmpCollection@VGenAddress@@@@@Z$6 10050f12 f   Snmp_pp:notifyqueue.obj
 0001:0004ff1d       __unwindfunclet$?AddEntry@CNotifyEventQueue@@QAEHPAVSnmp@@ABV?$SnmpCollection@VOid@@@@ABV?$SnmpCollection@VSnmpTarget@@@@ABV?$SnmpCollection@VGenAddress@@@@@Z$7 10050f1d f   Snmp_pp:notifyqueue.obj
 0001:0004ff28       __unwindfunclet$?AddEntry@CNotifyEventQueue@@QAEHPAVSnmp@@ABV?$SnmpCollection@VOid@@@@ABV?$SnmpCollection@VSnmpTarget@@@@ABV?$SnmpCollection@VGenAddress@@@@@Z$8 10050f28 f   Snmp_pp:notifyqueue.obj
 0001:0004ff36       __unwindfunclet$?AddEntry@CNotifyEventQueue@@QAEHPAVSnmp@@ABV?$SnmpCollection@VOid@@@@ABV?$SnmpCollection@VSnmpTarget@@@@ABV?$SnmpCollection@VGenAddress@@@@@Z$9 10050f36 f   Snmp_pp:notifyqueue.obj
 0001:0004ff44       __ehhandler$?AddEntry@CNotifyEventQueue@@QAEHPAVSnmp@@ABV?$SnmpCollection@VOid@@@@ABV?$SnmpCollection@VSnmpTarget@@@@ABV?$SnmpCollection@VGenAddress@@@@@Z 10050f44 f   Snmp_pp:notifyqueue.obj
 0001:0004ff50       __unwindfunclet$?DeleteEntry@CNotifyEventQueue@@QAEXPAVSnmp@@@Z$0 10050f50 f   Snmp_pp:notifyqueue.obj
 0001:0004ff5b       __ehhandler$?DeleteEntry@CNotifyEventQueue@@QAEXPAVSnmp@@@Z 10050f5b f   Snmp_pp:notifyqueue.obj
 0001:0004ff70       __unwindfunclet$?GetFdSets@CNotifyEventQueue@@UAEXAAHAAUfd_set@@11@Z$0 10050f70 f   Snmp_pp:notifyqueue.obj
 0001:0004ff70       __unwindfunclet$?GetEntry@CNotifyEventQueue@@QAEPAVCNotifyEvent@@PAVSnmp@@@Z$0 10050f70 f   Snmp_pp:notifyqueue.obj
 0001:0004ff78       __ehhandler$?GetEntry@CNotifyEventQueue@@QAEPAVCNotifyEvent@@PAVSnmp@@@Z 10050f78 f   Snmp_pp:notifyqueue.obj
 0001:0004ff78       __ehhandler$?GetFdSets@CNotifyEventQueue@@UAEXAAHAAUfd_set@@11@Z 10050f78 f   Snmp_pp:notifyqueue.obj
 0001:0004ff90       __unwindfunclet$?HandleEvents@CNotifyEventQueue@@UAEHHABUfd_set@@00@Z$0 10050f90 f   Snmp_pp:notifyqueue.obj
 0001:0004ff98       __unwindfunclet$?HandleEvents@CNotifyEventQueue@@UAEHHABUfd_set@@00@Z$1 10050f98 f   Snmp_pp:notifyqueue.obj
 0001:0004ffa3       __unwindfunclet$?HandleEvents@CNotifyEventQueue@@UAEHHABUfd_set@@00@Z$2 10050fa3 f   Snmp_pp:notifyqueue.obj
 0001:0004ffb1       __ehhandler$?HandleEvents@CNotifyEventQueue@@UAEHHABUfd_set@@00@Z 10050fb1 f   Snmp_pp:notifyqueue.obj
 0001:0004ffc0       __unwindfunclet$??0?$SnmpCollection@VSnmpTarget@@@@QAE@ABV0@@Z$0 10050fc0 f   Snmp_pp:notifyqueue.obj
 0001:0004ffc0       __unwindfunclet$??0?$SnmpCollection@VOid@@@@QAE@ABV0@@Z$0 10050fc0 f   Snmp_pp:notifyqueue.obj
 0001:0004ffc0       __unwindfunclet$??0?$SnmpCollection@VGenAddress@@@@QAE@ABV0@@Z$0 10050fc0 f   Snmp_pp:notifyqueue.obj
 0001:0004ffce       __ehhandler$??0?$SnmpCollection@VOid@@@@QAE@ABV0@@Z 10050fce f   Snmp_pp:notifyqueue.obj
 0001:0004ffce       __ehhandler$??0?$SnmpCollection@VGenAddress@@@@QAE@ABV0@@Z 10050fce f   Snmp_pp:notifyqueue.obj
 0001:0004ffce       __ehhandler$??0?$SnmpCollection@VSnmpTarget@@@@QAE@ABV0@@Z 10050fce f   Snmp_pp:notifyqueue.obj
 0001:0004ffe0       __unwindfunclet$??Y?$SnmpCollection@VGenAddress@@@@QAEAAV0@ABVGenAddress@@@Z$0 10050fe0 f   Snmp_pp:notifyqueue.obj
 0001:0004ffee       __ehhandler$??Y?$SnmpCollection@VGenAddress@@@@QAEAAV0@ABVGenAddress@@@Z 10050fee f   Snmp_pp:notifyqueue.obj
 0001:00050000       __unwindfunclet$??A?$SnmpCollection@VGenAddress@@@@QBE?AVGenAddress@@H@Z$0 10051000 f   Snmp_pp:notifyqueue.obj
 0001:0005001f       __unwindfunclet$??A?$SnmpCollection@VGenAddress@@@@QBE?AVGenAddress@@H@Z$1 1005101f f   Snmp_pp:notifyqueue.obj
 0001:0005002a       __ehhandler$??A?$SnmpCollection@VGenAddress@@@@QBE?AVGenAddress@@H@Z 1005102a f   Snmp_pp:notifyqueue.obj
 0001:00050040       __unwindfunclet$?snmp_build_var_op@@YAPAEPAEPAKPAHEH02@Z$0 10051040 f   Snmp_pp:asn1.obj
 0001:00050048       __ehhandler$?snmp_build_var_op@@YAPAEPAEPAKPAHEH02@Z 10051048 f   Snmp_pp:asn1.obj
 0001:00050060       __unwindfunclet$?snmp_build@@YAHPAUsnmp_pdu@@PAEPAHJPBEH@Z$0 10051060 f   Snmp_pp:asn1.obj
 0001:00050060       __unwindfunclet$?build_vb@@YAPAEPAUsnmp_pdu@@PAEPAH@Z$0 10051060 f   Snmp_pp:asn1.obj
 0001:00050060       __unwindfunclet$?build_data_pdu@@YAPAEPAUsnmp_pdu@@PAEPAH1H@Z$0 10051060 f   Snmp_pp:asn1.obj
 0001:00050068       __ehhandler$?build_vb@@YAPAEPAUsnmp_pdu@@PAEPAH@Z 10051068 f   Snmp_pp:asn1.obj
 0001:00050068       __ehhandler$?build_data_pdu@@YAPAEPAUsnmp_pdu@@PAEPAH1H@Z 10051068 f   Snmp_pp:asn1.obj
 0001:00050068       __ehhandler$?snmp_build@@YAHPAUsnmp_pdu@@PAEPAHJPBEH@Z 10051068 f   Snmp_pp:asn1.obj
 0001:00050080       __unwindfunclet$?asn1_build_scoped_pdu@@YAPAEPAEPAH0J0J0J@Z$0 10051080 f   Snmp_pp:asn1.obj
 0001:00050088       __unwindfunclet$?asn1_build_scoped_pdu@@YAPAEPAEPAH0J0J0J@Z$1 10051088 f   Snmp_pp:asn1.obj
 0001:00050093       __unwindfunclet$?asn1_build_scoped_pdu@@YAPAEPAEPAH0J0J0J@Z$2 10051093 f   Snmp_pp:asn1.obj
 0001:0005009e       __ehhandler$?asn1_build_scoped_pdu@@YAPAEPAEPAH0J0J0J@Z 1005109e f   Snmp_pp:asn1.obj
 0001:000500b0       _$E1                       100510b0 f   CommonMonitor.obj
 0001:000500d0       _$E1                       100510d0 f   SnmpOperate.obj
 0001:000500f0       _$E1                       100510f0 f   Snmp_pp:address.obj
 0001:00050140       _$E1                       10051140 f   Snmp_pp:uxsnmp.obj
 0001:00050190       _$E4                       10051190 f   Snmp_pp:uxsnmp.obj
 0001:000501e0       _$E7                       100511e0 f   Snmp_pp:uxsnmp.obj
 0001:00050230       _$E10                      10051230 f   Snmp_pp:uxsnmp.obj
 0001:00050280       _$E13                      10051280 f   Snmp_pp:uxsnmp.obj
 0001:000502d0       _$E16                      100512d0 f   Snmp_pp:uxsnmp.obj
 0001:00050320       _$E19                      10051320 f   Snmp_pp:uxsnmp.obj
 0001:00050370       _$E1                       10051370 f   Snmp_pp:snmpmsg.obj
 0001:000503c0       _$E4                       100513c0 f   Snmp_pp:snmpmsg.obj
 0001:00050410       _$E7                       10051410 f   Snmp_pp:snmpmsg.obj
 0001:00050460       _$E10                      10051460 f   Snmp_pp:snmpmsg.obj
 0001:000504b0       _$E13                      100514b0 f   Snmp_pp:snmpmsg.obj
 0001:00050500       _$E16                      10051500 f   Snmp_pp:snmpmsg.obj
 0001:00050550       _$E19                      10051550 f   Snmp_pp:snmpmsg.obj
 0001:000505a0       _$E2                       100515a0 f   CommonMonitor.obj
 0001:000505b0       _$E2                       100515b0 f   SnmpOperate.obj
 0001:000505c0       _$E2                       100515c0 f   Snmp_pp:address.obj
 0001:00050600       _$E2                       10051600 f   Snmp_pp:uxsnmp.obj
 0001:00050640       _$E5                       10051640 f   Snmp_pp:uxsnmp.obj
 0001:00050680       _$E8                       10051680 f   Snmp_pp:uxsnmp.obj
 0001:000506c0       _$E11                      100516c0 f   Snmp_pp:uxsnmp.obj
 0001:00050700       _$E14                      10051700 f   Snmp_pp:uxsnmp.obj
 0001:00050740       _$E17                      10051740 f   Snmp_pp:uxsnmp.obj
 0001:00050780       _$E20                      10051780 f   Snmp_pp:uxsnmp.obj
 0001:000507c0       _$E2                       100517c0 f   Snmp_pp:snmpmsg.obj
 0001:00050800       _$E5                       10051800 f   Snmp_pp:snmpmsg.obj
 0001:00050840       _$E8                       10051840 f   Snmp_pp:snmpmsg.obj
 0001:00050880       _$E11                      10051880 f   Snmp_pp:snmpmsg.obj
 0001:000508c0       _$E14                      100518c0 f   Snmp_pp:snmpmsg.obj
 0001:00050900       _$E17                      10051900 f   Snmp_pp:snmpmsg.obj
 0001:00050940       _$E20                      10051940 f   Snmp_pp:snmpmsg.obj
