 MonitorSchedule

 Timestamp is 5018c91c (Wed Aug 01 14:13:48 2012)

 Preferred load address is 00400000

 Start         Length     Name                   Class
 0001:00000000 00023cfeH .text                   CODE
 0001:00023d00 00002ea2H .text$x                 CODE
 0001:00026bb0 0000029cH .text$yc                CODE
 0001:00026e50 00000163H .text$yd                CODE
 0002:00000000 000003e8H .idata$5                DATA
 0002:000003f0 00003948H .rdata                  DATA
 0002:00003d38 0000007aH .rdata$debug            DATA
 0002:00003db4 00000044H .rdata$r                DATA
 0002:00003e00 000002fcH .rdata$sxdata           DATA
 0002:000040fc 00000004H .rtc$IAA                DATA
 0002:00004100 00000004H .rtc$IZZ                DATA
 0002:00004104 00000004H .rtc$TAA                DATA
 0002:00004108 00000004H .rtc$TZZ                DATA
 0002:0000410c 000037acH .xdata$x                DATA
 0002:000078b8 0000008cH .idata$2                DATA
 0002:00007944 00000014H .idata$3                DATA
 0002:00007958 000003e8H .idata$4                DATA
 0002:00007d40 00002b08H .idata$6                DATA
 0002:0000a848 00000000H .edata                  DATA
 0003:00000000 00000004H .CRT$XCA                DATA
 0003:00000004 00000004H .CRT$XCAA               DATA
 0003:00000008 00000054H .CRT$XCU                DATA
 0003:0000005c 00000004H .CRT$XCZ                DATA
 0003:00000060 00000004H .CRT$XIA                DATA
 0003:00000064 00000004H .CRT$XIZ                DATA
 0003:00000070 00000224H .data                   DATA
 0003:00000298 000002c4H .bss                    DATA

  Address         Publics by Value              Rva+Base     Lib:Object

 0000:00000000       __except_list              00000000     <absolute>
 0000:000000bf       ___safe_se_handler_count   000000bf     <absolute>
 0000:00009876       __ldused                   00009876     <absolute>
 0000:00009876       __fltused                  00009876     <absolute>
 0001:00000000       ??0CAppendMassRecord@@QAE@XZ 00401000 f   appendmassrecord.obj
 0001:00000020       ??$use_facet@V?$ctype@D@std@@@std@@YAABV?$ctype@D@0@ABVlocale@0@@Z 00401020 f i appendmassrecord.obj
 0001:00000120       ??$?HDU?$char_traits@D@std@@V?$allocator@D@1@@std@@YA?AV?$basic_string@DU?$char_traits@D@std@@V?$allocator@D@2@@0@ABV10@0@Z 00401120 f i appendmassrecord.obj
 0001:000001a0       ??$?HDU?$char_traits@D@std@@V?$allocator@D@1@@std@@YA?AV?$basic_string@DU?$char_traits@D@std@@V?$allocator@D@2@@0@PBDABV10@@Z 004011a0 f i appendmassrecord.obj
 0001:00000220       ??$?HDU?$char_traits@D@std@@V?$allocator@D@1@@std@@YA?AV?$basic_string@DU?$char_traits@D@std@@V?$allocator@D@2@@0@ABV10@PBD@Z 00401220 f i appendmassrecord.obj
 0001:000002a0       ??1_Sentry_base@?$basic_istream@DU?$char_traits@D@std@@@std@@QAE@XZ 004012a0 f i appendmassrecord.obj
 0001:000002a0       ??1sentry@?$basic_istream@DU?$char_traits@D@std@@@std@@QAE@XZ 004012a0 f i appendmassrecord.obj
 0001:000002a0       ??1_Sentry_base@?$basic_ostream@DU?$char_traits@D@std@@@std@@QAE@XZ 004012a0 f i appendmassrecord.obj
 0001:000002c0       ??0sentry@?$basic_istream@DU?$char_traits@D@std@@@std@@QAE@AAV12@_N@Z 004012c0 f i appendmassrecord.obj
 0001:00000330       ??0sentry@?$basic_ostream@DU?$char_traits@D@std@@@std@@QAE@AAV12@@Z 00401330 f i appendmassrecord.obj
 0001:000003c0       ??1sentry@?$basic_ostream@DU?$char_traits@D@std@@@std@@QAE@XZ 004013c0 f i appendmassrecord.obj
 0001:00000430       ??$?5DU?$char_traits@D@std@@V?$allocator@D@1@@std@@YAAAV?$basic_istream@DU?$char_traits@D@std@@@0@AAV10@AAV?$basic_string@DU?$char_traits@D@std@@V?$allocator@D@2@@0@@Z 00401430 f i appendmassrecord.obj
 0001:000005e0       ??$?6DU?$char_traits@D@std@@V?$allocator@D@1@@std@@YAAAV?$basic_ostream@DU?$char_traits@D@std@@@0@AAV10@ABV?$basic_string@DU?$char_traits@D@std@@V?$allocator@D@2@@0@@Z 004015e0 f i appendmassrecord.obj
 0001:000007e0       ?_Buynode@?$list@VSingelRecord@@V?$allocator@VSingelRecord@@@std@@@std@@IAEPAU_Node@?$_List_nod@VSingelRecord@@V?$allocator@VSingelRecord@@@std@@@2@XZ 004017e0 f i appendmassrecord.obj
 0001:00000800       ??1CAppendMassRecord@@UAE@XZ 00401800 f   appendmassrecord.obj
 0001:00000890       ?run@CAppendMassRecord@@UAEXXZ 00401890 f   appendmassrecord.obj
 0001:00000a30       ??_ECAppendMassRecord@@UAEPAXI@Z 00401a30 f i appendmassrecord.obj
 0001:00000a30       ??_GCAppendMassRecord@@UAEPAXI@Z 00401a30 f i appendmassrecord.obj
 0001:00000a50       ??0Des@@QAE@XZ             00401a50 f   Des.obj
 0001:00000a60       ??1Des@@UAE@XZ             00401a60 f   Des.obj
 0001:00000a70       ?bitsel@Des@@AAEIPAIPBHH@Z 00401a70 f   Des.obj
 0001:00000ad0       ?des_decipher@Des@@AAEXPAIIIPAUDESContext@@@Z 00401ad0 f   Des.obj
 0001:00001450       ??_EDes@@UAEPAXI@Z         00402450 f i Des.obj
 0001:00001450       ??_GDes@@UAEPAXI@Z         00402450 f i Des.obj
 0001:00001470       ?des_key_setup@Des@@AAEXIIPAUDESContext@@@Z 00402470 f   Des.obj
 0001:000015f0       ?des_cbc_decrypt@Des@@AAEXPAEPBEIPAUDESContext@@@Z 004025f0 f   Des.obj
 0001:00001720       ?Decrypt@Des@@QAE_NPBDPAD@Z 00402720 f   Des.obj
 0001:00001940       ??0Entity@@QAE@XZ          00402940 f   Entity.obj
 0001:00001980       ??1Entity@@QAE@XZ          00402980 f   Entity.obj
 0001:000019a0       ?InitActiveMonitorsArray@Entity@@QAEHH@Z 004029a0 f   Entity.obj
 0001:000019f0       ?SetMonitorTypeCount@Entity@@QAEXH@Z 004029f0 f   Entity.obj
 0001:00001a00       ?AdjustActiveMonitorRef@Entity@@QAEXHH@Z 00402a00 f   Entity.obj
 0001:00001a60       ??1MakeRecord@@QAE@XZ      00402a60 f i MakeRecord.obj
 0001:00001a60       ??3@YAXPAX0@Z              00402a60 f i Groups.obj
 0001:00001a60       ?ReleaseAll@LoadConfig@@QAEXXZ 00402a60 f i LoadConfig.obj
 0001:00001a70       ??1logic_error@std@@UAE@XZ 00402a70 f i Groups.obj
 0001:00001ad0       ?what@logic_error@std@@UBEPBDXZ 00402ad0 f i Groups.obj
 0001:00001ae0       ??_Elogic_error@std@@UAEPAXI@Z 00402ae0 f i Groups.obj
 0001:00001ae0       ??_Glogic_error@std@@UAEPAXI@Z 00402ae0 f i Groups.obj
 0001:00001b00       ??_Glength_error@std@@UAEPAXI@Z 00402b00 f i Groups.obj
 0001:00001b00       ??_Elength_error@std@@UAEPAXI@Z 00402b00 f i Groups.obj
 0001:00001b20       ??1length_error@std@@UAE@XZ 00402b20 f i Groups.obj
 0001:00001b30       ??0MSException@@QAE@PBD0@Z 00402b30 f i Groups.obj
 0001:00001bf0       ??_EMSException@@UAEPAXI@Z 00402bf0 f i Groups.obj
 0001:00001bf0       ??_GMSException@@UAEPAXI@Z 00402bf0 f i Groups.obj
 0001:00001c10       ??0exception@svutil@@QAE@PBD0@Z 00402c10 f i Groups.obj
 0001:00001cd0       ?GetErrorType@exception@svutil@@UBEPBDXZ 00402cd0 f i Groups.obj
 0001:00001cd0       ?GetErrorType@MSException@@UBEPBDXZ 00402cd0 f i Groups.obj
 0001:00001ce0       ?GetDescription@exception@svutil@@UBEPBDXZ 00402ce0 f i Groups.obj
 0001:00001ce0       ?GetDescription@MSException@@UBEPBDXZ 00402ce0 f i Groups.obj
 0001:00001cf0       ??_Gexception@svutil@@UAEPAXI@Z 00402cf0 f i Groups.obj
 0001:00001cf0       ??_Eexception@svutil@@UAEPAXI@Z 00402cf0 f i Groups.obj
 0001:00001d10       ??_Gword@svutil@@UAEPAXI@Z 00402d10 f i Groups.obj
 0001:00001d10       ??_Eword@svutil@@UAEPAXI@Z 00402d10 f i Groups.obj
 0001:00001d40       ?SetEntityID@Entity@@QAEXPBD@Z 00402d40 f i Groups.obj
 0001:00001db0       ??1MSException@@UAE@XZ     00402db0 f i Groups.obj
 0001:00001dc0       ?SetSystemType@Entity@@QAEXPBD@Z 00402dc0 f i Groups.obj
 0001:00001e30       ?SetDepend@Entity@@QAEXPBD@Z 00402e30 f i Groups.obj
 0001:00001ea0       ?SetIPAdress@Entity@@QAEXPBD@Z 00402ea0 f i Groups.obj
 0001:00001f10       ??0MSException@@QAE@ABV0@@Z 00402f10 f i Groups.obj
 0001:00001f60       ?SetGroupID@GroupsItem@@QAEXPBD@Z 00402f60 f i Groups.obj
 0001:00001fd0       ?SetParentID@GroupsItem@@QAEXPBD@Z 00402fd0 f i Groups.obj
 0001:00002040       ?SetDepedSon@GroupsItem@@QAEXPBD@Z 00403040 f i Groups.obj
 0001:000020b0       ??0?$hashelement@Vword@svutil@@V12@@svutil@@QAE@ABVword@1@@Z 004030b0 f i Groups.obj
 0001:00002130       ??0?$hashelement@Vword@svutil@@V12@@svutil@@QAE@ABVword@1@0@Z 00403130 f i Groups.obj
 0001:000021c0       ??1?$hashelement@Vword@svutil@@V12@@svutil@@QAE@XZ 004031c0 f i Groups.obj
 0001:00002200       ??1?$treenode@V?$hashelement@Vword@svutil@@V12@@svutil@@@svutil@@UAE@XZ 00403200 f i Groups.obj
 0001:00002240       ??_G?$treenode@V?$hashelement@Vword@svutil@@V12@@svutil@@@svutil@@UAEPAXI@Z 00403240 f i Groups.obj
 0001:00002240       ??_E?$treenode@V?$hashelement@Vword@svutil@@V12@@svutil@@@svutil@@UAEPAXI@Z 00403240 f i Groups.obj
 0001:00002260       ?_Xlen@?$vector@PAV?$hashnode@Vword@svutil@@V12@@svutil@@V?$allocator@PAV?$hashnode@Vword@svutil@@V12@@svutil@@@std@@@std@@IBEXXZ 00403260 f i Groups.obj
 0001:000022e0       ??0logic_error@std@@QAE@ABV01@@Z 004032e0 f i Groups.obj
 0001:00002340       ??M?$treenode@V?$hashelement@Vword@svutil@@V12@@svutil@@@svutil@@QAE_NV01@@Z 00403340 f i Groups.obj
 0001:000023c0       ??O?$treenode@V?$hashelement@Vword@svutil@@V12@@svutil@@@svutil@@QAE_NV01@@Z 004033c0 f i Groups.obj
 0001:00002440       ??$fill@PAPAV?$hashnode@Vword@svutil@@PAVTask@@@svutil@@PAV12@@std@@YAXPAPAV?$hashnode@Vword@svutil@@PAVTask@@@svutil@@0ABQAV12@@Z 00403440 f i MonitorSchedule.obj
 0001:00002440       ??$fill@PAPAV?$hashnode@Vword@svutil@@V12@@svutil@@PAV12@@std@@YAXPAPAV?$hashnode@Vword@svutil@@V12@@svutil@@0ABQAV12@@Z 00403440 f i Groups.obj
 0001:00002460       ??0?$treenode@V?$hashelement@Vword@svutil@@V12@@svutil@@@svutil@@QAE@ABV?$hashelement@Vword@svutil@@V12@@1@@Z 00403460 f i Groups.obj
 0001:00002500       ?DeleteTree@?$sorttree@V?$hashelement@Vword@svutil@@V12@@svutil@@@svutil@@QAEXPAV?$treenode@V?$hashelement@Vword@svutil@@V12@@svutil@@@2@@Z 00403500 f i Groups.obj
 0001:00002550       ??0length_error@std@@QAE@ABV01@@Z 00403550 f i Groups.obj
 0001:00002570       ?findnode@?$sorttree@V?$hashelement@Vword@svutil@@V12@@svutil@@@svutil@@QAEPAV?$treenode@V?$hashelement@Vword@svutil@@V12@@svutil@@@2@ABV?$hashelement@Vword@svutil@@V12@@2@PAV32@@Z 00403570 f i Groups.obj
 0001:000025e0       ??0?$treenode@V?$hashelement@Vword@svutil@@V12@@svutil@@@svutil@@QAE@ABV01@@Z 004035e0 f i Groups.obj
 0001:00002680       ??$copy_backward@PAPAV?$hashnode@Vword@svutil@@V12@@svutil@@PAPAV12@@std@@YAPAPAV?$hashnode@Vword@svutil@@V12@@svutil@@PAPAV12@00@Z 00403680 f i Groups.obj
 0001:00002680       ??$copy_backward@PAPAV?$hashnode@Vword@svutil@@PAVTask@@@svutil@@PAPAV12@@std@@YAPAPAV?$hashnode@Vword@svutil@@PAVTask@@@svutil@@PAPAV12@00@Z 00403680 f i MonitorSchedule.obj
 0001:000026b0       ??$CreateNode@V?$hashelement@Vword@svutil@@V12@@svutil@@@?$sorttree@V?$hashelement@Vword@svutil@@V12@@svutil@@@svutil@@SAPAV?$treenode@V?$hashelement@Vword@svutil@@V12@@svutil@@@1@ABV?$hashelement@Vword@svutil@@V12@@1@@Z 004036b0 f i Groups.obj
 0001:00002710       ??_E?$sorttree@V?$hashelement@Vword@svutil@@V12@@svutil@@@svutil@@UAEPAXI@Z 00403710 f i Groups.obj
 0001:00002710       ??_G?$sorttree@V?$hashelement@Vword@svutil@@V12@@svutil@@@svutil@@UAEPAXI@Z 00403710 f i Groups.obj
 0001:00002770       ?_Incsize@?$list@PAVGroupsItem@@V?$allocator@PAVGroupsItem@@@std@@@std@@IAEXI@Z 00403770 f i Groups.obj
 0001:00002770       ?_Incsize@?$list@PAVEntity@@V?$allocator@PAVEntity@@@std@@@std@@IAEXI@Z 00403770 f i Groups.obj
 0001:00002810       ?find@?$hashnode@Vword@svutil@@V12@@svutil@@QAE_NABVword@2@PAPAV?$hashelement@Vword@svutil@@V12@@2@@Z 00403810 f i Groups.obj
 0001:00002910       ?InsertNode@?$sorttree@V?$hashelement@Vword@svutil@@V12@@svutil@@@svutil@@QAEXPAV?$treenode@V?$hashelement@Vword@svutil@@V12@@svutil@@@2@0@Z 00403910 f i Groups.obj
 0001:000029a0       ?GetEntityByID@Groups@@QAEPAVEntity@@PBD@Z 004039a0 f   Groups.obj
 0001:00002a00       ?GetSingleGroupByID@Groups@@QAEPAVGroupsItem@@PBD@Z 00403a00 f   Groups.obj
 0001:00002a60       ?InitAllEntityActiveMonitorArray@Groups@@QAEHH@Z 00403a60 f   Groups.obj
 0001:00002aa0       ?find@?$hashnode@Vword@svutil@@V12@@svutil@@QAE_NABVword@2@PAPAV32@@Z 00403aa0 f i Groups.obj
 0001:00002b00       ?InsertNodeEx@?$sorttree@V?$hashelement@Vword@svutil@@V12@@svutil@@@svutil@@QAEAAV?$hashelement@Vword@svutil@@V12@@2@ABV32@@Z 00403b00 f i Groups.obj
 0001:00002b90       ??1exception@svutil@@UAE@XZ 00403b90 f i Groups.obj
 0001:00002ba0       ??0exception@svutil@@QAE@ABV01@@Z 00403ba0 f i Groups.obj
 0001:00002bf0       ?_Ufill@?$vector@PAV?$hashnode@Vword@svutil@@V12@@svutil@@V?$allocator@PAV?$hashnode@Vword@svutil@@V12@@svutil@@@std@@@std@@IAEPAPAV?$hashnode@Vword@svutil@@V12@@svutil@@PAPAV34@IABQAV34@@Z 00403bf0 f i Groups.obj
 0001:00002bf0       ?_Ufill@?$vector@PAV?$hashnode@Vword@svutil@@PAVTask@@@svutil@@V?$allocator@PAV?$hashnode@Vword@svutil@@PAVTask@@@svutil@@@std@@@std@@IAEPAPAV?$hashnode@Vword@svutil@@PAVTask@@@svutil@@PAPAV34@IABQAV34@@Z 00403bf0 f i MonitorSchedule.obj
 0001:00002c20       ??1Groups@@UAE@XZ          00403c20 f   Groups.obj
 0001:00002d90       ?push_back@?$list@PAVEntity@@V?$allocator@PAVEntity@@@std@@@std@@QAEXABQAVEntity@@@Z 00403d90 f i Groups.obj
 0001:00002d90       ?push_back@?$list@PAVGroupsItem@@V?$allocator@PAVGroupsItem@@@std@@@std@@QAEXABQAVGroupsItem@@@Z 00403d90 f i Groups.obj
 0001:00002dd0       ?find@?$hashtable@Vword@svutil@@V12@@svutil@@QAEPAVword@2@ABV32@@Z 00403dd0 f i Groups.obj
 0001:00002e40       ?insert@?$hashnode@Vword@svutil@@V12@@svutil@@QAEAAV?$hashelement@Vword@svutil@@V12@@2@ABVword@2@0@Z 00403e40 f i Groups.obj
 0001:00002f40       ?_Insert_n@?$vector@PAV?$hashnode@Vword@svutil@@V12@@svutil@@V?$allocator@PAV?$hashnode@Vword@svutil@@V12@@svutil@@@std@@@std@@IAEXViterator@12@IABQAV?$hashnode@Vword@svutil@@V12@@svutil@@@Z 00403f40 f i Groups.obj
 0001:00003130       ??0Groups@@QAE@XZ          00404130 f   Groups.obj
 0001:000031b0       ??_EGroups@@UAEPAXI@Z      004041b0 f i Groups.obj
 0001:000031b0       ??_GGroups@@UAEPAXI@Z      004041b0 f i Groups.obj
 0001:000031d0       ?FromTextMap@Groups@@QAE_NAAV?$hashtable@Vword@svutil@@V12@@svutil@@@Z 004041d0 f   Groups.obj
 0001:00003a10       ?resize@?$vector@PAV?$hashnode@Vword@svutil@@V12@@svutil@@V?$allocator@PAV?$hashnode@Vword@svutil@@V12@@svutil@@@std@@@std@@QAEXIPAV?$hashnode@Vword@svutil@@V12@@svutil@@@Z 00404a10 f i Groups.obj
 0001:00003aa0       ?insert@?$hashtable@Vword@svutil@@V12@@svutil@@QAEAAVword@2@ABV32@0@Z 00404aa0 f i Groups.obj
 0001:00003b90       ??A?$hashtable@Vword@svutil@@V12@@svutil@@QAEAAVword@1@ABV21@@Z 00404b90 f i Groups.obj
 0001:00003c20       ?ToTextMap@Groups@@QAE_NAAV?$hashtable@Vword@svutil@@V12@@svutil@@@Z 00404c20 f   Groups.obj
 0001:00004300       ??0GroupsItem@@QAE@XZ      00405300 f   GroupsItem.obj
 0001:00004320       ??_GGroupsItem@@UAEPAXI@Z  00405320 f i GroupsItem.obj
 0001:00004320       ??_EGroupsItem@@UAEPAXI@Z  00405320 f i GroupsItem.obj
 0001:00004340       ??4TString@@QAEABV0@PBD@Z  00405340 f i LoadConfig.obj
 0001:00004360       ?SetProcess@Monitor@@QAEXPBD@Z 00405360 f i LoadConfig.obj
 0001:00004380       ?SetEntityType@Monitor@@QAEXPBD@Z 00405380 f i LoadConfig.obj
 0001:000043a0       ?GetParentID@Monitor@@QBE?AV?$basic_string@DU?$char_traits@D@std@@V?$allocator@D@2@@std@@XZ 004053a0 f i LoadConfig.obj
 0001:000043e0       ?SetTaskName@Monitor@@QAEXV?$basic_string@DU?$char_traits@D@std@@V?$allocator@D@2@@std@@@Z 004053e0 f i LoadConfig.obj
 0001:00004430       ??0LoadConfig@@QAE@XZ      00405430 f   LoadConfig.obj
 0001:00004450       ?LoadAll@LoadConfig@@QAEHXZ 00405450 f   LoadConfig.obj
 0001:000046e0       ?GetMonitorPro@LoadConfig@@AAEHPAVMonitor@@V?$basic_string@DU?$char_traits@D@std@@V?$allocator@D@2@@std@@@Z 004056e0 f   LoadConfig.obj
 0001:00004d70       ?LoadCommonEntity@LoadConfig@@AAEHV?$basic_string@DU?$char_traits@D@std@@V?$allocator@D@2@@std@@AAV?$list@V?$basic_string@DU?$char_traits@D@std@@V?$allocator@D@2@@std@@V?$allocator@V?$basic_string@DU?$char_traits@D@std@@V?$allocator@D@2@@std@@@2@@3@@Z 00405d70 f   LoadConfig.obj
 0001:00004ed0       ?GetReturnList@LoadConfig@@AAEHPAVMonitor@@H@Z 00405ed0 f   LoadConfig.obj
 0001:00005050       ?LoadSingleEntity@LoadConfig@@AAEXPAVEntity@@V?$basic_string@DU?$char_traits@D@std@@V?$allocator@D@2@@std@@@Z 00406050 f   LoadConfig.obj
 0001:000053a0       ?ClearBuffer@LoadConfig@@QAE_NXZ 004063a0 f   LoadConfig.obj
 0001:000053f0       ?CreateSingleEntity@LoadConfig@@QAEHPAVEntity@@V?$basic_string@DU?$char_traits@D@std@@V?$allocator@D@2@@std@@@Z 004063f0 f   LoadConfig.obj
 0001:000054b0       ?CreateSingleGroup@LoadConfig@@QAEHPAVGroupsItem@@V?$basic_string@DU?$char_traits@D@std@@V?$allocator@D@2@@std@@@Z 004064b0 f   LoadConfig.obj
 0001:000056c0       ?LoadTaskPlan@LoadConfig@@QAE_NAAV?$hashtable@Vword@svutil@@PAVTask@@@svutil@@@Z 004066c0 f   LoadConfig.obj
 0001:000056d0       ??1_Node@?$_List_nod@V?$basic_string@DU?$char_traits@D@std@@V?$allocator@D@2@@std@@V?$allocator@V?$basic_string@DU?$char_traits@D@std@@V?$allocator@D@2@@std@@@2@@std@@QAE@XZ 004066d0 f i LoadConfig.obj
 0001:000056d0       ??1_Node@?$_List_nod@VSingelRecord@@V?$allocator@VSingelRecord@@@std@@@std@@QAE@XZ 004066d0 f i appendmassrecord.obj
 0001:000056e0       ??1LoadConfig@@UAE@XZ      004066e0 f   LoadConfig.obj
 0001:000057a0       ?GetStateCondition@LoadConfig@@AAEHPAVMonitor@@V?$basic_string@DU?$char_traits@D@std@@V?$allocator@D@2@@std@@@Z 004067a0 f   LoadConfig.obj
 0001:00005d10       ?CreateSubsequent@LoadConfig@@QAEHPAVSubsequent@@@Z 00406d10 f   LoadConfig.obj
 0001:00005d60       ??_ELoadConfig@@UAEPAXI@Z  00406d60 f i LoadConfig.obj
 0001:00005d60       ??_GLoadConfig@@UAEPAXI@Z  00406d60 f i LoadConfig.obj
 0001:00005d80       ?_Buynode@?$list@V?$basic_string@DU?$char_traits@D@std@@V?$allocator@D@2@@std@@V?$allocator@V?$basic_string@DU?$char_traits@D@std@@V?$allocator@D@2@@std@@@2@@std@@IAEPAU_Node@?$_List_nod@V?$basic_string@DU?$char_traits@D@std@@V?$allocator@D@2@@std@@V?$allocator@V?$basic_string@DU?$char_traits@D@std@@V?$allocator@D@2@@std@@@2@@2@XZ 00406d80 f i LoadConfig.obj
 0001:00005da0       ?_Buynode@?$list@V?$basic_string@DU?$char_traits@D@std@@V?$allocator@D@2@@std@@V?$allocator@V?$basic_string@DU?$char_traits@D@std@@V?$allocator@D@2@@std@@@2@@std@@IAEPAU_Node@?$_List_nod@V?$basic_string@DU?$char_traits@D@std@@V?$allocator@D@2@@std@@V?$allocator@V?$basic_string@DU?$char_traits@D@std@@V?$allocator@D@2@@std@@@2@@2@PAU342@0ABV?$basic_string@DU?$char_traits@D@std@@V?$allocator@D@2@@2@@Z 00406da0 f i LoadConfig.obj
 0001:00005e30       ?_Incsize@?$list@V?$basic_string@DU?$char_traits@D@std@@V?$allocator@D@2@@std@@V?$allocator@V?$basic_string@DU?$char_traits@D@std@@V?$allocator@D@2@@std@@@2@@std@@IAEXI@Z 00406e30 f i LoadConfig.obj
 0001:00005ed0       ?_Incsize@?$list@PAVMonitor@@V?$allocator@PAVMonitor@@@std@@@std@@IAEXI@Z 00406ed0 f i LoadConfig.obj
 0001:00005f70       ??0?$list@V?$basic_string@DU?$char_traits@D@std@@V?$allocator@D@2@@std@@V?$allocator@V?$basic_string@DU?$char_traits@D@std@@V?$allocator@D@2@@std@@@2@@std@@QAE@XZ 00406f70 f i LoadConfig.obj
 0001:00005f90       ?push_back@?$list@V?$basic_string@DU?$char_traits@D@std@@V?$allocator@D@2@@std@@V?$allocator@V?$basic_string@DU?$char_traits@D@std@@V?$allocator@D@2@@std@@@2@@std@@QAEXABV?$basic_string@DU?$char_traits@D@std@@V?$allocator@D@2@@2@@Z 00406f90 f i LoadConfig.obj
 0001:00005fd0       ?clear@?$list@V?$basic_string@DU?$char_traits@D@std@@V?$allocator@D@2@@std@@V?$allocator@V?$basic_string@DU?$char_traits@D@std@@V?$allocator@D@2@@std@@@2@@std@@QAEXXZ 00406fd0 f i LoadConfig.obj
 0001:00005fd0       ?clear@?$list@VSingelRecord@@V?$allocator@VSingelRecord@@@std@@@std@@QAEXXZ 00406fd0 f i appendmassrecord.obj
 0001:00006010       ?GetParamList@LoadConfig@@AAEHPAVMonitor@@V?$basic_string@DU?$char_traits@D@std@@V?$allocator@D@2@@std@@1@Z 00407010 f   LoadConfig.obj
 0001:00006bb0       ?CreateSingleMonitor@LoadConfig@@QAEHPAVMonitor@@V?$basic_string@DU?$char_traits@D@std@@V?$allocator@D@2@@std@@@Z 00407bb0 f   LoadConfig.obj
 0001:00006cd0       ??1?$list@V?$basic_string@DU?$char_traits@D@std@@V?$allocator@D@2@@std@@V?$allocator@V?$basic_string@DU?$char_traits@D@std@@V?$allocator@D@2@@std@@@2@@std@@QAE@XZ 00407cd0 f i LoadConfig.obj
 0001:00006cd0       ??1?$list@VSingelRecord@@V?$allocator@VSingelRecord@@@std@@@std@@QAE@XZ 00407cd0 f i appendmassrecord.obj
 0001:00006cf0       ?CreateMonitors@LoadConfig@@QAEHAAV?$list@PAVMonitor@@V?$allocator@PAVMonitor@@@std@@@std@@@Z 00407cf0 f   LoadConfig.obj
 0001:00006f90       ?LoadEntitys@LoadConfig@@AAEXAAV?$list@PAVEntity@@V?$allocator@PAVEntity@@@std@@@std@@@Z 00407f90 f   LoadConfig.obj
 0001:000071c0       ?LoadGroups@LoadConfig@@AAEXAAV?$list@PAVGroupsItem@@V?$allocator@PAVGroupsItem@@@std@@@std@@@Z 004081c0 f   LoadConfig.obj
 0001:00007560       ?CreateGroups@LoadConfig@@QAEHPAVGroups@@@Z 00408560 f   LoadConfig.obj
 0001:000075c0       ?GetCurrentTimeEx@TTime@svutil@@SA?AV12@XZ 004085c0 f i MakeRecord.obj
 0001:000075f0       ?buildbuffer@MakeRecord@@AAEPADMPADH@Z 004085f0 f   MakeRecord.obj
 0001:00007620       ?buildbuffer@MakeRecord@@AAEPADV?$basic_string@DU?$char_traits@D@std@@V?$allocator@D@2@@std@@PADH@Z 00408620 f   MakeRecord.obj
 0001:000076c0       ??0MakeRecord@@QAE@PADHH@Z 004086c0 f   MakeRecord.obj
 0001:00007700       ?MakeBuf@MakeRecord@@QAE_NPAVReturnValue@@@Z 00408700 f   MakeRecord.obj
 0001:00007850       ?MakeError@MakeRecord@@QAE_NHV?$basic_string@DU?$char_traits@D@std@@V?$allocator@D@2@@std@@@Z 00408850 f   MakeRecord.obj
 0001:00007910       ??0TTime@svutil@@QAE@HHHHHHH@Z 00408910 f i Monitor.obj
 0001:000079e0       ?CalculateNextRunTime@Monitor@@QAE_NVTTime@svutil@@@Z 004089e0 f   Monitor.obj
 0001:00007a00       ?CalculateNextRunTime@Monitor@@QAE_NXZ 00408a00 f   Monitor.obj
 0001:00007a80       ?CalculateErrorFrequency@Monitor@@QAEX_N@Z 00408a80 f   Monitor.obj
 0001:00007ae0       ?_Buynode@?$list@PAVStateConditionItem@@V?$allocator@PAVStateConditionItem@@@std@@@std@@IAEPAU_Node@?$_List_nod@PAVStateConditionItem@@V?$allocator@PAVStateConditionItem@@@std@@@2@XZ 00408ae0 f i StateCondition.obj
 0001:00007ae0       ?_Buynode@?$list@PAVReturnData@@V?$allocator@PAVReturnData@@@std@@@std@@IAEPAU_Node@?$_List_nod@PAVReturnData@@V?$allocator@PAVReturnData@@@std@@@2@XZ 00408ae0 f i Monitor.obj
 0001:00007ae0       ?_Buynode@?$list@PAUtmsg@@V?$allocator@PAUtmsg@@@std@@@std@@IAEPAU_Node@?$_List_nod@PAUtmsg@@V?$allocator@PAUtmsg@@@std@@@2@XZ 00408ae0 f i MSGQueue.obj
 0001:00007ae0       ?_Buynode@?$list@PAVReturnValue@@V?$allocator@PAVReturnValue@@@std@@@std@@IAEPAU_Node@?$_List_nod@PAVReturnValue@@V?$allocator@PAVReturnValue@@@std@@@2@XZ 00408ae0 f i MonitorThread.obj
 0001:00007ae0       ?_Buynode@?$list@PAVEntity@@V?$allocator@PAVEntity@@@std@@@std@@IAEPAU_Node@?$_List_nod@PAVEntity@@V?$allocator@PAVEntity@@@std@@@2@XZ 00408ae0 f i Groups.obj
 0001:00007ae0       ?_Buynode@?$list@PAVGroupsItem@@V?$allocator@PAVGroupsItem@@@std@@@std@@IAEPAU_Node@?$_List_nod@PAVGroupsItem@@V?$allocator@PAVGroupsItem@@@std@@@2@XZ 00408ae0 f i Groups.obj
 0001:00007ae0       ?_Buynode@?$list@PAVMonitor@@V?$allocator@PAVMonitor@@@std@@@std@@IAEPAU_Node@?$_List_nod@PAVMonitor@@V?$allocator@PAVMonitor@@@std@@@2@XZ 00408ae0 f i MonitorSchedule.obj
 0001:00007ae0       ?_Buynode@?$list@PAVThreadEx@@V?$allocator@PAVThreadEx@@@std@@@std@@IAEPAU_Node@?$_List_nod@PAVThreadEx@@V?$allocator@PAVThreadEx@@@std@@@2@XZ 00408ae0 f i ScheduleThread.obj
 0001:00007ae0       ?_Buynode@?$list@PAVSubsequentItem@@V?$allocator@PAVSubsequentItem@@@std@@@std@@IAEPAU_Node@?$_List_nod@PAVSubsequentItem@@V?$allocator@PAVSubsequentItem@@@std@@@2@XZ 00408ae0 f i Subsequent.obj
 0001:00007b00       ?_Incsize@?$list@PAVReturnData@@V?$allocator@PAVReturnData@@@std@@@std@@IAEXI@Z 00408b00 f i Monitor.obj
 0001:00007b00       ?_Incsize@?$list@PAVStateConditionItem@@V?$allocator@PAVStateConditionItem@@@std@@@std@@IAEXI@Z 00408b00 f i Monitor.obj
 0001:00007ba0       ?_Buynode@?$list@PAVEntity@@V?$allocator@PAVEntity@@@std@@@std@@IAEPAU_Node@?$_List_nod@PAVEntity@@V?$allocator@PAVEntity@@@std@@@2@PAU342@0ABQAVEntity@@@Z 00408ba0 f i Groups.obj
 0001:00007ba0       ?_Buynode@?$list@PAVGroupsItem@@V?$allocator@PAVGroupsItem@@@std@@@std@@IAEPAU_Node@?$_List_nod@PAVGroupsItem@@V?$allocator@PAVGroupsItem@@@std@@@2@PAU342@0ABQAVGroupsItem@@@Z 00408ba0 f i Groups.obj
 0001:00007ba0       ?_Buynode@?$list@PAVReturnData@@V?$allocator@PAVReturnData@@@std@@@std@@IAEPAU_Node@?$_List_nod@PAVReturnData@@V?$allocator@PAVReturnData@@@std@@@2@PAU342@0ABQAVReturnData@@@Z 00408ba0 f i Monitor.obj
 0001:00007ba0       ?_Buynode@?$list@PAVThreadEx@@V?$allocator@PAVThreadEx@@@std@@@std@@IAEPAU_Node@?$_List_nod@PAVThreadEx@@V?$allocator@PAVThreadEx@@@std@@@2@PAU342@0ABQAVThreadEx@@@Z 00408ba0 f i ThreadContrl.obj
 0001:00007ba0       ?_Buynode@?$list@PAVStateConditionItem@@V?$allocator@PAVStateConditionItem@@@std@@@std@@IAEPAU_Node@?$_List_nod@PAVStateConditionItem@@V?$allocator@PAVStateConditionItem@@@std@@@2@PAU342@0ABQAVStateConditionItem@@@Z 00408ba0 f i Monitor.obj
 0001:00007ba0       ?_Buynode@?$list@PAVMonitor@@V?$allocator@PAVMonitor@@@std@@@std@@IAEPAU_Node@?$_List_nod@PAVMonitor@@V?$allocator@PAVMonitor@@@std@@@2@PAU342@0ABQAVMonitor@@@Z 00408ba0 f i LoadConfig.obj
 0001:00007ba0       ?_Buynode@?$list@PAVReturnValue@@V?$allocator@PAVReturnValue@@@std@@@std@@IAEPAU_Node@?$_List_nod@PAVReturnValue@@V?$allocator@PAVReturnValue@@@std@@@2@PAU342@0ABQAVReturnValue@@@Z 00408ba0 f i MonitorThread.obj
 0001:00007ba0       ?_Buynode@?$list@PAVSubsequentItem@@V?$allocator@PAVSubsequentItem@@@std@@@std@@IAEPAU_Node@?$_List_nod@PAVSubsequentItem@@V?$allocator@PAVSubsequentItem@@@std@@@2@PAU342@0ABQAVSubsequentItem@@@Z 00408ba0 f i readSVDB.obj
 0001:00007bd0       ??1?$list@PAVReturnValue@@V?$allocator@PAVReturnValue@@@std@@@std@@QAE@XZ 00408bd0 f i MonitorThread.obj
 0001:00007bd0       ??1?$list@PAVEntity@@V?$allocator@PAVEntity@@@std@@@std@@QAE@XZ 00408bd0 f i Groups.obj
 0001:00007bd0       ??1?$list@PAVStateConditionItem@@V?$allocator@PAVStateConditionItem@@@std@@@std@@QAE@XZ 00408bd0 f i StateCondition.obj
 0001:00007bd0       ??1?$list@PAVReturnData@@V?$allocator@PAVReturnData@@@std@@@std@@QAE@XZ 00408bd0 f i Monitor.obj
 0001:00007bd0       ??1?$list@PAUtmsg@@V?$allocator@PAUtmsg@@@std@@@std@@QAE@XZ 00408bd0 f i MSGQueue.obj
 0001:00007bd0       ??1?$list@PAVMonitor@@V?$allocator@PAVMonitor@@@std@@@std@@QAE@XZ 00408bd0 f i MonitorSchedule.obj
 0001:00007bd0       ??1?$list@PAVGroupsItem@@V?$allocator@PAVGroupsItem@@@std@@@std@@QAE@XZ 00408bd0 f i Groups.obj
 0001:00007bd0       ??1?$list@PAVSubsequentItem@@V?$allocator@PAVSubsequentItem@@@std@@@std@@QAE@XZ 00408bd0 f i Subsequent.obj
 0001:00007bd0       ??1?$list@PAVThreadEx@@V?$allocator@PAVThreadEx@@@std@@@std@@QAE@XZ 00408bd0 f i ScheduleThread.obj
 0001:00007bf0       ?push_back@?$list@PAVStateConditionItem@@V?$allocator@PAVStateConditionItem@@@std@@@std@@QAEXABQAVStateConditionItem@@@Z 00408bf0 f i Monitor.obj
 0001:00007bf0       ?push_back@?$list@PAVReturnData@@V?$allocator@PAVReturnData@@@std@@@std@@QAEXABQAVReturnData@@@Z 00408bf0 f i Monitor.obj
 0001:00007c30       ?FromTextMap@Monitor@@QAEHAAV?$hashtable@Vword@svutil@@V12@@svutil@@@Z 00408c30 f   Monitor.obj
 0001:000095a0       ??0Monitor@@QAE@XZ         0040a5a0 f   Monitor.obj
 0001:00009700       ??1Monitor@@UAE@XZ         0040a700 f   Monitor.obj
 0001:000098d0       ??_GMonitor@@UAEPAXI@Z     0040a8d0 f i Monitor.obj
 0001:000098d0       ??_EMonitor@@UAEPAXI@Z     0040a8d0 f i Monitor.obj
 0001:000098f0       ?ToTextMap@Monitor@@QAEHAAV?$hashtable@Vword@svutil@@V12@@svutil@@@Z 0040a8f0 f   Monitor.obj
 0001:0000adb0       ??0TString@@QAE@PBD@Z      0040bdb0 f i MonitorSchedule.obj
 0001:0000add0       ??0TString@@QAE@ABV0@@Z    0040bdd0 f i MonitorSchedule.obj
 0001:0000ae30       ?Replace@TString@@QAEHPBD0@Z 0040be30 f i MonitorSchedule.obj
 0001:0000aed0       ??_ETString@@UAEPAXI@Z     0040bed0 f i MonitorSchedule.obj
 0001:0000aed0       ??_GTString@@UAEPAXI@Z     0040bed0 f i MonitorSchedule.obj
 0001:0000aef0       ?Format@TTime@svutil@@QBE?AV?$basic_string@DU?$char_traits@D@std@@V?$allocator@D@2@@std@@XZ 0040bef0 f i MonitorSchedule.obj
 0001:0000af80       ?GetMonitorClass@Monitor@@QAE?AVTString@@XZ 0040bf80 f i MonitorSchedule.obj
 0001:0000afb0       ?GetSEID@Monitor@@QBE?AV?$basic_string@DU?$char_traits@D@std@@V?$allocator@D@2@@std@@XZ 0040bfb0 f i MonitorSchedule.obj
 0001:0000aff0       ?WriteLog@@YAXPBD@Z        0040bff0 f   MonitorSchedule.obj
 0001:0000b140       ?Run@@YAXXZ                0040c140 f   MonitorSchedule.obj
 0001:0000b2c0       ?CheckReturnLen@@YAHPBD@Z  0040c2c0 f   MonitorSchedule.obj
 0001:0000b2f0       ?Run_ProcessMonitor@@YAXV?$basic_string@DU?$char_traits@D@std@@V?$allocator@D@2@@std@@@Z 0040c2f0 f   MonitorSchedule.obj
 0001:0000b790       ?_Xlen@?$vector@PAV?$hashnode@Vword@svutil@@PAVTask@@@svutil@@V?$allocator@PAV?$hashnode@Vword@svutil@@PAVTask@@@svutil@@@std@@@std@@IBEXXZ 0040c790 f i MonitorSchedule.obj
 0001:0000b810       ??1?$hashelement@Vword@svutil@@PAVTask@@@svutil@@QAE@XZ 0040c810 f i MonitorSchedule.obj
 0001:0000b810       ??1word@svutil@@UAE@XZ     0040c810 f i Groups.obj
 0001:0000b830       ?CountNodes@?$sorttree@V?$hashelement@Vword@svutil@@PAVTask@@@svutil@@@svutil@@AAEXPAV?$treenode@V?$hashelement@Vword@svutil@@PAVTask@@@svutil@@@2@AAK@Z 0040c830 f i MonitorSchedule.obj
 0001:0000b860       ??GTTime@svutil@@QBE?AVTTimeSpan@1@V01@@Z 0040c860 f i MonitorSchedule.obj
 0001:0000b880       ?DeleteTree@?$sorttree@V?$hashelement@Vword@svutil@@PAVTask@@@svutil@@@svutil@@QAEXPAV?$treenode@V?$hashelement@Vword@svutil@@PAVTask@@@svutil@@@2@@Z 0040c880 f i MonitorSchedule.obj
 0001:0000b8d0       ?findnextnode@?$sorttree@V?$hashelement@Vword@svutil@@PAVTask@@@svutil@@@svutil@@ABEPAV?$treenode@V?$hashelement@Vword@svutil@@PAVTask@@@svutil@@@2@AAV?$hashelement@Vword@svutil@@PAVTask@@@2@AA_NPAV32@@Z 0040c8d0 f i MonitorSchedule.obj
 0001:0000b940       ??_E?$sorttree@V?$hashelement@Vword@svutil@@PAVTask@@@svutil@@@svutil@@UAEPAXI@Z 0040c940 f i MonitorSchedule.obj
 0001:0000b940       ??_G?$sorttree@V?$hashelement@Vword@svutil@@PAVTask@@@svutil@@@svutil@@UAEPAXI@Z 0040c940 f i MonitorSchedule.obj
 0001:0000b9a0       ?clear@?$list@PAVReturnData@@V?$allocator@PAVReturnData@@@std@@@std@@QAEXXZ 0040c9a0 f i Monitor.obj
 0001:0000b9a0       ?clear@?$list@PAVStateConditionItem@@V?$allocator@PAVStateConditionItem@@@std@@@std@@QAEXXZ 0040c9a0 f i StateCondition.obj
 0001:0000b9a0       ?clear@?$list@PAVMonitor@@V?$allocator@PAVMonitor@@@std@@@std@@QAEXXZ 0040c9a0 f i MonitorSchedule.obj
 0001:0000b9a0       ?clear@?$list@PAVSubsequentItem@@V?$allocator@PAVSubsequentItem@@@std@@@std@@QAEXXZ 0040c9a0 f i Subsequent.obj
 0001:0000b9a0       ?clear@?$list@PAVReturnValue@@V?$allocator@PAVReturnValue@@@std@@@std@@QAEXXZ 0040c9a0 f i MonitorThread.obj
 0001:0000b9a0       ?clear@?$list@PAUtmsg@@V?$allocator@PAUtmsg@@@std@@@std@@QAEXXZ 0040c9a0 f i MSGQueue.obj
 0001:0000b9a0       ?clear@?$list@PAVThreadEx@@V?$allocator@PAVThreadEx@@@std@@@std@@QAEXXZ 0040c9a0 f i ScheduleThread.obj
 0001:0000b9a0       ?clear@?$list@PAVGroupsItem@@V?$allocator@PAVGroupsItem@@@std@@@std@@QAEXXZ 0040c9a0 f i Groups.obj
 0001:0000b9a0       ?clear@?$list@PAVEntity@@V?$allocator@PAVEntity@@@std@@@std@@QAEXXZ 0040c9a0 f i Groups.obj
 0001:0000b9e0       ??1?$hashnode@Vword@svutil@@PAVTask@@@svutil@@QAE@XZ 0040c9e0 f i MonitorSchedule.obj
 0001:0000ba70       ??$_Ucopy@PAPAV?$hashnode@Vword@svutil@@V12@@svutil@@@?$vector@PAV?$hashnode@Vword@svutil@@V12@@svutil@@V?$allocator@PAV?$hashnode@Vword@svutil@@V12@@svutil@@@std@@@std@@IAEPAPAV?$hashnode@Vword@svutil@@V12@@svutil@@PAPAV23@00@Z 0040ca70 f i Groups.obj
 0001:0000ba70       ??$_Ucopy@PAPAV?$hashnode@Vword@svutil@@PAVTask@@@svutil@@@?$vector@PAV?$hashnode@Vword@svutil@@PAVTask@@@svutil@@V?$allocator@PAV?$hashnode@Vword@svutil@@PAVTask@@@svutil@@@std@@@std@@IAEPAPAV?$hashnode@Vword@svutil@@PAVTask@@@svutil@@PAPAV23@00@Z 0040ca70 f i MonitorSchedule.obj
 0001:0000baa0       ?push_back@?$list@PAVMonitor@@V?$allocator@PAVMonitor@@@std@@@std@@QAEXABQAVMonitor@@@Z 0040caa0 f i MonitorSchedule.obj
 0001:0000bae0       ?clearnodes@?$hashtable@Vword@svutil@@PAVTask@@@svutil@@IAEXXZ 0040cae0 f i MonitorSchedule.obj
 0001:0000bb50       ?findnext@?$hashnode@Vword@svutil@@PAVTask@@@svutil@@QAE_NAAV?$hashelement@Vword@svutil@@PAVTask@@@2@PAPAV32@@Z 0040cb50 f i MonitorSchedule.obj
 0001:0000bc00       ?_Insert_n@?$vector@PAV?$hashnode@Vword@svutil@@PAVTask@@@svutil@@V?$allocator@PAV?$hashnode@Vword@svutil@@PAVTask@@@svutil@@@std@@@std@@IAEXViterator@12@IABQAV?$hashnode@Vword@svutil@@PAVTask@@@svutil@@@Z 0040cc00 f i MonitorSchedule.obj
 0001:0000bdf0       ?GetMonitorListByFile@@YAHAAV?$list@PAVMonitor@@V?$allocator@PAVMonitor@@@std@@@std@@PBD@Z 0040cdf0 f   MonitorSchedule.obj
 0001:0000c0e0       ?MakeMonitorListByBuf@@YA_NAAV?$list@PAVMonitor@@V?$allocator@PAVMonitor@@@std@@@std@@PBD@Z 0040d0e0 f   MonitorSchedule.obj
 0001:0000c2a0       ?GetMonitorListByPipe@@YA_NAAV?$list@PAVMonitor@@V?$allocator@PAVMonitor@@@std@@@std@@V?$basic_string@DU?$char_traits@D@std@@V?$allocator@D@2@@2@11@Z 0040d2a0 f   MonitorSchedule.obj
 0001:0000c4e0       ??1?$hashtable@Vword@svutil@@PAVTask@@@svutil@@QAE@XZ 0040d4e0 f i MonitorSchedule.obj
 0001:0000c540       ?findnext@?$hashtable@Vword@svutil@@PAVTask@@@svutil@@QAE_NAAViterator@12@@Z 0040d540 f i MonitorSchedule.obj
 0001:0000c5e0       ?resize@?$vector@PAV?$hashnode@Vword@svutil@@PAVTask@@@svutil@@V?$allocator@PAV?$hashnode@Vword@svutil@@PAVTask@@@svutil@@@std@@@std@@QAEXIPAV?$hashnode@Vword@svutil@@PAVTask@@@svutil@@@Z 0040d5e0 f i MonitorSchedule.obj
 0001:0000c670       ??0?$hashtable@Vword@svutil@@PAVTask@@@svutil@@QAE@XZ 0040d670 f i MonitorSchedule.obj
 0001:0000c6c0       _main                      0040d6c0 f   MonitorSchedule.obj
 0001:0000d0b0       ??_Eout_of_range@std@@UAEPAXI@Z 0040e0b0 f i MonitorSchMain.obj
 0001:0000d0b0       ??_Gout_of_range@std@@UAEPAXI@Z 0040e0b0 f i MonitorSchMain.obj
 0001:0000d0d0       ??1out_of_range@std@@UAE@XZ 0040e0d0 f i MonitorSchMain.obj
 0001:0000d0e0       ??1sv_dyn@@QAE@XZ          0040e0e0 f i MonitorSchMain.obj
 0001:0000d0f0       ?GetLastState@Monitor@@QAEHXZ 0040e0f0 f i MonitorSchMain.obj
 0001:0000d1c0       ?GetNextRunTime@Monitor@@QAE?AVTTime@svutil@@XZ 0040e1c0 f i MonitorSchMain.obj
 0001:0000d1d0       ?GetTaskName@Monitor@@QAE?AV?$basic_string@DU?$char_traits@D@std@@V?$allocator@D@2@@std@@XZ 0040e1d0 f i MonitorSchMain.obj
 0001:0000d200       ?GetParentID@Entity@@QBE?AV?$basic_string@DU?$char_traits@D@std@@V?$allocator@D@2@@std@@XZ 0040e200 f i MonitorSchMain.obj
 0001:0000d240       ?CopyTempData@Entity@@QAE_NPBV1@@Z 0040e240 f i MonitorSchMain.obj
 0001:0000d320       ?Start@ThreadEx@@QAEHXZ    0040e320 f i MonitorSchMain.obj
 0001:0000d340       ??_GCommunicationThread@@UAEPAXI@Z 0040e340 f i MonitorSchMain.obj
 0001:0000d340       ??_ECommunicationThread@@UAEPAXI@Z 0040e340 f i MonitorSchMain.obj
 0001:0000d360       ??_GScheduleThread@@UAEPAXI@Z 0040e360 f i MonitorSchMain.obj
 0001:0000d360       ??_EScheduleThread@@UAEPAXI@Z 0040e360 f i MonitorSchMain.obj
 0001:0000d380       ??0SerialData@@QAE@V?$basic_string@DU?$char_traits@D@std@@V?$allocator@D@2@@std@@@Z 0040e380 f i MonitorSchMain.obj
 0001:0000d3f0       ?Run@MonitorSchMain@@QAEXXZ 0040e3f0 f   MonitorSchMain.obj
 0001:0000d400       ?GetMonitorList@MonitorSchMain@@QAEAAV?$list@PAVMonitor@@V?$allocator@PAVMonitor@@@std@@@std@@XZ 0040e400 f   MonitorSchMain.obj
 0001:0000d410       ?ParseOpt@MonitorSchMain@@KA_NV?$basic_string@DU?$char_traits@D@std@@V?$allocator@D@2@@std@@AAV23@1@Z 0040e410 f   MonitorSchMain.obj
 0001:0000d520       ?LoadPreLibrary@MonitorSchMain@@QAE_NXZ 0040e520 f   MonitorSchMain.obj
 0001:0000d6c0       ??0?$hashelement@Vword@svutil@@PAVTask@@@svutil@@QAE@ABVword@1@@Z 0040e6c0 f i MonitorSchMain.obj
 0001:0000d720       ?_Max@?$_Tree@V?$_Tmap_traits@V?$basic_string@DU?$char_traits@D@std@@V?$allocator@D@2@@std@@V?$map@V?$basic_string@DU?$char_traits@D@std@@V?$allocator@D@2@@std@@V12@UStlIniCompareStringNoCase@@V?$allocator@U?$pair@$$CBV?$basic_string@DU?$char_traits@D@std@@V?$allocator@D@2@@std@@V12@@std@@@2@@2@UStlIniCompareStringNoCase@@V?$allocator@U?$pair@$$CBV?$basic_string@DU?$char_traits@D@std@@V?$allocator@D@2@@std@@V?$map@V?$basic_string@DU?$char_traits@D@std@@V?$allocator@D@2@@std@@V12@UStlIniCompareStringNoCase@@V?$allocator@U?$pair@$$CBV?$basic_string@DU?$char_traits@D@std@@V?$allocator@D@2@@std@@V12@@std@@@2@@2@@std@@@2@$0A@@std@@@std@@KAPAU_Node@?$_Tree_nod@V?$_Tmap_traits@V?$basic_string@DU?$char_traits@D@std@@V?$allocator@D@2@@std@@V?$map@V?$basic_string@DU?$char_traits@D@std@@V?$allocator@D@2@@std@@V12@UStlIniCompareStringNoCase@@V?$allocator@U?$pair@$$CBV?$basic_string@DU?$char_traits@D@std@@V?$allocator@D@2@@std@@V12@@std@@@2@@2@UStlIniCompareStringNoCase@@V?$allocator@U?$pair@$$CBV?$basic_string@DU?$char_traits@D@std@@V?$allocator@D@2@@std@@V?$map@V?$basic_string@DU?$char_traits@D@std@@V?$allocator@D@2@@std@@V12@UStlIniCompareStringNoCase@@V?$allocator@U?$pair@$$CBV?$basic_string@DU?$char_traits@D@std@@V?$allocator@D@2@@std@@V12@@std@@@2@@2@@std@@@2@$0A@@std@@@2@PAU342@@Z 0040e720 f i MonitorSchMain.obj
 0001:0000d740       ?_Min@?$_Tree@V?$_Tmap_traits@V?$basic_string@DU?$char_traits@D@std@@V?$allocator@D@2@@std@@V?$map@V?$basic_string@DU?$char_traits@D@std@@V?$allocator@D@2@@std@@V12@UStlIniCompareStringNoCase@@V?$allocator@U?$pair@$$CBV?$basic_string@DU?$char_traits@D@std@@V?$allocator@D@2@@std@@V12@@std@@@2@@2@UStlIniCompareStringNoCase@@V?$allocator@U?$pair@$$CBV?$basic_string@DU?$char_traits@D@std@@V?$allocator@D@2@@std@@V?$map@V?$basic_string@DU?$char_traits@D@std@@V?$allocator@D@2@@std@@V12@UStlIniCompareStringNoCase@@V?$allocator@U?$pair@$$CBV?$basic_string@DU?$char_traits@D@std@@V?$allocator@D@2@@std@@V12@@std@@@2@@2@@std@@@2@$0A@@std@@@std@@KAPAU_Node@?$_Tree_nod@V?$_Tmap_traits@V?$basic_string@DU?$char_traits@D@std@@V?$allocator@D@2@@std@@V?$map@V?$basic_string@DU?$char_traits@D@std@@V?$allocator@D@2@@std@@V12@UStlIniCompareStringNoCase@@V?$allocator@U?$pair@$$CBV?$basic_string@DU?$char_traits@D@std@@V?$allocator@D@2@@std@@V12@@std@@@2@@2@UStlIniCompareStringNoCase@@V?$allocator@U?$pair@$$CBV?$basic_string@DU?$char_traits@D@std@@V?$allocator@D@2@@std@@V?$map@V?$basic_string@DU?$char_traits@D@std@@V?$allocator@D@2@@std@@V12@UStlIniCompareStringNoCase@@V?$allocator@U?$pair@$$CBV?$basic_string@DU?$char_traits@D@std@@V?$allocator@D@2@@std@@V12@@std@@@2@@2@@std@@@2@$0A@@std@@@2@PAU342@@Z 0040e740 f i MonitorSchMain.obj
 0001:0000d760       ?_Rrotate@?$_Tree@V?$_Tmap_traits@V?$basic_string@DU?$char_traits@D@std@@V?$allocator@D@2@@std@@V?$map@V?$basic_string@DU?$char_traits@D@std@@V?$allocator@D@2@@std@@V12@UStlIniCompareStringNoCase@@V?$allocator@U?$pair@$$CBV?$basic_string@DU?$char_traits@D@std@@V?$allocator@D@2@@std@@V12@@std@@@2@@2@UStlIniCompareStringNoCase@@V?$allocator@U?$pair@$$CBV?$basic_string@DU?$char_traits@D@std@@V?$allocator@D@2@@std@@V?$map@V?$basic_string@DU?$char_traits@D@std@@V?$allocator@D@2@@std@@V12@UStlIniCompareStringNoCase@@V?$allocator@U?$pair@$$CBV?$basic_string@DU?$char_traits@D@std@@V?$allocator@D@2@@std@@V12@@std@@@2@@2@@std@@@2@$0A@@std@@@std@@IAEXPAU_Node@?$_Tree_nod@V?$_Tmap_traits@V?$basic_string@DU?$char_traits@D@std@@V?$allocator@D@2@@std@@V?$map@V?$basic_string@DU?$char_traits@D@std@@V?$allocator@D@2@@std@@V12@UStlIniCompareStringNoCase@@V?$allocator@U?$pair@$$CBV?$basic_string@DU?$char_traits@D@std@@V?$allocator@D@2@@std@@V12@@std@@@2@@2@UStlIniCompareStringNoCase@@V?$allocator@U?$pair@$$CBV?$basic_string@DU?$char_traits@D@std@@V?$allocator@D@2@@std@@V?$map@V?$basic_string@DU?$char_traits@D@std@@V?$allocator@D@2@@std@@V12@UStlIniCompareStringNoCase@@V?$allocator@U?$pair@$$CBV?$basic_string@DU?$char_traits@D@std@@V?$allocator@D@2@@std@@V12@@std@@@2@@2@@std@@@2@$0A@@std@@@2@@Z 0040e760 f i MonitorSchMain.obj
 0001:0000d7c0       ?_Inc@const_iterator@?$_Tree@V?$_Tmap_traits@V?$basic_string@DU?$char_traits@D@std@@V?$allocator@D@2@@std@@V?$map@V?$basic_string@DU?$char_traits@D@std@@V?$allocator@D@2@@std@@V12@UStlIniCompareStringNoCase@@V?$allocator@U?$pair@$$CBV?$basic_string@DU?$char_traits@D@std@@V?$allocator@D@2@@std@@V12@@std@@@2@@2@UStlIniCompareStringNoCase@@V?$allocator@U?$pair@$$CBV?$basic_string@DU?$char_traits@D@std@@V?$allocator@D@2@@std@@V?$map@V?$basic_string@DU?$char_traits@D@std@@V?$allocator@D@2@@std@@V12@UStlIniCompareStringNoCase@@V?$allocator@U?$pair@$$CBV?$basic_string@DU?$char_traits@D@std@@V?$allocator@D@2@@std@@V12@@std@@@2@@2@@std@@@2@$0A@@std@@@std@@QAEXXZ 0040e7c0 f i MonitorSchMain.obj
 0001:0000d820       ?_Max@?$_Tree@V?$_Tmap_traits@V?$basic_string@DU?$char_traits@D@std@@V?$allocator@D@2@@std@@V12@UStlIniCompareStringNoCase@@V?$allocator@U?$pair@$$CBV?$basic_string@DU?$char_traits@D@std@@V?$allocator@D@2@@std@@V12@@std@@@2@$0A@@std@@@std@@KAPAU_Node@?$_Tree_nod@V?$_Tmap_traits@V?$basic_string@DU?$char_traits@D@std@@V?$allocator@D@2@@std@@V12@UStlIniCompareStringNoCase@@V?$allocator@U?$pair@$$CBV?$basic_string@DU?$char_traits@D@std@@V?$allocator@D@2@@std@@V12@@std@@@2@$0A@@std@@@2@PAU342@@Z 0040e820 f i MonitorSchMain.obj
 0001:0000d840       ?_Min@?$_Tree@V?$_Tmap_traits@V?$basic_string@DU?$char_traits@D@std@@V?$allocator@D@2@@std@@V12@UStlIniCompareStringNoCase@@V?$allocator@U?$pair@$$CBV?$basic_string@DU?$char_traits@D@std@@V?$allocator@D@2@@std@@V12@@std@@@2@$0A@@std@@@std@@KAPAU_Node@?$_Tree_nod@V?$_Tmap_traits@V?$basic_string@DU?$char_traits@D@std@@V?$allocator@D@2@@std@@V12@UStlIniCompareStringNoCase@@V?$allocator@U?$pair@$$CBV?$basic_string@DU?$char_traits@D@std@@V?$allocator@D@2@@std@@V12@@std@@@2@$0A@@std@@@2@PAU342@@Z 0040e840 f i MonitorSchMain.obj
 0001:0000d860       ?_Rrotate@?$_Tree@V?$_Tmap_traits@V?$basic_string@DU?$char_traits@D@std@@V?$allocator@D@2@@std@@V12@UStlIniCompareStringNoCase@@V?$allocator@U?$pair@$$CBV?$basic_string@DU?$char_traits@D@std@@V?$allocator@D@2@@std@@V12@@std@@@2@$0A@@std@@@std@@IAEXPAU_Node@?$_Tree_nod@V?$_Tmap_traits@V?$basic_string@DU?$char_traits@D@std@@V?$allocator@D@2@@std@@V12@UStlIniCompareStringNoCase@@V?$allocator@U?$pair@$$CBV?$basic_string@DU?$char_traits@D@std@@V?$allocator@D@2@@std@@V12@@std@@@2@$0A@@std@@@2@@Z 0040e860 f i MonitorSchMain.obj
 0001:0000d8c0       ?_Inc@const_iterator@?$_Tree@V?$_Tmap_traits@V?$basic_string@DU?$char_traits@D@std@@V?$allocator@D@2@@std@@V12@UStlIniCompareStringNoCase@@V?$allocator@U?$pair@$$CBV?$basic_string@DU?$char_traits@D@std@@V?$allocator@D@2@@std@@V12@@std@@@2@$0A@@std@@@std@@QAEXXZ 0040e8c0 f i MonitorSchMain.obj
 0001:0000d920       ??1?$pair@$$CBV?$basic_string@DU?$char_traits@D@std@@V?$allocator@D@2@@std@@V12@@std@@QAE@XZ 0040e920 f i MonitorSchMain.obj
 0001:0000d970       ?SerialMonitorData@MonitorSchMain@@QAE_N_N@Z 0040e970 f   MonitorSchMain.obj
 0001:0000da70       ?findnode@?$sorttree@V?$hashelement@Vword@svutil@@PAVTask@@@svutil@@@svutil@@QAEPAV?$treenode@V?$hashelement@Vword@svutil@@PAVTask@@@svutil@@@2@ABV?$hashelement@Vword@svutil@@PAVTask@@@2@PAV32@@Z 0040ea70 f i MonitorSchMain.obj
 0001:0000dae0       ?_Lrotate@?$_Tree@V?$_Tmap_traits@V?$basic_string@DU?$char_traits@D@std@@V?$allocator@D@2@@std@@V?$map@V?$basic_string@DU?$char_traits@D@std@@V?$allocator@D@2@@std@@V12@UStlIniCompareStringNoCase@@V?$allocator@U?$pair@$$CBV?$basic_string@DU?$char_traits@D@std@@V?$allocator@D@2@@std@@V12@@std@@@2@@2@UStlIniCompareStringNoCase@@V?$allocator@U?$pair@$$CBV?$basic_string@DU?$char_traits@D@std@@V?$allocator@D@2@@std@@V?$map@V?$basic_string@DU?$char_traits@D@std@@V?$allocator@D@2@@std@@V12@UStlIniCompareStringNoCase@@V?$allocator@U?$pair@$$CBV?$basic_string@DU?$char_traits@D@std@@V?$allocator@D@2@@std@@V12@@std@@@2@@2@@std@@@2@$0A@@std@@@std@@IAEXPAU_Node@?$_Tree_nod@V?$_Tmap_traits@V?$basic_string@DU?$char_traits@D@std@@V?$allocator@D@2@@std@@V?$map@V?$basic_string@DU?$char_traits@D@std@@V?$allocator@D@2@@std@@V12@UStlIniCompareStringNoCase@@V?$allocator@U?$pair@$$CBV?$basic_string@DU?$char_traits@D@std@@V?$allocator@D@2@@std@@V12@@std@@@2@@2@UStlIniCompareStringNoCase@@V?$allocator@U?$pair@$$CBV?$basic_string@DU?$char_traits@D@std@@V?$allocator@D@2@@std@@V?$map@V?$basic_string@DU?$char_traits@D@std@@V?$allocator@D@2@@std@@V12@UStlIniCompareStringNoCase@@V?$allocator@U?$pair@$$CBV?$basic_string@DU?$char_traits@D@std@@V?$allocator@D@2@@std@@V12@@std@@@2@@2@@std@@@2@$0A@@std@@@2@@Z 0040eae0 f i MonitorSchMain.obj
 0001:0000db40       ?_Lrotate@?$_Tree@V?$_Tmap_traits@V?$basic_string@DU?$char_traits@D@std@@V?$allocator@D@2@@std@@V12@UStlIniCompareStringNoCase@@V?$allocator@U?$pair@$$CBV?$basic_string@DU?$char_traits@D@std@@V?$allocator@D@2@@std@@V12@@std@@@2@$0A@@std@@@std@@IAEXPAU_Node@?$_Tree_nod@V?$_Tmap_traits@V?$basic_string@DU?$char_traits@D@std@@V?$allocator@D@2@@std@@V12@UStlIniCompareStringNoCase@@V?$allocator@U?$pair@$$CBV?$basic_string@DU?$char_traits@D@std@@V?$allocator@D@2@@std@@V12@@std@@@2@$0A@@std@@@2@@Z 0040eb40 f i MonitorSchMain.obj
 0001:0000dba0       ??1_Node@?$_Tree_nod@V?$_Tmap_traits@V?$basic_string@DU?$char_traits@D@std@@V?$allocator@D@2@@std@@V12@UStlIniCompareStringNoCase@@V?$allocator@U?$pair@$$CBV?$basic_string@DU?$char_traits@D@std@@V?$allocator@D@2@@std@@V12@@std@@@2@$0A@@std@@@std@@QAE@XZ 0040eba0 f i MonitorSchMain.obj
 0001:0000dbb0       ?Init@MonitorSchMain@@QAEHXZ 0040ebb0 f   MonitorSchMain.obj
 0001:0000e090       ?find@?$hashnode@Vword@svutil@@PAVTask@@@svutil@@QAE_NABVword@2@PAPAV?$hashelement@Vword@svutil@@PAVTask@@@2@@Z 0040f090 f i MonitorSchMain.obj
 0001:0000e160       ?GetMonitorByID@MonitorSchMain@@QAEPAVMonitor@@PBD@Z 0040f160 f   MonitorSchMain.obj
 0001:0000e1f0       ?InitGroupDependByMonitorChangeV70@MonitorSchMain@@IAE_NPAVMonitor@@0_N@Z 0040f1f0 f   MonitorSchMain.obj
 0001:0000e260       ?EntityChangeV70@MonitorSchMain@@IAE_NPAVEntity@@0_N@Z 0040f260 f   MonitorSchMain.obj
 0001:0000e2c0       ?erase@?$list@PAVEntity@@V?$allocator@PAVEntity@@@std@@@std@@QAE?AViterator@12@V312@@Z 0040f2c0 f i MonitorSchMain.obj
 0001:0000e2c0       ?erase@?$list@PAVGroupsItem@@V?$allocator@PAVGroupsItem@@@std@@@std@@QAE?AViterator@12@V312@@Z 0040f2c0 f i MonitorSchMain.obj
 0001:0000e300       ?find@?$hashnode@Vword@svutil@@PAVTask@@@svutil@@QAE_NABVword@2@PAPAPAVTask@@@Z 0040f300 f i MonitorSchMain.obj
 0001:0000e360       ?CheckGroupDependState@MonitorSchMain@@QAEHPAVMonitor@@AAVTString@@@Z 0040f360 f   MonitorSchMain.obj
 0001:0000e6c0       ?DeleteMonitorV70@MonitorSchMain@@QAE_NV?$basic_string@DU?$char_traits@D@std@@V?$allocator@D@2@@std@@@Z 0040f6c0 f   MonitorSchMain.obj
 0001:0000e7c0       ?find@?$hashtable@Vword@svutil@@PAVTask@@@svutil@@QAEPAPAVTask@@ABVword@2@@Z 0040f7c0 f i MonitorSchMain.obj
 0001:0000e830       ?CheckTask@MonitorSchMain@@QAE_NPAVMonitor@@VTTime@svutil@@AAH@Z 0040f830 f   MonitorSchMain.obj
 0001:0000ec60       ?AddMonitorV70@MonitorSchMain@@IAE_NV?$basic_string@DU?$char_traits@D@std@@V?$allocator@D@2@@std@@_N@Z 0040fc60 f   MonitorSchMain.obj
 0001:0000efd0       ?erase@?$_Tree@V?$_Tmap_traits@V?$basic_string@DU?$char_traits@D@std@@V?$allocator@D@2@@std@@V12@UStlIniCompareStringNoCase@@V?$allocator@U?$pair@$$CBV?$basic_string@DU?$char_traits@D@std@@V?$allocator@D@2@@std@@V12@@std@@@2@$0A@@std@@@std@@QAE?AViterator@12@V312@@Z 0040ffd0 f i MonitorSchMain.obj
 0001:0000f2d0       ??0out_of_range@std@@QAE@ABV01@@Z 004102d0 f i MonitorSchMain.obj
 0001:0000f2f0       ?_Erase@?$_Tree@V?$_Tmap_traits@V?$basic_string@DU?$char_traits@D@std@@V?$allocator@D@2@@std@@V12@UStlIniCompareStringNoCase@@V?$allocator@U?$pair@$$CBV?$basic_string@DU?$char_traits@D@std@@V?$allocator@D@2@@std@@V12@@std@@@2@$0A@@std@@@std@@IAEXPAU_Node@?$_Tree_nod@V?$_Tmap_traits@V?$basic_string@DU?$char_traits@D@std@@V?$allocator@D@2@@std@@V12@UStlIniCompareStringNoCase@@V?$allocator@U?$pair@$$CBV?$basic_string@DU?$char_traits@D@std@@V?$allocator@D@2@@std@@V12@@std@@@2@$0A@@std@@@2@@Z 004102f0 f i MonitorSchMain.obj
 0001:0000f330       ??1MonitorSchMain@@UAE@XZ  00410330 f   MonitorSchMain.obj
 0001:0000f460       ?ReLoadTaskV70@MonitorSchMain@@IAE_NXZ 00410460 f   MonitorSchMain.obj
 0001:0000f530       ??0MonitorSchMain@@QAE@XZ  00410530 f   MonitorSchMain.obj
 0001:0000f5e0       ??_GMonitorSchMain@@UAEPAXI@Z 004105e0 f i MonitorSchMain.obj
 0001:0000f5e0       ??_EMonitorSchMain@@UAEPAXI@Z 004105e0 f i MonitorSchMain.obj
 0001:0000f600       ?ReLoadMonitorsV70@MonitorSchMain@@IAE_NV?$basic_string@DU?$char_traits@D@std@@V?$allocator@D@2@@std@@@Z 00410600 f   MonitorSchMain.obj
 0001:0000f7b0       ?InitMonitorsGroupDependV70@MonitorSchMain@@IAE_NV?$basic_string@DU?$char_traits@D@std@@V?$allocator@D@2@@std@@@Z 004107b0 f   MonitorSchMain.obj
 0001:0000f8a0       ?AddGroupV70@MonitorSchMain@@IAE_NV?$basic_string@DU?$char_traits@D@std@@V?$allocator@D@2@@std@@_N@Z 004108a0 f   MonitorSchMain.obj
 0001:0000fb20       ?erase@?$_Tree@V?$_Tmap_traits@V?$basic_string@DU?$char_traits@D@std@@V?$allocator@D@2@@std@@V12@UStlIniCompareStringNoCase@@V?$allocator@U?$pair@$$CBV?$basic_string@DU?$char_traits@D@std@@V?$allocator@D@2@@std@@V12@@std@@@2@$0A@@std@@@std@@QAE?AViterator@12@V312@0@Z 00410b20 f i MonitorSchMain.obj
 0001:0000fbe0       ?AddEntityV70@MonitorSchMain@@IAE_NV?$basic_string@DU?$char_traits@D@std@@V?$allocator@D@2@@std@@_N@Z 00410be0 f   MonitorSchMain.obj
 0001:0000fe90       ?ProcessConfigChange@MonitorSchMain@@QAE_NV?$basic_string@DU?$char_traits@D@std@@V?$allocator@D@2@@std@@0@Z 00410e90 f   MonitorSchMain.obj
 0001:00010220       ??1?$map@V?$basic_string@DU?$char_traits@D@std@@V?$allocator@D@2@@std@@V12@UStlIniCompareStringNoCase@@V?$allocator@U?$pair@$$CBV?$basic_string@DU?$char_traits@D@std@@V?$allocator@D@2@@std@@V12@@std@@@2@@std@@QAE@XZ 00411220 f i MonitorSchMain.obj
 0001:00010220       ?_Tidy@?$_Tree@V?$_Tmap_traits@V?$basic_string@DU?$char_traits@D@std@@V?$allocator@D@2@@std@@V12@UStlIniCompareStringNoCase@@V?$allocator@U?$pair@$$CBV?$basic_string@DU?$char_traits@D@std@@V?$allocator@D@2@@std@@V12@@std@@@2@$0A@@std@@@std@@IAEXXZ 00411220 f i MonitorSchMain.obj
 0001:00010250       ??1?$pair@$$CBV?$basic_string@DU?$char_traits@D@std@@V?$allocator@D@2@@std@@V?$map@V?$basic_string@DU?$char_traits@D@std@@V?$allocator@D@2@@std@@V12@UStlIniCompareStringNoCase@@V?$allocator@U?$pair@$$CBV?$basic_string@DU?$char_traits@D@std@@V?$allocator@D@2@@std@@V12@@std@@@2@@2@@std@@QAE@XZ 00411250 f i MonitorSchMain.obj
 0001:000102d0       ??1_Node@?$_Tree_nod@V?$_Tmap_traits@V?$basic_string@DU?$char_traits@D@std@@V?$allocator@D@2@@std@@V?$map@V?$basic_string@DU?$char_traits@D@std@@V?$allocator@D@2@@std@@V12@UStlIniCompareStringNoCase@@V?$allocator@U?$pair@$$CBV?$basic_string@DU?$char_traits@D@std@@V?$allocator@D@2@@std@@V12@@std@@@2@@2@UStlIniCompareStringNoCase@@V?$allocator@U?$pair@$$CBV?$basic_string@DU?$char_traits@D@std@@V?$allocator@D@2@@std@@V?$map@V?$basic_string@DU?$char_traits@D@std@@V?$allocator@D@2@@std@@V12@UStlIniCompareStringNoCase@@V?$allocator@U?$pair@$$CBV?$basic_string@DU?$char_traits@D@std@@V?$allocator@D@2@@std@@V12@@std@@@2@@2@@std@@@2@$0A@@std@@@std@@QAE@XZ 004112d0 f i MonitorSchMain.obj
 0001:000102e0       ?erase@?$_Tree@V?$_Tmap_traits@V?$basic_string@DU?$char_traits@D@std@@V?$allocator@D@2@@std@@V?$map@V?$basic_string@DU?$char_traits@D@std@@V?$allocator@D@2@@std@@V12@UStlIniCompareStringNoCase@@V?$allocator@U?$pair@$$CBV?$basic_string@DU?$char_traits@D@std@@V?$allocator@D@2@@std@@V12@@std@@@2@@2@UStlIniCompareStringNoCase@@V?$allocator@U?$pair@$$CBV?$basic_string@DU?$char_traits@D@std@@V?$allocator@D@2@@std@@V?$map@V?$basic_string@DU?$char_traits@D@std@@V?$allocator@D@2@@std@@V12@UStlIniCompareStringNoCase@@V?$allocator@U?$pair@$$CBV?$basic_string@DU?$char_traits@D@std@@V?$allocator@D@2@@std@@V12@@std@@@2@@2@@std@@@2@$0A@@std@@@std@@QAE?AViterator@12@V312@@Z 004112e0 f i MonitorSchMain.obj
 0001:000105c0       ?_Erase@?$_Tree@V?$_Tmap_traits@V?$basic_string@DU?$char_traits@D@std@@V?$allocator@D@2@@std@@V?$map@V?$basic_string@DU?$char_traits@D@std@@V?$allocator@D@2@@std@@V12@UStlIniCompareStringNoCase@@V?$allocator@U?$pair@$$CBV?$basic_string@DU?$char_traits@D@std@@V?$allocator@D@2@@std@@V12@@std@@@2@@2@UStlIniCompareStringNoCase@@V?$allocator@U?$pair@$$CBV?$basic_string@DU?$char_traits@D@std@@V?$allocator@D@2@@std@@V?$map@V?$basic_string@DU?$char_traits@D@std@@V?$allocator@D@2@@std@@V12@UStlIniCompareStringNoCase@@V?$allocator@U?$pair@$$CBV?$basic_string@DU?$char_traits@D@std@@V?$allocator@D@2@@std@@V12@@std@@@2@@2@@std@@@2@$0A@@std@@@std@@IAEXPAU_Node@?$_Tree_nod@V?$_Tmap_traits@V?$basic_string@DU?$char_traits@D@std@@V?$allocator@D@2@@std@@V?$map@V?$basic_string@DU?$char_traits@D@std@@V?$allocator@D@2@@std@@V12@UStlIniCompareStringNoCase@@V?$allocator@U?$pair@$$CBV?$basic_string@DU?$char_traits@D@std@@V?$allocator@D@2@@std@@V12@@std@@@2@@2@UStlIniCompareStringNoCase@@V?$allocator@U?$pair@$$CBV?$basic_string@DU?$char_traits@D@std@@V?$allocator@D@2@@std@@V?$map@V?$basic_string@DU?$char_traits@D@std@@V?$allocator@D@2@@std@@V12@UStlIniCompareStringNoCase@@V?$allocator@U?$pair@$$CBV?$basic_string@DU?$char_traits@D@std@@V?$allocator@D@2@@std@@V12@@std@@@2@@2@@std@@@2@$0A@@std@@@2@@Z 004115c0 f i MonitorSchMain.obj
 0001:00010600       ?erase@?$_Tree@V?$_Tmap_traits@V?$basic_string@DU?$char_traits@D@std@@V?$allocator@D@2@@std@@V?$map@V?$basic_string@DU?$char_traits@D@std@@V?$allocator@D@2@@std@@V12@UStlIniCompareStringNoCase@@V?$allocator@U?$pair@$$CBV?$basic_string@DU?$char_traits@D@std@@V?$allocator@D@2@@std@@V12@@std@@@2@@2@UStlIniCompareStringNoCase@@V?$allocator@U?$pair@$$CBV?$basic_string@DU?$char_traits@D@std@@V?$allocator@D@2@@std@@V?$map@V?$basic_string@DU?$char_traits@D@std@@V?$allocator@D@2@@std@@V12@UStlIniCompareStringNoCase@@V?$allocator@U?$pair@$$CBV?$basic_string@DU?$char_traits@D@std@@V?$allocator@D@2@@std@@V12@@std@@@2@@2@@std@@@2@$0A@@std@@@std@@QAE?AViterator@12@V312@0@Z 00411600 f i MonitorSchMain.obj
 0001:000106c0       ??1?$map@V?$basic_string@DU?$char_traits@D@std@@V?$allocator@D@2@@std@@V?$map@V?$basic_string@DU?$char_traits@D@std@@V?$allocator@D@2@@std@@V12@UStlIniCompareStringNoCase@@V?$allocator@U?$pair@$$CBV?$basic_string@DU?$char_traits@D@std@@V?$allocator@D@2@@std@@V12@@std@@@2@@2@UStlIniCompareStringNoCase@@V?$allocator@U?$pair@$$CBV?$basic_string@DU?$char_traits@D@std@@V?$allocator@D@2@@std@@V?$map@V?$basic_string@DU?$char_traits@D@std@@V?$allocator@D@2@@std@@V12@UStlIniCompareStringNoCase@@V?$allocator@U?$pair@$$CBV?$basic_string@DU?$char_traits@D@std@@V?$allocator@D@2@@std@@V12@@std@@@2@@2@@std@@@2@@std@@QAE@XZ 004116c0 f i MonitorSchMain.obj
 0001:000106c0       ?_Tidy@?$_Tree@V?$_Tmap_traits@V?$basic_string@DU?$char_traits@D@std@@V?$allocator@D@2@@std@@V?$map@V?$basic_string@DU?$char_traits@D@std@@V?$allocator@D@2@@std@@V12@UStlIniCompareStringNoCase@@V?$allocator@U?$pair@$$CBV?$basic_string@DU?$char_traits@D@std@@V?$allocator@D@2@@std@@V12@@std@@@2@@2@UStlIniCompareStringNoCase@@V?$allocator@U?$pair@$$CBV?$basic_string@DU?$char_traits@D@std@@V?$allocator@D@2@@std@@V?$map@V?$basic_string@DU?$char_traits@D@std@@V?$allocator@D@2@@std@@V12@UStlIniCompareStringNoCase@@V?$allocator@U?$pair@$$CBV?$basic_string@DU?$char_traits@D@std@@V?$allocator@D@2@@std@@V12@@std@@@2@@2@@std@@@2@$0A@@std@@@std@@IAEXXZ 004116c0 f i MonitorSchMain.obj
 0001:000106f0       ??0TString@@QAE@VString@ost@@@Z 004116f0 f i MonitorThread.obj
 0001:00010750       ?Mid@TString@@QAE?AV1@HH@Z 00411750 f i MonitorThread.obj
 0001:00010790       ??4TString@@QAEAAV0@AAV?$basic_string@DU?$char_traits@D@std@@V?$allocator@D@2@@std@@@Z 00411790 f i MonitorThread.obj
 0001:000107d0       ?GetLibrary@Monitor@@QAE?AVTString@@XZ 004117d0 f i MonitorThread.obj
 0001:000107f0       ?GetProcess@Monitor@@QAE?AVTString@@XZ 004117f0 f i MonitorThread.obj
 0001:00010810       ?Judge@MonitorThread@@AAEHPBD00@Z 00411810 f   MonitorThread.obj
 0001:00010a30       ?ExecuteMonitor@MonitorThread@@QAEXPAVMonitor@@@Z 00411a30 f   MonitorThread.obj
 0001:00010a70       ?RunInProcess@MonitorThread@@IAE_NHV?$basic_string@DU?$char_traits@D@std@@V?$allocator@D@2@@std@@0@Z 00411a70 f   MonitorThread.obj
 0001:00011410       ?size@?$vector@V?$basic_string@DU?$char_traits@D@std@@V?$allocator@D@2@@std@@V?$allocator@V?$basic_string@DU?$char_traits@D@std@@V?$allocator@D@2@@std@@@2@@std@@QBEIXZ 00412410 f i MonitorThread.obj
 0001:00011440       ?_Xlen@?$vector@V?$basic_string@DU?$char_traits@D@std@@V?$allocator@D@2@@std@@V?$allocator@V?$basic_string@DU?$char_traits@D@std@@V?$allocator@D@2@@std@@@2@@std@@IBEXXZ 00412440 f i MonitorThread.obj
 0001:000114c0       ?CountNodes@?$sorttree@V?$hashelement@Vword@svutil@@V12@@svutil@@@svutil@@AAEXPAV?$treenode@V?$hashelement@Vword@svutil@@V12@@svutil@@@2@AAK@Z 004124c0 f i MonitorThread.obj
 0001:000114f0       ??$fill@PAV?$basic_string@DU?$char_traits@D@std@@V?$allocator@D@2@@std@@V12@@std@@YAXPAV?$basic_string@DU?$char_traits@D@std@@V?$allocator@D@2@@0@0ABV10@@Z 004124f0 f i MonitorThread.obj
 0001:00011520       ??$_Copy_backward_opt@PAV?$basic_string@DU?$char_traits@D@std@@V?$allocator@D@2@@std@@PAV12@@std@@YAPAV?$basic_string@DU?$char_traits@D@std@@V?$allocator@D@2@@0@PAV10@00U_Nonscalar_ptr_iterator_tag@0@@Z 00412520 f i MonitorThread.obj
 0001:00011560       ?findnextnode@?$sorttree@V?$hashelement@Vword@svutil@@V12@@svutil@@@svutil@@ABEPAV?$treenode@V?$hashelement@Vword@svutil@@V12@@svutil@@@2@AAV?$hashelement@Vword@svutil@@V12@@2@AA_NPAV32@@Z 00412560 f i MonitorThread.obj
 0001:000115d0       ??$_Uninit_copy@PAV?$basic_string@DU?$char_traits@D@std@@V?$allocator@D@2@@std@@PAV12@V?$allocator@V?$basic_string@DU?$char_traits@D@std@@V?$allocator@D@2@@std@@@2@@std@@YAPAV?$basic_string@DU?$char_traits@D@std@@V?$allocator@D@2@@0@PAV10@00AAV?$allocator@V?$basic_string@DU?$char_traits@D@std@@V?$allocator@D@2@@std@@@0@U_Nonscalar_ptr_iterator_tag@0@@Z 004125d0 f i MonitorThread.obj
 0001:00011660       ?_Incsize@?$list@PAVReturnValue@@V?$allocator@PAVReturnValue@@@std@@@std@@IAEXI@Z 00412660 f i MonitorThread.obj
 0001:00011700       ??1?$hashnode@Vword@svutil@@V12@@svutil@@QAE@XZ 00412700 f i MonitorThread.obj
 0001:000117b0       ??$_Uninit_fill_n@PAV?$basic_string@DU?$char_traits@D@std@@V?$allocator@D@2@@std@@IV12@V?$allocator@V?$basic_string@DU?$char_traits@D@std@@V?$allocator@D@2@@std@@@2@@std@@YAXPAV?$basic_string@DU?$char_traits@D@std@@V?$allocator@D@2@@0@IABV10@AAV?$allocator@V?$basic_string@DU?$char_traits@D@std@@V?$allocator@D@2@@std@@@0@U_Nonscalar_ptr_iterator_tag@0@@Z 004127b0 f i MonitorThread.obj
 0001:00011840       ?MakeInBuf@MonitorThread@@AAEHXZ 00412840 f   MonitorThread.obj
 0001:000118f0       ?push_back@?$list@PAVReturnValue@@V?$allocator@PAVReturnValue@@@std@@@std@@QAEXABQAVReturnValue@@@Z 004128f0 f i MonitorThread.obj
 0001:00011930       ?size@?$hashtable@Vword@svutil@@V12@@svutil@@QAEIXZ 00412930 f i MonitorThread.obj
 0001:000119d0       ?clearnodes@?$hashtable@Vword@svutil@@V12@@svutil@@IAEXXZ 004129d0 f i MonitorThread.obj
 0001:00011a40       ??1TaskWeekDay@@QAE@XZ     00412a40 f i Task.obj
 0001:00011a40       ??1?$vector@U?$pair@HH@std@@V?$allocator@U?$pair@HH@std@@@2@@std@@QAE@XZ 00412a40 f i readSVDB.obj
 0001:00011a40       ??1?$vector@PAV?$hashnode@Vword@svutil@@V12@@svutil@@V?$allocator@PAV?$hashnode@Vword@svutil@@V12@@svutil@@@std@@@std@@QAE@XZ 00412a40 f i MonitorThread.obj
 0001:00011a40       ??1?$vector@PAV?$hashnode@Vword@svutil@@PAVTask@@@svutil@@V?$allocator@PAV?$hashnode@Vword@svutil@@PAVTask@@@svutil@@@std@@@std@@QAE@XZ 00412a40 f i MonitorSchedule.obj
 0001:00011a70       ?_Destroy@?$vector@V?$basic_string@DU?$char_traits@D@std@@V?$allocator@D@2@@std@@V?$allocator@V?$basic_string@DU?$char_traits@D@std@@V?$allocator@D@2@@std@@@2@@std@@IAEXPAV?$basic_string@DU?$char_traits@D@std@@V?$allocator@D@2@@2@0@Z 00412a70 f i MonitorThread.obj
 0001:00011aa0       ?_Tidy@?$vector@V?$basic_string@DU?$char_traits@D@std@@V?$allocator@D@2@@std@@V?$allocator@V?$basic_string@DU?$char_traits@D@std@@V?$allocator@D@2@@std@@@2@@std@@IAEXXZ 00412aa0 f i MonitorThread.obj
 0001:00011af0       ?_Ufill@?$vector@V?$basic_string@DU?$char_traits@D@std@@V?$allocator@D@2@@std@@V?$allocator@V?$basic_string@DU?$char_traits@D@std@@V?$allocator@D@2@@std@@@2@@std@@IAEPAV?$basic_string@DU?$char_traits@D@std@@V?$allocator@D@2@@2@PAV32@IABV32@@Z 00412af0 f i MonitorThread.obj
 0001:00011b20       ?findnext@?$hashnode@Vword@svutil@@V12@@svutil@@QAE_NAAV?$hashelement@Vword@svutil@@V12@@2@PAPAV32@@Z 00412b20 f i MonitorThread.obj
 0001:00011bd0       ?_Insert_n@?$vector@V?$basic_string@DU?$char_traits@D@std@@V?$allocator@D@2@@std@@V?$allocator@V?$basic_string@DU?$char_traits@D@std@@V?$allocator@D@2@@std@@@2@@std@@IAEXViterator@12@IABV?$basic_string@DU?$char_traits@D@std@@V?$allocator@D@2@@2@@Z 00412bd0 f i MonitorThread.obj
 0001:00011f00       ?ParserExpression@MonitorThread@@AAEHVTString@@AAV?$list@V?$basic_string@DU?$char_traits@D@std@@V?$allocator@D@2@@std@@V?$allocator@V?$basic_string@DU?$char_traits@D@std@@V?$allocator@D@2@@std@@@2@@std@@1@Z 00412f00 f   MonitorThread.obj
 0001:00012320       ??1?$hashtable@Vword@svutil@@V12@@svutil@@QAE@XZ 00413320 f i MonitorThread.obj
 0001:00012380       ?findnext@?$hashtable@Vword@svutil@@V12@@svutil@@QAE_NAAViterator@12@@Z 00413380 f i MonitorThread.obj
 0001:00012420       ??1?$vector@V?$basic_string@DU?$char_traits@D@std@@V?$allocator@D@2@@std@@V?$allocator@V?$basic_string@DU?$char_traits@D@std@@V?$allocator@D@2@@std@@@2@@std@@QAE@XZ 00413420 f i MonitorThread.obj
 0001:00012430       ?pop_back@?$vector@V?$basic_string@DU?$char_traits@D@std@@V?$allocator@D@2@@std@@V?$allocator@V?$basic_string@DU?$char_traits@D@std@@V?$allocator@D@2@@std@@@2@@std@@QAEXXZ 00413430 f i MonitorThread.obj
 0001:00012480       ?insert@?$vector@V?$basic_string@DU?$char_traits@D@std@@V?$allocator@D@2@@std@@V?$allocator@V?$basic_string@DU?$char_traits@D@std@@V?$allocator@D@2@@std@@@2@@std@@QAE?AViterator@12@V312@ABV?$basic_string@DU?$char_traits@D@std@@V?$allocator@D@2@@2@@Z 00413480 f i MonitorThread.obj
 0001:000124f0       ??1MonitorThread@@UAE@XZ   004134f0 f   MonitorThread.obj
 0001:000125b0       ?InitData@MonitorThread@@AAEXXZ 004135b0 f   MonitorThread.obj
 0001:00012680       ?ClearResult@MonitorThread@@AAEXXZ 00413680 f   MonitorThread.obj
 0001:00012730       ?ProcessResultV70@MonitorThread@@AAEXXZ 00413730 f   MonitorThread.obj
 0001:00012cd0       ??0?$hashtable@Vword@svutil@@V12@@svutil@@QAE@XZ 00413cd0 f i MonitorThread.obj
 0001:00012d20       ?push_back@?$vector@V?$basic_string@DU?$char_traits@D@std@@V?$allocator@D@2@@std@@V?$allocator@V?$basic_string@DU?$char_traits@D@std@@V?$allocator@D@2@@std@@@2@@std@@QAEXABV?$basic_string@DU?$char_traits@D@std@@V?$allocator@D@2@@2@@Z 00413d20 f i MonitorThread.obj
 0001:00012db0       ??_GMonitorThread@@UAEPAXI@Z 00413db0 f i MonitorThread.obj
 0001:00012db0       ??_EMonitorThread@@UAEPAXI@Z 00413db0 f i MonitorThread.obj
 0001:00012dd0       ?String2Array@@YAXAAV?$vector@V?$basic_string@DU?$char_traits@D@std@@V?$allocator@D@2@@std@@V?$allocator@V?$basic_string@DU?$char_traits@D@std@@V?$allocator@D@2@@std@@@2@@std@@V?$basic_string@DU?$char_traits@D@std@@V?$allocator@D@2@@2@1@Z 00413dd0 f   MonitorThread.obj
 0001:00012ed0       ??0MonitorThread@@QAE@XZ   00413ed0 f   MonitorThread.obj
 0001:00012fc0       ?CheckSingleItemState@MonitorThread@@AAEHPAVStateCondition@@H@Z 00413fc0 f   MonitorThread.obj
 0001:000134f0       ?CheckStateByType@MonitorThread@@AAEHH@Z 004144f0 f   MonitorThread.obj
 0001:00013a50       ?BulidStringMap@MonitorThread@@AAE_NAAV?$hashtable@Vword@svutil@@V12@@svutil@@PBD@Z 00414a50 f   MonitorThread.obj
 0001:00013cc0       ?PaserResultV70@MonitorThread@@AAEHXZ 00414cc0 f   MonitorThread.obj
 0001:000141f0       ?ParserMonitorState@MonitorThread@@AAEXXZ 004151f0 f   MonitorThread.obj
 0001:00014290       ?RunMonitor@MonitorThread@@IAEXXZ 00415290 f   MonitorThread.obj
 0001:00014890       ?run@MonitorThread@@UAEXXZ 00415890 f   MonitorThread.obj
 0001:00014b90       ??0MSGQueue@@QAE@XZ        00415b90 f   MSGQueue.obj
 0001:00014c20       ??1MSGQueue@@QAE@XZ        00415c20 f   MSGQueue.obj
 0001:00014ca0       ??1CommunicationThread@@UAE@XZ 00415ca0 f   ommunicationThread.obj
 0001:00014cb0       ?run@CommunicationThread@@UAEXXZ 00415cb0 f   ommunicationThread.obj
 0001:00015010       ??0Option@@QAE@XZ          00416010 f   Option.obj
 0001:000150d0       ?LoadOption@Option@@QAE_NXZ 004160d0 f   Option.obj
 0001:000157d0       ??0ProcessMonitorData@@QAE@XZ 004167d0 f   ProcessMonitorData.obj
 0001:00015860       ??1ProcessMonitorData@@QAE@XZ 00416860 f   ProcessMonitorData.obj
 0001:000158b0       ?GetRawDataSize@ProcessMonitorData@@QAEHXZ 004168b0 f   ProcessMonitorData.obj
 0001:000158c0       ?GetRawData@ProcessMonitorData@@QAE_NPADH@Z 004168c0 f   ProcessMonitorData.obj
 0001:00015980       ?CreateObjectByRawData@ProcessMonitorData@@QAE_NPBDH@Z 00416980 f   ProcessMonitorData.obj
 0001:00015ab0       ?Clear@ProcessMonitorData@@QAEXXZ 00416ab0 f   ProcessMonitorData.obj
 0001:00015ac0       ??1QueueItem@@UAE@XZ       00416ac0 f   QueueItem.obj
 0001:00015b40       ?Push@QueueItem@@QAEXPAVMonitor@@H@Z 00416b40 f   QueueItem.obj
 0001:00015c60       ?Pop@QueueItem@@QAEPAVMonitor@@XZ 00416c60 f   QueueItem.obj
 0001:00015d10       ??_GQueueItem@@UAEPAXI@Z   00416d10 f i QueueItem.obj
 0001:00015d10       ??_EQueueItem@@UAEPAXI@Z   00416d10 f i QueueItem.obj
 0001:00015d30       ?Pop@QueuesManager@@QAEPAVMonitor@@H@Z 00416d30 f   QueuesManager.obj
 0001:00015d50       ??_EQueuesManager@@UAEPAXI@Z 00416d50 f i QueuesManager.obj
 0001:00015d50       ??_GQueuesManager@@UAEPAXI@Z 00416d50 f i QueuesManager.obj
 0001:00015d70       ?ListAllQueueInfo@QueuesManager@@QAEXXZ 00416d70 f   QueuesManager.obj
 0001:00015e20       ?GetQueueIndexByClass@QueuesManager@@QAEHPBD@Z 00416e20 f   QueuesManager.obj
 0001:00015e90       ?Pop@QueuesManager@@QAEPAVMonitor@@PBD@Z 00416e90 f   QueuesManager.obj
 0001:00015ec0       ?Push@QueuesManager@@QAEHPAVMonitor@@PBDH@Z 00416ec0 f   QueuesManager.obj
 0001:00015f20       ?Push@QueuesManager@@QAEHPAVMonitor@@H@Z 00416f20 f   QueuesManager.obj
 0001:00015fe0       ??0QueueItem@@QAE@PBD@Z    00416fe0 f i QueuesManager.obj
 0001:00016050       ?CreateQueueBySubsequent@QueuesManager@@AAEHXZ 00417050 f   QueuesManager.obj
 0001:00016120       ?CreateMainQueue@QueuesManager@@AAEHXZ 00417120 f   QueuesManager.obj
 0001:000161c0       ?Init@QueuesManager@@QAEHXZ 004171c0 f   QueuesManager.obj
 0001:00016220       ??1sv_pair@@QAE@XZ         00417220 f i readSVDB.obj
 0001:00016270       ??0readSVDB@@QAE@XZ        00417270 f   readSVDB.obj
 0001:000162e0       ??1readSVDB@@QAE@XZ        004172e0 f   readSVDB.obj
 0001:00016350       ?GetSGProValue@readSVDB@@QAE_NV?$basic_string@DU?$char_traits@D@std@@V?$allocator@D@2@@std@@0AAV23@@Z 00417350 f   readSVDB.obj
 0001:000164d0       ?_Xlen@?$vector@U?$pair@HH@std@@V?$allocator@U?$pair@HH@std@@@2@@std@@IBEXXZ 004174d0 f i readSVDB.obj
 0001:000164d0       ?_Xlen@?$vector@UPairTime@@V?$allocator@UPairTime@@@std@@@std@@IBEXXZ 004174d0 f i readSVDB.obj
 0001:00016550       ??0?$hashelement@Vword@svutil@@PAVTask@@@svutil@@QAE@ABVword@1@ABQAVTask@@@Z 00417550 f i readSVDB.obj
 0001:000165c0       ?_Min@?$_Tree@V?$_Tmap_traits@HPAXU?$less@H@std@@V?$allocator@U?$pair@$$CBHPAX@std@@@2@$0A@@std@@@std@@KAPAU_Node@?$_Tree_nod@V?$_Tmap_traits@HPAXU?$less@H@std@@V?$allocator@U?$pair@$$CBHPAX@std@@@2@$0A@@std@@@2@PAU342@@Z 004175c0 f i readSVDB.obj
 0001:000165e0       ?_Min@?$_Tree@V?$_Tmap_traits@V?$basic_string@DU?$char_traits@D@std@@V?$allocator@D@2@@std@@PAXU?$less@V?$basic_string@DU?$char_traits@D@std@@V?$allocator@D@2@@std@@@2@V?$allocator@U?$pair@$$CBV?$basic_string@DU?$char_traits@D@std@@V?$allocator@D@2@@std@@PAX@std@@@2@$0A@@std@@@std@@KAPAU_Node@?$_Tree_nod@V?$_Tmap_traits@V?$basic_string@DU?$char_traits@D@std@@V?$allocator@D@2@@std@@PAXU?$less@V?$basic_string@DU?$char_traits@D@std@@V?$allocator@D@2@@std@@@2@V?$allocator@U?$pair@$$CBV?$basic_string@DU?$char_traits@D@std@@V?$allocator@D@2@@std@@PAX@std@@@2@$0A@@std@@@2@PAU342@@Z 004175e0 f i readSVDB.obj
 0001:00016600       ??1?$treenode@V?$hashelement@Vword@svutil@@PAVTask@@@svutil@@@svutil@@UAE@XZ 00417600 f i readSVDB.obj
 0001:00016620       ??_G?$treenode@V?$hashelement@Vword@svutil@@PAVTask@@@svutil@@@svutil@@UAEPAXI@Z 00417620 f i readSVDB.obj
 0001:00016620       ??_E?$treenode@V?$hashelement@Vword@svutil@@PAVTask@@@svutil@@@svutil@@UAEPAXI@Z 00417620 f i readSVDB.obj
 0001:00016640       ?_Max@?$_Tree@V?$_Tmap_traits@HPAXU?$less@H@std@@V?$allocator@U?$pair@$$CBHPAX@std@@@2@$0A@@std@@@std@@KAPAU_Node@?$_Tree_nod@V?$_Tmap_traits@HPAXU?$less@H@std@@V?$allocator@U?$pair@$$CBHPAX@std@@@2@$0A@@std@@@2@PAU342@@Z 00417640 f i readSVDB.obj
 0001:00016660       ?_Max@?$_Tree@V?$_Tmap_traits@V?$basic_string@DU?$char_traits@D@std@@V?$allocator@D@2@@std@@PAXU?$less@V?$basic_string@DU?$char_traits@D@std@@V?$allocator@D@2@@std@@@2@V?$allocator@U?$pair@$$CBV?$basic_string@DU?$char_traits@D@std@@V?$allocator@D@2@@std@@PAX@std@@@2@$0A@@std@@@std@@KAPAU_Node@?$_Tree_nod@V?$_Tmap_traits@V?$basic_string@DU?$char_traits@D@std@@V?$allocator@D@2@@std@@PAXU?$less@V?$basic_string@DU?$char_traits@D@std@@V?$allocator@D@2@@std@@@2@V?$allocator@U?$pair@$$CBV?$basic_string@DU?$char_traits@D@std@@V?$allocator@D@2@@std@@PAX@std@@@2@$0A@@std@@@2@PAU342@@Z 00417660 f i readSVDB.obj
 0001:00016680       ??M?$treenode@V?$hashelement@Vword@svutil@@PAVTask@@@svutil@@@svutil@@QAE_NV01@@Z 00417680 f i readSVDB.obj
 0001:000166f0       ??O?$treenode@V?$hashelement@Vword@svutil@@PAVTask@@@svutil@@@svutil@@QAE_NV01@@Z 004176f0 f i readSVDB.obj
 0001:00016760       ??$fill@PAUPairTime@@U1@@std@@YAXPAUPairTime@@0ABU1@@Z 00417760 f i readSVDB.obj
 0001:000167a0       ??$fill@PAU?$pair@HH@std@@U12@@std@@YAXPAU?$pair@HH@0@0ABU10@@Z 004177a0 f i readSVDB.obj
 0001:000167d0       ??1_Node@?$_Tree_nod@V?$_Tmap_traits@V?$basic_string@DU?$char_traits@D@std@@V?$allocator@D@2@@std@@PAXU?$less@V?$basic_string@DU?$char_traits@D@std@@V?$allocator@D@2@@std@@@2@V?$allocator@U?$pair@$$CBV?$basic_string@DU?$char_traits@D@std@@V?$allocator@D@2@@std@@PAX@std@@@2@$0A@@std@@@std@@QAE@XZ 004177d0 f i readSVDB.obj
 0001:000167e0       ??1_Node@?$_List_nod@Usv_pair@@V?$allocator@Usv_pair@@@std@@@std@@QAE@XZ 004177e0 f i readSVDB.obj
 0001:000167f0       ??0?$treenode@V?$hashelement@Vword@svutil@@PAVTask@@@svutil@@@svutil@@QAE@ABV?$hashelement@Vword@svutil@@PAVTask@@@1@@Z 004177f0 f i readSVDB.obj
 0001:00016870       ??$_Copy_backward_opt@PAUPairTime@@PAU1@@std@@YAPAUPairTime@@PAU1@00U_Nonscalar_ptr_iterator_tag@0@@Z 00417870 f i readSVDB.obj
 0001:000168b0       ?_Lrotate@?$_Tree@V?$_Tmap_traits@HPAXU?$less@H@std@@V?$allocator@U?$pair@$$CBHPAX@std@@@2@$0A@@std@@@std@@IAEXPAU_Node@?$_Tree_nod@V?$_Tmap_traits@HPAXU?$less@H@std@@V?$allocator@U?$pair@$$CBHPAX@std@@@2@$0A@@std@@@2@@Z 004178b0 f i readSVDB.obj
 0001:00016910       ?_Rrotate@?$_Tree@V?$_Tmap_traits@HPAXU?$less@H@std@@V?$allocator@U?$pair@$$CBHPAX@std@@@2@$0A@@std@@@std@@IAEXPAU_Node@?$_Tree_nod@V?$_Tmap_traits@HPAXU?$less@H@std@@V?$allocator@U?$pair@$$CBHPAX@std@@@2@$0A@@std@@@2@@Z 00417910 f i readSVDB.obj
 0001:00016970       ?_Lbound@?$_Tree@V?$_Tmap_traits@V?$basic_string@DU?$char_traits@D@std@@V?$allocator@D@2@@std@@PAXU?$less@V?$basic_string@DU?$char_traits@D@std@@V?$allocator@D@2@@std@@@2@V?$allocator@U?$pair@$$CBV?$basic_string@DU?$char_traits@D@std@@V?$allocator@D@2@@std@@PAX@std@@@2@$0A@@std@@@std@@IBEPAU_Node@?$_Tree_nod@V?$_Tmap_traits@V?$basic_string@DU?$char_traits@D@std@@V?$allocator@D@2@@std@@PAXU?$less@V?$basic_string@DU?$char_traits@D@std@@V?$allocator@D@2@@std@@@2@V?$allocator@U?$pair@$$CBV?$basic_string@DU?$char_traits@D@std@@V?$allocator@D@2@@std@@PAX@std@@@2@$0A@@std@@@2@ABV?$basic_string@DU?$char_traits@D@std@@V?$allocator@D@2@@2@@Z 00417970 f i readSVDB.obj
 0001:000169c0       ?_Lrotate@?$_Tree@V?$_Tmap_traits@V?$basic_string@DU?$char_traits@D@std@@V?$allocator@D@2@@std@@PAXU?$less@V?$basic_string@DU?$char_traits@D@std@@V?$allocator@D@2@@std@@@2@V?$allocator@U?$pair@$$CBV?$basic_string@DU?$char_traits@D@std@@V?$allocator@D@2@@std@@PAX@std@@@2@$0A@@std@@@std@@IAEXPAU_Node@?$_Tree_nod@V?$_Tmap_traits@V?$basic_string@DU?$char_traits@D@std@@V?$allocator@D@2@@std@@PAXU?$less@V?$basic_string@DU?$char_traits@D@std@@V?$allocator@D@2@@std@@@2@V?$allocator@U?$pair@$$CBV?$basic_string@DU?$char_traits@D@std@@V?$allocator@D@2@@std@@PAX@std@@@2@$0A@@std@@@2@@Z 004179c0 f i readSVDB.obj
 0001:00016a20       ?_Rrotate@?$_Tree@V?$_Tmap_traits@V?$basic_string@DU?$char_traits@D@std@@V?$allocator@D@2@@std@@PAXU?$less@V?$basic_string@DU?$char_traits@D@std@@V?$allocator@D@2@@std@@@2@V?$allocator@U?$pair@$$CBV?$basic_string@DU?$char_traits@D@std@@V?$allocator@D@2@@std@@PAX@std@@@2@$0A@@std@@@std@@IAEXPAU_Node@?$_Tree_nod@V?$_Tmap_traits@V?$basic_string@DU?$char_traits@D@std@@V?$allocator@D@2@@std@@PAXU?$less@V?$basic_string@DU?$char_traits@D@std@@V?$allocator@D@2@@std@@@2@V?$allocator@U?$pair@$$CBV?$basic_string@DU?$char_traits@D@std@@V?$allocator@D@2@@std@@PAX@std@@@2@$0A@@std@@@2@@Z 00417a20 f i readSVDB.obj
 0001:00016a80       ?_Inc@const_iterator@?$_Tree@V?$_Tmap_traits@HPAXU?$less@H@std@@V?$allocator@U?$pair@$$CBHPAX@std@@@2@$0A@@std@@@std@@QAEXXZ 00417a80 f i readSVDB.obj
 0001:00016ae0       ?_Inc@const_iterator@?$_Tree@V?$_Tmap_traits@V?$basic_string@DU?$char_traits@D@std@@V?$allocator@D@2@@std@@PAXU?$less@V?$basic_string@DU?$char_traits@D@std@@V?$allocator@D@2@@std@@@2@V?$allocator@U?$pair@$$CBV?$basic_string@DU?$char_traits@D@std@@V?$allocator@D@2@@std@@PAX@std@@@2@$0A@@std@@@std@@QAEXXZ 00417ae0 f i readSVDB.obj
 0001:00016b40       ?_Dec@const_iterator@?$_Tree@V?$_Tmap_traits@HPAXU?$less@H@std@@V?$allocator@U?$pair@$$CBHPAX@std@@@2@$0A@@std@@@std@@QAEXXZ 00417b40 f i readSVDB.obj
 0001:00016ba0       ?_Dec@const_iterator@?$_Tree@V?$_Tmap_traits@V?$basic_string@DU?$char_traits@D@std@@V?$allocator@D@2@@std@@PAXU?$less@V?$basic_string@DU?$char_traits@D@std@@V?$allocator@D@2@@std@@@2@V?$allocator@U?$pair@$$CBV?$basic_string@DU?$char_traits@D@std@@V?$allocator@D@2@@std@@PAX@std@@@2@$0A@@std@@@std@@QAEXXZ 00417ba0 f i readSVDB.obj
 0001:00016c00       ??0?$treenode@V?$hashelement@Vword@svutil@@PAVTask@@@svutil@@@svutil@@QAE@ABV01@@Z 00417c00 f i readSVDB.obj
 0001:00016c80       ??$make_pair@V?$basic_string@DU?$char_traits@D@std@@V?$allocator@D@2@@std@@PAX@std@@YA?AU?$pair@V?$basic_string@DU?$char_traits@D@std@@V?$allocator@D@2@@std@@PAX@0@V?$basic_string@DU?$char_traits@D@std@@V?$allocator@D@2@@0@PAX@Z 00417c80 f i readSVDB.obj
 0001:00016cf0       ??$copy_backward@PAU?$pair@HH@std@@PAU12@@std@@YAPAU?$pair@HH@0@PAU10@00@Z 00417cf0 f i readSVDB.obj
 0001:00016d20       ??$CreateNode@V?$hashelement@Vword@svutil@@PAVTask@@@svutil@@@?$sorttree@V?$hashelement@Vword@svutil@@PAVTask@@@svutil@@@svutil@@SAPAV?$treenode@V?$hashelement@Vword@svutil@@PAVTask@@@svutil@@@1@ABV?$hashelement@Vword@svutil@@PAVTask@@@1@@Z 00417d20 f i readSVDB.obj
 0001:00016d80       ??$_Uninit_copy@PAUPairTime@@PAU1@V?$allocator@UPairTime@@@std@@@std@@YAPAUPairTime@@PAU1@00AAV?$allocator@UPairTime@@@0@U_Nonscalar_ptr_iterator_tag@0@@Z 00417d80 f i readSVDB.obj
 0001:00016dc0       ??$_Uninit_copy@PAU?$pair@HH@std@@PAU12@V?$allocator@U?$pair@HH@std@@@2@@std@@YAPAU?$pair@HH@0@PAU10@00AAV?$allocator@U?$pair@HH@std@@@0@U_Nonscalar_ptr_iterator_tag@0@@Z 00417dc0 f i readSVDB.obj
 0001:00016df0       ?_Erase@?$_Tree@V?$_Tmap_traits@HPAXU?$less@H@std@@V?$allocator@U?$pair@$$CBHPAX@std@@@2@$0A@@std@@@std@@IAEXPAU_Node@?$_Tree_nod@V?$_Tmap_traits@HPAXU?$less@H@std@@V?$allocator@U?$pair@$$CBHPAX@std@@@2@$0A@@std@@@2@@Z 00417df0 f i readSVDB.obj
 0001:00016e30       ?_Buynode@?$list@Usv_pair@@V?$allocator@Usv_pair@@@std@@@std@@IAEPAU_Node@?$_List_nod@Usv_pair@@V?$allocator@Usv_pair@@@std@@@2@XZ 00417e30 f i readSVDB.obj
 0001:00016e50       ?_Incsize@?$list@PAVSubsequentItem@@V?$allocator@PAVSubsequentItem@@@std@@@std@@IAEXI@Z 00417e50 f i readSVDB.obj
 0001:00016ef0       ?_Buynode@?$_Tree@V?$_Tmap_traits@HPAXU?$less@H@std@@V?$allocator@U?$pair@$$CBHPAX@std@@@2@$0A@@std@@@std@@IAEPAU_Node@?$_Tree_nod@V?$_Tmap_traits@HPAXU?$less@H@std@@V?$allocator@U?$pair@$$CBHPAX@std@@@2@$0A@@std@@@2@PAU342@00ABU?$pair@$$CBHPAX@2@D@Z 00417ef0 f i readSVDB.obj
 0001:00016f30       ?_Buynode@?$_Tree@V?$_Tmap_traits@V?$basic_string@DU?$char_traits@D@std@@V?$allocator@D@2@@std@@PAXU?$less@V?$basic_string@DU?$char_traits@D@std@@V?$allocator@D@2@@std@@@2@V?$allocator@U?$pair@$$CBV?$basic_string@DU?$char_traits@D@std@@V?$allocator@D@2@@std@@PAX@std@@@2@$0A@@std@@@std@@IAEPAU_Node@?$_Tree_nod@V?$_Tmap_traits@V?$basic_string@DU?$char_traits@D@std@@V?$allocator@D@2@@std@@PAXU?$less@V?$basic_string@DU?$char_traits@D@std@@V?$allocator@D@2@@std@@@2@V?$allocator@U?$pair@$$CBV?$basic_string@DU?$char_traits@D@std@@V?$allocator@D@2@@std@@PAX@std@@@2@$0A@@std@@@2@PAU342@00ABU?$pair@$$CBV?$basic_string@DU?$char_traits@D@std@@V?$allocator@D@2@@std@@PAX@2@D@Z 00417f30 f i readSVDB.obj
 0001:00016fd0       ?_Buynode@?$_Tree@V?$_Tmap_traits@HPAXU?$less@H@std@@V?$allocator@U?$pair@$$CBHPAX@std@@@2@$0A@@std@@@std@@IAEPAU_Node@?$_Tree_nod@V?$_Tmap_traits@HPAXU?$less@H@std@@V?$allocator@U?$pair@$$CBHPAX@std@@@2@$0A@@std@@@2@XZ 00417fd0 f i readSVDB.obj
 0001:00017010       ?_Buynode@?$_Tree@V?$_Tmap_traits@V?$basic_string@DU?$char_traits@D@std@@V?$allocator@D@2@@std@@PAXU?$less@V?$basic_string@DU?$char_traits@D@std@@V?$allocator@D@2@@std@@@2@V?$allocator@U?$pair@$$CBV?$basic_string@DU?$char_traits@D@std@@V?$allocator@D@2@@std@@PAX@std@@@2@$0A@@std@@@std@@IAEPAU_Node@?$_Tree_nod@V?$_Tmap_traits@V?$basic_string@DU?$char_traits@D@std@@V?$allocator@D@2@@std@@PAXU?$less@V?$basic_string@DU?$char_traits@D@std@@V?$allocator@D@2@@std@@@2@V?$allocator@U?$pair@$$CBV?$basic_string@DU?$char_traits@D@std@@V?$allocator@D@2@@std@@PAX@std@@@2@$0A@@std@@@2@XZ 00418010 f i readSVDB.obj
 0001:00017050       ?InsertNode@?$sorttree@V?$hashelement@Vword@svutil@@PAVTask@@@svutil@@@svutil@@QAEXPAV?$treenode@V?$hashelement@Vword@svutil@@PAVTask@@@svutil@@@2@0@Z 00418050 f i readSVDB.obj
 0001:000170e0       ??$_Uninit_fill_n@PAUPairTime@@IU1@V?$allocator@UPairTime@@@std@@@std@@YAXPAUPairTime@@IABU1@AAV?$allocator@UPairTime@@@0@U_Nonscalar_ptr_iterator_tag@0@@Z 004180e0 f i readSVDB.obj
 0001:00017120       ??$_Uninit_fill_n@PAU?$pair@HH@std@@IU12@V?$allocator@U?$pair@HH@std@@@2@@std@@YAXPAU?$pair@HH@0@IABU10@AAV?$allocator@U?$pair@HH@std@@@0@U_Nonscalar_ptr_iterator_tag@0@@Z 00418120 f i readSVDB.obj
 0001:00017150       ?find@?$_Tree@V?$_Tmap_traits@HPAXU?$less@H@std@@V?$allocator@U?$pair@$$CBHPAX@std@@@2@$0A@@std@@@std@@QAE?AViterator@12@ABH@Z 00418150 f i readSVDB.obj
 0001:000171c0       ?_Insert@?$_Tree@V?$_Tmap_traits@HPAXU?$less@H@std@@V?$allocator@U?$pair@$$CBHPAX@std@@@2@$0A@@std@@@std@@IAE?AViterator@12@_NPAU_Node@?$_Tree_nod@V?$_Tmap_traits@HPAXU?$less@H@std@@V?$allocator@U?$pair@$$CBHPAX@std@@@2@$0A@@std@@@2@ABU?$pair@$$CBHPAX@2@@Z 004181c0 f i readSVDB.obj
[...]
 0001:00026562       __ehhandler$?_Insert@?$_Tree@V?$_Tmap_traits@V?$basic_string@DU?$char_traits@D@std@@V?$allocator@D@2@@std@@V?$map@V?$basic_string@DU?$char_traits@D@std@@V?$allocator@D@2@@std@@V12@UStlIniCompareStringNoCase@@V?$allocator@U?$pair@$$CBV?$basic_string@DU?$char_traits@D@std@@V?$allocator@D@2@@std@@V12@@std@@@2@@2@UStlIniCompareStringNoCase@@V?$allocator@U?$pair@$$CBV?$basic_string@DU?$char_traits@D@std@@V?$allocator@D@2@@std@@V?$map@V?$basic_string@DU?$char_traits@D@std@@V?$allocator@D@2@@std@@V12@UStlIniCompareStringNoCase@@V?$allocator@U?$pair@$$CBV?$basic_string@DU?$char_traits@D@std@@V?$allocator@D@2@@std@@V12@@std@@@2@@2@@std@@@2@$0A@@std@@@std@@IAE?AViterator@12@_NPAU_Node@?$_Tree_nod@V?$_Tmap_traits@V?$basic_string@DU?$char_traits@D@std@@V?$allocator@D@2@@std@@V?$map@V?$basic_string@DU?$char_traits@D@std@@V?$allocator@D@2@@std@@V12@UStlIniCompareStringNoCase@@V?$allocator@U?$pair@$$CBV?$basic_string@DU?$char_traits@D@std@@V?$allocator@D@2@@std@@V12@@std@@@2@@2@UStlIniCompareStringNoCase@@V?$allocator@U?$pair@$$CBV?$basic_string@DU?$char_traits@D@std@@V?$allocator@D@2@@std@@V?$map@V?$basic_string@DU?$char_traits@D@std@@V?$allocator@D@2@@std@@V12@UStlIniCompareStringNoCase@@V?$allocator@U?$pair@$$CBV?$basic_string@DU?$char_traits@D@std@@V?$allocator@D@2@@std@@V12@@std@@@2@@2@@std@@@2@$0A@@std@@@2@ABU?$pair@$$CBV?$basic_string@DU?$char_traits@D@std@@V?$allocator@D@2@@std@@V?$map@V?$basic_string@DU?$char_traits@D@std@@V?$allocator@D@2@@std@@V12@UStlIniCompareStringNoCase@@V?$allocator@U?$pair@$$CBV?$basic_string@DU?$char_traits@D@std@@V?$allocator@D@2@@std@@V12@@std@@@2@@2@@2@@Z 00427562 f   stlini.obj
 0001:00026570       $L27820                    00427570 f   stlini.obj
 0001:0002657b       $L27821                    0042757b f   stlini.obj
 0001:00026587       $L27822                    00427587 f   stlini.obj
 0001:00026593       $L27823                    00427593 f   stlini.obj
 0001:0002659e       $L27824                    0042759e f   stlini.obj
 0001:000265a9       $L27825                    004275a9 f   stlini.obj
 0001:000265b5       $L27826                    004275b5 f   stlini.obj
 0001:000265c0       $L27827                    004275c0 f   stlini.obj
 0001:000265cb       $L27829                    004275cb f   stlini.obj
 0001:000265d4       $L27830                    004275d4 f   stlini.obj
 0001:000265dd       $L27831                    004275dd f   stlini.obj
 0001:000265e5       $L27832                    004275e5 f   stlini.obj
 0001:000265f0       __ehhandler$?PutIniSetting@@YAXAAV?$map@V?$basic_string@DU?$char_traits@D@std@@V?$allocator@D@2@@std@@V?$map@V?$basic_string@DU?$char_traits@D@std@@V?$allocator@D@2@@std@@V12@UStlIniCompareStringNoCase@@V?$allocator@U?$pair@$$CBV?$basic_string@DU?$char_traits@D@std@@V?$allocator@D@2@@std@@V12@@std@@@2@@2@UStlIniCompareStringNoCase@@V?$allocator@U?$pair@$$CBV?$basic_string@DU?$char_traits@D@std@@V?$allocator@D@2@@std@@V?$map@V?$basic_string@DU?$char_traits@D@std@@V?$allocator@D@2@@std@@V12@UStlIniCompareStringNoCase@@V?$allocator@U?$pair@$$CBV?$basic_string@DU?$char_traits@D@std@@V?$allocator@D@2@@std@@V12@@std@@@2@@2@@std@@@2@@std@@PBD11@Z 004275f0 f   stlini.obj
 0001:00026600       __ehhandler$?_Copy@?$_Tree@V?$_Tmap_traits@V?$basic_string@DU?$char_traits@D@std@@V?$allocator@D@2@@std@@V?$map@V?$basic_string@DU?$char_traits@D@std@@V?$allocator@D@2@@std@@V12@UStlIniCompareStringNoCase@@V?$allocator@U?$pair@$$CBV?$basic_string@DU?$char_traits@D@std@@V?$allocator@D@2@@std@@V12@@std@@@2@@2@UStlIniCompareStringNoCase@@V?$allocator@U?$pair@$$CBV?$basic_string@DU?$char_traits@D@std@@V?$allocator@D@2@@std@@V?$map@V?$basic_string@DU?$char_traits@D@std@@V?$allocator@D@2@@std@@V12@UStlIniCompareStringNoCase@@V?$allocator@U?$pair@$$CBV?$basic_string@DU?$char_traits@D@std@@V?$allocator@D@2@@std@@V12@@std@@@2@@2@@std@@@2@$0A@@std@@@std@@IAEPAU_Node@?$_Tree_nod@V?$_Tmap_traits@V?$basic_string@DU?$char_traits@D@std@@V?$allocator@D@2@@std@@V?$map@V?$basic_string@DU?$char_traits@D@std@@V?$allocator@D@2@@std@@V12@UStlIniCompareStringNoCase@@V?$allocator@U?$pair@$$CBV?$basic_string@DU?$char_traits@D@std@@V?$allocator@D@2@@std@@V12@@std@@@2@@2@UStlIniCompareStringNoCase@@V?$allocator@U?$pair@$$CBV?$basic_string@DU?$char_traits@D@std@@V?$allocator@D@2@@std@@V?$map@V?$basic_string@DU?$char_traits@D@std@@V?$allocator@D@2@@std@@V12@UStlIniCompareStringNoCase@@V?$allocator@U?$pair@$$CBV?$basic_string@DU?$char_traits@D@std@@V?$allocator@D@2@@std@@V12@@std@@@2@@2@@std@@@2@$0A@@std@@@2@PAU342@0@Z 00427600 f   stlini.obj
 0001:00026610       __ehhandler$??0?$_Tree@V?$_Tmap_traits@V?$basic_string@DU?$char_traits@D@std@@V?$allocator@D@2@@std@@V?$map@V?$basic_string@DU?$char_traits@D@std@@V?$allocator@D@2@@std@@V12@UStlIniCompareStringNoCase@@V?$allocator@U?$pair@$$CBV?$basic_string@DU?$char_traits@D@std@@V?$allocator@D@2@@std@@V12@@std@@@2@@2@UStlIniCompareStringNoCase@@V?$allocator@U?$pair@$$CBV?$basic_string@DU?$char_traits@D@std@@V?$allocator@D@2@@std@@V?$map@V?$basic_string@DU?$char_traits@D@std@@V?$allocator@D@2@@std@@V12@UStlIniCompareStringNoCase@@V?$allocator@U?$pair@$$CBV?$basic_string@DU?$char_traits@D@std@@V?$allocator@D@2@@std@@V12@@std@@@2@@2@@std@@@2@$0A@@std@@@std@@QAE@ABV01@@Z 00427610 f   stlini.obj
 0001:00026620       $L29620                    00427620 f   stlini.obj
 0001:0002662b       $L29621                    0042762b f   stlini.obj
 0001:00026637       $L29622                    00427637 f   stlini.obj
 0001:00026643       $L29623                    00427643 f   stlini.obj
 0001:00026662       __ehhandler$?LoadIni@@YA?AV?$map@V?$basic_string@DU?$char_traits@D@std@@V?$allocator@D@2@@std@@V?$map@V?$basic_string@DU?$char_traits@D@std@@V?$allocator@D@2@@std@@V12@UStlIniCompareStringNoCase@@V?$allocator@U?$pair@$$CBV?$basic_string@DU?$char_traits@D@std@@V?$allocator@D@2@@std@@V12@@std@@@2@@2@UStlIniCompareStringNoCase@@V?$allocator@U?$pair@$$CBV?$basic_string@DU?$char_traits@D@std@@V?$allocator@D@2@@std@@V?$map@V?$basic_string@DU?$char_traits@D@std@@V?$allocator@D@2@@std@@V12@UStlIniCompareStringNoCase@@V?$allocator@U?$pair@$$CBV?$basic_string@DU?$char_traits@D@std@@V?$allocator@D@2@@std@@V12@@std@@@2@@2@@std@@@2@@std@@PBD@Z 00427662 f   stlini.obj
 0001:00026670       $L50363                    00427670 f   Subsequent.obj
 0001:00026678       __ehhandler$?GetValueByMonitor@Subsequent@@QAEHPAVMonitor@@AAH1@Z 00427678 f   Subsequent.obj
 0001:00026690       $L50759                    00427690 f   Subsequent.obj
 0001:0002669b       __ehhandler$??1Subsequent@@UAE@XZ 0042769b f   Subsequent.obj
 0001:000266b0       $L51526                    004276b0 f   Subsequent.obj
 0001:000266bb       $L51527                    004276bb f   Subsequent.obj
 0001:000266c9       $L51528                    004276c9 f   Subsequent.obj
 0001:000266d4       $L51529                    004276d4 f   Subsequent.obj
 0001:000266df       $L51530                    004276df f   Subsequent.obj
 0001:000266ea       __ehhandler$?FromTextMap@Subsequent@@QAE_NAAV?$hashtable@Vword@svutil@@V12@@svutil@@@Z 004276ea f   Subsequent.obj
 0001:00026700       $L52049                    00427700 f   Subsequent.obj
 0001:0002670b       $L52050                    0042770b f   Subsequent.obj
 0001:00026716       $L52051                    00427716 f   Subsequent.obj
 0001:00026721       $L52052                    00427721 f   Subsequent.obj
 0001:0002672c       __ehhandler$?ToTextMap@Subsequent@@QAE_NAAV?$hashtable@Vword@svutil@@V12@@svutil@@@Z 0042772c f   Subsequent.obj
 0001:00026740       $L42984                    00427740 f   SubsequentItem.obj
 0001:00026740       $L42967                    00427740 f   SubsequentItem.obj
 0001:00026748       __ehhandler$??0SubsequentItem@@QAE@XZ 00427748 f   SubsequentItem.obj
 0001:00026748       __ehhandler$??1SubsequentItem@@QAE@XZ 00427748 f   SubsequentItem.obj
 0001:00026760       $L49633                    00427760 f   Task.obj
 0001:00026760       $L49669                    00427760 f   Task.obj
 0001:00026776       __ehhandler$??0Task@@QAE@XZ 00427776 f   Task.obj
 0001:00026776       __ehhandler$??1Task@@QAE@XZ 00427776 f   Task.obj
 0001:00026780       $L49692                    00427780 f   Task.obj
 0001:0002678b       $L49693                    0042778b f   Task.obj
 0001:00026796       $L49694                    00427796 f   Task.obj
 0001:000267a1       $L49695                    004277a1 f   Task.obj
 0001:000267ac       $L49696                    004277ac f   Task.obj
 0001:000267b7       $L49697                    004277b7 f   Task.obj
 0001:000267c2       $L49698                    004277c2 f   Task.obj
 0001:000267cd       $L49699                    004277cd f   Task.obj
 0001:000267d8       $L49700                    004277d8 f   Task.obj
 0001:000267e3       __ehhandler$?ToTextMap@Task@@QAE_NAAV?$hashtable@Vword@svutil@@V12@@svutil@@@Z 004277e3 f   Task.obj
 0001:000267f0       $L49999                    004277f0 f   Task.obj
 0001:000267fb       $L50000                    004277fb f   Task.obj
 0001:00026806       $L50001                    00427806 f   Task.obj
 0001:00026811       $L50002                    00427811 f   Task.obj
 0001:0002681c       $L50003                    0042781c f   Task.obj
 0001:00026827       $L50004                    00427827 f   Task.obj
 0001:00026832       $L50005                    00427832 f   Task.obj
 0001:0002683d       $L50006                    0042783d f   Task.obj
 0001:00026848       __ehhandler$?FromTextMap@Task@@QAE_NAAV?$hashtable@Vword@svutil@@V12@@svutil@@@Z 00427848 f   Task.obj
 0001:00026860       $L52987                    00427860 f   ThreadContrl.obj
 0001:00026860       $L53073                    00427860 f   ThreadContrl.obj
 0001:00026869       $L53074                    00427869 f   ThreadContrl.obj
 0001:00026869       $L52988                    00427869 f   ThreadContrl.obj
 0001:00026871       __ehhandler$?CheckSubsequent@ThreadContrl@@IAE_NPAVMonitor@@AA_N1@Z 00427871 f   ThreadContrl.obj
 0001:00026871       __ehhandler$?CheckSubsequent@ThreadContrl@@IAEHPAVMonitor@@@Z 00427871 f   ThreadContrl.obj
 0001:00026880       $L53202                    00427880 f   ThreadContrl.obj
 0001:00026888       __ehhandler$?AdjustRetByMonitor@ThreadContrl@@QAEXPAVMonitor@@H@Z 00427888 f   ThreadContrl.obj
 0001:000268a0       $L55423                    004278a0 f   ThreadContrl.obj
 0001:000268a9       $L55443                    004278a9 f   ThreadContrl.obj
 0001:000268b2       __ehhandler$?_Incsize@?$list@PAVThreadEx@@V?$allocator@PAVThreadEx@@@std@@@std@@IAEXI@Z 004278b2 f   ThreadContrl.obj
 0001:000268c0       $L56188                    004278c0 f   ThreadContrl.obj
 0001:000268c0       $L56088                    004278c0 f   ThreadContrl.obj
 0001:000268c8       $L56189                    004278c8 f   ThreadContrl.obj
 0001:000268c8       $L56089                    004278c8 f   ThreadContrl.obj
 0001:000268d4       $L56090                    004278d4 f   ThreadContrl.obj
 0001:000268d4       $L56190                    004278d4 f   ThreadContrl.obj
 0001:000268e2       __ehhandler$??0ThreadContrl@@QAE@XZ 004278e2 f   ThreadContrl.obj
 0001:000268e2       __ehhandler$??1ThreadContrl@@UAE@XZ 004278e2 f   ThreadContrl.obj
 0001:000268f0       $L56244                    004278f0 f   ThreadContrl.obj
 0001:000268f8       $L56245                    004278f8 f   ThreadContrl.obj
 0001:00026903       __ehhandler$?AddNewThreads@ThreadContrl@@AAEHH@Z 00427903 f   ThreadContrl.obj
 0001:00026910       $L56608                    00427910 f   ThreadContrl.obj
 0001:00026910       $L56350                    00427910 f   ThreadContrl.obj
 0001:00026919       __ehhandler$?AddToIdleThread@ThreadContrl@@QAEXPAVThreadEx@@@Z 00427919 f   ThreadContrl.obj
 0001:00026919       __ehhandler$?GetIdleThread@ThreadContrl@@AAEPAVThreadEx@@XZ 00427919 f   ThreadContrl.obj
 0001:00026930       $L57187                    00427930 f   ThreadContrl.obj
 0001:00026938       $L57189                    00427938 f   ThreadContrl.obj
 0001:00026941       $L57190                    00427941 f   ThreadContrl.obj
 0001:0002694a       __ehhandler$?AddTask@ThreadContrl@@QAEHPAVMonitor@@@Z 0042794a f   ThreadContrl.obj
 0001:00026960       $L57270                    00427960 f   ThreadContrl.obj
 0001:00026968       $L57271                    00427968 f   ThreadContrl.obj
 0001:00026970       __ehhandler$?ProcessSingleTaskEx@ThreadContrl@@IAEHPAVMonitor@@@Z 00427970 f   ThreadContrl.obj
 0001:00026980       $L57410                    00427980 f   ThreadContrl.obj
 0001:00026988       $L57411                    00427988 f   ThreadContrl.obj
 0001:00026990       __ehhandler$?run@ThreadContrl@@UAEXXZ 00427990 f   ThreadContrl.obj
 0001:000269a0       $L49475                    004279a0 f   Util.obj
 0001:000269b1       __ehhandler$?_Buynode@?$list@VSingelRecord@@V?$allocator@VSingelRecord@@@std@@@std@@IAEPAU_Node@?$_List_nod@VSingelRecord@@V?$allocator@VSingelRecord@@@std@@@2@PAU342@0ABVSingelRecord@@@Z 004279b1 f   Util.obj
 0001:000269c0       $L49515                    004279c0 f   Util.obj
 0001:000269c9       $L49535                    004279c9 f   Util.obj
 0001:000269d2       __ehhandler$?_Incsize@?$list@VSingelRecord@@V?$allocator@VSingelRecord@@@std@@@std@@IAEXI@Z 004279d2 f   Util.obj
 0001:000269e0       $L50478                    004279e0 f   Util.obj
 0001:000269e9       $L50479                    004279e9 f   Util.obj
 0001:000269f1       __ehhandler$?CacheRecords@Util@@CA_NV?$basic_string@DU?$char_traits@D@std@@V?$allocator@D@2@@std@@PBDH@Z 004279f1 f   Util.obj
 0001:00026a00       $L50583                    00427a00 f   Util.obj
 0001:00026a09       $L50584                    00427a09 f   Util.obj
 0001:00026a12       $L50585                    00427a12 f   Util.obj
 0001:00026a1b       $L50587                    00427a1b f   Util.obj
 0001:00026a24       $L50588                    00427a24 f   Util.obj
 0001:00026a2d       __ehhandler$?InsertSvdb@Util@@SA_NV?$basic_string@DU?$char_traits@D@std@@V?$allocator@D@2@@std@@PBDH0@Z 00427a2d f   Util.obj
 0001:00026a40       $L50651                    00427a40 f   Util.obj
 0001:00026a49       $L50652                    00427a49 f   Util.obj
 0001:00026a52       $L50654                    00427a52 f   Util.obj
 0001:00026a5b       $L50655                    00427a5b f   Util.obj
 0001:00026a64       __ehhandler$?InsertSvdb@Util@@SA_NV?$basic_string@DU?$char_traits@D@std@@V?$allocator@D@2@@std@@PBDH@Z 00427a64 f   Util.obj
 0001:00026a70       $L52020                    00427a70 f   Util.obj
 0001:00026a79       $L52021                    00427a79 f   Util.obj
 0001:00026a82       __ehhandler$?AppendThenClearAllRecords@Util@@SAHAAV?$list@VSingelRecord@@V?$allocator@VSingelRecord@@@std@@@std@@@Z 00427a82 f   Util.obj
 0001:00026a90       $L53990                    00427a90 f   Util.obj
 0001:00026a99       __ehhandler$?GetRootPath@Util@@SA?AVTString@@XZ 00427a99 f   Util.obj
 0001:00026ab0       $L54196                    00427ab0 f   Util.obj
 0001:00026ab9       $L54197                    00427ab9 f   Util.obj
 0001:00026ac2       $L54198                    00427ac2 f   Util.obj
 0001:00026ace       $L54199                    00427ace f   Util.obj
 0001:00026ad9       $L54200                    00427ad9 f   Util.obj
 0001:00026ae4       $L54201                    00427ae4 f   Util.obj
 0001:00026aef       $L54202                    00427aef f   Util.obj
 0001:00026afb       $L54203                    00427afb f   Util.obj
 0001:00026b07       $L54204                    00427b07 f   Util.obj
 0001:00026b13       $L54205                    00427b13 f   Util.obj
 0001:00026b1f       $L54206                    00427b1f f   Util.obj
 0001:00026b2b       __ehhandler$?SendMsgToWsServer@Util@@SA_NV?$basic_string@DU?$char_traits@D@std@@V?$allocator@D@2@@std@@0@Z 00427b2b f   Util.obj
 0001:00026b40       $L54396                    00427b40 f   Util.obj
 0001:00026b4b       $L54397                    00427b4b f   Util.obj
 0001:00026b56       $L54398                    00427b56 f   Util.obj
 0001:00026b62       $L54399                    00427b62 f   Util.obj
 0001:00026b81       __ehhandler$?GetSVMQAddress@Util@@SA?AVTString@@XZ 00427b81 f   Util.obj
 0001:00026b90       $L54758                    00427b90 f   Util.obj
 0001:00026b98       __ehhandler$??0Util@@QAE@XZ 00427b98 f   Util.obj
 0001:00026bb0       _$E1                       00427bb0 f   MonitorSchedule.obj
 0001:00026bd0       _$E4                       00427bd0 f   MonitorSchedule.obj
 0001:00026bf0       _$E7                       00427bf0 f   MonitorSchedule.obj
 0001:00026c10       _$E10                      00427c10 f   MonitorSchedule.obj
 0001:00026c30       _$E13                      00427c30 f   MonitorSchedule.obj
 0001:00026c50       _$E16                      00427c50 f   MonitorSchedule.obj
 0001:00026c60       _$E1                       00427c60 f   readSVDB.obj
 0001:00026c80       _$E4                       00427c80 f   readSVDB.obj
 0001:00026ca0       _$E7                       00427ca0 f   readSVDB.obj
 0001:00026cc0       _$E10                      00427cc0 f   readSVDB.obj
 0001:00026ce0       _$E1                       00427ce0 f   ScheduleThread.obj
 0001:00026d00       _$E4                       00427d00 f   ScheduleThread.obj
 0001:00026d20       _$E7                       00427d20 f   ScheduleThread.obj
 0001:00026d40       _$E10                      00427d40 f   ScheduleThread.obj
 0001:00026d60       _$E1                       00427d60 f   Util.obj
 0001:00026d80       _$E4                       00427d80 f   Util.obj
 0001:00026da0       _$E7                       00427da0 f   Util.obj
 0001:00026dc0       _$E10                      00427dc0 f   Util.obj
 0001:00026de0       _$E13                      00427de0 f   Util.obj
 0001:00026e10       _$E16                      00427e10 f   Util.obj
 0001:00026e30       _$E19                      00427e30 f   Util.obj
 0001:00026e50       _$E2                       00427e50 f   MonitorSchedule.obj
 0001:00026e60       _$E5                       00427e60 f   MonitorSchedule.obj
 0001:00026e70       _$E8                       00427e70 f   MonitorSchedule.obj
 0001:00026e80       _$E11                      00427e80 f   MonitorSchedule.obj
 0001:00026e90       _$E14                      00427e90 f   MonitorSchedule.obj
 0001:00026ea0       _$E17                      00427ea0 f   MonitorSchedule.obj
 0001:00026eb0       _$E2                       00427eb0 f   readSVDB.obj
 0001:00026ec0       _$E8                       00427ec0 f   readSVDB.obj
 0001:00026ed0       _$E11                      00427ed0 f   readSVDB.obj
 0001:00026ee0       _$E5                       00427ee0 f   readSVDB.obj
 0001:00026ef0       _$E2                       00427ef0 f   ScheduleThread.obj
 0001:00026f00       _$E5                       00427f00 f   ScheduleThread.obj
 0001:00026f10       _$E8                       00427f10 f   ScheduleThread.obj
 0001:00026f20       _$E11                      00427f20 f   ScheduleThread.obj
 0001:00026f30       _$E2                       00427f30 f   Util.obj
 0001:00026f40       _$E5                       00427f40 f   Util.obj
 0001:00026f50       _$E8                       00427f50 f   Util.obj
 0001:00026f60       _$E11                      00427f60 f   Util.obj
 0001:00026f70       _$E20                      00427f70 f   Util.obj
 0001:00026f80       _$E17                      00427f80 f   Util.obj
 0001:00026f90       _$E14                      00427f90 f   Util.obj
