 MonitorSchedule

 Timestamp is 4fffd0a7 (Fri Jul 13 15:39:19 2012)

 Preferred load address is 00400000

 Start         Length     Name                   Class
 0001:00000000 0002447eH .text                   CODE
 0001:00024480 00002e42H .text$x                 CODE
 0001:000272d0 00000295H .text$yc                CODE
 0001:00027570 00000163H .text$yd                CODE
 0002:00000000 00000424H .idata$5                DATA
 0002:00000430 00003d19H .rdata                  DATA
 0002:0000414c 0000007aH .rdata$debug            DATA
 0002:000041c8 00000044H .rdata$r                DATA
 0002:0000420c 00000004H .rtc$IAA                DATA
 0002:00004210 00000004H .rtc$IMZ                DATA
 0002:00004214 00000004H .rtc$IZZ                DATA
 0002:00004218 00000004H .rtc$TAA                DATA
 0002:0000421c 00000004H .rtc$TMZ                DATA
 0002:00004220 00000004H .rtc$TZZ                DATA
 0002:00004224 00003768H .xdata$x                DATA
 0002:0000798c 000000b4H .idata$2                DATA
 0002:00007a40 00000014H .idata$3                DATA
 0002:00007a54 00000424H .idata$4                DATA
 0002:00007e78 00002c34H .idata$6                DATA
 0002:0000aaac 00000000H .edata                  DATA
 0003:00000000 00000004H .CRT$XCA                DATA
 0003:00000004 00000004H .CRT$XCAA               DATA
 0003:00000008 00000054H .CRT$XCU                DATA
 0003:0000005c 00000004H .CRT$XCZ                DATA
 0003:00000060 00000004H .CRT$XIA                DATA
 0003:00000064 00000004H .CRT$XIZ                DATA
 0003:00000070 0000025cH .data                   DATA
 0003:000002d0 00000320H .bss                    DATA

  Address         Publics by Value              Rva+Base     Lib:Object

 0000:00000000       __except_list              00000000     <absolute>
 0000:00000000       ___safe_se_handler_count   00000000     <absolute>
 0000:00000000       ___safe_se_handler_table   00000000     <absolute>
 0000:00009876       __ldused                   00009876     <absolute>
 0000:00009876       __fltused                  00009876     <absolute>
 0001:00000000       ??0CAppendMassRecord@@QAE@XZ 00401000 f   appendmassrecord.obj
 0001:00000020       ??1sentry@?$basic_istream@DU?$char_traits@D@std@@@std@@QAE@XZ 00401020 f i appendmassrecord.obj
 0001:00000020       ??1_Sentry_base@?$basic_ostream@DU?$char_traits@D@std@@@std@@QAE@XZ 00401020 f i appendmassrecord.obj
 0001:00000020       ??1_Sentry_base@?$basic_istream@DU?$char_traits@D@std@@@std@@QAE@XZ 00401020 f i appendmassrecord.obj
 0001:00000040       ??$use_facet@V?$ctype@D@std@@@std@@YAABV?$ctype@D@0@ABVlocale@0@@Z 00401040 f i appendmassrecord.obj
 0001:00000140       ??$?HDU?$char_traits@D@std@@V?$allocator@D@1@@std@@YA?AV?$basic_string@DU?$char_traits@D@std@@V?$allocator@D@2@@0@ABV10@0@Z 00401140 f i appendmassrecord.obj
 0001:000001c0       ??$?HDU?$char_traits@D@std@@V?$allocator@D@1@@std@@YA?AV?$basic_string@DU?$char_traits@D@std@@V?$allocator@D@2@@0@ABV10@PBD@Z 004011c0 f i appendmassrecord.obj
 0001:00000240       ??1_Node@?$_List_nod@V?$basic_string@DU?$char_traits@D@std@@V?$allocator@D@2@@std@@V?$allocator@V?$basic_string@DU?$char_traits@D@std@@V?$allocator@D@2@@std@@@2@@std@@QAE@XZ 00401240 f i LoadConfig.obj
 0001:00000240       ??1_Node@?$_List_nod@VSingelRecord@@V?$allocator@VSingelRecord@@@std@@@std@@QAE@XZ 00401240 f i appendmassrecord.obj
 0001:00000250       ??0sentry@?$basic_istream@DU?$char_traits@D@std@@@std@@QAE@AAV12@_N@Z 00401250 f i appendmassrecord.obj
 0001:000002c0       ??0sentry@?$basic_ostream@DU?$char_traits@D@std@@@std@@QAE@AAV12@@Z 004012c0 f i appendmassrecord.obj
 0001:00000350       ??1sentry@?$basic_ostream@DU?$char_traits@D@std@@@std@@QAE@XZ 00401350 f i appendmassrecord.obj
 0001:000003c0       ??$?5DU?$char_traits@D@std@@V?$allocator@D@1@@std@@YAAAV?$basic_istream@DU?$char_traits@D@std@@@0@AAV10@AAV?$basic_string@DU?$char_traits@D@std@@V?$allocator@D@2@@0@@Z 004013c0 f i appendmassrecord.obj
 0001:00000570       ??$?6DU?$char_traits@D@std@@V?$allocator@D@1@@std@@YAAAV?$basic_ostream@DU?$char_traits@D@std@@@0@AAV10@ABV?$basic_string@DU?$char_traits@D@std@@V?$allocator@D@2@@0@@Z 00401570 f i appendmassrecord.obj
 0001:00000770       ?_Buynode@?$list@VSingelRecord@@V?$allocator@VSingelRecord@@@std@@@std@@IAEPAU_Node@?$_List_nod@VSingelRecord@@V?$allocator@VSingelRecord@@@std@@@2@XZ 00401770 f i appendmassrecord.obj
 0001:00000790       ?clear@?$list@VSingelRecord@@V?$allocator@VSingelRecord@@@std@@@std@@QAEXXZ 00401790 f i appendmassrecord.obj
 0001:00000790       ?clear@?$list@V?$basic_string@DU?$char_traits@D@std@@V?$allocator@D@2@@std@@V?$allocator@V?$basic_string@DU?$char_traits@D@std@@V?$allocator@D@2@@std@@@2@@std@@QAEXXZ 00401790 f i LoadConfig.obj
 0001:000007d0       ??1CAppendMassRecord@@UAE@XZ 004017d0 f   appendmassrecord.obj
 0001:00000860       ?run@CAppendMassRecord@@UAEXXZ 00401860 f   appendmassrecord.obj
 0001:00000a00       ??_GCAppendMassRecord@@UAEPAXI@Z 00401a00 f i appendmassrecord.obj
 0001:00000a00       ??_ECAppendMassRecord@@UAEPAXI@Z 00401a00 f i appendmassrecord.obj
 0001:00000a20       ??0Des@@QAE@XZ             00401a20 f   Des.obj
 0001:00000a30       ??1Des@@UAE@XZ             00401a30 f   Des.obj
 0001:00000a40       ?bitsel@Des@@AAEIPAIPBHH@Z 00401a40 f   Des.obj
 0001:00000aa0       ?des_decipher@Des@@AAEXPAIIIPAUDESContext@@@Z 00401aa0 f   Des.obj
 0001:00001420       ??_GDes@@UAEPAXI@Z         00402420 f i Des.obj
 0001:00001420       ??_EDes@@UAEPAXI@Z         00402420 f i Des.obj
 0001:00001440       ?des_key_setup@Des@@AAEXIIPAUDESContext@@@Z 00402440 f   Des.obj
 0001:000015c0       ?des_cbc_decrypt@Des@@AAEXPAEPBEIPAUDESContext@@@Z 004025c0 f   Des.obj
 0001:000016f0       ?Decrypt@Des@@QAE_NPBDPAD@Z 004026f0 f   Des.obj
 0001:00001910       ??0Entity@@QAE@XZ          00402910 f   Entity.obj
 0001:00001950       ??1Entity@@QAE@XZ          00402950 f   Entity.obj
 0001:00001970       ?InitActiveMonitorsArray@Entity@@QAEHH@Z 00402970 f   Entity.obj
 0001:000019c0       ?SetMonitorTypeCount@Entity@@QAEXH@Z 004029c0 f   Entity.obj
 0001:000019d0       ?AdjustActiveMonitorRef@Entity@@QAEXHH@Z 004029d0 f   Entity.obj
 0001:00001a30       ??1MakeRecord@@QAE@XZ      00402a30 f i MakeRecord.obj
 0001:00001a30       ??3@YAXPAX0@Z              00402a30 f i Groups.obj
 0001:00001a30       ?ReleaseAll@LoadConfig@@QAEXXZ 00402a30 f i LoadConfig.obj
 0001:00001a40       ??1logic_error@std@@UAE@XZ 00402a40 f i Groups.obj
 0001:00001aa0       ?what@logic_error@std@@UBEPBDXZ 00402aa0 f i Groups.obj
 0001:00001ab0       ??_Glogic_error@std@@UAEPAXI@Z 00402ab0 f i Groups.obj
 0001:00001ab0       ??_Elogic_error@std@@UAEPAXI@Z 00402ab0 f i Groups.obj
 0001:00001ad0       ??_Elength_error@std@@UAEPAXI@Z 00402ad0 f i Groups.obj
 0001:00001ad0       ??_Glength_error@std@@UAEPAXI@Z 00402ad0 f i Groups.obj
 0001:00001af0       ??1length_error@std@@UAE@XZ 00402af0 f i Groups.obj
 0001:00001b00       ??0MSException@@QAE@PBD0@Z 00402b00 f i Groups.obj
 0001:00001bc0       ??_GMSException@@UAEPAXI@Z 00402bc0 f i Groups.obj
 0001:00001bc0       ??_EMSException@@UAEPAXI@Z 00402bc0 f i Groups.obj
 0001:00001be0       ??0exception@svutil@@QAE@PBD0@Z 00402be0 f i Groups.obj
 0001:00001ca0       ?GetErrorType@MSException@@UBEPBDXZ 00402ca0 f i Groups.obj
 0001:00001ca0       ?GetErrorType@exception@svutil@@UBEPBDXZ 00402ca0 f i Groups.obj
 0001:00001cb0       ?GetDescription@exception@svutil@@UBEPBDXZ 00402cb0 f i Groups.obj
 0001:00001cb0       ?GetDescription@MSException@@UBEPBDXZ 00402cb0 f i Groups.obj
 0001:00001cc0       ??_Gexception@svutil@@UAEPAXI@Z 00402cc0 f i Groups.obj
 0001:00001cc0       ??_Eexception@svutil@@UAEPAXI@Z 00402cc0 f i Groups.obj
 0001:00001ce0       ??1word@svutil@@UAE@XZ     00402ce0 f i Groups.obj
 0001:00001ce0       ??1?$hashelement@Vword@svutil@@PAVTask@@@svutil@@QAE@XZ 00402ce0 f i MonitorSchedule.obj
 0001:00001d00       ??_Gword@svutil@@UAEPAXI@Z 00402d00 f i Groups.obj
 0001:00001d00       ??_Eword@svutil@@UAEPAXI@Z 00402d00 f i Groups.obj
 0001:00001d30       ?SetEntityID@Entity@@QAEXPBD@Z 00402d30 f i Groups.obj
 0001:00001da0       ??1MSException@@UAE@XZ     00402da0 f i Groups.obj
 0001:00001db0       ?SetSystemType@Entity@@QAEXPBD@Z 00402db0 f i Groups.obj
 0001:00001e20       ?SetDepend@Entity@@QAEXPBD@Z 00402e20 f i Groups.obj
 0001:00001e90       ?SetIPAdress@Entity@@QAEXPBD@Z 00402e90 f i Groups.obj
 0001:00001f00       ??0MSException@@QAE@ABV0@@Z 00402f00 f i Groups.obj
 0001:00001f50       ?SetGroupID@GroupsItem@@QAEXPBD@Z 00402f50 f i Groups.obj
 0001:00001fc0       ?SetParentID@GroupsItem@@QAEXPBD@Z 00402fc0 f i Groups.obj
 0001:00002030       ?SetDepedSon@GroupsItem@@QAEXPBD@Z 00403030 f i Groups.obj
 0001:000020a0       ??0?$hashelement@Vword@svutil@@V12@@svutil@@QAE@ABVword@1@@Z 004030a0 f i Groups.obj
 0001:00002120       ??0?$hashelement@Vword@svutil@@V12@@svutil@@QAE@ABVword@1@0@Z 00403120 f i Groups.obj
 0001:000021b0       ??1?$hashelement@Vword@svutil@@V12@@svutil@@QAE@XZ 004031b0 f i Groups.obj
 0001:000021f0       ??1?$treenode@V?$hashelement@Vword@svutil@@V12@@svutil@@@svutil@@UAE@XZ 004031f0 f i Groups.obj
 0001:00002230       ??_E?$treenode@V?$hashelement@Vword@svutil@@V12@@svutil@@@svutil@@UAEPAXI@Z 00403230 f i Groups.obj
 0001:00002230       ??_G?$treenode@V?$hashelement@Vword@svutil@@V12@@svutil@@@svutil@@UAEPAXI@Z 00403230 f i Groups.obj
 0001:00002250       ?_Xlen@?$vector@PAV?$hashnode@Vword@svutil@@V12@@svutil@@V?$allocator@PAV?$hashnode@Vword@svutil@@V12@@svutil@@@std@@@std@@IBEXXZ 00403250 f i Groups.obj
 0001:000022d0       ??0logic_error@std@@QAE@ABV01@@Z 004032d0 f i Groups.obj
 0001:00002330       ??M?$treenode@V?$hashelement@Vword@svutil@@V12@@svutil@@@svutil@@QAE_NV01@@Z 00403330 f i Groups.obj
 0001:000023b0       ??O?$treenode@V?$hashelement@Vword@svutil@@V12@@svutil@@@svutil@@QAE_NV01@@Z 004033b0 f i Groups.obj
 0001:00002430       ??$fill@PAPAV?$hashnode@Vword@svutil@@PAVTask@@@svutil@@PAV12@@std@@YAXPAPAV?$hashnode@Vword@svutil@@PAVTask@@@svutil@@0ABQAV12@@Z 00403430 f i MonitorSchedule.obj
 0001:00002430       ??$fill@PAPAV?$hashnode@Vword@svutil@@V12@@svutil@@PAV12@@std@@YAXPAPAV?$hashnode@Vword@svutil@@V12@@svutil@@0ABQAV12@@Z 00403430 f i Groups.obj
 0001:00002450       ??0?$treenode@V?$hashelement@Vword@svutil@@V12@@svutil@@@svutil@@QAE@ABV?$hashelement@Vword@svutil@@V12@@1@@Z 00403450 f i Groups.obj
 0001:000024f0       ?DeleteTree@?$sorttree@V?$hashelement@Vword@svutil@@V12@@svutil@@@svutil@@QAEXPAV?$treenode@V?$hashelement@Vword@svutil@@V12@@svutil@@@2@@Z 004034f0 f i Groups.obj
 0001:00002540       ??0length_error@std@@QAE@ABV01@@Z 00403540 f i Groups.obj
 0001:00002560       ?findnode@?$sorttree@V?$hashelement@Vword@svutil@@V12@@svutil@@@svutil@@QAEPAV?$treenode@V?$hashelement@Vword@svutil@@V12@@svutil@@@2@ABV?$hashelement@Vword@svutil@@V12@@2@PAV32@@Z 00403560 f i Groups.obj
 0001:000025d0       ??0?$treenode@V?$hashelement@Vword@svutil@@V12@@svutil@@@svutil@@QAE@ABV01@@Z 004035d0 f i Groups.obj
 0001:00002670       ??$copy_backward@PAPAV?$hashnode@Vword@svutil@@PAVTask@@@svutil@@PAPAV12@@std@@YAPAPAV?$hashnode@Vword@svutil@@PAVTask@@@svutil@@PAPAV12@00@Z 00403670 f i MonitorSchedule.obj
 0001:00002670       ??$copy_backward@PAPAV?$hashnode@Vword@svutil@@V12@@svutil@@PAPAV12@@std@@YAPAPAV?$hashnode@Vword@svutil@@V12@@svutil@@PAPAV12@00@Z 00403670 f i Groups.obj
 0001:000026a0       ??$CreateNode@V?$hashelement@Vword@svutil@@V12@@svutil@@@?$sorttree@V?$hashelement@Vword@svutil@@V12@@svutil@@@svutil@@SAPAV?$treenode@V?$hashelement@Vword@svutil@@V12@@svutil@@@1@ABV?$hashelement@Vword@svutil@@V12@@1@@Z 004036a0 f i Groups.obj
 0001:00002700       ?_Buynode@?$list@PAUtmsg@@V?$allocator@PAUtmsg@@@std@@@std@@IAEPAU_Node@?$_List_nod@PAUtmsg@@V?$allocator@PAUtmsg@@@std@@@2@XZ 00403700 f i MSGQueue.obj
 0001:00002700       ?_Buynode@?$list@PAVEntity@@V?$allocator@PAVEntity@@@std@@@std@@IAEPAU_Node@?$_List_nod@PAVEntity@@V?$allocator@PAVEntity@@@std@@@2@XZ 00403700 f i Groups.obj
 0001:00002700       ?_Buynode@?$list@PAVReturnValue@@V?$allocator@PAVReturnValue@@@std@@@std@@IAEPAU_Node@?$_List_nod@PAVReturnValue@@V?$allocator@PAVReturnValue@@@std@@@2@XZ 00403700 f i MonitorThread.obj
 0001:00002700       ?_Buynode@?$list@PAVReturnData@@V?$allocator@PAVReturnData@@@std@@@std@@IAEPAU_Node@?$_List_nod@PAVReturnData@@V?$allocator@PAVReturnData@@@std@@@2@XZ 00403700 f i Monitor.obj
 0001:00002700       ?_Buynode@?$list@PAVThreadEx@@V?$allocator@PAVThreadEx@@@std@@@std@@IAEPAU_Node@?$_List_nod@PAVThreadEx@@V?$allocator@PAVThreadEx@@@std@@@2@XZ 00403700 f i ScheduleThread.obj
 0001:00002700       ?_Buynode@?$list@PAVSubsequentItem@@V?$allocator@PAVSubsequentItem@@@std@@@std@@IAEPAU_Node@?$_List_nod@PAVSubsequentItem@@V?$allocator@PAVSubsequentItem@@@std@@@2@XZ 00403700 f i Subsequent.obj
 0001:00002700       ?_Buynode@?$list@PAVMonitor@@V?$allocator@PAVMonitor@@@std@@@std@@IAEPAU_Node@?$_List_nod@PAVMonitor@@V?$allocator@PAVMonitor@@@std@@@2@XZ 00403700 f i MonitorSchedule.obj
 0001:00002700       ?_Buynode@?$list@PAVGroupsItem@@V?$allocator@PAVGroupsItem@@@std@@@std@@IAEPAU_Node@?$_List_nod@PAVGroupsItem@@V?$allocator@PAVGroupsItem@@@std@@@2@XZ 00403700 f i Groups.obj
 0001:00002700       ?_Buynode@?$list@PAVStateConditionItem@@V?$allocator@PAVStateConditionItem@@@std@@@std@@IAEPAU_Node@?$_List_nod@PAVStateConditionItem@@V?$allocator@PAVStateConditionItem@@@std@@@2@XZ 00403700 f i StateCondition.obj
 0001:00002720       ??_G?$sorttree@V?$hashelement@Vword@svutil@@V12@@svutil@@@svutil@@UAEPAXI@Z 00403720 f i Groups.obj
 0001:00002720       ??_E?$sorttree@V?$hashelement@Vword@svutil@@V12@@svutil@@@svutil@@UAEPAXI@Z 00403720 f i Groups.obj
 0001:00002780       ?_Incsize@?$list@PAVEntity@@V?$allocator@PAVEntity@@@std@@@std@@IAEXI@Z 00403780 f i Groups.obj
 0001:00002780       ?_Incsize@?$list@PAVGroupsItem@@V?$allocator@PAVGroupsItem@@@std@@@std@@IAEXI@Z 00403780 f i Groups.obj
 0001:00002820       ?find@?$hashnode@Vword@svutil@@V12@@svutil@@QAE_NABVword@2@PAPAV?$hashelement@Vword@svutil@@V12@@2@@Z 00403820 f i Groups.obj
 0001:00002920       ?InsertNode@?$sorttree@V?$hashelement@Vword@svutil@@V12@@svutil@@@svutil@@QAEXPAV?$treenode@V?$hashelement@Vword@svutil@@V12@@svutil@@@2@0@Z 00403920 f i Groups.obj
 0001:000029b0       ??$_Ucopy@PAPAV?$hashnode@Vword@svutil@@V12@@svutil@@@?$vector@PAV?$hashnode@Vword@svutil@@V12@@svutil@@V?$allocator@PAV?$hashnode@Vword@svutil@@V12@@svutil@@@std@@@std@@IAEPAPAV?$hashnode@Vword@svutil@@V12@@svutil@@PAPAV23@00@Z 004039b0 f i Groups.obj
 0001:000029b0       ??$_Ucopy@PAPAV?$hashnode@Vword@svutil@@PAVTask@@@svutil@@@?$vector@PAV?$hashnode@Vword@svutil@@PAVTask@@@svutil@@V?$allocator@PAV?$hashnode@Vword@svutil@@PAVTask@@@svutil@@@std@@@std@@IAEPAPAV?$hashnode@Vword@svutil@@PAVTask@@@svutil@@PAPAV23@00@Z 004039b0 f i MonitorSchedule.obj
 0001:000029e0       ?GetEntityByID@Groups@@QAEPAVEntity@@PBD@Z 004039e0 f   Groups.obj
 0001:00002a40       ?GetSingleGroupByID@Groups@@QAEPAVGroupsItem@@PBD@Z 00403a40 f   Groups.obj
 0001:00002aa0       ?InitAllEntityActiveMonitorArray@Groups@@QAEHH@Z 00403aa0 f   Groups.obj
 0001:00002ae0       ?find@?$hashnode@Vword@svutil@@V12@@svutil@@QAE_NABVword@2@PAPAV32@@Z 00403ae0 f i Groups.obj
 0001:00002b40       ?InsertNodeEx@?$sorttree@V?$hashelement@Vword@svutil@@V12@@svutil@@@svutil@@QAEAAV?$hashelement@Vword@svutil@@V12@@2@ABV32@@Z 00403b40 f i Groups.obj
 0001:00002bd0       ??1exception@svutil@@UAE@XZ 00403bd0 f i Groups.obj
 0001:00002be0       ??0exception@svutil@@QAE@ABV01@@Z 00403be0 f i Groups.obj
 0001:00002c30       ?_Ufill@?$vector@PAV?$hashnode@Vword@svutil@@V12@@svutil@@V?$allocator@PAV?$hashnode@Vword@svutil@@V12@@svutil@@@std@@@std@@IAEPAPAV?$hashnode@Vword@svutil@@V12@@svutil@@PAPAV34@IABQAV34@@Z 00403c30 f i Groups.obj
 0001:00002c30       ?_Ufill@?$vector@PAV?$hashnode@Vword@svutil@@PAVTask@@@svutil@@V?$allocator@PAV?$hashnode@Vword@svutil@@PAVTask@@@svutil@@@std@@@std@@IAEPAPAV?$hashnode@Vword@svutil@@PAVTask@@@svutil@@PAPAV34@IABQAV34@@Z 00403c30 f i MonitorSchedule.obj
 0001:00002c60       ??1Groups@@UAE@XZ          00403c60 f   Groups.obj
 0001:00002dd0       ?push_back@?$list@PAVEntity@@V?$allocator@PAVEntity@@@std@@@std@@QAEXABQAVEntity@@@Z 00403dd0 f i Groups.obj
 0001:00002dd0       ?push_back@?$list@PAVGroupsItem@@V?$allocator@PAVGroupsItem@@@std@@@std@@QAEXABQAVGroupsItem@@@Z 00403dd0 f i Groups.obj
 0001:00002e10       ?find@?$hashtable@Vword@svutil@@V12@@svutil@@QAEPAVword@2@ABV32@@Z 00403e10 f i Groups.obj
 0001:00002e80       ?insert@?$hashnode@Vword@svutil@@V12@@svutil@@QAEAAV?$hashelement@Vword@svutil@@V12@@2@ABVword@2@0@Z 00403e80 f i Groups.obj
 0001:00002f80       ?_Insert_n@?$vector@PAV?$hashnode@Vword@svutil@@V12@@svutil@@V?$allocator@PAV?$hashnode@Vword@svutil@@V12@@svutil@@@std@@@std@@IAEXViterator@12@IABQAV?$hashnode@Vword@svutil@@V12@@svutil@@@Z 00403f80 f i Groups.obj
 0001:00003170       ??0Groups@@QAE@XZ          00404170 f   Groups.obj
 0001:000031f0       ??_EGroups@@UAEPAXI@Z      004041f0 f i Groups.obj
 0001:000031f0       ??_GGroups@@UAEPAXI@Z      004041f0 f i Groups.obj
 0001:00003210       ?FromTextMap@Groups@@QAE_NAAV?$hashtable@Vword@svutil@@V12@@svutil@@@Z 00404210 f   Groups.obj
 0001:00003a50       ?resize@?$vector@PAV?$hashnode@Vword@svutil@@V12@@svutil@@V?$allocator@PAV?$hashnode@Vword@svutil@@V12@@svutil@@@std@@@std@@QAEXIPAV?$hashnode@Vword@svutil@@V12@@svutil@@@Z 00404a50 f i Groups.obj
 0001:00003ae0       ?insert@?$hashtable@Vword@svutil@@V12@@svutil@@QAEAAVword@2@ABV32@0@Z 00404ae0 f i Groups.obj
 0001:00003bd0       ??A?$hashtable@Vword@svutil@@V12@@svutil@@QAEAAVword@1@ABV21@@Z 00404bd0 f i Groups.obj
 0001:00003c60       ?ToTextMap@Groups@@QAE_NAAV?$hashtable@Vword@svutil@@V12@@svutil@@@Z 00404c60 f   Groups.obj
 0001:00004340       ??0GroupsItem@@QAE@XZ      00405340 f   GroupsItem.obj
 0001:00004360       ??_EGroupsItem@@UAEPAXI@Z  00405360 f i GroupsItem.obj
 0001:00004360       ??_GGroupsItem@@UAEPAXI@Z  00405360 f i GroupsItem.obj
 0001:00004380       ??0TString@@QAE@PBD@Z      00405380 f i LoadConfig.obj
 0001:000043a0       ??4TString@@QAEABV0@PBD@Z  004053a0 f i LoadConfig.obj
 0001:000043c0       ??_GTString@@UAEPAXI@Z     004053c0 f i LoadConfig.obj
 0001:000043c0       ??_ETString@@UAEPAXI@Z     004053c0 f i LoadConfig.obj
 0001:000043e0       ?SetProcess@Monitor@@QAEXPBD@Z 004053e0 f i LoadConfig.obj
 0001:00004400       ?SetEntityType@Monitor@@QAEXPBD@Z 00405400 f i LoadConfig.obj
 0001:00004420       ?GetParentID@Monitor@@QBE?AV?$basic_string@DU?$char_traits@D@std@@V?$allocator@D@2@@std@@XZ 00405420 f i LoadConfig.obj
 0001:00004460       ?SetTaskName@Monitor@@QAEXV?$basic_string@DU?$char_traits@D@std@@V?$allocator@D@2@@std@@@Z 00405460 f i LoadConfig.obj
 0001:000044b0       ??0LoadConfig@@QAE@XZ      004054b0 f   LoadConfig.obj
 0001:000044d0       ?LoadAll@LoadConfig@@QAEHXZ 004054d0 f   LoadConfig.obj
 0001:00004760       ?GetMonitorPro@LoadConfig@@AAEHPAVMonitor@@V?$basic_string@DU?$char_traits@D@std@@V?$allocator@D@2@@std@@@Z 00405760 f   LoadConfig.obj
 0001:00004df0       ?LoadCommonEntity@LoadConfig@@AAEHV?$basic_string@DU?$char_traits@D@std@@V?$allocator@D@2@@std@@AAV?$list@V?$basic_string@DU?$char_traits@D@std@@V?$allocator@D@2@@std@@V?$allocator@V?$basic_string@DU?$char_traits@D@std@@V?$allocator@D@2@@std@@@2@@3@@Z 00405df0 f   LoadConfig.obj
 0001:00004f50       ?GetReturnList@LoadConfig@@AAEHPAVMonitor@@H@Z 00405f50 f   LoadConfig.obj
 0001:000050d0       ?LoadSingleEntity@LoadConfig@@AAEXPAVEntity@@V?$basic_string@DU?$char_traits@D@std@@V?$allocator@D@2@@std@@@Z 004060d0 f   LoadConfig.obj
 0001:00005420       ?ClearBuffer@LoadConfig@@QAE_NXZ 00406420 f   LoadConfig.obj
 0001:00005470       ?CreateSingleEntity@LoadConfig@@QAEHPAVEntity@@V?$basic_string@DU?$char_traits@D@std@@V?$allocator@D@2@@std@@@Z 00406470 f   LoadConfig.obj
 0001:00005550       ?CreateSingleGroup@LoadConfig@@QAEHPAVGroupsItem@@V?$basic_string@DU?$char_traits@D@std@@V?$allocator@D@2@@std@@@Z 00406550 f   LoadConfig.obj
 0001:00005770       ?LoadTaskPlan@LoadConfig@@QAE_NAAV?$hashtable@Vword@svutil@@PAVTask@@@svutil@@@Z 00406770 f   LoadConfig.obj
 0001:00005780       ??1LoadConfig@@UAE@XZ      00406780 f   LoadConfig.obj
 0001:00005840       ?GetStateCondition@LoadConfig@@AAEHPAVMonitor@@V?$basic_string@DU?$char_traits@D@std@@V?$allocator@D@2@@std@@@Z 00406840 f   LoadConfig.obj
 0001:00005db0       ?CreateSubsequent@LoadConfig@@QAEHPAVSubsequent@@@Z 00406db0 f   LoadConfig.obj
 0001:00005e00       ??_GLoadConfig@@UAEPAXI@Z  00406e00 f i LoadConfig.obj
 0001:00005e00       ??_ELoadConfig@@UAEPAXI@Z  00406e00 f i LoadConfig.obj
 0001:00005e20       ?_Buynode@?$list@V?$basic_string@DU?$char_traits@D@std@@V?$allocator@D@2@@std@@V?$allocator@V?$basic_string@DU?$char_traits@D@std@@V?$allocator@D@2@@std@@@2@@std@@IAEPAU_Node@?$_List_nod@V?$basic_string@DU?$char_traits@D@std@@V?$allocator@D@2@@std@@V?$allocator@V?$basic_string@DU?$char_traits@D@std@@V?$allocator@D@2@@std@@@2@@2@XZ 00406e20 f i LoadConfig.obj
 0001:00005e40       ?_Buynode@?$list@V?$basic_string@DU?$char_traits@D@std@@V?$allocator@D@2@@std@@V?$allocator@V?$basic_string@DU?$char_traits@D@std@@V?$allocator@D@2@@std@@@2@@std@@IAEPAU_Node@?$_List_nod@V?$basic_string@DU?$char_traits@D@std@@V?$allocator@D@2@@std@@V?$allocator@V?$basic_string@DU?$char_traits@D@std@@V?$allocator@D@2@@std@@@2@@2@PAU342@0ABV?$basic_string@DU?$char_traits@D@std@@V?$allocator@D@2@@2@@Z 00406e40 f i LoadConfig.obj
 0001:00005ed0       ?_Incsize@?$list@V?$basic_string@DU?$char_traits@D@std@@V?$allocator@D@2@@std@@V?$allocator@V?$basic_string@DU?$char_traits@D@std@@V?$allocator@D@2@@std@@@2@@std@@IAEXI@Z 00406ed0 f i LoadConfig.obj
 0001:00005f70       ?_Buynode@?$list@PAVMonitor@@V?$allocator@PAVMonitor@@@std@@@std@@IAEPAU_Node@?$_List_nod@PAVMonitor@@V?$allocator@PAVMonitor@@@std@@@2@PAU342@0ABQAVMonitor@@@Z 00406f70 f i LoadConfig.obj
 0001:00005f70       ?_Buynode@?$list@PAVReturnData@@V?$allocator@PAVReturnData@@@std@@@std@@IAEPAU_Node@?$_List_nod@PAVReturnData@@V?$allocator@PAVReturnData@@@std@@@2@PAU342@0ABQAVReturnData@@@Z 00406f70 f i Monitor.obj
 0001:00005f70       ?_Buynode@?$list@PAVSubsequentItem@@V?$allocator@PAVSubsequentItem@@@std@@@std@@IAEPAU_Node@?$_List_nod@PAVSubsequentItem@@V?$allocator@PAVSubsequentItem@@@std@@@2@PAU342@0ABQAVSubsequentItem@@@Z 00406f70 f i readSVDB.obj
 0001:00005f70       ?_Buynode@?$list@PAVEntity@@V?$allocator@PAVEntity@@@std@@@std@@IAEPAU_Node@?$_List_nod@PAVEntity@@V?$allocator@PAVEntity@@@std@@@2@PAU342@0ABQAVEntity@@@Z 00406f70 f i Groups.obj
 0001:00005f70       ?_Buynode@?$list@PAVThreadEx@@V?$allocator@PAVThreadEx@@@std@@@std@@IAEPAU_Node@?$_List_nod@PAVThreadEx@@V?$allocator@PAVThreadEx@@@std@@@2@PAU342@0ABQAVThreadEx@@@Z 00406f70 f i ThreadContrl.obj
 0001:00005f70       ?_Buynode@?$list@PAVGroupsItem@@V?$allocator@PAVGroupsItem@@@std@@@std@@IAEPAU_Node@?$_List_nod@PAVGroupsItem@@V?$allocator@PAVGroupsItem@@@std@@@2@PAU342@0ABQAVGroupsItem@@@Z 00406f70 f i Groups.obj
 0001:00005f70       ?_Buynode@?$list@PAVStateConditionItem@@V?$allocator@PAVStateConditionItem@@@std@@@std@@IAEPAU_Node@?$_List_nod@PAVStateConditionItem@@V?$allocator@PAVStateConditionItem@@@std@@@2@PAU342@0ABQAVStateConditionItem@@@Z 00406f70 f i Monitor.obj
 0001:00005f70       ?_Buynode@?$list@PAVReturnValue@@V?$allocator@PAVReturnValue@@@std@@@std@@IAEPAU_Node@?$_List_nod@PAVReturnValue@@V?$allocator@PAVReturnValue@@@std@@@2@PAU342@0ABQAVReturnValue@@@Z 00406f70 f i MonitorThread.obj
 0001:00005fa0       ?_Incsize@?$list@PAVMonitor@@V?$allocator@PAVMonitor@@@std@@@std@@IAEXI@Z 00406fa0 f i LoadConfig.obj
 0001:00006040       ??0?$list@V?$basic_string@DU?$char_traits@D@std@@V?$allocator@D@2@@std@@V?$allocator@V?$basic_string@DU?$char_traits@D@std@@V?$allocator@D@2@@std@@@2@@std@@QAE@XZ 00407040 f i LoadConfig.obj
 0001:00006060       ?push_back@?$list@V?$basic_string@DU?$char_traits@D@std@@V?$allocator@D@2@@std@@V?$allocator@V?$basic_string@DU?$char_traits@D@std@@V?$allocator@D@2@@std@@@2@@std@@QAEXABV?$basic_string@DU?$char_traits@D@std@@V?$allocator@D@2@@2@@Z 00407060 f i LoadConfig.obj
 0001:000060a0       ?GetParamList@LoadConfig@@AAEHPAVMonitor@@V?$basic_string@DU?$char_traits@D@std@@V?$allocator@D@2@@std@@1@Z 004070a0 f   LoadConfig.obj
 0001:00006c40       ?CreateSingleMonitor@LoadConfig@@QAEHPAVMonitor@@V?$basic_string@DU?$char_traits@D@std@@V?$allocator@D@2@@std@@@Z 00407c40 f   LoadConfig.obj
 0001:00006d80       ??1?$list@VSingelRecord@@V?$allocator@VSingelRecord@@@std@@@std@@QAE@XZ 00407d80 f i appendmassrecord.obj
 0001:00006d80       ??1?$list@V?$basic_string@DU?$char_traits@D@std@@V?$allocator@D@2@@std@@V?$allocator@V?$basic_string@DU?$char_traits@D@std@@V?$allocator@D@2@@std@@@2@@std@@QAE@XZ 00407d80 f i LoadConfig.obj
 0001:00006da0       ?CreateMonitors@LoadConfig@@QAEHAAV?$list@PAVMonitor@@V?$allocator@PAVMonitor@@@std@@@std@@@Z 00407da0 f   LoadConfig.obj
 0001:00007070       ?LoadEntitys@LoadConfig@@AAEXAAV?$list@PAVEntity@@V?$allocator@PAVEntity@@@std@@@std@@@Z 00408070 f   LoadConfig.obj
 0001:000072c0       ?LoadGroups@LoadConfig@@AAEXAAV?$list@PAVGroupsItem@@V?$allocator@PAVGroupsItem@@@std@@@std@@@Z 004082c0 f   LoadConfig.obj
 0001:00007680       ?CreateGroups@LoadConfig@@QAEHPAVGroups@@@Z 00408680 f   LoadConfig.obj
 0001:000076e0       ?GetCurrentTimeEx@TTime@svutil@@SA?AV12@XZ 004086e0 f i MakeRecord.obj
 0001:00007710       ?buildbuffer@MakeRecord@@AAEPADMPADH@Z 00408710 f   MakeRecord.obj
 0001:00007740       ?buildbuffer@MakeRecord@@AAEPADV?$basic_string@DU?$char_traits@D@std@@V?$allocator@D@2@@std@@PADH@Z 00408740 f   MakeRecord.obj
 0001:000077e0       ??0MakeRecord@@QAE@PADHH@Z 004087e0 f   MakeRecord.obj
 0001:00007820       ?MakeBuf@MakeRecord@@QAE_NPAVReturnValue@@@Z 00408820 f   MakeRecord.obj
 0001:00007970       ?MakeError@MakeRecord@@QAE_NHV?$basic_string@DU?$char_traits@D@std@@V?$allocator@D@2@@std@@@Z 00408970 f   MakeRecord.obj
 0001:00007a30       ??0TTime@svutil@@QAE@HHHHHHH@Z 00408a30 f i Monitor.obj
 0001:00007b00       ?CalculateNextRunTime@Monitor@@QAE_NVTTime@svutil@@@Z 00408b00 f   Monitor.obj
 0001:00007b20       ?CalculateNextRunTime@Monitor@@QAE_NXZ 00408b20 f   Monitor.obj
 0001:00007ba0       ?CalculateErrorFrequency@Monitor@@QAEX_N@Z 00408ba0 f   Monitor.obj
 0001:00007bf0       ?_Incsize@?$list@PAVStateConditionItem@@V?$allocator@PAVStateConditionItem@@@std@@@std@@IAEXI@Z 00408bf0 f i Monitor.obj
 0001:00007bf0       ?_Incsize@?$list@PAVReturnData@@V?$allocator@PAVReturnData@@@std@@@std@@IAEXI@Z 00408bf0 f i Monitor.obj
 0001:00007c90       ?push_back@?$list@PAVReturnData@@V?$allocator@PAVReturnData@@@std@@@std@@QAEXABQAVReturnData@@@Z 00408c90 f i Monitor.obj
 0001:00007c90       ?push_back@?$list@PAVStateConditionItem@@V?$allocator@PAVStateConditionItem@@@std@@@std@@QAEXABQAVStateConditionItem@@@Z 00408c90 f i Monitor.obj
 0001:00007cd0       ?FromTextMap@Monitor@@QAEHAAV?$hashtable@Vword@svutil@@V12@@svutil@@@Z 00408cd0 f   Monitor.obj
 0001:00009640       ??0Monitor@@QAE@XZ         0040a640 f   Monitor.obj
 0001:000097a0       ??1Monitor@@UAE@XZ         0040a7a0 f   Monitor.obj
 0001:00009970       ??_GMonitor@@UAEPAXI@Z     0040a970 f i Monitor.obj
 0001:00009970       ??_EMonitor@@UAEPAXI@Z     0040a970 f i Monitor.obj
 0001:00009990       ?ToTextMap@Monitor@@QAEHAAV?$hashtable@Vword@svutil@@V12@@svutil@@@Z 0040a990 f   Monitor.obj
 0001:0000ae50       ??0TString@@QAE@ABV0@@Z    0040be50 f i MonitorSchedule.obj
 0001:0000aeb0       ?Replace@TString@@QAEHPBD0@Z 0040beb0 f i MonitorSchedule.obj
 0001:0000af50       ?Format@TTime@svutil@@QBE?AV?$basic_string@DU?$char_traits@D@std@@V?$allocator@D@2@@std@@XZ 0040bf50 f i MonitorSchedule.obj
 0001:0000afe0       ?GetMonitorClass@Monitor@@QAE?AVTString@@XZ 0040bfe0 f i MonitorSchedule.obj
 0001:0000b010       ?GetSEID@Monitor@@QBE?AV?$basic_string@DU?$char_traits@D@std@@V?$allocator@D@2@@std@@XZ 0040c010 f i MonitorSchedule.obj
 0001:0000b050       ?Run@@YAXXZ                0040c050 f   MonitorSchedule.obj
 0001:0000b1c0       ?CheckReturnLen@@YAHPBD@Z  0040c1c0 f   MonitorSchedule.obj
 0001:0000b1f0       ?Run_ProcessMonitor@@YAXV?$basic_string@DU?$char_traits@D@std@@V?$allocator@D@2@@std@@@Z 0040c1f0 f   MonitorSchedule.obj
 0001:0000b690       ?_Xlen@?$vector@PAV?$hashnode@Vword@svutil@@PAVTask@@@svutil@@V?$allocator@PAV?$hashnode@Vword@svutil@@PAVTask@@@svutil@@@std@@@std@@IBEXXZ 0040c690 f i MonitorSchedule.obj
 0001:0000b710       ?CountNodes@?$sorttree@V?$hashelement@Vword@svutil@@PAVTask@@@svutil@@@svutil@@AAEXPAV?$treenode@V?$hashelement@Vword@svutil@@PAVTask@@@svutil@@@2@AAK@Z 0040c710 f i MonitorSchedule.obj
 0001:0000b740       ??GTTime@svutil@@QBE?AVTTimeSpan@1@V01@@Z 0040c740 f i MonitorSchedule.obj
 0001:0000b760       ?DeleteTree@?$sorttree@V?$hashelement@Vword@svutil@@PAVTask@@@svutil@@@svutil@@QAEXPAV?$treenode@V?$hashelement@Vword@svutil@@PAVTask@@@svutil@@@2@@Z 0040c760 f i MonitorSchedule.obj
 0001:0000b7b0       ?findnextnode@?$sorttree@V?$hashelement@Vword@svutil@@PAVTask@@@svutil@@@svutil@@ABEPAV?$treenode@V?$hashelement@Vword@svutil@@PAVTask@@@svutil@@@2@AAV?$hashelement@Vword@svutil@@PAVTask@@@2@AA_NPAV32@@Z 0040c7b0 f i MonitorSchedule.obj
 0001:0000b820       ??_E?$sorttree@V?$hashelement@Vword@svutil@@PAVTask@@@svutil@@@svutil@@UAEPAXI@Z 0040c820 f i MonitorSchedule.obj
 0001:0000b820       ??_G?$sorttree@V?$hashelement@Vword@svutil@@PAVTask@@@svutil@@@svutil@@UAEPAXI@Z 0040c820 f i MonitorSchedule.obj
 0001:0000b880       ??1?$hashnode@Vword@svutil@@PAVTask@@@svutil@@QAE@XZ 0040c880 f i MonitorSchedule.obj
 0001:0000b910       ?push_back@?$list@PAVMonitor@@V?$allocator@PAVMonitor@@@std@@@std@@QAEXABQAVMonitor@@@Z 0040c910 f i MonitorSchedule.obj
 0001:0000b950       ?clearnodes@?$hashtable@Vword@svutil@@PAVTask@@@svutil@@IAEXXZ 0040c950 f i MonitorSchedule.obj
 0001:0000b9c0       ??1?$vector@PAV?$hashnode@Vword@svutil@@PAVTask@@@svutil@@V?$allocator@PAV?$hashnode@Vword@svutil@@PAVTask@@@svutil@@@std@@@std@@QAE@XZ 0040c9c0 f i MonitorSchedule.obj
 0001:0000b9c0       ??1?$vector@PAV?$hashnode@Vword@svutil@@V12@@svutil@@V?$allocator@PAV?$hashnode@Vword@svutil@@V12@@svutil@@@std@@@std@@QAE@XZ 0040c9c0 f i MonitorThread.obj
 0001:0000b9c0       ??1TaskWeekDay@@QAE@XZ     0040c9c0 f i Task.obj
 0001:0000b9c0       ??1?$vector@U?$pair@HH@std@@V?$allocator@U?$pair@HH@std@@@2@@std@@QAE@XZ 0040c9c0 f i readSVDB.obj
 0001:0000b9f0       ?findnext@?$hashnode@Vword@svutil@@PAVTask@@@svutil@@QAE_NAAV?$hashelement@Vword@svutil@@PAVTask@@@2@PAPAV32@@Z 0040c9f0 f i MonitorSchedule.obj
 0001:0000baa0       ?_Insert_n@?$vector@PAV?$hashnode@Vword@svutil@@PAVTask@@@svutil@@V?$allocator@PAV?$hashnode@Vword@svutil@@PAVTask@@@svutil@@@std@@@std@@IAEXViterator@12@IABQAV?$hashnode@Vword@svutil@@PAVTask@@@svutil@@@Z 0040caa0 f i MonitorSchedule.obj
 0001:0000bc90       ?GetMonitorListByFile@@YAHAAV?$list@PAVMonitor@@V?$allocator@PAVMonitor@@@std@@@std@@PBD@Z 0040cc90 f   MonitorSchedule.obj
 0001:0000bf80       ?MakeMonitorListByBuf@@YA_NAAV?$list@PAVMonitor@@V?$allocator@PAVMonitor@@@std@@@std@@PBD@Z 0040cf80 f   MonitorSchedule.obj
 0001:0000c140       ?GetMonitorListByPipe@@YA_NAAV?$list@PAVMonitor@@V?$allocator@PAVMonitor@@@std@@@std@@V?$basic_string@DU?$char_traits@D@std@@V?$allocator@D@2@@2@11@Z 0040d140 f   MonitorSchedule.obj
 0001:0000c380       ??1?$hashtable@Vword@svutil@@PAVTask@@@svutil@@QAE@XZ 0040d380 f i MonitorSchedule.obj
 0001:0000c3e0       ?findnext@?$hashtable@Vword@svutil@@PAVTask@@@svutil@@QAE_NAAViterator@12@@Z 0040d3e0 f i MonitorSchedule.obj
 0001:0000c480       ?resize@?$vector@PAV?$hashnode@Vword@svutil@@PAVTask@@@svutil@@V?$allocator@PAV?$hashnode@Vword@svutil@@PAVTask@@@svutil@@@std@@@std@@QAEXIPAV?$hashnode@Vword@svutil@@PAVTask@@@svutil@@@Z 0040d480 f i MonitorSchedule.obj
 0001:0000c510       ??0?$hashtable@Vword@svutil@@PAVTask@@@svutil@@QAE@XZ 0040d510 f i MonitorSchedule.obj
 0001:0000c560       _main                      0040d560 f   MonitorSchedule.obj
 0001:0000d030       ??_Eout_of_range@std@@UAEPAXI@Z 0040e030 f i MonitorSchMain.obj
 0001:0000d030       ??_Gout_of_range@std@@UAEPAXI@Z 0040e030 f i MonitorSchMain.obj
 0001:0000d050       ??1out_of_range@std@@UAE@XZ 0040e050 f i MonitorSchMain.obj
 0001:0000d060       ??1sv_dyn@@QAE@XZ          0040e060 f i MonitorSchMain.obj
 0001:0000d070       ?GetLastState@Monitor@@QAEHXZ 0040e070 f i MonitorSchMain.obj
 0001:0000d140       ?GetNextRunTime@Monitor@@QAE?AVTTime@svutil@@XZ 0040e140 f i MonitorSchMain.obj
 0001:0000d150       ?GetTaskName@Monitor@@QAE?AV?$basic_string@DU?$char_traits@D@std@@V?$allocator@D@2@@std@@XZ 0040e150 f i MonitorSchMain.obj
 0001:0000d180       ?GetParentID@Entity@@QBE?AV?$basic_string@DU?$char_traits@D@std@@V?$allocator@D@2@@std@@XZ 0040e180 f i MonitorSchMain.obj
 0001:0000d1c0       ?CopyTempData@Entity@@QAE_NPBV1@@Z 0040e1c0 f i MonitorSchMain.obj
 0001:0000d2a0       ?Start@ThreadEx@@QAEHXZ    0040e2a0 f i MonitorSchMain.obj
 0001:0000d2c0       ??_GCommunicationThread@@UAEPAXI@Z 0040e2c0 f i MonitorSchMain.obj
 0001:0000d2c0       ??_ECommunicationThread@@UAEPAXI@Z 0040e2c0 f i MonitorSchMain.obj
 0001:0000d2e0       ??_EScheduleThread@@UAEPAXI@Z 0040e2e0 f i MonitorSchMain.obj
 0001:0000d2e0       ??_GScheduleThread@@UAEPAXI@Z 0040e2e0 f i MonitorSchMain.obj
 0001:0000d300       ??0SerialData@@QAE@V?$basic_string@DU?$char_traits@D@std@@V?$allocator@D@2@@std@@@Z 0040e300 f i MonitorSchMain.obj
 0001:0000d370       ?Run@MonitorSchMain@@QAEXXZ 0040e370 f   MonitorSchMain.obj
 0001:0000d380       ?GetMonitorList@MonitorSchMain@@QAEAAV?$list@PAVMonitor@@V?$allocator@PAVMonitor@@@std@@@std@@XZ 0040e380 f   MonitorSchMain.obj
 0001:0000d390       ?ParseOpt@MonitorSchMain@@KA_NV?$basic_string@DU?$char_traits@D@std@@V?$allocator@D@2@@std@@AAV23@1@Z 0040e390 f   MonitorSchMain.obj
 0001:0000d4a0       ?LoadPreLibrary@MonitorSchMain@@QAE_NXZ 0040e4a0 f   MonitorSchMain.obj
 0001:0000d640       ??0?$hashelement@Vword@svutil@@PAVTask@@@svutil@@QAE@ABVword@1@@Z 0040e640 f i MonitorSchMain.obj
 0001:0000d6a0       ?_Max@?$_Tree@V?$_Tmap_traits@V?$basic_string@DU?$char_traits@D@std@@V?$allocator@D@2@@std@@V?$map@V?$basic_string@DU?$char_traits@D@std@@V?$allocator@D@2@@std@@V12@UStlIniCompareStringNoCase@@V?$allocator@U?$pair@$$CBV?$basic_string@DU?$char_traits@D@std@@V?$allocator@D@2@@std@@V12@@std@@@2@@2@UStlIniCompareStringNoCase@@V?$allocator@U?$pair@$$CBV?$basic_string@DU?$char_traits@D@std@@V?$allocator@D@2@@std@@V?$map@V?$basic_string@DU?$char_traits@D@std@@V?$allocator@D@2@@std@@V12@UStlIniCompareStringNoCase@@V?$allocator@U?$pair@$$CBV?$basic_string@DU?$char_traits@D@std@@V?$allocator@D@2@@std@@V12@@std@@@2@@2@@std@@@2@$0A@@std@@@std@@KAPAU_Node@?$_Tree_nod@V?$_Tmap_traits@V?$basic_string@DU?$char_traits@D@std@@V?$allocator@D@2@@std@@V?$map@V?$basic_string@DU?$char_traits@D@std@@V?$allocator@D@2@@std@@V12@UStlIniCompareStringNoCase@@V?$allocator@U?$pair@$$CBV?$basic_string@DU?$char_traits@D@std@@V?$allocator@D@2@@std@@V12@@std@@@2@@2@UStlIniCompareStringNoCase@@V?$allocator@U?$pair@$$CBV?$basic_string@DU?$char_traits@D@std@@V?$allocator@D@2@@std@@V?$map@V?$basic_string@DU?$char_traits@D@std@@V?$allocator@D@2@@std@@V12@UStlIniCompareStringNoCase@@V?$allocator@U?$pair@$$CBV?$basic_string@DU?$char_traits@D@std@@V?$allocator@D@2@@std@@V12@@std@@@2@@2@@std@@@2@$0A@@std@@@2@PAU342@@Z 0040e6a0 f i MonitorSchMain.obj
 0001:0000d6c0       ?_Min@?$_Tree@V?$_Tmap_traits@V?$basic_string@DU?$char_traits@D@std@@V?$allocator@D@2@@std@@V?$map@V?$basic_string@DU?$char_traits@D@std@@V?$allocator@D@2@@std@@V12@UStlIniCompareStringNoCase@@V?$allocator@U?$pair@$$CBV?$basic_string@DU?$char_traits@D@std@@V?$allocator@D@2@@std@@V12@@std@@@2@@2@UStlIniCompareStringNoCase@@V?$allocator@U?$pair@$$CBV?$basic_string@DU?$char_traits@D@std@@V?$allocator@D@2@@std@@V?$map@V?$basic_string@DU?$char_traits@D@std@@V?$allocator@D@2@@std@@V12@UStlIniCompareStringNoCase@@V?$allocator@U?$pair@$$CBV?$basic_string@DU?$char_traits@D@std@@V?$allocator@D@2@@std@@V12@@std@@@2@@2@@std@@@2@$0A@@std@@@std@@KAPAU_Node@?$_Tree_nod@V?$_Tmap_traits@V?$basic_string@DU?$char_traits@D@std@@V?$allocator@D@2@@std@@V?$map@V?$basic_string@DU?$char_traits@D@std@@V?$allocator@D@2@@std@@V12@UStlIniCompareStringNoCase@@V?$allocator@U?$pair@$$CBV?$basic_string@DU?$char_traits@D@std@@V?$allocator@D@2@@std@@V12@@std@@@2@@2@UStlIniCompareStringNoCase@@V?$allocator@U?$pair@$$CBV?$basic_string@DU?$char_traits@D@std@@V?$allocator@D@2@@std@@V?$map@V?$basic_string@DU?$char_traits@D@std@@V?$allocator@D@2@@std@@V12@UStlIniCompareStringNoCase@@V?$allocator@U?$pair@$$CBV?$basic_string@DU?$char_traits@D@std@@V?$allocator@D@2@@std@@V12@@std@@@2@@2@@std@@@2@$0A@@std@@@2@PAU342@@Z 0040e6c0 f i MonitorSchMain.obj
 0001:0000d6e0       ?_Rrotate@?$_Tree@V?$_Tmap_traits@V?$basic_string@DU?$char_traits@D@std@@V?$allocator@D@2@@std@@V?$map@V?$basic_string@DU?$char_traits@D@std@@V?$allocator@D@2@@std@@V12@UStlIniCompareStringNoCase@@V?$allocator@U?$pair@$$CBV?$basic_string@DU?$char_traits@D@std@@V?$allocator@D@2@@std@@V12@@std@@@2@@2@UStlIniCompareStringNoCase@@V?$allocator@U?$pair@$$CBV?$basic_string@DU?$char_traits@D@std@@V?$allocator@D@2@@std@@V?$map@V?$basic_string@DU?$char_traits@D@std@@V?$allocator@D@2@@std@@V12@UStlIniCompareStringNoCase@@V?$allocator@U?$pair@$$CBV?$basic_string@DU?$char_traits@D@std@@V?$allocator@D@2@@std@@V12@@std@@@2@@2@@std@@@2@$0A@@std@@@std@@IAEXPAU_Node@?$_Tree_nod@V?$_Tmap_traits@V?$basic_string@DU?$char_traits@D@std@@V?$allocator@D@2@@std@@V?$map@V?$basic_string@DU?$char_traits@D@std@@V?$allocator@D@2@@std@@V12@UStlIniCompareStringNoCase@@V?$allocator@U?$pair@$$CBV?$basic_string@DU?$char_traits@D@std@@V?$allocator@D@2@@std@@V12@@std@@@2@@2@UStlIniCompareStringNoCase@@V?$allocator@U?$pair@$$CBV?$basic_string@DU?$char_traits@D@std@@V?$allocator@D@2@@std@@V?$map@V?$basic_string@DU?$char_traits@D@std@@V?$allocator@D@2@@std@@V12@UStlIniCompareStringNoCase@@V?$allocator@U?$pair@$$CBV?$basic_string@DU?$char_traits@D@std@@V?$allocator@D@2@@std@@V12@@std@@@2@@2@@std@@@2@$0A@@std@@@2@@Z 0040e6e0 f i MonitorSchMain.obj
 0001:0000d740       ?_Inc@const_iterator@?$_Tree@V?$_Tmap_traits@V?$basic_string@DU?$char_traits@D@std@@V?$allocator@D@2@@std@@V?$map@V?$basic_string@DU?$char_traits@D@std@@V?$allocator@D@2@@std@@V12@UStlIniCompareStringNoCase@@V?$allocator@U?$pair@$$CBV?$basic_string@DU?$char_traits@D@std@@V?$allocator@D@2@@std@@V12@@std@@@2@@2@UStlIniCompareStringNoCase@@V?$allocator@U?$pair@$$CBV?$basic_string@DU?$char_traits@D@std@@V?$allocator@D@2@@std@@V?$map@V?$basic_string@DU?$char_traits@D@std@@V?$allocator@D@2@@std@@V12@UStlIniCompareStringNoCase@@V?$allocator@U?$pair@$$CBV?$basic_string@DU?$char_traits@D@std@@V?$allocator@D@2@@std@@V12@@std@@@2@@2@@std@@@2@$0A@@std@@@std@@QAEXXZ 0040e740 f i MonitorSchMain.obj
 0001:0000d7a0       ?_Max@?$_Tree@V?$_Tmap_traits@V?$basic_string@DU?$char_traits@D@std@@V?$allocator@D@2@@std@@V12@UStlIniCompareStringNoCase@@V?$allocator@U?$pair@$$CBV?$basic_string@DU?$char_traits@D@std@@V?$allocator@D@2@@std@@V12@@std@@@2@$0A@@std@@@std@@KAPAU_Node@?$_Tree_nod@V?$_Tmap_traits@V?$basic_string@DU?$char_traits@D@std@@V?$allocator@D@2@@std@@V12@UStlIniCompareStringNoCase@@V?$allocator@U?$pair@$$CBV?$basic_string@DU?$char_traits@D@std@@V?$allocator@D@2@@std@@V12@@std@@@2@$0A@@std@@@2@PAU342@@Z 0040e7a0 f i MonitorSchMain.obj
 0001:0000d7c0       ?_Min@?$_Tree@V?$_Tmap_traits@V?$basic_string@DU?$char_traits@D@std@@V?$allocator@D@2@@std@@V12@UStlIniCompareStringNoCase@@V?$allocator@U?$pair@$$CBV?$basic_string@DU?$char_traits@D@std@@V?$allocator@D@2@@std@@V12@@std@@@2@$0A@@std@@@std@@KAPAU_Node@?$_Tree_nod@V?$_Tmap_traits@V?$basic_string@DU?$char_traits@D@std@@V?$allocator@D@2@@std@@V12@UStlIniCompareStringNoCase@@V?$allocator@U?$pair@$$CBV?$basic_string@DU?$char_traits@D@std@@V?$allocator@D@2@@std@@V12@@std@@@2@$0A@@std@@@2@PAU342@@Z 0040e7c0 f i MonitorSchMain.obj
 0001:0000d7e0       ?_Rrotate@?$_Tree@V?$_Tmap_traits@V?$basic_string@DU?$char_traits@D@std@@V?$allocator@D@2@@std@@V12@UStlIniCompareStringNoCase@@V?$allocator@U?$pair@$$CBV?$basic_string@DU?$char_traits@D@std@@V?$allocator@D@2@@std@@V12@@std@@@2@$0A@@std@@@std@@IAEXPAU_Node@?$_Tree_nod@V?$_Tmap_traits@V?$basic_string@DU?$char_traits@D@std@@V?$allocator@D@2@@std@@V12@UStlIniCompareStringNoCase@@V?$allocator@U?$pair@$$CBV?$basic_string@DU?$char_traits@D@std@@V?$allocator@D@2@@std@@V12@@std@@@2@$0A@@std@@@2@@Z 0040e7e0 f i MonitorSchMain.obj
 0001:0000d840       ?_Inc@const_iterator@?$_Tree@V?$_Tmap_traits@V?$basic_string@DU?$char_traits@D@std@@V?$allocator@D@2@@std@@V12@UStlIniCompareStringNoCase@@V?$allocator@U?$pair@$$CBV?$basic_string@DU?$char_traits@D@std@@V?$allocator@D@2@@std@@V12@@std@@@2@$0A@@std@@@std@@QAEXXZ 0040e840 f i MonitorSchMain.obj
 0001:0000d8a0       ??1?$pair@$$CBV?$basic_string@DU?$char_traits@D@std@@V?$allocator@D@2@@std@@V12@@std@@QAE@XZ 0040e8a0 f i MonitorSchMain.obj
 0001:0000d8f0       ?SerialMonitorData@MonitorSchMain@@QAE_N_N@Z 0040e8f0 f   MonitorSchMain.obj
 0001:0000da10       ?findnode@?$sorttree@V?$hashelement@Vword@svutil@@PAVTask@@@svutil@@@svutil@@QAEPAV?$treenode@V?$hashelement@Vword@svutil@@PAVTask@@@svutil@@@2@ABV?$hashelement@Vword@svutil@@PAVTask@@@2@PAV32@@Z 0040ea10 f i MonitorSchMain.obj
 0001:0000da80       ?_Lrotate@?$_Tree@V?$_Tmap_traits@V?$basic_string@DU?$char_traits@D@std@@V?$allocator@D@2@@std@@V?$map@V?$basic_string@DU?$char_traits@D@std@@V?$allocator@D@2@@std@@V12@UStlIniCompareStringNoCase@@V?$allocator@U?$pair@$$CBV?$basic_string@DU?$char_traits@D@std@@V?$allocator@D@2@@std@@V12@@std@@@2@@2@UStlIniCompareStringNoCase@@V?$allocator@U?$pair@$$CBV?$basic_string@DU?$char_traits@D@std@@V?$allocator@D@2@@std@@V?$map@V?$basic_string@DU?$char_traits@D@std@@V?$allocator@D@2@@std@@V12@UStlIniCompareStringNoCase@@V?$allocator@U?$pair@$$CBV?$basic_string@DU?$char_traits@D@std@@V?$allocator@D@2@@std@@V12@@std@@@2@@2@@std@@@2@$0A@@std@@@std@@IAEXPAU_Node@?$_Tree_nod@V?$_Tmap_traits@V?$basic_string@DU?$char_traits@D@std@@V?$allocator@D@2@@std@@V?$map@V?$basic_string@DU?$char_traits@D@std@@V?$allocator@D@2@@std@@V12@UStlIniCompareStringNoCase@@V?$allocator@U?$pair@$$CBV?$basic_string@DU?$char_traits@D@std@@V?$allocator@D@2@@std@@V12@@std@@@2@@2@UStlIniCompareStringNoCase@@V?$allocator@U?$pair@$$CBV?$basic_string@DU?$char_traits@D@std@@V?$allocator@D@2@@std@@V?$map@V?$basic_string@DU?$char_traits@D@std@@V?$allocator@D@2@@std@@V12@UStlIniCompareStringNoCase@@V?$allocator@U?$pair@$$CBV?$basic_string@DU?$char_traits@D@std@@V?$allocator@D@2@@std@@V12@@std@@@2@@2@@std@@@2@$0A@@std@@@2@@Z 0040ea80 f i MonitorSchMain.obj
 0001:0000dae0       ?_Lrotate@?$_Tree@V?$_Tmap_traits@V?$basic_string@DU?$char_traits@D@std@@V?$allocator@D@2@@std@@V12@UStlIniCompareStringNoCase@@V?$allocator@U?$pair@$$CBV?$basic_string@DU?$char_traits@D@std@@V?$allocator@D@2@@std@@V12@@std@@@2@$0A@@std@@@std@@IAEXPAU_Node@?$_Tree_nod@V?$_Tmap_traits@V?$basic_string@DU?$char_traits@D@std@@V?$allocator@D@2@@std@@V12@UStlIniCompareStringNoCase@@V?$allocator@U?$pair@$$CBV?$basic_string@DU?$char_traits@D@std@@V?$allocator@D@2@@std@@V12@@std@@@2@$0A@@std@@@2@@Z 0040eae0 f i MonitorSchMain.obj
 0001:0000db40       ??1_Node@?$_Tree_nod@V?$_Tmap_traits@V?$basic_string@DU?$char_traits@D@std@@V?$allocator@D@2@@std@@V12@UStlIniCompareStringNoCase@@V?$allocator@U?$pair@$$CBV?$basic_string@DU?$char_traits@D@std@@V?$allocator@D@2@@std@@V12@@std@@@2@$0A@@std@@@std@@QAE@XZ 0040eb40 f i MonitorSchMain.obj
 0001:0000db50       ?Init@MonitorSchMain@@QAEHXZ 0040eb50 f   MonitorSchMain.obj
 0001:0000e040       ?find@?$hashnode@Vword@svutil@@PAVTask@@@svutil@@QAE_NABVword@2@PAPAV?$hashelement@Vword@svutil@@PAVTask@@@2@@Z 0040f040 f i MonitorSchMain.obj
 0001:0000e110       ?GetMonitorByID@MonitorSchMain@@QAEPAVMonitor@@PBD@Z 0040f110 f   MonitorSchMain.obj
 0001:0000e1a0       ?InitGroupDependByMonitorChangeV70@MonitorSchMain@@IAE_NPAVMonitor@@0_N@Z 0040f1a0 f   MonitorSchMain.obj
 0001:0000e210       ?EntityChangeV70@MonitorSchMain@@IAE_NPAVEntity@@0_N@Z 0040f210 f   MonitorSchMain.obj
 0001:0000e270       ?erase@?$list@PAVEntity@@V?$allocator@PAVEntity@@@std@@@std@@QAE?AViterator@12@V312@@Z 0040f270 f i MonitorSchMain.obj
 0001:0000e270       ?erase@?$list@PAVGroupsItem@@V?$allocator@PAVGroupsItem@@@std@@@std@@QAE?AViterator@12@V312@@Z 0040f270 f i MonitorSchMain.obj
 0001:0000e2b0       ?find@?$hashnode@Vword@svutil@@PAVTask@@@svutil@@QAE_NABVword@2@PAPAPAVTask@@@Z 0040f2b0 f i MonitorSchMain.obj
 0001:0000e310       ?CheckGroupDependState@MonitorSchMain@@QAEHPAVMonitor@@AAVTString@@@Z 0040f310 f   MonitorSchMain.obj
 0001:0000e670       ?DeleteMonitorV70@MonitorSchMain@@QAE_NV?$basic_string@DU?$char_traits@D@std@@V?$allocator@D@2@@std@@@Z 0040f670 f   MonitorSchMain.obj
 0001:0000e770       ?find@?$hashtable@Vword@svutil@@PAVTask@@@svutil@@QAEPAPAVTask@@ABVword@2@@Z 0040f770 f i MonitorSchMain.obj
 0001:0000e7e0       ?CheckTask@MonitorSchMain@@QAE_NPAVMonitor@@VTTime@svutil@@AA_N@Z 0040f7e0 f   MonitorSchMain.obj
 0001:0000eb30       ?AddMonitorV70@MonitorSchMain@@IAE_NV?$basic_string@DU?$char_traits@D@std@@V?$allocator@D@2@@std@@_N@Z 0040fb30 f   MonitorSchMain.obj
 0001:0000eea0       ?erase@?$_Tree@V?$_Tmap_traits@V?$basic_string@DU?$char_traits@D@std@@V?$allocator@D@2@@std@@V12@UStlIniCompareStringNoCase@@V?$allocator@U?$pair@$$CBV?$basic_string@DU?$char_traits@D@std@@V?$allocator@D@2@@std@@V12@@std@@@2@$0A@@std@@@std@@QAE?AViterator@12@V312@@Z 0040fea0 f i MonitorSchMain.obj
 0001:0000f1a0       ??0out_of_range@std@@QAE@ABV01@@Z 004101a0 f i MonitorSchMain.obj
 0001:0000f1c0       ?_Erase@?$_Tree@V?$_Tmap_traits@V?$basic_string@DU?$char_traits@D@std@@V?$allocator@D@2@@std@@V12@UStlIniCompareStringNoCase@@V?$allocator@U?$pair@$$CBV?$basic_string@DU?$char_traits@D@std@@V?$allocator@D@2@@std@@V12@@std@@@2@$0A@@std@@@std@@IAEXPAU_Node@?$_Tree_nod@V?$_Tmap_traits@V?$basic_string@DU?$char_traits@D@std@@V?$allocator@D@2@@std@@V12@UStlIniCompareStringNoCase@@V?$allocator@U?$pair@$$CBV?$basic_string@DU?$char_traits@D@std@@V?$allocator@D@2@@std@@V12@@std@@@2@$0A@@std@@@2@@Z 004101c0 f i MonitorSchMain.obj
 0001:0000f200       ??1MonitorSchMain@@UAE@XZ  00410200 f   MonitorSchMain.obj
 0001:0000f330       ?ReLoadTaskV70@MonitorSchMain@@IAE_NXZ 00410330 f   MonitorSchMain.obj
 0001:0000f400       ??0MonitorSchMain@@QAE@XZ  00410400 f   MonitorSchMain.obj
 0001:0000f4b0       ??_EMonitorSchMain@@UAEPAXI@Z 004104b0 f i MonitorSchMain.obj
 0001:0000f4b0       ??_GMonitorSchMain@@UAEPAXI@Z 004104b0 f i MonitorSchMain.obj
 0001:0000f4d0       ?ReLoadMonitorsV70@MonitorSchMain@@IAE_NV?$basic_string@DU?$char_traits@D@std@@V?$allocator@D@2@@std@@@Z 004104d0 f   MonitorSchMain.obj
 0001:0000f680       ?InitMonitorsGroupDependV70@MonitorSchMain@@IAE_NV?$basic_string@DU?$char_traits@D@std@@V?$allocator@D@2@@std@@@Z 00410680 f   MonitorSchMain.obj
 0001:0000f770       ?AddGroupV70@MonitorSchMain@@IAE_NV?$basic_string@DU?$char_traits@D@std@@V?$allocator@D@2@@std@@_N@Z 00410770 f   MonitorSchMain.obj
 0001:0000f9f0       ?erase@?$_Tree@V?$_Tmap_traits@V?$basic_string@DU?$char_traits@D@std@@V?$allocator@D@2@@std@@V12@UStlIniCompareStringNoCase@@V?$allocator@U?$pair@$$CBV?$basic_string@DU?$char_traits@D@std@@V?$allocator@D@2@@std@@V12@@std@@@2@$0A@@std@@@std@@QAE?AViterator@12@V312@0@Z 004109f0 f i MonitorSchMain.obj
 0001:0000fab0       ?AddEntityV70@MonitorSchMain@@IAE_NV?$basic_string@DU?$char_traits@D@std@@V?$allocator@D@2@@std@@_N@Z 00410ab0 f   MonitorSchMain.obj
 0001:0000fd60       ?ProcessConfigChange@MonitorSchMain@@QAE_NV?$basic_string@DU?$char_traits@D@std@@V?$allocator@D@2@@std@@0@Z 00410d60 f   MonitorSchMain.obj
 0001:000100f0       ?_Tidy@?$_Tree@V?$_Tmap_traits@V?$basic_string@DU?$char_traits@D@std@@V?$allocator@D@2@@std@@V12@UStlIniCompareStringNoCase@@V?$allocator@U?$pair@$$CBV?$basic_string@DU?$char_traits@D@std@@V?$allocator@D@2@@std@@V12@@std@@@2@$0A@@std@@@std@@IAEXXZ 004110f0 f i MonitorSchMain.obj
 0001:000100f0       ??1?$map@V?$basic_string@DU?$char_traits@D@std@@V?$allocator@D@2@@std@@V12@UStlIniCompareStringNoCase@@V?$allocator@U?$pair@$$CBV?$basic_string@DU?$char_traits@D@std@@V?$allocator@D@2@@std@@V12@@std@@@2@@std@@QAE@XZ 004110f0 f i MonitorSchMain.obj
 0001:00010120       ??1?$pair@$$CBV?$basic_string@DU?$char_traits@D@std@@V?$allocator@D@2@@std@@V?$map@V?$basic_string@DU?$char_traits@D@std@@V?$allocator@D@2@@std@@V12@UStlIniCompareStringNoCase@@V?$allocator@U?$pair@$$CBV?$basic_string@DU?$char_traits@D@std@@V?$allocator@D@2@@std@@V12@@std@@@2@@2@@std@@QAE@XZ 00411120 f i MonitorSchMain.obj
 0001:000101a0       ??1_Node@?$_Tree_nod@V?$_Tmap_traits@V?$basic_string@DU?$char_traits@D@std@@V?$allocator@D@2@@std@@V?$map@V?$basic_string@DU?$char_traits@D@std@@V?$allocator@D@2@@std@@V12@UStlIniCompareStringNoCase@@V?$allocator@U?$pair@$$CBV?$basic_string@DU?$char_traits@D@std@@V?$allocator@D@2@@std@@V12@@std@@@2@@2@UStlIniCompareStringNoCase@@V?$allocator@U?$pair@$$CBV?$basic_string@DU?$char_traits@D@std@@V?$allocator@D@2@@std@@V?$map@V?$basic_string@DU?$char_traits@D@std@@V?$allocator@D@2@@std@@V12@UStlIniCompareStringNoCase@@V?$allocator@U?$pair@$$CBV?$basic_string@DU?$char_traits@D@std@@V?$allocator@D@2@@std@@V12@@std@@@2@@2@@std@@@2@$0A@@std@@@std@@QAE@XZ 004111a0 f i MonitorSchMain.obj
 0001:000101b0       ?erase@?$_Tree@V?$_Tmap_traits@V?$basic_string@DU?$char_traits@D@std@@V?$allocator@D@2@@std@@V?$map@V?$basic_string@DU?$char_traits@D@std@@V?$allocator@D@2@@std@@V12@UStlIniCompareStringNoCase@@V?$allocator@U?$pair@$$CBV?$basic_string@DU?$char_traits@D@std@@V?$allocator@D@2@@std@@V12@@std@@@2@@2@UStlIniCompareStringNoCase@@V?$allocator@U?$pair@$$CBV?$basic_string@DU?$char_traits@D@std@@V?$allocator@D@2@@std@@V?$map@V?$basic_string@DU?$char_traits@D@std@@V?$allocator@D@2@@std@@V12@UStlIniCompareStringNoCase@@V?$allocator@U?$pair@$$CBV?$basic_string@DU?$char_traits@D@std@@V?$allocator@D@2@@std@@V12@@std@@@2@@2@@std@@@2@$0A@@std@@@std@@QAE?AViterator@12@V312@@Z 004111b0 f i MonitorSchMain.obj
 0001:00010490       ?_Erase@?$_Tree@V?$_Tmap_traits@V?$basic_string@DU?$char_traits@D@std@@V?$allocator@D@2@@std@@V?$map@V?$basic_string@DU?$char_traits@D@std@@V?$allocator@D@2@@std@@V12@UStlIniCompareStringNoCase@@V?$allocator@U?$pair@$$CBV?$basic_string@DU?$char_traits@D@std@@V?$allocator@D@2@@std@@V12@@std@@@2@@2@UStlIniCompareStringNoCase@@V?$allocator@U?$pair@$$CBV?$basic_string@DU?$char_traits@D@std@@V?$allocator@D@2@@std@@V?$map@V?$basic_string@DU?$char_traits@D@std@@V?$allocator@D@2@@std@@V12@UStlIniCompareStringNoCase@@V?$allocator@U?$pair@$$CBV?$basic_string@DU?$char_traits@D@std@@V?$allocator@D@2@@std@@V12@@std@@@2@@2@@std@@@2@$0A@@std@@@std@@IAEXPAU_Node@?$_Tree_nod@V?$_Tmap_traits@V?$basic_string@DU?$char_traits@D@std@@V?$allocator@D@2@@std@@V?$map@V?$basic_string@DU?$char_traits@D@std@@V?$allocator@D@2@@std@@V12@UStlIniCompareStringNoCase@@V?$allocator@U?$pair@$$CBV?$basic_string@DU?$char_traits@D@std@@V?$allocator@D@2@@std@@V12@@std@@@2@@2@UStlIniCompareStringNoCase@@V?$allocator@U?$pair@$$CBV?$basic_string@DU?$char_traits@D@std@@V?$allocator@D@2@@std@@V?$map@V?$basic_string@DU?$char_traits@D@std@@V?$allocator@D@2@@std@@V12@UStlIniCompareStringNoCase@@V?$allocator@U?$pair@$$CBV?$basic_string@DU?$char_traits@D@std@@V?$allocator@D@2@@std@@V12@@std@@@2@@2@@std@@@2@$0A@@std@@@2@@Z 00411490 f i MonitorSchMain.obj
 0001:000104d0       ?erase@?$_Tree@V?$_Tmap_traits@V?$basic_string@DU?$char_traits@D@std@@V?$allocator@D@2@@std@@V?$map@V?$basic_string@DU?$char_traits@D@std@@V?$allocator@D@2@@std@@V12@UStlIniCompareStringNoCase@@V?$allocator@U?$pair@$$CBV?$basic_string@DU?$char_traits@D@std@@V?$allocator@D@2@@std@@V12@@std@@@2@@2@UStlIniCompareStringNoCase@@V?$allocator@U?$pair@$$CBV?$basic_string@DU?$char_traits@D@std@@V?$allocator@D@2@@std@@V?$map@V?$basic_string@DU?$char_traits@D@std@@V?$allocator@D@2@@std@@V12@UStlIniCompareStringNoCase@@V?$allocator@U?$pair@$$CBV?$basic_string@DU?$char_traits@D@std@@V?$allocator@D@2@@std@@V12@@std@@@2@@2@@std@@@2@$0A@@std@@@std@@QAE?AViterator@12@V312@0@Z 004114d0 f i MonitorSchMain.obj
 0001:00010590       ?_Tidy@?$_Tree@V?$_Tmap_traits@V?$basic_string@DU?$char_traits@D@std@@V?$allocator@D@2@@std@@V?$map@V?$basic_string@DU?$char_traits@D@std@@V?$allocator@D@2@@std@@V12@UStlIniCompareStringNoCase@@V?$allocator@U?$pair@$$CBV?$basic_string@DU?$char_traits@D@std@@V?$allocator@D@2@@std@@V12@@std@@@2@@2@UStlIniCompareStringNoCase@@V?$allocator@U?$pair@$$CBV?$basic_string@DU?$char_traits@D@std@@V?$allocator@D@2@@std@@V?$map@V?$basic_string@DU?$char_traits@D@std@@V?$allocator@D@2@@std@@V12@UStlIniCompareStringNoCase@@V?$allocator@U?$pair@$$CBV?$basic_string@DU?$char_traits@D@std@@V?$allocator@D@2@@std@@V12@@std@@@2@@2@@std@@@2@$0A@@std@@@std@@IAEXXZ 00411590 f i MonitorSchMain.obj
 0001:00010590       ??1?$map@V?$basic_string@DU?$char_traits@D@std@@V?$allocator@D@2@@std@@V?$map@V?$basic_string@DU?$char_traits@D@std@@V?$allocator@D@2@@std@@V12@UStlIniCompareStringNoCase@@V?$allocator@U?$pair@$$CBV?$basic_string@DU?$char_traits@D@std@@V?$allocator@D@2@@std@@V12@@std@@@2@@2@UStlIniCompareStringNoCase@@V?$allocator@U?$pair@$$CBV?$basic_string@DU?$char_traits@D@std@@V?$allocator@D@2@@std@@V?$map@V?$basic_string@DU?$char_traits@D@std@@V?$allocator@D@2@@std@@V12@UStlIniCompareStringNoCase@@V?$allocator@U?$pair@$$CBV?$basic_string@DU?$char_traits@D@std@@V?$allocator@D@2@@std@@V12@@std@@@2@@2@@std@@@2@@std@@QAE@XZ 00411590 f i MonitorSchMain.obj
 0001:000105c0       ??0TString@@QAE@VString@ost@@@Z 004115c0 f i MonitorThread.obj
 0001:00010620       ?Mid@TString@@QAE?AV1@HH@Z 00411620 f i MonitorThread.obj
 0001:00010660       ??4TString@@QAEAAV0@AAV?$basic_string@DU?$char_traits@D@std@@V?$allocator@D@2@@std@@@Z 00411660 f i MonitorThread.obj
 0001:000106a0       ?GetLibrary@Monitor@@QAE?AVTString@@XZ 004116a0 f i MonitorThread.obj
 0001:000106c0       ?GetProcess@Monitor@@QAE?AVTString@@XZ 004116c0 f i MonitorThread.obj
 0001:000106e0       ?Judge@MonitorThread@@AAEHPBD00@Z 004116e0 f   MonitorThread.obj
 0001:00010900       ?ExecuteMonitor@MonitorThread@@QAEXPAVMonitor@@@Z 00411900 f   MonitorThread.obj
 0001:00010940       ?InitSocket@MonitorThread@@IAEHXZ 00411940 f   MonitorThread.obj
 0001:000109a0       ?RunInProcess@MonitorThread@@IAE_NHV?$basic_string@DU?$char_traits@D@std@@V?$allocator@D@2@@std@@0@Z 004119a0 f   MonitorThread.obj
 0001:00011340       ?size@?$vector@V?$basic_string@DU?$char_traits@D@std@@V?$allocator@D@2@@std@@V?$allocator@V?$basic_string@DU?$char_traits@D@std@@V?$allocator@D@2@@std@@@2@@std@@QBEIXZ 00412340 f i MonitorThread.obj
 0001:00011370       ?_Xlen@?$vector@V?$basic_string@DU?$char_traits@D@std@@V?$allocator@D@2@@std@@V?$allocator@V?$basic_string@DU?$char_traits@D@std@@V?$allocator@D@2@@std@@@2@@std@@IBEXXZ 00412370 f i MonitorThread.obj
 0001:000113f0       ?CountNodes@?$sorttree@V?$hashelement@Vword@svutil@@V12@@svutil@@@svutil@@AAEXPAV?$treenode@V?$hashelement@Vword@svutil@@V12@@svutil@@@2@AAK@Z 004123f0 f i MonitorThread.obj
 0001:00011420       ??$fill@PAV?$basic_string@DU?$char_traits@D@std@@V?$allocator@D@2@@std@@V12@@std@@YAXPAV?$basic_string@DU?$char_traits@D@std@@V?$allocator@D@2@@0@0ABV10@@Z 00412420 f i MonitorThread.obj
 0001:00011450       ??$_Copy_backward_opt@PAV?$basic_string@DU?$char_traits@D@std@@V?$allocator@D@2@@std@@PAV12@@std@@YAPAV?$basic_string@DU?$char_traits@D@std@@V?$allocator@D@2@@0@PAV10@00U_Nonscalar_ptr_iterator_tag@0@@Z 00412450 f i MonitorThread.obj
 0001:00011490       ?findnextnode@?$sorttree@V?$hashelement@Vword@svutil@@V12@@svutil@@@svutil@@ABEPAV?$treenode@V?$hashelement@Vword@svutil@@V12@@svutil@@@2@AAV?$hashelement@Vword@svutil@@V12@@2@AA_NPAV32@@Z 00412490 f i MonitorThread.obj
 0001:00011500       ??$_Uninit_copy@PAV?$basic_string@DU?$char_traits@D@std@@V?$allocator@D@2@@std@@PAV12@V?$allocator@V?$basic_string@DU?$char_traits@D@std@@V?$allocator@D@2@@std@@@2@@std@@YAPAV?$basic_string@DU?$char_traits@D@std@@V?$allocator@D@2@@0@PAV10@00AAV?$allocator@V?$basic_string@DU?$char_traits@D@std@@V?$allocator@D@2@@std@@@0@U_Nonscalar_ptr_iterator_tag@0@@Z 00412500 f i MonitorThread.obj
 0001:00011590       ?clear@?$list@PAVReturnValue@@V?$allocator@PAVReturnValue@@@std@@@std@@QAEXXZ 00412590 f i MonitorThread.obj
 0001:00011590       ?clear@?$list@PAVMonitor@@V?$allocator@PAVMonitor@@@std@@@std@@QAEXXZ 00412590 f i MonitorSchedule.obj
 0001:00011590       ?clear@?$list@PAUtmsg@@V?$allocator@PAUtmsg@@@std@@@std@@QAEXXZ 00412590 f i MSGQueue.obj
 0001:00011590       ?clear@?$list@PAVEntity@@V?$allocator@PAVEntity@@@std@@@std@@QAEXXZ 00412590 f i Groups.obj
 0001:00011590       ?clear@?$list@PAVReturnData@@V?$allocator@PAVReturnData@@@std@@@std@@QAEXXZ 00412590 f i Monitor.obj
 0001:00011590       ?clear@?$list@PAVSubsequentItem@@V?$allocator@PAVSubsequentItem@@@std@@@std@@QAEXXZ 00412590 f i Subsequent.obj
 0001:00011590       ?clear@?$list@PAVGroupsItem@@V?$allocator@PAVGroupsItem@@@std@@@std@@QAEXXZ 00412590 f i Groups.obj
 0001:00011590       ?clear@?$list@PAVStateConditionItem@@V?$allocator@PAVStateConditionItem@@@std@@@std@@QAEXXZ 00412590 f i StateCondition.obj
 0001:00011590       ?clear@?$list@PAVThreadEx@@V?$allocator@PAVThreadEx@@@std@@@std@@QAEXXZ 00412590 f i ScheduleThread.obj
 0001:000115d0       ?_Incsize@?$list@PAVReturnValue@@V?$allocator@PAVReturnValue@@@std@@@std@@IAEXI@Z 004125d0 f i MonitorThread.obj
 0001:00011670       ??1?$hashnode@Vword@svutil@@V12@@svutil@@QAE@XZ 00412670 f i MonitorThread.obj
 0001:00011720       ??$_Uninit_fill_n@PAV?$basic_string@DU?$char_traits@D@std@@V?$allocator@D@2@@std@@IV12@V?$allocator@V?$basic_string@DU?$char_traits@D@std@@V?$allocator@D@2@@std@@@2@@std@@YAXPAV?$basic_string@DU?$char_traits@D@std@@V?$allocator@D@2@@0@IABV10@AAV?$allocator@V?$basic_string@DU?$char_traits@D@std@@V?$allocator@D@2@@std@@@0@U_Nonscalar_ptr_iterator_tag@0@@Z 00412720 f i MonitorThread.obj
 0001:000117b0       ?MakeInBuf@MonitorThread@@AAEHXZ 004127b0 f   MonitorThread.obj
 0001:00011860       ?InitData@MonitorThread@@AAEXXZ 00412860 f   MonitorThread.obj
 0001:00011930       ?ClearResult@MonitorThread@@AAEXXZ 00412930 f   MonitorThread.obj
 0001:000119d0       ?ProcessResultV70@MonitorThread@@AAEXXZ 004129d0 f   MonitorThread.obj
 0001:00011f60       ?push_back@?$list@PAVReturnValue@@V?$allocator@PAVReturnValue@@@std@@@std@@QAEXABQAVReturnValue@@@Z 00412f60 f i MonitorThread.obj
 0001:00011fa0       ?size@?$hashtable@Vword@svutil@@V12@@svutil@@QAEIXZ 00412fa0 f i MonitorThread.obj
 0001:00012040       ?clearnodes@?$hashtable@Vword@svutil@@V12@@svutil@@IAEXXZ 00413040 f i MonitorThread.obj
 0001:000120b0       ?_Destroy@?$vector@V?$basic_string@DU?$char_traits@D@std@@V?$allocator@D@2@@std@@V?$allocator@V?$basic_string@DU?$char_traits@D@std@@V?$allocator@D@2@@std@@@2@@std@@IAEXPAV?$basic_string@DU?$char_traits@D@std@@V?$allocator@D@2@@2@0@Z 004130b0 f i MonitorThread.obj
 0001:000120e0       ?_Tidy@?$vector@V?$basic_string@DU?$char_traits@D@std@@V?$allocator@D@2@@std@@V?$allocator@V?$basic_string@DU?$char_traits@D@std@@V?$allocator@D@2@@std@@@2@@std@@IAEXXZ 004130e0 f i MonitorThread.obj
 0001:00012130       ?_Ufill@?$vector@V?$basic_string@DU?$char_traits@D@std@@V?$allocator@D@2@@std@@V?$allocator@V?$basic_string@DU?$char_traits@D@std@@V?$allocator@D@2@@std@@@2@@std@@IAEPAV?$basic_string@DU?$char_traits@D@std@@V?$allocator@D@2@@2@PAV32@IABV32@@Z 00413130 f i MonitorThread.obj
 0001:00012160       ?findnext@?$hashnode@Vword@svutil@@V12@@svutil@@QAE_NAAV?$hashelement@Vword@svutil@@V12@@2@PAPAV32@@Z 00413160 f i MonitorThread.obj
 0001:00012210       ?_Insert_n@?$vector@V?$basic_string@DU?$char_traits@D@std@@V?$allocator@D@2@@std@@V?$allocator@V?$basic_string@DU?$char_traits@D@std@@V?$allocator@D@2@@std@@@2@@std@@IAEXViterator@12@IABV?$basic_string@DU?$char_traits@D@std@@V?$allocator@D@2@@2@@Z 00413210 f i MonitorThread.obj
 0001:00012540       ?ParserExpression@MonitorThread@@AAEHVTString@@AAV?$list@V?$basic_string@DU?$char_traits@D@std@@V?$allocator@D@2@@std@@V?$allocator@V?$basic_string@DU?$char_traits@D@std@@V?$allocator@D@2@@std@@@2@@std@@1@Z 00413540 f   MonitorThread.obj
 0001:00012960       ??1?$hashtable@Vword@svutil@@V12@@svutil@@QAE@XZ 00413960 f i MonitorThread.obj
 0001:000129c0       ?findnext@?$hashtable@Vword@svutil@@V12@@svutil@@QAE_NAAViterator@12@@Z 004139c0 f i MonitorThread.obj
 0001:00012a60       ??1?$vector@V?$basic_string@DU?$char_traits@D@std@@V?$allocator@D@2@@std@@V?$allocator@V?$basic_string@DU?$char_traits@D@std@@V?$allocator@D@2@@std@@@2@@std@@QAE@XZ 00413a60 f i MonitorThread.obj
 0001:00012a70       ?pop_back@?$vector@V?$basic_string@DU?$char_traits@D@std@@V?$allocator@D@2@@std@@V?$allocator@V?$basic_string@DU?$char_traits@D@std@@V?$allocator@D@2@@std@@@2@@std@@QAEXXZ 00413a70 f i MonitorThread.obj
 0001:00012ac0       ?insert@?$vector@V?$basic_string@DU?$char_traits@D@std@@V?$allocator@D@2@@std@@V?$allocator@V?$basic_string@DU?$char_traits@D@std@@V?$allocator@D@2@@std@@@2@@std@@QAE?AViterator@12@V312@ABV?$basic_string@DU?$char_traits@D@std@@V?$allocator@D@2@@2@@Z 00413ac0 f i MonitorThread.obj
 0001:00012b30       ??1MonitorThread@@UAE@XZ   00413b30 f   MonitorThread.obj
 0001:00012bf0       ??0?$hashtable@Vword@svutil@@V12@@svutil@@QAE@XZ 00413bf0 f i MonitorThread.obj
 0001:00012c40       ?push_back@?$vector@V?$basic_string@DU?$char_traits@D@std@@V?$allocator@D@2@@std@@V?$allocator@V?$basic_string@DU?$char_traits@D@std@@V?$allocator@D@2@@std@@@2@@std@@QAEXABV?$basic_string@DU?$char_traits@D@std@@V?$allocator@D@2@@2@@Z 00413c40 f i MonitorThread.obj
 0001:00012cd0       ??_GMonitorThread@@UAEPAXI@Z 00413cd0 f i MonitorThread.obj
 0001:00012cd0       ??_EMonitorThread@@UAEPAXI@Z 00413cd0 f i MonitorThread.obj
 0001:00012cf0       ?String2Array@@YAXAAV?$vector@V?$basic_string@DU?$char_traits@D@std@@V?$allocator@D@2@@std@@V?$allocator@V?$basic_string@DU?$char_traits@D@std@@V?$allocator@D@2@@std@@@2@@std@@V?$basic_string@DU?$char_traits@D@std@@V?$allocator@D@2@@2@1@Z 00413cf0 f   MonitorThread.obj
 0001:00012df0       ??0MonitorThread@@QAE@XZ   00413df0 f   MonitorThread.obj
 0001:00012ee0       ?CheckSingleItemState@MonitorThread@@AAEHPAVStateCondition@@H@Z 00413ee0 f   MonitorThread.obj
 0001:00013410       ?CheckStateByType@MonitorThread@@AAEHH@Z 00414410 f   MonitorThread.obj
 0001:00013970       ?BulidStringMap@MonitorThread@@AAE_NAAV?$hashtable@Vword@svutil@@V12@@svutil@@PBD@Z 00414970 f   MonitorThread.obj
 0001:00013be0       ?PaserResultV70@MonitorThread@@AAEHXZ 00414be0 f   MonitorThread.obj
 0001:000140d0       ?ParserMonitorState@MonitorThread@@AAEXXZ 004150d0 f   MonitorThread.obj
 0001:00014170       ?RunMonitor@MonitorThread@@IAEXXZ 00415170 f   MonitorThread.obj
 0001:00014690       ?run@MonitorThread@@UAEXXZ 00415690 f   MonitorThread.obj
 0001:00014a20       ??0MSGQueue@@QAE@XZ        00415a20 f   MSGQueue.obj
 0001:00014ab0       ??1MSGQueue@@QAE@XZ        00415ab0 f   MSGQueue.obj
 0001:00014b30       ??1CommunicationThread@@UAE@XZ 00415b30 f   ommunicationThread.obj
 0001:00014b40       ?run@CommunicationThread@@UAEXXZ 00415b40 f   ommunicationThread.obj
 0001:00014ee0       ??0Option@@QAE@XZ          00415ee0 f   Option.obj
 0001:00014fa0       ?LoadOption@Option@@QAE_NXZ 00415fa0 f   Option.obj
 0001:000156a0       ??0ProcessMonitorData@@QAE@XZ 004166a0 f   ProcessMonitorData.obj
 0001:00015730       ??1ProcessMonitorData@@QAE@XZ 00416730 f   ProcessMonitorData.obj
 0001:00015780       ?GetRawDataSize@ProcessMonitorData@@QAEHXZ 00416780 f   ProcessMonitorData.obj
 0001:00015790       ?GetRawData@ProcessMonitorData@@QAE_NPADH@Z 00416790 f   ProcessMonitorData.obj
 0001:00015850       ?CreateObjectByRawData@ProcessMonitorData@@QAE_NPBDH@Z 00416850 f   ProcessMonitorData.obj
 0001:00015980       ?Clear@ProcessMonitorData@@QAEXXZ 00416980 f   ProcessMonitorData.obj
 0001:00015990       ??1QueueItem@@UAE@XZ       00416990 f   QueueItem.obj
 0001:00015a10       ?Push@QueueItem@@QAEXPAVMonitor@@H@Z 00416a10 f   QueueItem.obj
 0001:00015b40       ?Pop@QueueItem@@QAEPAVMonitor@@XZ 00416b40 f   QueueItem.obj
 0001:00015bf0       ??_EQueueItem@@UAEPAXI@Z   00416bf0 f i QueueItem.obj
 0001:00015bf0       ??_GQueueItem@@UAEPAXI@Z   00416bf0 f i QueueItem.obj
 0001:00015c10       ?Pop@QueuesManager@@QAEPAVMonitor@@H@Z 00416c10 f   QueuesManager.obj
 0001:00015c30       ??_EQueuesManager@@UAEPAXI@Z 00416c30 f i QueuesManager.obj
 0001:00015c30       ??_GQueuesManager@@UAEPAXI@Z 00416c30 f i QueuesManager.obj
 0001:00015c50       ?ListAllQueueInfo@QueuesManager@@QAEXXZ 00416c50 f   QueuesManager.obj
 0001:00015ca0       ?GetQueueIndexByClass@QueuesManager@@QAEHPBD@Z 00416ca0 f   QueuesManager.obj
 0001:00015d10       ?Pop@QueuesManager@@QAEPAVMonitor@@PBD@Z 00416d10 f   QueuesManager.obj
 0001:00015d40       ?Push@QueuesManager@@QAEHPAVMonitor@@PBDH@Z 00416d40 f   QueuesManager.obj
 0001:00015da0       ?Push@QueuesManager@@QAEHPAVMonitor@@H@Z 00416da0 f   QueuesManager.obj
 0001:00015e60       ??0QueueItem@@QAE@PBD@Z    00416e60 f i QueuesManager.obj
 0001:00015ed0       ?CreateQueueBySubsequent@QueuesManager@@AAEHXZ 00416ed0 f   QueuesManager.obj
 0001:00015fa0       ?CreateMainQueue@QueuesManager@@AAEHXZ 00416fa0 f   QueuesManager.obj
 0001:00016040       ?Init@QueuesManager@@QAEHXZ 00417040 f   QueuesManager.obj
 0001:000160a0       ??1sv_pair@@QAE@XZ         004170a0 f i readSVDB.obj
 0001:000160f0       ??0readSVDB@@QAE@XZ        004170f0 f   readSVDB.obj
 0001:00016160       ??1readSVDB@@QAE@XZ        00417160 f   readSVDB.obj
 0001:000161d0       ?GetSGProValue@readSVDB@@QAE_NV?$basic_string@DU?$char_traits@D@std@@V?$allocator@D@2@@std@@0AAV23@@Z 004171d0 f   readSVDB.obj
 0001:00016350       ??0?$hashelement@Vword@svutil@@PAVTask@@@svutil@@QAE@ABVword@1@ABQAVTask@@@Z 00417350 f i readSVDB.obj
 0001:000163c0       ?_Xlen@?$vector@U?$pair@HH@std@@V?$allocator@U?$pair@HH@std@@@2@@std@@IBEXXZ 004173c0 f i readSVDB.obj
 0001:000163c0       ?_Xlen@?$vector@UPairTime@@V?$allocator@UPairTime@@@std@@@std@@IBEXXZ 004173c0 f i readSVDB.obj
 0001:00016440       ?_Min@?$_Tree@V?$_Tmap_traits@HPAXU?$less@H@std@@V?$allocator@U?$pair@$$CBHPAX@std@@@2@$0A@@std@@@std@@KAPAU_Node@?$_Tree_nod@V?$_Tmap_traits@HPAXU?$less@H@std@@V?$allocator@U?$pair@$$CBHPAX@std@@@2@$0A@@std@@@2@PAU342@@Z 00417440 f i readSVDB.obj
 0001:00016460       ?_Min@?$_Tree@V?$_Tmap_traits@V?$basic_string@DU?$char_traits@D@std@@V?$allocator@D@2@@std@@PAXU?$less@V?$basic_string@DU?$char_traits@D@std@@V?$allocator@D@2@@std@@@2@V?$allocator@U?$pair@$$CBV?$basic_string@DU?$char_traits@D@std@@V?$allocator@D@2@@std@@PAX@std@@@2@$0A@@std@@@std@@KAPAU_Node@?$_Tree_nod@V?$_Tmap_traits@V?$basic_string@DU?$char_traits@D@std@@V?$allocator@D@2@@std@@PAXU?$less@V?$basic_string@DU?$char_traits@D@std@@V?$allocator@D@2@@std@@@2@V?$allocator@U?$pair@$$CBV?$basic_string@DU?$char_traits@D@std@@V?$allocator@D@2@@std@@PAX@std@@@2@$0A@@std@@@2@PAU342@@Z 00417460 f i readSVDB.obj
 0001:00016480       ??1?$treenode@V?$hashelement@Vword@svutil@@PAVTask@@@svutil@@@svutil@@UAE@XZ 00417480 f i readSVDB.obj
 0001:000164a0       ??_E?$treenode@V?$hashelement@Vword@svutil@@PAVTask@@@svutil@@@svutil@@UAEPAXI@Z 004174a0 f i readSVDB.obj
 0001:000164a0       ??_G?$treenode@V?$hashelement@Vword@svutil@@PAVTask@@@svutil@@@svutil@@UAEPAXI@Z 004174a0 f i readSVDB.obj
 0001:000164c0       ?_Max@?$_Tree@V?$_Tmap_traits@HPAXU?$less@H@std@@V?$allocator@U?$pair@$$CBHPAX@std@@@2@$0A@@std@@@std@@KAPAU_Node@?$_Tree_nod@V?$_Tmap_traits@HPAXU?$less@H@std@@V?$allocator@U?$pair@$$CBHPAX@std@@@2@$0A@@std@@@2@PAU342@@Z 004174c0 f i readSVDB.obj
 0001:000164e0       ?_Max@?$_Tree@V?$_Tmap_traits@V?$basic_string@DU?$char_traits@D@std@@V?$allocator@D@2@@std@@PAXU?$less@V?$basic_string@DU?$char_traits@D@std@@V?$allocator@D@2@@std@@@2@V?$allocator@U?$pair@$$CBV?$basic_string@DU?$char_traits@D@std@@V?$allocator@D@2@@std@@PAX@std@@@2@$0A@@std@@@std@@KAPAU_Node@?$_Tree_nod@V?$_Tmap_traits@V?$basic_string@DU?$char_traits@D@std@@V?$allocator@D@2@@std@@PAXU?$less@V?$basic_string@DU?$char_traits@D@std@@V?$allocator@D@2@@std@@@2@V?$allocator@U?$pair@$$CBV?$basic_string@DU?$char_traits@D@std@@V?$allocator@D@2@@std@@PAX@std@@@2@$0A@@std@@@2@PAU342@@Z 004174e0 f i readSVDB.obj
 0001:00016500       ??M?$treenode@V?$hashelement@Vword@svutil@@PAVTask@@@svutil@@@svutil@@QAE_NV01@@Z 00417500 f i readSVDB.obj
 0001:00016570       ??O?$treenode@V?$hashelement@Vword@svutil@@PAVTask@@@svutil@@@svutil@@QAE_NV01@@Z 00417570 f i readSVDB.obj
 0001:000165e0       ??$fill@PAUPairTime@@U1@@std@@YAXPAUPairTime@@0ABU1@@Z 004175e0 f i readSVDB.obj
 0001:00016620       ??$fill@PAU?$pair@HH@std@@U12@@std@@YAXPAU?$pair@HH@0@0ABU10@@Z 00417620 f i readSVDB.obj
 0001:00016650       ??1_Node@?$_Tree_nod@V?$_Tmap_traits@V?$basic_string@DU?$char_traits@D@std@@V?$allocator@D@2@@std@@PAXU?$less@V?$basic_string@DU?$char_traits@D@std@@V?$allocator@D@2@@std@@@2@V?$allocator@U?$pair@$$CBV?$basic_string@DU?$char_traits@D@std@@V?$allocator@D@2@@std@@PAX@std@@@2@$0A@@std@@@std@@QAE@XZ 00417650 f i readSVDB.obj
 0001:00016660       ??1_Node@?$_List_nod@Usv_pair@@V?$allocator@Usv_pair@@@std@@@std@@QAE@XZ 00417660 f i readSVDB.obj
 0001:00016670       ??0?$treenode@V?$hashelement@Vword@svutil@@PAVTask@@@svutil@@@svutil@@QAE@ABV?$hashelement@Vword@svutil@@PAVTask@@@1@@Z 00417670 f i readSVDB.obj
 0001:000166f0       ??$_Copy_backward_opt@PAUPairTime@@PAU1@@std@@YAPAUPairTime@@PAU1@00U_Nonscalar_ptr_iterator_tag@0@@Z 004176f0 f i readSVDB.obj
 0001:00016730       ?_Lrotate@?$_Tree@V?$_Tmap_traits@HPAXU?$less@H@std@@V?$allocator@U?$pair@$$CBHPAX@std@@@2@$0A@@std@@@std@@IAEXPAU_Node@?$_Tree_nod@V?$_Tmap_traits@HPAXU?$less@H@std@@V?$allocator@U?$pair@$$CBHPAX@std@@@2@$0A@@std@@@2@@Z 00417730 f i readSVDB.obj
 0001:00016790       ?_Rrotate@?$_Tree@V?$_Tmap_traits@HPAXU?$less@H@std@@V?$allocator@U?$pair@$$CBHPAX@std@@@2@$0A@@std@@@std@@IAEXPAU_Node@?$_Tree_nod@V?$_Tmap_traits@HPAXU?$less@H@std@@V?$allocator@U?$pair@$$CBHPAX@std@@@2@$0A@@std@@@2@@Z 00417790 f i readSVDB.obj
 0001:000167f0       ?_Lbound@?$_Tree@V?$_Tmap_traits@V?$basic_string@DU?$char_traits@D@std@@V?$allocator@D@2@@std@@PAXU?$less@V?$basic_string@DU?$char_traits@D@std@@V?$allocator@D@2@@std@@@2@V?$allocator@U?$pair@$$CBV?$basic_string@DU?$char_traits@D@std@@V?$allocator@D@2@@std@@PAX@std@@@2@$0A@@std@@@std@@IBEPAU_Node@?$_Tree_nod@V?$_Tmap_traits@V?$basic_string@DU?$char_traits@D@std@@V?$allocator@D@2@@std@@PAXU?$less@V?$basic_string@DU?$char_traits@D@std@@V?$allocator@D@2@@std@@@2@V?$allocator@U?$pair@$$CBV?$basic_string@DU?$char_traits@D@std@@V?$allocator@D@2@@std@@PAX@std@@@2@$0A@@std@@@2@ABV?$basic_string@DU?$char_traits@D@std@@V?$allocator@D@2@@2@@Z 004177f0 f i readSVDB.obj
 0001:00016840       ?_Lrotate@?$_Tree@V?$_Tmap_traits@V?$basic_string@DU?$char_traits@D@std@@V?$allocator@D@2@@std@@PAXU?$less@V?$basic_string@DU?$char_traits@D@std@@V?$allocator@D@2@@std@@@2@V?$allocator@U?$pair@$$CBV?$basic_string@DU?$char_traits@D@std@@V?$allocator@D@2@@std@@PAX@std@@@2@$0A@@std@@@std@@IAEXPAU_Node@?$_Tree_nod@V?$_Tmap_traits@V?$basic_string@DU?$char_traits@D@std@@V?$allocator@D@2@@std@@PAXU?$less@V?$basic_string@DU?$char_traits@D@std@@V?$allocator@D@2@@std@@@2@V?$allocator@U?$pair@$$CBV?$basic_string@DU?$char_traits@D@std@@V?$allocator@D@2@@std@@PAX@std@@@2@$0A@@std@@@2@@Z 00417840 f i readSVDB.obj
 0001:000168a0       ?_Rrotate@?$_Tree@V?$_Tmap_traits@V?$basic_string@DU?$char_traits@D@std@@V?$allocator@D@2@@std@@PAXU?$less@V?$basic_string@DU?$char_traits@D@std@@V?$allocator@D@2@@std@@@2@V?$allocator@U?$pair@$$CBV?$basic_string@DU?$char_traits@D@std@@V?$allocator@D@2@@std@@PAX@std@@@2@$0A@@std@@@std@@IAEXPAU_Node@?$_Tree_nod@V?$_Tmap_traits@V?$basic_string@DU?$char_traits@D@std@@V?$allocator@D@2@@std@@PAXU?$less@V?$basic_string@DU?$char_traits@D@std@@V?$allocator@D@2@@std@@@2@V?$allocator@U?$pair@$$CBV?$basic_string@DU?$char_traits@D@std@@V?$allocator@D@2@@std@@PAX@std@@@2@$0A@@std@@@2@@Z 004178a0 f i readSVDB.obj
 0001:00016900       ?_Inc@const_iterator@?$_Tree@V?$_Tmap_traits@HPAXU?$less@H@std@@V?$allocator@U?$pair@$$CBHPAX@std@@@2@$0A@@std@@@std@@QAEXXZ 00417900 f i readSVDB.obj
 0001:00016960       ?_Inc@const_iterator@?$_Tree@V?$_Tmap_traits@V?$basic_string@DU?$char_traits@D@std@@V?$allocator@D@2@@std@@PAXU?$less@V?$basic_string@DU?$char_traits@D@std@@V?$allocator@D@2@@std@@@2@V?$allocator@U?$pair@$$CBV?$basic_string@DU?$char_traits@D@std@@V?$allocator@D@2@@std@@PAX@std@@@2@$0A@@std@@@std@@QAEXXZ 00417960 f i readSVDB.obj
 0001:000169c0       ?_Dec@const_iterator@?$_Tree@V?$_Tmap_traits@HPAXU?$less@H@std@@V?$allocator@U?$pair@$$CBHPAX@std@@@2@$0A@@std@@@std@@QAEXXZ 004179c0 f i readSVDB.obj
 0001:00016a20       ?_Dec@const_iterator@?$_Tree@V?$_Tmap_traits@V?$basic_string@DU?$char_traits@D@std@@V?$allocator@D@2@@std@@PAXU?$less@V?$basic_string@DU?$char_traits@D@std@@V?$allocator@D@2@@std@@@2@V?$allocator@U?$pair@$$CBV?$basic_string@DU?$char_traits@D@std@@V?$allocator@D@2@@std@@PAX@std@@@2@$0A@@std@@@std@@QAEXXZ 00417a20 f i readSVDB.obj
 0001:00016a80       ??0?$treenode@V?$hashelement@Vword@svutil@@PAVTask@@@svutil@@@svutil@@QAE@ABV01@@Z 00417a80 f i readSVDB.obj
 0001:00016b00       ??$make_pair@V?$basic_string@DU?$char_traits@D@std@@V?$allocator@D@2@@std@@PAX@std@@YA?AU?$pair@V?$basic_string@DU?$char_traits@D@std@@V?$allocator@D@2@@std@@PAX@0@V?$basic_string@DU?$char_traits@D@std@@V?$allocator@D@2@@0@PAX@Z 00417b00 f i readSVDB.obj
 0001:00016b70       ??$copy_backward@PAU?$pair@HH@std@@PAU12@@std@@YAPAU?$pair@HH@0@PAU10@00@Z 00417b70 f i readSVDB.obj
 0001:00016ba0       ??$CreateNode@V?$hashelement@Vword@svutil@@PAVTask@@@svutil@@@?$sorttree@V?$hashelement@Vword@svutil@@PAVTask@@@svutil@@@svutil@@SAPAV?$treenode@V?$hashelement@Vword@svutil@@PAVTask@@@svutil@@@1@ABV?$hashelement@Vword@svutil@@PAVTask@@@1@@Z 00417ba0 f i readSVDB.obj
 0001:00016c00       ??$_Uninit_copy@PAUPairTime@@PAU1@V?$allocator@UPairTime@@@std@@@std@@YAPAUPairTime@@PAU1@00AAV?$allocator@UPairTime@@@0@U_Nonscalar_ptr_iterator_tag@0@@Z 00417c00 f i readSVDB.obj
 0001:00016c40       ??$_Uninit_copy@PAU?$pair@HH@std@@PAU12@V?$allocator@U?$pair@HH@std@@@2@@std@@YAPAU?$pair@HH@0@PAU10@00AAV?$allocator@U?$pair@HH@std@@@0@U_Nonscalar_ptr_iterator_tag@0@@Z 00417c40 f i readSVDB.obj
 0001:00016c70       ?_Erase@?$_Tree@V?$_Tmap_traits@HPAXU?$less@H@std@@V?$allocator@U?$pair@$$CBHPAX@std@@@2@$0A@@std@@@std@@IAEXPAU_Node@?$_Tree_nod@V?$_Tmap_traits@HPAXU?$less@H@std@@V?$allocator@U?$pair@$$CBHPAX@std@@@2@$0A@@std@@@2@@Z 00417c70 f i readSVDB.obj
 0001:00016cb0       ?_Buynode@?$list@Usv_pair@@V?$allocator@Usv_pair@@@std@@@std@@IAEPAU_Node@?$_List_nod@Usv_pair@@V?$allocator@Usv_pair@@@std@@@2@XZ 00417cb0 f i readSVDB.obj
 0001:00016cd0       ?_Incsize@?$list@PAVSubsequentItem@@V?$allocator@PAVSubsequentItem@@@std@@@std@@IAEXI@Z 00417cd0 f i readSVDB.obj
 0001:00016d70       ?_Buynode@?$_Tree@V?$_Tmap_traits@HPAXU?$less@H@std@@V?$allocator@U?$pair@$$CBHPAX@std@@@2@$0A@@std@@@std@@IAEPAU_Node@?$_Tree_nod@V?$_Tmap_traits@HPAXU?$less@H@std@@V?$allocator@U?$pair@$$CBHPAX@std@@@2@$0A@@std@@@2@PAU342@00ABU?$pair@$$CBHPAX@2@D@Z 00417d70 f i readSVDB.obj
 0001:00016db0       ?_Buynode@?$_Tree@V?$_Tmap_traits@V?$basic_string@DU?$char_traits@D@std@@V?$allocator@D@2@@std@@PAXU?$less@V?$basic_string@DU?$char_traits@D@std@@V?$allocator@D@2@@std@@@2@V?$allocator@U?$pair@$$CBV?$basic_string@DU?$char_traits@D@std@@V?$allocator@D@2@@std@@PAX@std@@@2@$0A@@std@@@std@@IAEPAU_Node@?$_Tree_nod@V?$_Tmap_traits@V?$basic_string@DU?$char_traits@D@std@@V?$allocator@D@2@@std@@PAXU?$less@V?$basic_string@DU?$char_traits@D@std@@V?$allocator@D@2@@std@@@2@V?$allocator@U?$pair@$$CBV?$basic_string@DU?$char_traits@D@std@@V?$allocator@D@2@@std@@PAX@std@@@2@$0A@@std@@@2@PAU342@00ABU?$pair@$$CBV?$basic_string@DU?$char_traits@D@std@@V?$allocator@D@2@@std@@PAX@2@D@Z 00417db0 f i readSVDB.obj
 0001:00016e50       ?_Buynode@?$_Tree@V?$_Tmap_traits@HPAXU?$less@H@std@@V?$allocator@U?$pair@$$CBHPAX@std@@@2@$0A@@std@@@std@@IAEPAU_Node@?$_Tree_nod@V?$_Tmap_traits@HPAXU?$less@H@std@@V?$allocator@U?$pair@$$CBHPAX@std@@@2@$0A@@std@@@2@XZ 00417e50 f i readSVDB.obj
 0001:00016e90       ?_Buynode@?$_Tree@V?$_Tmap_traits@V?$basic_string@DU?$char_traits@D@std@@V?$allocator@D@2@@std@@PAXU?$less@V?$basic_string@DU?$char_traits@D@std@@V?$allocator@D@2@@std@@@2@V?$allocator@U?$pair@$$CBV?$basic_string@DU?$char_traits@D@std@@V?$allocator@D@2@@std@@PAX@std@@@2@$0A@@std@@@std@@IAEPAU_Node@?$_Tree_nod@V?$_Tmap_traits@V?$basic_string@DU?$char_traits@D@std@@V?$allocator@D@2@@std@@PAXU?$less@V?$basic_string@DU?$char_traits@D@std@@V?$allocator@D@2@@std@@@2@V?$allocator@U?$pair@$$CBV?$basic_string@DU?$char_traits@D@std@@V?$allocator@D@2@@std@@PAX@std@@@2@$0A@@std@@@2@XZ 00417e90 f i readSVDB.obj
 0001:00016ed0       ?InsertNode@?$sorttree@V?$hashelement@Vword@svutil@@PAVTask@@@svutil@@@svutil@@QAEXPAV?$treenode@V?$hashelement@Vword@svutil@@PAVTask@@@svutil@@@2@0@Z 00417ed0 f i readSVDB.obj
 0001:00016f60       ??$_Uninit_fill_n@PAUPairTime@@IU1@V?$allocator@UPairTime@@@std@@@std@@YAXPAUPairTime@@IABU1@AAV?$allocator@UPairTime@@@0@U_Nonscalar_ptr_iterator_tag@0@@Z 00417f60 f i readSVDB.obj
 0001:00016fa0       ??$_Uninit_fill_n@PAU?$pair@HH@std@@IU12@V?$allocator@U?$pair@HH@std@@@2@@std@@YAXPAU?$pair@HH@0@IABU10@AAV?$allocator@U?$pair@HH@std@@@0@U_Nonscalar_ptr_iterator_tag@0@@Z 00417fa0 f i readSVDB.obj
 0001:00016fd0       ?find@?$_Tree@V?$_Tmap_traits@HPAXU?$less@H@std@@V?$allocator@U?$pair@$$CBHPAX@std@@@2@$0A@@std@@@std@@QAE?AViterator@12@ABH@Z 00417fd0 f i readSVDB.obj
 0001:00017040       ?_Insert@?$_Tree@V?$_Tmap_traits@HPAXU?$less@H@std@@V?$allocator@U?$pair@$$CBHPAX@std@@@2@$0A@@std@@@std@@IAE?AViterator@12@_NPAU_Node@?$_Tree_nod@V?$_Tmap_traits@HPAXU?$less@H@std@@V?$allocator@U?$pair@$$CBHPAX@std@@@2@$0A@@std@@@2@ABU?$pair@$$CBHPAX@2@@Z 00418040 f i readSVDB.obj
 0001:00017200       ?_Insert@?$_Tree@V?$_Tmap_traits@V?$basic_string@DU?$char_traits@D@std@@V?$allocator@D@2@@std@@PAXU?$less@V?$basic_string@DU?$char_traits@D@std@@V?$allocator@D@2@@std@@@2@V?$allocator@U?$pair@$$CBV?$basic_string@DU?$char_traits@D@std@@V?$allocator@D@2@@std@@PAX@std@@@2@$0A@@std@@@std@@IAE?AViterator@12@_NPAU_Node@?$_Tree_nod@V?$_Tmap_traits@V?$basic_string@DU?$char_traits@D@std@@V?$allocator@D@2@@std@@PAXU?$less@V?$basic_string@DU?$char_traits@D@std@@V?$allocator@D@2@@std@@@2@V?$allocator@U?$pair@$$CBV?$basic_string@DU?$char_traits@D@std@@V?$allocator@D@2@@std@@PAX@std@@@2@$0A@@std@@@2@ABU?$pair@$$CBV?$basic_string@DU?$char_traits@D@std@@V?$allocator@D@2@@std@@PAX@2@@Z 00418200 f i readSVDB.obj
 0001:000173c0       ?InsertNodeEx@?$sorttree@V?$hashelement@Vword@svutil@@PAVTask@@@svutil@@@svutil@@QAEAAV?$hashelement@Vword@svutil@@PAVTask@@@2@ABV32@@Z 004183c0 f i readSVDB.obj
 0001:00017450       ?erase@?$_Tree@V?$_Tmap_traits@HPAXU?$less@H@std@@V?$allocator@U?$pair@$$CBHPAX@std@@@2@$0A@@std@@@std@@QAE?AViterator@12@V312@@Z 00418450 f i readSVDB.obj
 0001:00017720       ?erase@?$_Tree@V?$_Tmap_traits@V?$basic_string@DU?$char_traits@D@std@@V?$allocator@D@2@@std@@PAXU?$less@V?$basic_string@DU?$char_traits@D@std@@V?$allocator@D@2@@std@@@2@V?$allocator@U?$pair@$$CBV?$basic_string@DU?$char_traits@D@std@@V?$allocator@D@2@@std@@PAX@std@@@2@$0A@@std@@@std@@QAE?AViterator@12@V312@@Z 00418720 f i readSVDB.obj
[...]
 0001:00026c50       $L27820                    00427c50 f   stlini.obj
 0001:00026c5b       $L27821                    00427c5b f   stlini.obj
 0001:00026c67       $L27822                    00427c67 f   stlini.obj
 0001:00026c73       $L27823                    00427c73 f   stlini.obj
 0001:00026c7e       $L27824                    00427c7e f   stlini.obj
 0001:00026c89       $L27825                    00427c89 f   stlini.obj
 0001:00026c95       $L27826                    00427c95 f   stlini.obj
 0001:00026ca0       $L27827                    00427ca0 f   stlini.obj
 0001:00026cab       $L27829                    00427cab f   stlini.obj
 0001:00026cb4       $L27830                    00427cb4 f   stlini.obj
 0001:00026cbd       $L27831                    00427cbd f   stlini.obj
 0001:00026cc5       $L27832                    00427cc5 f   stlini.obj
 0001:00026cd0       __ehhandler$?PutIniSetting@@YAXAAV?$map@V?$basic_string@DU?$char_traits@D@std@@V?$allocator@D@2@@std@@V?$map@V?$basic_string@DU?$char_traits@D@std@@V?$allocator@D@2@@std@@V12@UStlIniCompareStringNoCase@@V?$allocator@U?$pair@$$CBV?$basic_string@DU?$char_traits@D@std@@V?$allocator@D@2@@std@@V12@@std@@@2@@2@UStlIniCompareStringNoCase@@V?$allocator@U?$pair@$$CBV?$basic_string@DU?$char_traits@D@std@@V?$allocator@D@2@@std@@V?$map@V?$basic_string@DU?$char_traits@D@std@@V?$allocator@D@2@@std@@V12@UStlIniCompareStringNoCase@@V?$allocator@U?$pair@$$CBV?$basic_string@DU?$char_traits@D@std@@V?$allocator@D@2@@std@@V12@@std@@@2@@2@@std@@@2@@std@@PBD11@Z 00427cd0 f   stlini.obj
 0001:00026ce0       __ehhandler$?_Copy@?$_Tree@V?$_Tmap_traits@V?$basic_string@DU?$char_traits@D@std@@V?$allocator@D@2@@std@@V?$map@V?$basic_string@DU?$char_traits@D@std@@V?$allocator@D@2@@std@@V12@UStlIniCompareStringNoCase@@V?$allocator@U?$pair@$$CBV?$basic_string@DU?$char_traits@D@std@@V?$allocator@D@2@@std@@V12@@std@@@2@@2@UStlIniCompareStringNoCase@@V?$allocator@U?$pair@$$CBV?$basic_string@DU?$char_traits@D@std@@V?$allocator@D@2@@std@@V?$map@V?$basic_string@DU?$char_traits@D@std@@V?$allocator@D@2@@std@@V12@UStlIniCompareStringNoCase@@V?$allocator@U?$pair@$$CBV?$basic_string@DU?$char_traits@D@std@@V?$allocator@D@2@@std@@V12@@std@@@2@@2@@std@@@2@$0A@@std@@@std@@IAEPAU_Node@?$_Tree_nod@V?$_Tmap_traits@V?$basic_string@DU?$char_traits@D@std@@V?$allocator@D@2@@std@@V?$map@V?$basic_string@DU?$char_traits@D@std@@V?$allocator@D@2@@std@@V12@UStlIniCompareStringNoCase@@V?$allocator@U?$pair@$$CBV?$basic_string@DU?$char_traits@D@std@@V?$allocator@D@2@@std@@V12@@std@@@2@@2@UStlIniCompareStringNoCase@@V?$allocator@U?$pair@$$CBV?$basic_string@DU?$char_traits@D@std@@V?$allocator@D@2@@std@@V?$map@V?$basic_string@DU?$char_traits@D@std@@V?$allocator@D@2@@std@@V12@UStlIniCompareStringNoCase@@V?$allocator@U?$pair@$$CBV?$basic_string@DU?$char_traits@D@std@@V?$allocator@D@2@@std@@V12@@std@@@2@@2@@std@@@2@$0A@@std@@@2@PAU342@0@Z 00427ce0 f   stlini.obj
 0001:00026cf0       __ehhandler$??0?$_Tree@V?$_Tmap_traits@V?$basic_string@DU?$char_traits@D@std@@V?$allocator@D@2@@std@@V?$map@V?$basic_string@DU?$char_traits@D@std@@V?$allocator@D@2@@std@@V12@UStlIniCompareStringNoCase@@V?$allocator@U?$pair@$$CBV?$basic_string@DU?$char_traits@D@std@@V?$allocator@D@2@@std@@V12@@std@@@2@@2@UStlIniCompareStringNoCase@@V?$allocator@U?$pair@$$CBV?$basic_string@DU?$char_traits@D@std@@V?$allocator@D@2@@std@@V?$map@V?$basic_string@DU?$char_traits@D@std@@V?$allocator@D@2@@std@@V12@UStlIniCompareStringNoCase@@V?$allocator@U?$pair@$$CBV?$basic_string@DU?$char_traits@D@std@@V?$allocator@D@2@@std@@V12@@std@@@2@@2@@std@@@2@$0A@@std@@@std@@QAE@ABV01@@Z 00427cf0 f   stlini.obj
 0001:00026d00       $L29620                    00427d00 f   stlini.obj
 0001:00026d0b       $L29621                    00427d0b f   stlini.obj
 0001:00026d17       $L29622                    00427d17 f   stlini.obj
 0001:00026d23       $L29623                    00427d23 f   stlini.obj
 0001:00026d42       __ehhandler$?LoadIni@@YA?AV?$map@V?$basic_string@DU?$char_traits@D@std@@V?$allocator@D@2@@std@@V?$map@V?$basic_string@DU?$char_traits@D@std@@V?$allocator@D@2@@std@@V12@UStlIniCompareStringNoCase@@V?$allocator@U?$pair@$$CBV?$basic_string@DU?$char_traits@D@std@@V?$allocator@D@2@@std@@V12@@std@@@2@@2@UStlIniCompareStringNoCase@@V?$allocator@U?$pair@$$CBV?$basic_string@DU?$char_traits@D@std@@V?$allocator@D@2@@std@@V?$map@V?$basic_string@DU?$char_traits@D@std@@V?$allocator@D@2@@std@@V12@UStlIniCompareStringNoCase@@V?$allocator@U?$pair@$$CBV?$basic_string@DU?$char_traits@D@std@@V?$allocator@D@2@@std@@V12@@std@@@2@@2@@std@@@2@@std@@PBD@Z 00427d42 f   stlini.obj
 0001:00026d50       $L50368                    00427d50 f   Subsequent.obj
 0001:00026d58       __ehhandler$?GetValueByMonitor@Subsequent@@QAEHPAVMonitor@@AAH1@Z 00427d58 f   Subsequent.obj
 0001:00026d70       $L50764                    00427d70 f   Subsequent.obj
 0001:00026d7b       __ehhandler$??1Subsequent@@UAE@XZ 00427d7b f   Subsequent.obj
 0001:00026d90       $L51531                    00427d90 f   Subsequent.obj
 0001:00026d9b       $L51532                    00427d9b f   Subsequent.obj
 0001:00026da9       $L51533                    00427da9 f   Subsequent.obj
 0001:00026db4       $L51534                    00427db4 f   Subsequent.obj
 0001:00026dbf       $L51535                    00427dbf f   Subsequent.obj
 0001:00026dca       __ehhandler$?FromTextMap@Subsequent@@QAE_NAAV?$hashtable@Vword@svutil@@V12@@svutil@@@Z 00427dca f   Subsequent.obj
 0001:00026de0       $L52054                    00427de0 f   Subsequent.obj
 0001:00026deb       $L52055                    00427deb f   Subsequent.obj
 0001:00026df6       $L52056                    00427df6 f   Subsequent.obj
 0001:00026e01       $L52057                    00427e01 f   Subsequent.obj
 0001:00026e0c       __ehhandler$?ToTextMap@Subsequent@@QAE_NAAV?$hashtable@Vword@svutil@@V12@@svutil@@@Z 00427e0c f   Subsequent.obj
 0001:00026e20       $L42973                    00427e20 f   SubsequentItem.obj
 0001:00026e20       $L42990                    00427e20 f   SubsequentItem.obj
 0001:00026e28       __ehhandler$??0SubsequentItem@@QAE@XZ 00427e28 f   SubsequentItem.obj
 0001:00026e28       __ehhandler$??1SubsequentItem@@QAE@XZ 00427e28 f   SubsequentItem.obj
 0001:00026e40       $L49638                    00427e40 f   Task.obj
 0001:00026e40       $L49674                    00427e40 f   Task.obj
 0001:00026e56       __ehhandler$??1Task@@QAE@XZ 00427e56 f   Task.obj
 0001:00026e56       __ehhandler$??0Task@@QAE@XZ 00427e56 f   Task.obj
 0001:00026e60       $L49697                    00427e60 f   Task.obj
 0001:00026e6b       $L49698                    00427e6b f   Task.obj
 0001:00026e76       $L49699                    00427e76 f   Task.obj
 0001:00026e81       $L49700                    00427e81 f   Task.obj
 0001:00026e8c       $L49701                    00427e8c f   Task.obj
 0001:00026e97       $L49702                    00427e97 f   Task.obj
 0001:00026ea2       $L49703                    00427ea2 f   Task.obj
 0001:00026ead       $L49704                    00427ead f   Task.obj
 0001:00026eb8       $L49705                    00427eb8 f   Task.obj
 0001:00026ec3       __ehhandler$?ToTextMap@Task@@QAE_NAAV?$hashtable@Vword@svutil@@V12@@svutil@@@Z 00427ec3 f   Task.obj
 0001:00026ed0       $L50004                    00427ed0 f   Task.obj
 0001:00026edb       $L50005                    00427edb f   Task.obj
 0001:00026ee6       $L50006                    00427ee6 f   Task.obj
 0001:00026ef1       $L50007                    00427ef1 f   Task.obj
 0001:00026efc       $L50008                    00427efc f   Task.obj
 0001:00026f07       $L50009                    00427f07 f   Task.obj
 0001:00026f12       $L50010                    00427f12 f   Task.obj
 0001:00026f1d       $L50011                    00427f1d f   Task.obj
 0001:00026f28       __ehhandler$?FromTextMap@Task@@QAE_NAAV?$hashtable@Vword@svutil@@V12@@svutil@@@Z 00427f28 f   Task.obj
 0001:00026f40       $L53096                    00427f40 f   ThreadContrl.obj
 0001:00026f40       $L53010                    00427f40 f   ThreadContrl.obj
 0001:00026f49       $L53011                    00427f49 f   ThreadContrl.obj
 0001:00026f49       $L53097                    00427f49 f   ThreadContrl.obj
 0001:00026f51       __ehhandler$?CheckSubsequent@ThreadContrl@@IAE_NPAVMonitor@@AA_N1@Z 00427f51 f   ThreadContrl.obj
 0001:00026f51       __ehhandler$?CheckSubsequent@ThreadContrl@@IAEHPAVMonitor@@@Z 00427f51 f   ThreadContrl.obj
 0001:00026f60       $L53228                    00427f60 f   ThreadContrl.obj
 0001:00026f68       __ehhandler$?AdjustRetByMonitor@ThreadContrl@@QAEXPAVMonitor@@H@Z 00427f68 f   ThreadContrl.obj
 0001:00026f80       $L55441                    00427f80 f   ThreadContrl.obj
 0001:00026f89       $L55461                    00427f89 f   ThreadContrl.obj
 0001:00026f92       __ehhandler$?_Incsize@?$list@PAVThreadEx@@V?$allocator@PAVThreadEx@@@std@@@std@@IAEXI@Z 00427f92 f   ThreadContrl.obj
 0001:00026fa0       $L56206                    00427fa0 f   ThreadContrl.obj
 0001:00026fa0       $L56106                    00427fa0 f   ThreadContrl.obj
 0001:00026fa8       $L56107                    00427fa8 f   ThreadContrl.obj
 0001:00026fa8       $L56207                    00427fa8 f   ThreadContrl.obj
 0001:00026fb4       $L56108                    00427fb4 f   ThreadContrl.obj
 0001:00026fb4       $L56208                    00427fb4 f   ThreadContrl.obj
 0001:00026fc2       __ehhandler$??0ThreadContrl@@QAE@XZ 00427fc2 f   ThreadContrl.obj
 0001:00026fc2       __ehhandler$??1ThreadContrl@@UAE@XZ 00427fc2 f   ThreadContrl.obj
 0001:00026fd0       $L56262                    00427fd0 f   ThreadContrl.obj
 0001:00026fd8       $L56263                    00427fd8 f   ThreadContrl.obj
 0001:00026fe3       __ehhandler$?AddNewThreads@ThreadContrl@@AAEHH@Z 00427fe3 f   ThreadContrl.obj
 0001:00026ff0       $L56626                    00427ff0 f   ThreadContrl.obj
 0001:00026ff0       $L56368                    00427ff0 f   ThreadContrl.obj
 0001:00026ff9       __ehhandler$?AddToIdleThread@ThreadContrl@@QAEXPAVThreadEx@@@Z 00427ff9 f   ThreadContrl.obj
 0001:00026ff9       __ehhandler$?GetIdleThread@ThreadContrl@@AAEPAVThreadEx@@XZ 00427ff9 f   ThreadContrl.obj
 0001:00027010       $L57207                    00428010 f   ThreadContrl.obj
 0001:00027018       __ehhandler$?AddTask@ThreadContrl@@QAEHPAVMonitor@@@Z 00428018 f   ThreadContrl.obj
 0001:00027030       $L57262                    00428030 f   ThreadContrl.obj
 0001:00027038       $L57263                    00428038 f   ThreadContrl.obj
 0001:00027040       __ehhandler$?ProcessSingleTaskEx@ThreadContrl@@IAEHPAVMonitor@@@Z 00428040 f   ThreadContrl.obj
 0001:00027050       $L57461                    00428050 f   ThreadContrl.obj
 0001:00027058       $L57463                    00428058 f   ThreadContrl.obj
 0001:00027060       __ehhandler$?run@ThreadContrl@@UAEXXZ 00428060 f   ThreadContrl.obj
 0001:00027070       $L49449                    00428070 f   Util.obj
 0001:00027081       __ehhandler$?_Buynode@?$list@VSingelRecord@@V?$allocator@VSingelRecord@@@std@@@std@@IAEPAU_Node@?$_List_nod@VSingelRecord@@V?$allocator@VSingelRecord@@@std@@@2@PAU342@0ABVSingelRecord@@@Z 00428081 f   Util.obj
 0001:00027090       $L49489                    00428090 f   Util.obj
 0001:00027099       $L49509                    00428099 f   Util.obj
 0001:000270a2       __ehhandler$?_Incsize@?$list@VSingelRecord@@V?$allocator@VSingelRecord@@@std@@@std@@IAEXI@Z 004280a2 f   Util.obj
 0001:000270b0       $L50452                    004280b0 f   Util.obj
 0001:000270b9       $L50453                    004280b9 f   Util.obj
 0001:000270c1       __ehhandler$?CacheRecords@Util@@CA_NV?$basic_string@DU?$char_traits@D@std@@V?$allocator@D@2@@std@@PBDH@Z 004280c1 f   Util.obj
 0001:000270d0       $L50557                    004280d0 f   Util.obj
 0001:000270d9       $L50558                    004280d9 f   Util.obj
 0001:000270e2       $L50559                    004280e2 f   Util.obj
 0001:000270eb       $L50561                    004280eb f   Util.obj
 0001:000270f4       $L50562                    004280f4 f   Util.obj
 0001:000270fd       __ehhandler$?InsertSvdb@Util@@SA_NV?$basic_string@DU?$char_traits@D@std@@V?$allocator@D@2@@std@@PBDH0@Z 004280fd f   Util.obj
 0001:00027110       $L50625                    00428110 f   Util.obj
 0001:00027119       $L50626                    00428119 f   Util.obj
 0001:00027122       $L50628                    00428122 f   Util.obj
 0001:0002712b       $L50629                    0042812b f   Util.obj
 0001:00027134       __ehhandler$?InsertSvdb@Util@@SA_NV?$basic_string@DU?$char_traits@D@std@@V?$allocator@D@2@@std@@PBDH@Z 00428134 f   Util.obj
 0001:00027140       $L51994                    00428140 f   Util.obj
 0001:00027149       $L51995                    00428149 f   Util.obj
 0001:00027152       __ehhandler$?AppendThenClearAllRecords@Util@@SAHAAV?$list@VSingelRecord@@V?$allocator@VSingelRecord@@@std@@@std@@@Z 00428152 f   Util.obj
 0001:00027160       $L53964                    00428160 f   Util.obj
 0001:00027169       __ehhandler$?GetRootPath@Util@@SA?AVTString@@XZ 00428169 f   Util.obj
 0001:00027180       $L54111                    00428180 f   Util.obj
 0001:00027188       $L54112                    00428188 f   Util.obj
 0001:00027194       $L54113                    00428194 f   Util.obj
 0001:0002719c       $L54114                    0042819c f   Util.obj
 0001:000271a7       $L54115                    004281a7 f   Util.obj
 0001:000271b0       $L54116                    004281b0 f   Util.obj
 0001:000271b8       $L54117                    004281b8 f   Util.obj
 0001:000271c4       __ehhandler$?ErrorLog@Util@@SAXVTString@@@Z 004281c4 f   Util.obj
 0001:000271d0       $L54180                    004281d0 f   Util.obj
 0001:000271d9       $L54181                    004281d9 f   Util.obj
 0001:000271e2       $L54182                    004281e2 f   Util.obj
 0001:000271ee       $L54183                    004281ee f   Util.obj
 0001:000271f9       $L54184                    004281f9 f   Util.obj
 0001:00027204       $L54185                    00428204 f   Util.obj
 0001:0002720f       $L54186                    0042820f f   Util.obj
 0001:0002721b       $L54187                    0042821b f   Util.obj
 0001:00027227       $L54188                    00428227 f   Util.obj
 0001:00027233       $L54189                    00428233 f   Util.obj
 0001:0002723f       $L54190                    0042823f f   Util.obj
 0001:0002724b       __ehhandler$?SendMsgToWsServer@Util@@SA_NV?$basic_string@DU?$char_traits@D@std@@V?$allocator@D@2@@std@@0@Z 0042824b f   Util.obj
 0001:00027260       $L54380                    00428260 f   Util.obj
 0001:0002726b       $L54381                    0042826b f   Util.obj
 0001:00027276       $L54382                    00428276 f   Util.obj
 0001:00027282       $L54383                    00428282 f   Util.obj
 0001:000272a1       __ehhandler$?GetSVMQAddress@Util@@SA?AVTString@@XZ 004282a1 f   Util.obj
 0001:000272b0       $L54742                    004282b0 f   Util.obj
 0001:000272b8       __ehhandler$??0Util@@QAE@XZ 004282b8 f   Util.obj
 0001:000272d0       _$E1                       004282d0 f   MonitorSchedule.obj
 0001:000272f0       _$E4                       004282f0 f   MonitorSchedule.obj
 0001:00027310       _$E7                       00428310 f   MonitorSchedule.obj
 0001:00027330       _$E10                      00428330 f   MonitorSchedule.obj
 0001:00027350       _$E13                      00428350 f   MonitorSchedule.obj
 0001:00027370       _$E16                      00428370 f   MonitorSchedule.obj
 0001:00027380       _$E1                       00428380 f   readSVDB.obj
 0001:000273a0       _$E4                       004283a0 f   readSVDB.obj
 0001:000273c0       _$E7                       004283c0 f   readSVDB.obj
 0001:000273e0       _$E10                      004283e0 f   readSVDB.obj
 0001:00027400       _$E1                       00428400 f   ScheduleThread.obj
 0001:00027420       _$E4                       00428420 f   ScheduleThread.obj
 0001:00027440       _$E7                       00428440 f   ScheduleThread.obj
 0001:00027460       _$E10                      00428460 f   ScheduleThread.obj
 0001:00027480       _$E1                       00428480 f   Util.obj
 0001:000274a0       _$E4                       004284a0 f   Util.obj
 0001:000274c0       _$E7                       004284c0 f   Util.obj
 0001:000274e0       _$E10                      004284e0 f   Util.obj
 0001:00027500       _$E13                      00428500 f   Util.obj
 0001:00027520       _$E16                      00428520 f   Util.obj
 0001:00027540       _$E19                      00428540 f   Util.obj
 0001:00027570       _$E2                       00428570 f   MonitorSchedule.obj
 0001:00027580       _$E5                       00428580 f   MonitorSchedule.obj
 0001:00027590       _$E8                       00428590 f   MonitorSchedule.obj
 0001:000275a0       _$E11                      004285a0 f   MonitorSchedule.obj
 0001:000275b0       _$E14                      004285b0 f   MonitorSchedule.obj
 0001:000275c0       _$E17                      004285c0 f   MonitorSchedule.obj
 0001:000275d0       _$E2                       004285d0 f   readSVDB.obj
 0001:000275e0       _$E8                       004285e0 f   readSVDB.obj
 0001:000275f0       _$E11                      004285f0 f   readSVDB.obj
 0001:00027600       _$E5                       00428600 f   readSVDB.obj
 0001:00027610       _$E2                       00428610 f   ScheduleThread.obj
 0001:00027620       _$E5                       00428620 f   ScheduleThread.obj
 0001:00027630       _$E8                       00428630 f   ScheduleThread.obj
 0001:00027640       _$E11                      00428640 f   ScheduleThread.obj
 0001:00027650       _$E2                       00428650 f   Util.obj
 0001:00027660       _$E5                       00428660 f   Util.obj
 0001:00027670       _$E8                       00428670 f   Util.obj
 0001:00027680       _$E11                      00428680 f   Util.obj
 0001:00027690       _$E17                      00428690 f   Util.obj
 0001:000276a0       _$E14                      004286a0 f   Util.obj
 0001:000276b0       _$E20                      004286b0 f   Util.obj
