 svapi

 Timestamp is 4fffd0f6 (Fri Jul 13 15:40:38 2012)

 Preferred load address is 10000000

 Start         Length     Name                   Class
 0001:00000000 00035695H .text                   CODE
 0001:000356a0 00004ad2H .text$x                 CODE
 0001:0003a180 000004ebH .text$yc                CODE
 0001:0003a670 0000026aH .text$yd                CODE
 0002:00000000 000001ecH .idata$5                DATA
 0002:000001f0 00001095H .rdata                  DATA
 0002:00001288 00000070H .rdata$debug            DATA
 0002:000012f8 00000044H .rdata$r                DATA
 0002:0000133c 00000004H .rtc$IAA                DATA
 0002:00001340 00000004H .rtc$IMZ                DATA
 0002:00001344 00000004H .rtc$IZZ                DATA
 0002:00001348 00000004H .rtc$TAA                DATA
 0002:0000134c 00000004H .rtc$TMZ                DATA
 0002:00001350 00000004H .rtc$TZZ                DATA
 0002:00001354 00007d04H .xdata$x                DATA
 0002:00009058 00000078H .idata$2                DATA
 0002:000090d0 00000014H .idata$3                DATA
 0002:000090e4 000001ecH .idata$4                DATA
 0002:000092d0 00001102H .idata$6                DATA
 0002:0000a3e0 00006c96H .edata                  DATA
 0003:00000000 00000004H .CRT$XCA                DATA
 0003:00000004 00000004H .CRT$XCAA               DATA
 0003:00000008 000000a0H .CRT$XCU                DATA
 0003:000000a8 00000004H .CRT$XCZ                DATA
 0003:000000ac 00000004H .CRT$XIA                DATA
 0003:000000b0 00000004H .CRT$XIZ                DATA
 0003:000000c0 00000114H .data                   DATA
 0003:000001d4 000003f8H .bss                    DATA

  Address         Publics by Value              Rva+Base     Lib:Object

 0000:00000000       __except_list              00000000     <absolute>
 0000:00000000       ___safe_se_handler_table   00000000     <absolute>
 0000:00000000       ___safe_se_handler_count   00000000     <absolute>
 0000:00009876       __ldused                   00009876     <absolute>
 0000:00009876       __fltused                  00009876     <absolute>
 0001:00000000       ??1QueryData@@QAE@XZ       10001000 f i QueryData.obj
 0001:00000000       ??1TTime@svutil@@QAE@XZ    10001000 f i MQapi.obj
 0001:00000000       ??3@YAXPAX0@Z              10001000 f i Entity.obj
 0001:00000010       ??1logic_error@std@@UAE@XZ 10001010 f i Entity.obj
 0001:00000070       ?what@logic_error@std@@UBEPBDXZ 10001070 f i Entity.obj
 0001:00000080       ??_Glogic_error@std@@UAEPAXI@Z 10001080 f i Entity.obj
 0001:00000080       ??_Elogic_error@std@@UAEPAXI@Z 10001080 f i Entity.obj
 0001:000000a0       ??_Elength_error@std@@UAEPAXI@Z 100010a0 f i Entity.obj
 0001:000000a0       ??_Glength_error@std@@UAEPAXI@Z 100010a0 f i Entity.obj
 0001:000000c0       ??1length_error@std@@UAE@XZ 100010c0 f i Entity.obj
 0001:000000d0       ??_Eword@svutil@@UAEPAXI@Z 100010d0 f i Entity.obj
 0001:000000d0       ??_Gword@svutil@@UAEPAXI@Z 100010d0 f i Entity.obj
 0001:00000100       ??1_Sentry_base@?$basic_ostream@DU?$char_traits@D@std@@@std@@QAE@XZ 10001100 f i Entity.obj
 0001:00000120       ??$?HDU?$char_traits@D@std@@V?$allocator@D@1@@std@@YA?AV?$basic_string@DU?$char_traits@D@std@@V?$allocator@D@2@@0@ABV10@PBD@Z 10001120 f i Entity.obj
 0001:000001a0       ??1_Node@?$_List_nod@Vword@svutil@@V?$allocator@Vword@svutil@@@std@@@std@@QAE@XZ 100011a0 f i Entity.obj
 0001:000001c0       ??0sentry@?$basic_ostream@DU?$char_traits@D@std@@@std@@QAE@AAV12@@Z 100011c0 f i Entity.obj
 0001:00000250       ??1sentry@?$basic_ostream@DU?$char_traits@D@std@@@std@@QAE@XZ 10001250 f i Entity.obj
 0001:000002c0       ??$?6DU?$char_traits@D@std@@V?$allocator@D@1@@std@@YAAAV?$basic_ostream@DU?$char_traits@D@std@@@0@AAV10@ABV?$basic_string@DU?$char_traits@D@std@@V?$allocator@D@2@@0@@Z 100012c0 f i Entity.obj
 0001:000004c0       ?_Buynode@?$list@Vword@svutil@@V?$allocator@Vword@svutil@@@std@@@std@@IAEPAU_Node@?$_List_nod@Vword@svutil@@V?$allocator@Vword@svutil@@@std@@@2@XZ 100014c0 f i Entity.obj
 0001:000004e0       ?_Buynode@?$list@Vword@svutil@@V?$allocator@Vword@svutil@@@std@@@std@@IAEPAU_Node@?$_List_nod@Vword@svutil@@V?$allocator@Vword@svutil@@@std@@@2@PAU342@0ABVword@svutil@@@Z 100014e0 f i Entity.obj
 0001:00000570       ?_Incsize@?$list@Vword@svutil@@V?$allocator@Vword@svutil@@@std@@@std@@IAEXI@Z 10001570 f i Entity.obj
 0001:00000610       ??0logic_error@std@@QAE@ABV01@@Z 10001610 f i Entity.obj
 0001:00000670       ??0length_error@std@@QAE@ABV01@@Z 10001670 f i Entity.obj
 0001:00000690       ?GetRawDataSize@Entity@@UAEIXZ 10001690 f   Entity.obj
 0001:000006e0       ?GetRawData@Entity@@UAEPADPADI@Z 100016e0 f   Entity.obj
 0001:000007e0       ?clear@?$list@Vword@svutil@@V?$allocator@Vword@svutil@@@std@@@std@@QAEXXZ 100017e0 f i Entity.obj
 0001:00000820       ?push_back@?$list@Vword@svutil@@V?$allocator@Vword@svutil@@@std@@@std@@QAEXABVword@svutil@@@Z 10001820 f i Entity.obj
 0001:00000860       ?_Tidy@?$list@Vword@svutil@@V?$allocator@Vword@svutil@@@std@@@std@@IAEXXZ 10001860 f i Entity.obj
 0001:00000860       ??1?$list@Vword@svutil@@V?$allocator@Vword@svutil@@@std@@@std@@QAE@XZ 10001860 f i Entity.obj
 0001:00000880       ?CreateObjectByRawData@Entity@@UAEHPBDI@Z 10001880 f   Entity.obj
 0001:000009f0       ??0Entity@@QAE@XZ          100019f0 f   Entity.obj
 0001:00000a90       ??1Entity@@QAE@XZ          10001a90 f   Entity.obj
 0001:00000b10       ?GetID@Entity@@QAE?AVword@svutil@@XZ 10001b10 f i EntityAPI.obj
 0001:00000b10       ?GetID@Group@@QAE?AVword@svutil@@XZ 10001b10 f i GroupAPI.obj
 0001:00000b30       ?CacheRefresh_GetEntity@@YAPAXV?$basic_string@DU?$char_traits@D@std@@V?$allocator@D@2@@std@@@Z 10001b30 f   EntityAPI.obj
 0001:00000ba0       ?Cache_GetEntity@@YAPAXV?$basic_string@DU?$char_traits@D@std@@V?$allocator@D@2@@std@@@Z 10001ba0 f   EntityAPI.obj
 0001:00000c10       ?GetEntityWithVer@@YAPAXV?$basic_string@DU?$char_traits@D@std@@V?$allocator@D@2@@std@@00AAI@Z 10001c10 f   EntityAPI.obj
 0001:00000ea0       ?GetEntity@@YAPAXV?$basic_string@DU?$char_traits@D@std@@V?$allocator@D@2@@std@@00@Z 10001ea0 f   EntityAPI.obj
 0001:00000fe0       ?CreateEntity@@YAPAXXZ     10001fe0 f   EntityAPI.obj
 0001:00001050       ?DeleteEntity@@YA_NV?$basic_string@DU?$char_traits@D@std@@V?$allocator@D@2@@std@@00@Z 10002050 f   EntityAPI.obj
 0001:00001280       ?AddNewEntity@@YA?AV?$basic_string@DU?$char_traits@D@std@@V?$allocator@D@2@@std@@PAXV12@11@Z 10002280 f   EntityAPI.obj
 0001:00001530       ?SubmitEntity@@YA_NPAXV?$basic_string@DU?$char_traits@D@std@@V?$allocator@D@2@@std@@1@Z 10002530 f   EntityAPI.obj
 0001:00001740       ??1_Node@?$_List_nod@V?$basic_string@DU?$char_traits@D@std@@V?$allocator@D@2@@std@@V?$allocator@V?$basic_string@DU?$char_traits@D@std@@V?$allocator@D@2@@std@@@2@@std@@QAE@XZ 10002740 f i EntityAPI.obj
 0001:00001740       ??1_Node@?$_List_nod@VSingelRecord@@V?$allocator@VSingelRecord@@@std@@@std@@QAE@XZ 10002740 f i General.obj
 0001:00001750       ?GetAllEntitysInfo@@YA_NAAV?$list@Usv_pair@@V?$allocator@Usv_pair@@@std@@@std@@V?$basic_string@DU?$char_traits@D@std@@V?$allocator@D@2@@2@11@Z 10002750 f   EntityAPI.obj
 0001:000019a0       ?CloseEntity@@YA_NAAPAX@Z  100029a0 f   EntityAPI.obj
 0001:00001a20       ?_Buynode@?$list@V?$basic_string@DU?$char_traits@D@std@@V?$allocator@D@2@@std@@V?$allocator@V?$basic_string@DU?$char_traits@D@std@@V?$allocator@D@2@@std@@@2@@std@@IAEPAU_Node@?$_List_nod@V?$basic_string@DU?$char_traits@D@std@@V?$allocator@D@2@@std@@V?$allocator@V?$basic_string@DU?$char_traits@D@std@@V?$allocator@D@2@@std@@@2@@2@XZ 10002a20 f i EntityAPI.obj
 0001:00001a40       ?_Buynode@?$list@V?$basic_string@DU?$char_traits@D@std@@V?$allocator@D@2@@std@@V?$allocator@V?$basic_string@DU?$char_traits@D@std@@V?$allocator@D@2@@std@@@2@@std@@IAEPAU_Node@?$_List_nod@V?$basic_string@DU?$char_traits@D@std@@V?$allocator@D@2@@std@@V?$allocator@V?$basic_string@DU?$char_traits@D@std@@V?$allocator@D@2@@std@@@2@@2@PAU342@0ABV?$basic_string@DU?$char_traits@D@std@@V?$allocator@D@2@@2@@Z 10002a40 f i EntityAPI.obj
 0001:00001ad0       ?_Incsize@?$list@V?$basic_string@DU?$char_traits@D@std@@V?$allocator@D@2@@std@@V?$allocator@V?$basic_string@DU?$char_traits@D@std@@V?$allocator@D@2@@std@@@2@@std@@IAEXI@Z 10002ad0 f i EntityAPI.obj
 0001:00001b70       ??0?$list@V?$basic_string@DU?$char_traits@D@std@@V?$allocator@D@2@@std@@V?$allocator@V?$basic_string@DU?$char_traits@D@std@@V?$allocator@D@2@@std@@@2@@std@@QAE@XZ 10002b70 f i EntityAPI.obj
 0001:00001b90       ?clear@?$list@VSingelRecord@@V?$allocator@VSingelRecord@@@std@@@std@@QAEXXZ 10002b90 f i General.obj
 0001:00001b90       ?clear@?$list@V?$basic_string@DU?$char_traits@D@std@@V?$allocator@D@2@@std@@V?$allocator@V?$basic_string@DU?$char_traits@D@std@@V?$allocator@D@2@@std@@@2@@std@@QAEXXZ 10002b90 f i EntityAPI.obj
 0001:00001bd0       ?GetSubMonitorsIDByEntity@@YA_NPAXAAV?$list@V?$basic_string@DU?$char_traits@D@std@@V?$allocator@D@2@@std@@V?$allocator@V?$basic_string@DU?$char_traits@D@std@@V?$allocator@D@2@@std@@@2@@std@@@Z 10002bd0 f   EntityAPI.obj
 0001:00001c90       ?EntityCopyGeneral@@YA?AV?$basic_string@DU?$char_traits@D@std@@V?$allocator@D@2@@std@@_NV12@111@Z 10002c90 f   EntityAPI.obj
 0001:00002050       ?EntityCopyAndCreateTable@@YA?AV?$basic_string@DU?$char_traits@D@std@@V?$allocator@D@2@@std@@V12@000@Z 10003050 f   EntityAPI.obj
 0001:00002160       ?EntityCopy@@YA?AV?$basic_string@DU?$char_traits@D@std@@V?$allocator@D@2@@std@@V12@000@Z 10003160 f   EntityAPI.obj
 0001:00002270       ??0?$hashelement@Vword@svutil@@V12@@svutil@@QAE@ABVword@1@@Z 10003270 f i EntityGroup.obj
 0001:000022f0       ??1?$hashelement@Vword@svutil@@V12@@svutil@@QAE@XZ 100032f0 f i EntityGroup.obj
 0001:00002330       ?CountNodes@?$sorttree@V?$hashelement@Vword@svutil@@V12@@svutil@@@svutil@@AAEXPAV?$treenode@V?$hashelement@Vword@svutil@@V12@@svutil@@@2@AAK@Z 10003330 f i EntityGroup.obj
 0001:00002360       ?findnode@?$sorttree@V?$hashelement@Vword@svutil@@V12@@svutil@@@svutil@@QAEPAV?$treenode@V?$hashelement@Vword@svutil@@V12@@svutil@@@2@ABV?$hashelement@Vword@svutil@@V12@@2@PAV32@@Z 10003360 f i EntityGroup.obj
 0001:000023d0       ?findnextnode@?$sorttree@V?$hashelement@Vword@svutil@@V12@@svutil@@@svutil@@ABEPAV?$treenode@V?$hashelement@Vword@svutil@@V12@@svutil@@@2@AAV?$hashelement@Vword@svutil@@V12@@2@AA_NPAV32@@Z 100033d0 f i EntityGroup.obj
 0001:00002440       ?find@?$hashnode@Vword@svutil@@V12@@svutil@@QAE_NABVword@2@PAPAV?$hashelement@Vword@svutil@@V12@@2@@Z 10003440 f i EntityGroup.obj
 0001:00002540       ?GetRawDataSize@EntityGroup@@UAEIXZ 10003540 f   EntityGroup.obj
 0001:00002590       ?GetRawData@EntityGroup@@UAEPADPADI@Z 10003590 f   EntityGroup.obj
 0001:00002680       ?find@?$hashnode@Vword@svutil@@V12@@svutil@@QAE_NABVword@2@PAPAV32@@Z 10003680 f i EntityGroup.obj
 0001:000026e0       ?size@?$hashtable@Vword@svutil@@V12@@svutil@@QAEIXZ 100036e0 f i EntityGroup.obj
 0001:00002780       ?find@?$hashtable@Vword@svutil@@V12@@svutil@@QAEPAVword@2@ABV32@@Z 10003780 f i EntityGroup.obj
 0001:000027f0       ?findnext@?$hashnode@Vword@svutil@@V12@@svutil@@QAE_NAAV?$hashelement@Vword@svutil@@V12@@2@PAPAV32@@Z 100037f0 f i EntityGroup.obj
 0001:000028a0       ?CreateObjectByRawData@EntityGroup@@UAEHPBDI@Z 100038a0 f   EntityGroup.obj
 0001:00002a00       ?findnext@?$hashtable@Vword@svutil@@V12@@svutil@@QAE_NAAViterator@12@@Z 10003a00 f i EntityGroup.obj
 0001:00002aa0       ??0EntityGroup@@QAE@XZ     10003aa0 f   EntityGroup.obj
 0001:00002b30       ??1EntityGroup@@QAE@XZ     10003b30 f   EntityGroup.obj
 0001:00002bb0       ?GetID@TopologyChart@@QAE?AVword@svutil@@XZ 10003bb0 f i TopologyChartAPI.obj
 0001:00002bb0       ?GetID@VirtualGroup@@QAE?AVword@svutil@@XZ 10003bb0 f i VirtualGroupAPI.obj
 0001:00002bb0       ?GetID@EntityGroup@@QAE?AVword@svutil@@XZ 10003bb0 f i EntityGroupAPI.obj
 0001:00002bb0       ?GetID@Port@@QBE?AVword@svutil@@XZ 10003bb0 f i EntityEx.obj
 0001:00002bb0       ?GetID@Monitor@@QAE?AVword@svutil@@XZ 10003bb0 f i MonitorAPI.obj
 0001:00002bb0       ?GetID@EntityTemplet@@QAE?AVword@svutil@@XZ 10003bb0 f i EntityTempletAPI.obj
 0001:00002bb0       ?GetLanguageType@Resource@@QAE?AVword@svutil@@XZ 10003bb0 f i ResourceAPI.obj
 0001:00002bd0       ?PutID@EntityGroup@@QAEXVword@svutil@@@Z 10003bd0 f i EntityGroupAPI.obj
 0001:00002c30       ?Cache_GetEntityGroup@@YAPAXV?$basic_string@DU?$char_traits@D@std@@V?$allocator@D@2@@std@@@Z 10003c30 f   EntityGroupAPI.obj
 0001:00002ca0       ?GetEntityGroup@@YAPAXV?$basic_string@DU?$char_traits@D@std@@V?$allocator@D@2@@std@@00@Z 10003ca0 f   EntityGroupAPI.obj
 0001:00002ee0       ?CreateEntityGroup@@YAPAXV?$basic_string@DU?$char_traits@D@std@@V?$allocator@D@2@@std@@@Z 10003ee0 f   EntityGroupAPI.obj
 0001:00002fb0       ?GetEntityGroupMainAttribNode@@YAPAXPAX@Z 10003fb0 f   EntityGroupAPI.obj
 0001:00002fb0       ?GetMonitorMainAttribNode@@YAPAXPAX@Z 10003fb0 f   MonitorAPI.obj
 0001:00002fb0       ?GetResourceNode@@YAPAXPAX@Z 10003fb0 f   ResourceAPI.obj
 0001:00002fb0       ?GetEntityTempletMainAttribNode@@YAPAXPAX@Z 10003fb0 f   EntityTempletAPI.obj
 0001:00002fc0       ?DeleteEntityGroup@@YA_NV?$basic_string@DU?$char_traits@D@std@@V?$allocator@D@2@@std@@00@Z 10003fc0 f   EntityGroupAPI.obj
 0001:000031f0       ?SubmitEntityGroup@@YA_NPAXV?$basic_string@DU?$char_traits@D@std@@V?$allocator@D@2@@std@@1@Z 100041f0 f   EntityGroupAPI.obj
 0001:00003400       ?CloseEntityGroup@@YA_NAAPAX@Z 10004400 f   EntityGroupAPI.obj
 0001:00003480       ?GetAllEntityGroups@@YA_NAAV?$list@Usv_pair@@V?$allocator@Usv_pair@@@std@@@std@@V?$basic_string@DU?$char_traits@D@std@@V?$allocator@D@2@@2@11@Z 10004480 f   EntityGroupAPI.obj
 0001:000036d0       ?erase@?$list@Vword@svutil@@V?$allocator@Vword@svutil@@@std@@@std@@QAE?AViterator@12@V312@@Z 100046d0 f i EntityGroupAPI.obj
 0001:00003720       ?DeleteSubEntityKindsID@EntityGroup@@QAE_NVword@svutil@@@Z 10004720 f i EntityGroupAPI.obj
 0001:00003810       ?GetSubEntityTempletIDByEG@@YA_NAAV?$list@V?$basic_string@DU?$char_traits@D@std@@V?$allocator@D@2@@std@@V?$allocator@V?$basic_string@DU?$char_traits@D@std@@V?$allocator@D@2@@std@@@2@@std@@PAX@Z 10004810 f   EntityGroupAPI.obj
 0001:000038d0       ?AddSubEntityTempletIDToEG@@YA_NPAXV?$basic_string@DU?$char_traits@D@std@@V?$allocator@D@2@@std@@@Z 100048d0 f   EntityGroupAPI.obj
 0001:000039b0       ?DeleteSubEntityTempletIDInEG@@YA_NPAXV?$basic_string@DU?$char_traits@D@std@@V?$allocator@D@2@@std@@@Z 100049b0 f   EntityGroupAPI.obj
 0001:00003a50       ?CloneEntityGroup@@YAPAXPAXV?$basic_string@DU?$char_traits@D@std@@V?$allocator@D@2@@std@@@Z 10004a50 f   EntityGroupAPI.obj
 0001:00003b80       ?clear@?$list@HV?$allocator@H@std@@@std@@QAEXXZ 10004b80 f i EntityTemplet.obj
 0001:00003b80       ?clear@?$list@PAVEdge@@V?$allocator@PAVEdge@@@std@@@std@@QAEXXZ 10004b80 f i TopologyChart.obj
 0001:00003b80       ?clear@?$list@PAVEntityRelation@@V?$allocator@PAVEntityRelation@@@std@@@std@@QAEXXZ 10004b80 f i EntityEx.obj
 0001:00003b80       ?clear@?$list@PAVStringMap@@V?$allocator@PAVStringMap@@@std@@@std@@QAEXXZ 10004b80 f i EntityTemplet.obj
 0001:00003b80       ?clear@?$list@PAVRecord@@V?$allocator@PAVRecord@@@std@@@std@@QAEXXZ 10004b80 f i RecordSet.obj
 0001:00003bc0       ?_Incsize@?$list@PAVStringMap@@V?$allocator@PAVStringMap@@@std@@@std@@IAEXI@Z 10004bc0 f i EntityTemplet.obj
 0001:00003bc0       ?_Incsize@?$list@HV?$allocator@H@std@@@std@@IAEXI@Z 10004bc0 f i EntityTemplet.obj
 0001:00003c60       ?GetRawDataSize@EntityTemplet@@UAEIXZ 10004c60 f   EntityTemplet.obj
 0001:00003cb0       ?GetRawData@EntityTemplet@@UAEPADPADI@Z 10004cb0 f   EntityTemplet.obj
 0001:00003e00       ?push_back@?$list@HV?$allocator@H@std@@@std@@QAEXABH@Z 10004e00 f i EntityTemplet.obj
 0001:00003e00       ?push_back@?$list@PAVStringMap@@V?$allocator@PAVStringMap@@@std@@@std@@QAEXABQAVStringMap@@@Z 10004e00 f i EntityTemplet.obj
 0001:00003e40       ??0EntityTemplet@@QAE@XZ   10004e40 f   EntityTemplet.obj
 0001:00003ee0       ??1EntityTemplet@@QAE@XZ   10004ee0 f   EntityTemplet.obj
 0001:00003ff0       ?CreateObjectByRawData@EntityTemplet@@UAEHPBDI@Z 10004ff0 f   EntityTemplet.obj
 0001:000041c0       ?PutID@EntityTemplet@@QAEXVword@svutil@@@Z 100051c0 f i EntityTempletAPI.obj
 0001:00004220       ?Cache_GetEntityTemplet@@YAPAXV?$basic_string@DU?$char_traits@D@std@@V?$allocator@D@2@@std@@@Z 10005220 f   EntityTempletAPI.obj
 0001:00004290       ?GetEntityTemplet@@YAPAXV?$basic_string@DU?$char_traits@D@std@@V?$allocator@D@2@@std@@00@Z 10005290 f   EntityTempletAPI.obj
 0001:000044d0       ?CreateEntityTemplet@@YAPAXV?$basic_string@DU?$char_traits@D@std@@V?$allocator@D@2@@std@@@Z 100054d0 f   EntityTempletAPI.obj
 0001:000045a0       ?DeleteEntityTemplet@@YA_NV?$basic_string@DU?$char_traits@D@std@@V?$allocator@D@2@@std@@00@Z 100055a0 f   EntityTempletAPI.obj
 0001:000047d0       ?GetSubMonitorTypeList@@YAAAV?$list@HV?$allocator@H@std@@@std@@PAX@Z 100057d0 f   EntityTempletAPI.obj
 0001:000047e0       ?SubmitEntityTemplet@@YA_NPAXV?$basic_string@DU?$char_traits@D@std@@V?$allocator@D@2@@std@@1@Z 100057e0 f   EntityTempletAPI.obj
 0001:000049f0       ?CloneEntityTemplet@@YAPAXPAXV?$basic_string@DU?$char_traits@D@std@@V?$allocator@D@2@@std@@@Z 100059f0 f   EntityTempletAPI.obj
 0001:00004b20       ?CloseEntityTemplet@@YA_NAAPAX@Z 10005b20 f   EntityTempletAPI.obj
 0001:00004ba0       ?GetAllEntityTemplets@@YA_NAAV?$list@Usv_pair@@V?$allocator@Usv_pair@@@std@@@std@@V?$basic_string@DU?$char_traits@D@std@@V?$allocator@D@2@@2@11@Z 10005ba0 f   EntityTempletAPI.obj
 0001:00004df0       ?FindETContrlFirst@@YA_NPAXAAUsv_list@@@Z 10005df0 f   EntityTempletAPI.obj
 0001:00004e90       ?DeleteMonitorKindsID@EntityTemplet@@QAE_NH@Z 10005e90 f i EntityTempletAPI.obj
 0001:00004ee0       ?DeleteSubMonitorTypeInET@@YA_NPAXH@Z 10005ee0 f   EntityTempletAPI.obj
 0001:00004f00       ?GetSubMonitorTypeByET@@YA_NPAXAAV?$list@HV?$allocator@H@std@@@std@@@Z 10005f00 f   EntityTempletAPI.obj
 0001:00004fa0       ?AddSubMonitorTypeToET@@YA_NPAXH@Z 10005fa0 f   EntityTempletAPI.obj
 0001:00005030       ?GetAllEntityTempletsInProperty@@YA_NV?$basic_string@DU?$char_traits@D@std@@V?$allocator@D@2@@std@@0AAV?$list@V?$basic_string@DU?$char_traits@D@std@@V?$allocator@D@2@@std@@V?$allocator@V?$basic_string@DU?$char_traits@D@std@@V?$allocator@D@2@@std@@@2@@2@00@Z 10006030 f   EntityTempletAPI.obj
 0001:000052f0       ??_Eout_of_range@std@@UAEPAXI@Z 100062f0 f i General.obj
 0001:000052f0       ??_Gout_of_range@std@@UAEPAXI@Z 100062f0 f i General.obj
 0001:00005310       ??1out_of_range@std@@UAE@XZ 10006310 f i General.obj
 0001:00005320       ??0sv_pair@@QAE@ABU0@@Z    10006320 f i General.obj
 0001:00005390       ??0exception@svutil@@QAE@PBD0@Z 10006390 f i General.obj
 0001:00005450       ?GetErrorType@exception@svutil@@UBEPBDXZ 10006450 f i General.obj
 0001:00005460       ?GetDescription@exception@svutil@@UBEPBDXZ 10006460 f i General.obj
 0001:00005470       ??_Eexception@svutil@@UAEPAXI@Z 10006470 f i General.obj
 0001:00005470       ??_Gexception@svutil@@UAEPAXI@Z 10006470 f i General.obj
 0001:00005490       ?GetSvdbAddr@@YA?AV?$basic_string@DU?$char_traits@D@std@@V?$allocator@D@2@@std@@XZ 10006490 f   General.obj
 0001:000054b0       ?GetCgiVersion@@YA?AV?$basic_string@DU?$char_traits@D@std@@V?$allocator@D@2@@std@@XZ 100064b0 f   General.obj
 0001:000054d0       ?SetServerPort@@YAXG@Z     100064d0 f   General.obj
 0001:000054e0       ?GetServerPort@@YAGXZ      100064e0 f   General.obj
 0001:000054f0       ?CreateNewMapNode@@YAPAXXZ 100064f0 f   General.obj
 0001:00005540       ?CreateNewItemList@@YA_NAAUsv_list@@@Z 10006540 f   General.obj
 0001:00005550       ?ReleaseItemList@@YAXABUsv_list@@@Z 10006550 f   General.obj
 0001:00005570       ?GetSiteViewRootPath@@YA?AV?$basic_string@DU?$char_traits@D@std@@V?$allocator@D@2@@std@@XZ 10006570 f   General.obj
 0001:00005590       ?FindParentID@@YA?AV?$basic_string@DU?$char_traits@D@std@@V?$allocator@D@2@@std@@V12@@Z 10006590 f   General.obj
 0001:00005640       ?FindIndexByID@@YAHV?$basic_string@DU?$char_traits@D@std@@V?$allocator@D@2@@std@@@Z 10006640 f   General.obj
 0001:000056a0       ?IsSVSEID@@YA_NV?$basic_string@DU?$char_traits@D@std@@V?$allocator@D@2@@std@@@Z 100066a0 f   General.obj
 0001:00005700       ?FindSEID@@YA?AV?$basic_string@DU?$char_traits@D@std@@V?$allocator@D@2@@std@@V12@@Z 10006700 f   General.obj
 0001:000057b0       ?WriteIniFileString@@YA_NV?$basic_string@DU?$char_traits@D@std@@V?$allocator@D@2@@std@@00000@Z 100067b0 f   General.obj
 0001:00005b80       ?WriteIniFileInt@@YA_NV?$basic_string@DU?$char_traits@D@std@@V?$allocator@D@2@@std@@0H000@Z 10006b80 f   General.obj
 0001:00005f10       ?WriteIniFileStruct@@YA_NV?$basic_string@DU?$char_traits@D@std@@V?$allocator@D@2@@std@@0PAXI000@Z 10006f10 f   General.obj
 0001:000062a0       ?GetIniFileString@@YA?AV?$basic_string@DU?$char_traits@D@std@@V?$allocator@D@2@@std@@V12@00000@Z 100072a0 f   General.obj
 0001:00006680       ?GetIniFileInt@@YAHV?$basic_string@DU?$char_traits@D@std@@V?$allocator@D@2@@std@@0H000@Z 10007680 f   General.obj
 0001:000069e0       ?GetIniFileStruct@@YA_NV?$basic_string@DU?$char_traits@D@std@@V?$allocator@D@2@@std@@0PAXAAI000@Z 100079e0 f   General.obj
 0001:00006d60       ?DeleteIniFileSection@@YA_NV?$basic_string@DU?$char_traits@D@std@@V?$allocator@D@2@@std@@000@Z 10007d60 f   General.obj
 0001:00007040       ?DeleteIniFileKey@@YA_NV?$basic_string@DU?$char_traits@D@std@@V?$allocator@D@2@@std@@0000@Z 10008040 f   General.obj
 0001:00007390       ?GetIniFileValueType@@YAHV?$basic_string@DU?$char_traits@D@std@@V?$allocator@D@2@@std@@0000@Z 10008390 f   General.obj
 0001:000076e0       ?EditIniFileSection@@YA_NV?$basic_string@DU?$char_traits@D@std@@V?$allocator@D@2@@std@@0000@Z 100086e0 f   General.obj
 0001:00007a50       ?EditIniFileKey@@YA_NV?$basic_string@DU?$char_traits@D@std@@V?$allocator@D@2@@std@@00000@Z 10008a50 f   General.obj
 0001:00007e20       ?CloneMapNode@@YAPAXPAX@Z  10008e20 f   General.obj
 0001:00007f00       ??0?$hashelement@Vword@svutil@@V12@@svutil@@QAE@ABVword@1@0@Z 10008f00 f i General.obj
 0001:00007f90       ??1?$treenode@V?$hashelement@Vword@svutil@@V12@@svutil@@@svutil@@UAE@XZ 10008f90 f i General.obj
 0001:00007fd0       ??_E?$treenode@V?$hashelement@Vword@svutil@@V12@@svutil@@@svutil@@UAEPAXI@Z 10008fd0 f i General.obj
 0001:00007fd0       ??_G?$treenode@V?$hashelement@Vword@svutil@@V12@@svutil@@@svutil@@UAEPAXI@Z 10008fd0 f i General.obj
 0001:00007ff0       ?_Xlen@?$vector@PAV?$hashnode@Vword@svutil@@V12@@svutil@@V?$allocator@PAV?$hashnode@Vword@svutil@@V12@@svutil@@@std@@@std@@IBEXXZ 10008ff0 f i General.obj
 0001:00008070       ?_Lrotate@?$_Tree@V?$_Tmap_traits@V?$basic_string@DU?$char_traits@D@std@@V?$allocator@D@2@@std@@V12@UStlIniCompareStringNoCase@@V?$allocator@U?$pair@$$CBV?$basic_string@DU?$char_traits@D@std@@V?$allocator@D@2@@std@@V12@@std@@@2@$0A@@std@@@std@@IAEXPAU_Node@?$_Tree_nod@V?$_Tmap_traits@V?$basic_string@DU?$char_traits@D@std@@V?$allocator@D@2@@std@@V12@UStlIniCompareStringNoCase@@V?$allocator@U?$pair@$$CBV?$basic_string@DU?$char_traits@D@std@@V?$allocator@D@2@@std@@V12@@std@@@2@$0A@@std@@@2@@Z 10009070 f i General.obj
 0001:00008070       ?_Lrotate@?$_Tree@V?$_Tmap_traits@V?$basic_string@DU?$char_traits@D@std@@V?$allocator@D@2@@std@@V12@U?$less@V?$basic_string@DU?$char_traits@D@std@@V?$allocator@D@2@@std@@@2@V?$allocator@U?$pair@$$CBV?$basic_string@DU?$char_traits@D@std@@V?$allocator@D@2@@std@@V12@@std@@@2@$0A@@std@@@std@@IAEXPAU_Node@?$_Tree_nod@V?$_Tmap_traits@V?$basic_string@DU?$char_traits@D@std@@V?$allocator@D@2@@std@@V12@U?$less@V?$basic_string@DU?$char_traits@D@std@@V?$allocator@D@2@@std@@@2@V?$allocator@U?$pair@$$CBV?$basic_string@DU?$char_traits@D@std@@V?$allocator@D@2@@std@@V12@@std@@@2@$0A@@std@@@2@@Z 10009070 f i General.obj
 0001:000080d0       ?_Max@?$_Tree@V?$_Tmap_traits@V?$basic_string@DU?$char_traits@D@std@@V?$allocator@D@2@@std@@V?$map@V?$basic_string@DU?$char_traits@D@std@@V?$allocator@D@2@@std@@V12@UStlIniCompareStringNoCase@@V?$allocator@U?$pair@$$CBV?$basic_string@DU?$char_traits@D@std@@V?$allocator@D@2@@std@@V12@@std@@@2@@2@UStlIniCompareStringNoCase@@V?$allocator@U?$pair@$$CBV?$basic_string@DU?$char_traits@D@std@@V?$allocator@D@2@@std@@V?$map@V?$basic_string@DU?$char_traits@D@std@@V?$allocator@D@2@@std@@V12@UStlIniCompareStringNoCase@@V?$allocator@U?$pair@$$CBV?$basic_string@DU?$char_traits@D@std@@V?$allocator@D@2@@std@@V12@@std@@@2@@2@@std@@@2@$0A@@std@@@std@@KAPAU_Node@?$_Tree_nod@V?$_Tmap_traits@V?$basic_string@DU?$char_traits@D@std@@V?$allocator@D@2@@std@@V?$map@V?$basic_string@DU?$char_traits@D@std@@V?$allocator@D@2@@std@@V12@UStlIniCompareStringNoCase@@V?$allocator@U?$pair@$$CBV?$basic_string@DU?$char_traits@D@std@@V?$allocator@D@2@@std@@V12@@std@@@2@@2@UStlIniCompareStringNoCase@@V?$allocator@U?$pair@$$CBV?$basic_string@DU?$char_traits@D@std@@V?$allocator@D@2@@std@@V?$map@V?$basic_string@DU?$char_traits@D@std@@V?$allocator@D@2@@std@@V12@UStlIniCompareStringNoCase@@V?$allocator@U?$pair@$$CBV?$basic_string@DU?$char_traits@D@std@@V?$allocator@D@2@@std@@V12@@std@@@2@@2@@std@@@2@$0A@@std@@@2@PAU342@@Z 100090d0 f i General.obj
 0001:000080d0       ?_Max@?$_Tree@V?$_Tmap_traits@V?$basic_string@DU?$char_traits@D@std@@V?$allocator@D@2@@std@@V?$map@V?$basic_string@DU?$char_traits@D@std@@V?$allocator@D@2@@std@@V12@U?$less@V?$basic_string@DU?$char_traits@D@std@@V?$allocator@D@2@@std@@@2@V?$allocator@U?$pair@$$CBV?$basic_string@DU?$char_traits@D@std@@V?$allocator@D@2@@std@@V12@@std@@@2@@2@U?$less@V?$basic_string@DU?$char_traits@D@std@@V?$allocator@D@2@@std@@@2@V?$allocator@U?$pair@$$CBV?$basic_string@DU?$char_traits@D@std@@V?$allocator@D@2@@std@@V?$map@V?$basic_string@DU?$char_traits@D@std@@V?$allocator@D@2@@std@@V12@U?$less@V?$basic_string@DU?$char_traits@D@std@@V?$allocator@D@2@@std@@@2@V?$allocator@U?$pair@$$CBV?$basic_string@DU?$char_traits@D@std@@V?$allocator@D@2@@std@@V12@@std@@@2@@2@@std@@@2@$0A@@std@@@std@@KAPAU_Node@?$_Tree_nod@V?$_Tmap_traits@V?$basic_string@DU?$char_traits@D@std@@V?$allocator@D@2@@std@@V?$map@V?$basic_string@DU?$char_traits@D@std@@V?$allocator@D@2@@std@@V12@U?$less@V?$basic_string@DU?$char_traits@D@std@@V?$allocator@D@2@@std@@@2@V?$allocator@U?$pair@$$CBV?$basic_string@DU?$char_traits@D@std@@V?$allocator@D@2@@std@@V12@@std@@@2@@2@U?$less@V?$basic_string@DU?$char_traits@D@std@@V?$allocator@D@2@@std@@@2@V?$allocator@U?$pair@$$CBV?$basic_string@DU?$char_traits@D@std@@V?$allocator@D@2@@std@@V?$map@V?$basic_string@DU?$char_traits@D@std@@V?$allocator@D@2@@std@@V12@U?$less@V?$basic_string@DU?$char_traits@D@std@@V?$allocator@D@2@@std@@@2@V?$allocator@U?$pair@$$CBV?$basic_string@DU?$char_traits@D@std@@V?$allocator@D@2@@std@@V12@@std@@@2@@2@@std@@@2@$0A@@std@@@2@PAU342@@Z 100090d0 f i General.obj
 0001:000080d0       ?_Max@?$_Tree@V?$_Tmap_traits@V?$basic_string@DU?$char_traits@D@std@@V?$allocator@D@2@@std@@V?$map@V?$basic_string@DU?$char_traits@D@std@@V?$allocator@D@2@@std@@PAXU?$less@V?$basic_string@DU?$char_traits@D@std@@V?$allocator@D@2@@std@@@2@V?$allocator@U?$pair@$$CBV?$basic_string@DU?$char_traits@D@std@@V?$allocator@D@2@@std@@PAX@std@@@2@@2@U?$less@V?$basic_string@DU?$char_traits@D@std@@V?$allocator@D@2@@std@@@2@V?$allocator@U?$pair@$$CBV?$basic_string@DU?$char_traits@D@std@@V?$allocator@D@2@@std@@V?$map@V?$basic_string@DU?$char_traits@D@std@@V?$allocator@D@2@@std@@PAXU?$less@V?$basic_string@DU?$char_traits@D@std@@V?$allocator@D@2@@std@@@2@V?$allocator@U?$pair@$$CBV?$basic_string@DU?$char_traits@D@std@@V?$allocator@D@2@@std@@PAX@std@@@2@@2@@std@@@2@$0A@@std@@@std@@KAPAU_Node@?$_Tree_nod@V?$_Tmap_traits@V?$basic_string@DU?$char_traits@D@std@@V?$allocator@D@2@@std@@V?$map@V?$basic_string@DU?$char_traits@D@std@@V?$allocator@D@2@@std@@PAXU?$less@V?$basic_string@DU?$char_traits@D@std@@V?$allocator@D@2@@std@@@2@V?$allocator@U?$pair@$$CBV?$basic_string@DU?$char_traits@D@std@@V?$allocator@D@2@@std@@PAX@std@@@2@@2@U?$less@V?$basic_string@DU?$char_traits@D@std@@V?$allocator@D@2@@std@@@2@V?$allocator@U?$pair@$$CBV?$basic_string@DU?$char_traits@D@std@@V?$allocator@D@2@@std@@V?$map@V?$basic_string@DU?$char_traits@D@std@@V?$allocator@D@2@@std@@PAXU?$less@V?$basic_string@DU?$char_traits@D@std@@V?$allocator@D@2@@std@@@2@V?$allocator@U?$pair@$$CBV?$basic_string@DU?$char_traits@D@std@@V?$allocator@D@2@@std@@PAX@std@@@2@@2@@std@@@2@$0A@@std@@@2@PAU342@@Z 100090d0 f i ObjCache.obj
 0001:000080f0       ??M?$treenode@V?$hashelement@Vword@svutil@@V12@@svutil@@@svutil@@QAE_NV01@@Z 100090f0 f i General.obj
 0001:00008170       ??O?$treenode@V?$hashelement@Vword@svutil@@V12@@svutil@@@svutil@@QAE_NV01@@Z 10009170 f i General.obj
 0001:000081f0       ??0?$treenode@V?$hashelement@Vword@svutil@@V12@@svutil@@@svutil@@QAE@ABV01@@Z 100091f0 f i General.obj
 0001:00008290       ??0?$pair@$$CBV?$basic_string@DU?$char_traits@D@std@@V?$allocator@D@2@@std@@V12@@std@@QAE@ABU01@@Z 10009290 f i General.obj
 0001:000082f0       ??1?$pair@$$CBV?$basic_string@DU?$char_traits@D@std@@V?$allocator@D@2@@std@@V12@@std@@QAE@XZ 100092f0 f i General.obj
 0001:000082f0       ??1sv_pair@@QAE@XZ         100092f0 f i General.obj
 0001:00008340       ?_Inc@const_iterator@?$_Tree@V?$_Tmap_traits@V?$basic_string@DU?$char_traits@D@std@@V?$allocator@D@2@@std@@V?$map@V?$basic_string@DU?$char_traits@D@std@@V?$allocator@D@2@@std@@PAXU?$less@V?$basic_string@DU?$char_traits@D@std@@V?$allocator@D@2@@std@@@2@V?$allocator@U?$pair@$$CBV?$basic_string@DU?$char_traits@D@std@@V?$allocator@D@2@@std@@PAX@std@@@2@@2@U?$less@V?$basic_string@DU?$char_traits@D@std@@V?$allocator@D@2@@std@@@2@V?$allocator@U?$pair@$$CBV?$basic_string@DU?$char_traits@D@std@@V?$allocator@D@2@@std@@V?$map@V?$basic_string@DU?$char_traits@D@std@@V?$allocator@D@2@@std@@PAXU?$less@V?$basic_string@DU?$char_traits@D@std@@V?$allocator@D@2@@std@@@2@V?$allocator@U?$pair@$$CBV?$basic_string@DU?$char_traits@D@std@@V?$allocator@D@2@@std@@PAX@std@@@2@@2@@std@@@2@$0A@@std@@@std@@QAEXXZ 10009340 f i ObjCache.obj
 0001:00008340       ?_Inc@const_iterator@?$_Tree@V?$_Tmap_traits@V?$basic_string@DU?$char_traits@D@std@@V?$allocator@D@2@@std@@V?$map@V?$basic_string@DU?$char_traits@D@std@@V?$allocator@D@2@@std@@V12@U?$less@V?$basic_string@DU?$char_traits@D@std@@V?$allocator@D@2@@std@@@2@V?$allocator@U?$pair@$$CBV?$basic_string@DU?$char_traits@D@std@@V?$allocator@D@2@@std@@V12@@std@@@2@@2@U?$less@V?$basic_string@DU?$char_traits@D@std@@V?$allocator@D@2@@std@@@2@V?$allocator@U?$pair@$$CBV?$basic_string@DU?$char_traits@D@std@@V?$allocator@D@2@@std@@V?$map@V?$basic_string@DU?$char_traits@D@std@@V?$allocator@D@2@@std@@V12@U?$less@V?$basic_string@DU?$char_traits@D@std@@V?$allocator@D@2@@std@@@2@V?$allocator@U?$pair@$$CBV?$basic_string@DU?$char_traits@D@std@@V?$allocator@D@2@@std@@V12@@std@@@2@@2@@std@@@2@$0A@@std@@@std@@QAEXXZ 10009340 f i ObjCache.obj
 0001:00008340       ?_Inc@const_iterator@?$_Tree@V?$_Tmap_traits@V?$basic_string@DU?$char_traits@D@std@@V?$allocator@D@2@@std@@V?$map@V?$basic_string@DU?$char_traits@D@std@@V?$allocator@D@2@@std@@V12@UStlIniCompareStringNoCase@@V?$allocator@U?$pair@$$CBV?$basic_string@DU?$char_traits@D@std@@V?$allocator@D@2@@std@@V12@@std@@@2@@2@UStlIniCompareStringNoCase@@V?$allocator@U?$pair@$$CBV?$basic_string@DU?$char_traits@D@std@@V?$allocator@D@2@@std@@V?$map@V?$basic_string@DU?$char_traits@D@std@@V?$allocator@D@2@@std@@V12@UStlIniCompareStringNoCase@@V?$allocator@U?$pair@$$CBV?$basic_string@DU?$char_traits@D@std@@V?$allocator@D@2@@std@@V12@@std@@@2@@2@@std@@@2@$0A@@std@@@std@@QAEXXZ 10009340 f i General.obj
 0001:000083a0       ??0?$treenode@V?$hashelement@Vword@svutil@@V12@@svutil@@@svutil@@QAE@ABV?$hashelement@Vword@svutil@@V12@@1@@Z 100093a0 f i General.obj
 0001:00008440       ?_Max@?$_Tree@V?$_Tmap_traits@V?$basic_string@DU?$char_traits@D@std@@V?$allocator@D@2@@std@@V12@U?$less@V?$basic_string@DU?$char_traits@D@std@@V?$allocator@D@2@@std@@@2@V?$allocator@U?$pair@$$CBV?$basic_string@DU?$char_traits@D@std@@V?$allocator@D@2@@std@@V12@@std@@@2@$0A@@std@@@std@@KAPAU_Node@?$_Tree_nod@V?$_Tmap_traits@V?$basic_string@DU?$char_traits@D@std@@V?$allocator@D@2@@std@@V12@U?$less@V?$basic_string@DU?$char_traits@D@std@@V?$allocator@D@2@@std@@@2@V?$allocator@U?$pair@$$CBV?$basic_string@DU?$char_traits@D@std@@V?$allocator@D@2@@std@@V12@@std@@@2@$0A@@std@@@2@PAU342@@Z 10009440 f i General.obj
 0001:00008440       ?_Max@?$_Tree@V?$_Tmap_traits@V?$basic_string@DU?$char_traits@D@std@@V?$allocator@D@2@@std@@V12@UStlIniCompareStringNoCase@@V?$allocator@U?$pair@$$CBV?$basic_string@DU?$char_traits@D@std@@V?$allocator@D@2@@std@@V12@@std@@@2@$0A@@std@@@std@@KAPAU_Node@?$_Tree_nod@V?$_Tmap_traits@V?$basic_string@DU?$char_traits@D@std@@V?$allocator@D@2@@std@@V12@UStlIniCompareStringNoCase@@V?$allocator@U?$pair@$$CBV?$basic_string@DU?$char_traits@D@std@@V?$allocator@D@2@@std@@V12@@std@@@2@$0A@@std@@@2@PAU342@@Z 10009440 f i General.obj
 0001:00008460       ?_Min@?$_Tree@V?$_Tmap_traits@V?$basic_string@DU?$char_traits@D@std@@V?$allocator@D@2@@std@@V12@UStlIniCompareStringNoCase@@V?$allocator@U?$pair@$$CBV?$basic_string@DU?$char_traits@D@std@@V?$allocator@D@2@@std@@V12@@std@@@2@$0A@@std@@@std@@KAPAU_Node@?$_Tree_nod@V?$_Tmap_traits@V?$basic_string@DU?$char_traits@D@std@@V?$allocator@D@2@@std@@V12@UStlIniCompareStringNoCase@@V?$allocator@U?$pair@$$CBV?$basic_string@DU?$char_traits@D@std@@V?$allocator@D@2@@std@@V12@@std@@@2@$0A@@std@@@2@PAU342@@Z 10009460 f i General.obj
 0001:00008460       ?_Min@?$_Tree@V?$_Tmap_traits@V?$basic_string@DU?$char_traits@D@std@@V?$allocator@D@2@@std@@V12@U?$less@V?$basic_string@DU?$char_traits@D@std@@V?$allocator@D@2@@std@@@2@V?$allocator@U?$pair@$$CBV?$basic_string@DU?$char_traits@D@std@@V?$allocator@D@2@@std@@V12@@std@@@2@$0A@@std@@@std@@KAPAU_Node@?$_Tree_nod@V?$_Tmap_traits@V?$basic_string@DU?$char_traits@D@std@@V?$allocator@D@2@@std@@V12@U?$less@V?$basic_string@DU?$char_traits@D@std@@V?$allocator@D@2@@std@@@2@V?$allocator@U?$pair@$$CBV?$basic_string@DU?$char_traits@D@std@@V?$allocator@D@2@@std@@V12@@std@@@2@$0A@@std@@@2@PAU342@@Z 10009460 f i General.obj
 0001:00008480       ?_Rrotate@?$_Tree@V?$_Tmap_traits@V?$basic_string@DU?$char_traits@D@std@@V?$allocator@D@2@@std@@V12@U?$less@V?$basic_string@DU?$char_traits@D@std@@V?$allocator@D@2@@std@@@2@V?$allocator@U?$pair@$$CBV?$basic_string@DU?$char_traits@D@std@@V?$allocator@D@2@@std@@V12@@std@@@2@$0A@@std@@@std@@IAEXPAU_Node@?$_Tree_nod@V?$_Tmap_traits@V?$basic_string@DU?$char_traits@D@std@@V?$allocator@D@2@@std@@V12@U?$less@V?$basic_string@DU?$char_traits@D@std@@V?$allocator@D@2@@std@@@2@V?$allocator@U?$pair@$$CBV?$basic_string@DU?$char_traits@D@std@@V?$allocator@D@2@@std@@V12@@std@@@2@$0A@@std@@@2@@Z 10009480 f i General.obj
 0001:00008480       ?_Rrotate@?$_Tree@V?$_Tmap_traits@V?$basic_string@DU?$char_traits@D@std@@V?$allocator@D@2@@std@@V12@UStlIniCompareStringNoCase@@V?$allocator@U?$pair@$$CBV?$basic_string@DU?$char_traits@D@std@@V?$allocator@D@2@@std@@V12@@std@@@2@$0A@@std@@@std@@IAEXPAU_Node@?$_Tree_nod@V?$_Tmap_traits@V?$basic_string@DU?$char_traits@D@std@@V?$allocator@D@2@@std@@V12@UStlIniCompareStringNoCase@@V?$allocator@U?$pair@$$CBV?$basic_string@DU?$char_traits@D@std@@V?$allocator@D@2@@std@@V12@@std@@@2@$0A@@std@@@2@@Z 10009480 f i General.obj
 0001:000084e0       ?_Inc@const_iterator@?$_Tree@V?$_Tmap_traits@V?$basic_string@DU?$char_traits@D@std@@V?$allocator@D@2@@std@@V12@U?$less@V?$basic_string@DU?$char_traits@D@std@@V?$allocator@D@2@@std@@@2@V?$allocator@U?$pair@$$CBV?$basic_string@DU?$char_traits@D@std@@V?$allocator@D@2@@std@@V12@@std@@@2@$0A@@std@@@std@@QAEXXZ 100094e0 f i General.obj
 0001:000084e0       ?_Inc@const_iterator@?$_Tree@V?$_Tmap_traits@V?$basic_string@DU?$char_traits@D@std@@V?$allocator@D@2@@std@@V12@UStlIniCompareStringNoCase@@V?$allocator@U?$pair@$$CBV?$basic_string@DU?$char_traits@D@std@@V?$allocator@D@2@@std@@V12@@std@@@2@$0A@@std@@@std@@QAEXXZ 100094e0 f i General.obj
 0001:00008540       ??1_Node@?$_Tree_nod@V?$_Tmap_traits@V?$basic_string@DU?$char_traits@D@std@@V?$allocator@D@2@@std@@V12@UStlIniCompareStringNoCase@@V?$allocator@U?$pair@$$CBV?$basic_string@DU?$char_traits@D@std@@V?$allocator@D@2@@std@@V12@@std@@@2@$0A@@std@@@std@@QAE@XZ 10009540 f i General.obj
 0001:00008540       ??1_Node@?$_Tree_nod@V?$_Tmap_traits@V?$basic_string@DU?$char_traits@D@std@@V?$allocator@D@2@@std@@V12@U?$less@V?$basic_string@DU?$char_traits@D@std@@V?$allocator@D@2@@std@@@2@V?$allocator@U?$pair@$$CBV?$basic_string@DU?$char_traits@D@std@@V?$allocator@D@2@@std@@V12@@std@@@2@$0A@@std@@@std@@QAE@XZ 10009540 f i General.obj
 0001:00008550       ?GetListItemSize@@YAIABUsv_list@@@Z 10009550 f   General.obj
 0001:00008560       ?CloseMapNodeObject@@YAXAAPAX@Z 10009560 f   General.obj
 0001:000085d0       ?_Lrotate@?$_Tree@V?$_Tmap_traits@V?$basic_string@DU?$char_traits@D@std@@V?$allocator@D@2@@std@@V?$map@V?$basic_string@DU?$char_traits@D@std@@V?$allocator@D@2@@std@@PAXU?$less@V?$basic_string@DU?$char_traits@D@std@@V?$allocator@D@2@@std@@@2@V?$allocator@U?$pair@$$CBV?$basic_string@DU?$char_traits@D@std@@V?$allocator@D@2@@std@@PAX@std@@@2@@2@U?$less@V?$basic_string@DU?$char_traits@D@std@@V?$allocator@D@2@@std@@@2@V?$allocator@U?$pair@$$CBV?$basic_string@DU?$char_traits@D@std@@V?$allocator@D@2@@std@@V?$map@V?$basic_string@DU?$char_traits@D@std@@V?$allocator@D@2@@std@@PAXU?$less@V?$basic_string@DU?$char_traits@D@std@@V?$allocator@D@2@@std@@@2@V?$allocator@U?$pair@$$CBV?$basic_string@DU?$char_traits@D@std@@V?$allocator@D@2@@std@@PAX@std@@@2@@2@@std@@@2@$0A@@std@@@std@@IAEXPAU_Node@?$_Tree_nod@V?$_Tmap_traits@V?$basic_string@DU?$char_traits@D@std@@V?$allocator@D@2@@std@@V?$map@V?$basic_string@DU?$char_traits@D@std@@V?$allocator@D@2@@std@@PAXU?$less@V?$basic_string@DU?$char_traits@D@std@@V?$allocator@D@2@@std@@@2@V?$allocator@U?$pair@$$CBV?$basic_string@DU?$char_traits@D@std@@V?$allocator@D@2@@std@@PAX@std@@@2@@2@U?$less@V?$basic_string@DU?$char_traits@D@std@@V?$allocator@D@2@@std@@@2@V?$allocator@U?$pair@$$CBV?$basic_string@DU?$char_traits@D@std@@V?$allocator@D@2@@std@@V?$map@V?$basic_string@DU?$char_traits@D@std@@V?$allocator@D@2@@std@@PAXU?$less@V?$basic_string@DU?$char_traits@D@std@@V?$allocator@D@2@@std@@@2@V?$allocator@U?$pair@$$CBV?$basic_string@DU?$char_traits@D@std@@V?$allocator@D@2@@std@@PAX@std@@@2@@2@@std@@@2@$0A@@std@@@2@@Z 100095d0 f i ObjCache.obj
 0001:000085d0       ?_Lrotate@?$_Tree@V?$_Tmap_traits@V?$basic_string@DU?$char_traits@D@std@@V?$allocator@D@2@@std@@V?$map@V?$basic_string@DU?$char_traits@D@std@@V?$allocator@D@2@@std@@V12@UStlIniCompareStringNoCase@@V?$allocator@U?$pair@$$CBV?$basic_string@DU?$char_traits@D@std@@V?$allocator@D@2@@std@@V12@@std@@@2@@2@UStlIniCompareStringNoCase@@V?$allocator@U?$pair@$$CBV?$basic_string@DU?$char_traits@D@std@@V?$allocator@D@2@@std@@V?$map@V?$basic_string@DU?$char_traits@D@std@@V?$allocator@D@2@@std@@V12@UStlIniCompareStringNoCase@@V?$allocator@U?$pair@$$CBV?$basic_string@DU?$char_traits@D@std@@V?$allocator@D@2@@std@@V12@@std@@@2@@2@@std@@@2@$0A@@std@@@std@@IAEXPAU_Node@?$_Tree_nod@V?$_Tmap_traits@V?$basic_string@DU?$char_traits@D@std@@V?$allocator@D@2@@std@@V?$map@V?$basic_string@DU?$char_traits@D@std@@V?$allocator@D@2@@std@@V12@UStlIniCompareStringNoCase@@V?$allocator@U?$pair@$$CBV?$basic_string@DU?$char_traits@D@std@@V?$allocator@D@2@@std@@V12@@std@@@2@@2@UStlIniCompareStringNoCase@@V?$allocator@U?$pair@$$CBV?$basic_string@DU?$char_traits@D@std@@V?$allocator@D@2@@std@@V?$map@V?$basic_string@DU?$char_traits@D@std@@V?$allocator@D@2@@std@@V12@UStlIniCompareStringNoCase@@V?$allocator@U?$pair@$$CBV?$basic_string@DU?$char_traits@D@std@@V?$allocator@D@2@@std@@V12@@std@@@2@@2@@std@@@2@$0A@@std@@@2@@Z 100095d0 f i General.obj
 0001:000085d0       ?_Lrotate@?$_Tree@V?$_Tmap_traits@V?$basic_string@DU?$char_traits@D@std@@V?$allocator@D@2@@std@@V?$map@V?$basic_string@DU?$char_traits@D@std@@V?$allocator@D@2@@std@@V12@U?$less@V?$basic_string@DU?$char_traits@D@std@@V?$allocator@D@2@@std@@@2@V?$allocator@U?$pair@$$CBV?$basic_string@DU?$char_traits@D@std@@V?$allocator@D@2@@std@@V12@@std@@@2@@2@U?$less@V?$basic_string@DU?$char_traits@D@std@@V?$allocator@D@2@@std@@@2@V?$allocator@U?$pair@$$CBV?$basic_string@DU?$char_traits@D@std@@V?$allocator@D@2@@std@@V?$map@V?$basic_string@DU?$char_traits@D@std@@V?$allocator@D@2@@std@@V12@U?$less@V?$basic_string@DU?$char_traits@D@std@@V?$allocator@D@2@@std@@@2@V?$allocator@U?$pair@$$CBV?$basic_string@DU?$char_traits@D@std@@V?$allocator@D@2@@std@@V12@@std@@@2@@2@@std@@@2@$0A@@std@@@std@@IAEXPAU_Node@?$_Tree_nod@V?$_Tmap_traits@V?$basic_string@DU?$char_traits@D@std@@V?$allocator@D@2@@std@@V?$map@V?$basic_string@DU?$char_traits@D@std@@V?$allocator@D@2@@std@@V12@U?$less@V?$basic_string@DU?$char_traits@D@std@@V?$allocator@D@2@@std@@@2@V?$allocator@U?$pair@$$CBV?$basic_string@DU?$char_traits@D@std@@V?$allocator@D@2@@std@@V12@@std@@@2@@2@U?$less@V?$basic_string@DU?$char_traits@D@std@@V?$allocator@D@2@@std@@@2@V?$allocator@U?$pair@$$CBV?$basic_string@DU?$char_traits@D@std@@V?$allocator@D@2@@std@@V?$map@V?$basic_string@DU?$char_traits@D@std@@V?$allocator@D@2@@std@@V12@U?$less@V?$basic_string@DU?$char_traits@D@std@@V?$allocator@D@2@@std@@@2@V?$allocator@U?$pair@$$CBV?$basic_string@DU?$char_traits@D@std@@V?$allocator@D@2@@std@@V12@@std@@@2@@2@@std@@@2@$0A@@std@@@2@@Z 100095d0 f i General.obj
 0001:00008630       ?_Rrotate@?$_Tree@V?$_Tmap_traits@V?$basic_string@DU?$char_traits@D@std@@V?$allocator@D@2@@std@@V?$map@V?$basic_string@DU?$char_traits@D@std@@V?$allocator@D@2@@std@@PAXU?$less@V?$basic_string@DU?$char_traits@D@std@@V?$allocator@D@2@@std@@@2@V?$allocator@U?$pair@$$CBV?$basic_string@DU?$char_traits@D@std@@V?$allocator@D@2@@std@@PAX@std@@@2@@2@U?$less@V?$basic_string@DU?$char_traits@D@std@@V?$allocator@D@2@@std@@@2@V?$allocator@U?$pair@$$CBV?$basic_string@DU?$char_traits@D@std@@V?$allocator@D@2@@std@@V?$map@V?$basic_string@DU?$char_traits@D@std@@V?$allocator@D@2@@std@@PAXU?$less@V?$basic_string@DU?$char_traits@D@std@@V?$allocator@D@2@@std@@@2@V?$allocator@U?$pair@$$CBV?$basic_string@DU?$char_traits@D@std@@V?$allocator@D@2@@std@@PAX@std@@@2@@2@@std@@@2@$0A@@std@@@std@@IAEXPAU_Node@?$_Tree_nod@V?$_Tmap_traits@V?$basic_string@DU?$char_traits@D@std@@V?$allocator@D@2@@std@@V?$map@V?$basic_string@DU?$char_traits@D@std@@V?$allocator@D@2@@std@@PAXU?$less@V?$basic_string@DU?$char_traits@D@std@@V?$allocator@D@2@@std@@@2@V?$allocator@U?$pair@$$CBV?$basic_string@DU?$char_traits@D@std@@V?$allocator@D@2@@std@@PAX@std@@@2@@2@U?$less@V?$basic_string@DU?$char_traits@D@std@@V?$allocator@D@2@@std@@@2@V?$allocator@U?$pair@$$CBV?$basic_string@DU?$char_traits@D@std@@V?$allocator@D@2@@std@@V?$map@V?$basic_string@DU?$char_traits@D@std@@V?$allocator@D@2@@std@@PAXU?$less@V?$basic_string@DU?$char_traits@D@std@@V?$allocator@D@2@@std@@@2@V?$allocator@U?$pair@$$CBV?$basic_string@DU?$char_traits@D@std@@V?$allocator@D@2@@std@@PAX@std@@@2@@2@@std@@@2@$0A@@std@@@2@@Z 10009630 f i ObjCache.obj
 0001:00008630       ?_Rrotate@?$_Tree@V?$_Tmap_traits@V?$basic_string@DU?$char_traits@D@std@@V?$allocator@D@2@@std@@V?$map@V?$basic_string@DU?$char_traits@D@std@@V?$allocator@D@2@@std@@V12@UStlIniCompareStringNoCase@@V?$allocator@U?$pair@$$CBV?$basic_string@DU?$char_traits@D@std@@V?$allocator@D@2@@std@@V12@@std@@@2@@2@UStlIniCompareStringNoCase@@V?$allocator@U?$pair@$$CBV?$basic_string@DU?$char_traits@D@std@@V?$allocator@D@2@@std@@V?$map@V?$basic_string@DU?$char_traits@D@std@@V?$allocator@D@2@@std@@V12@UStlIniCompareStringNoCase@@V?$allocator@U?$pair@$$CBV?$basic_string@DU?$char_traits@D@std@@V?$allocator@D@2@@std@@V12@@std@@@2@@2@@std@@@2@$0A@@std@@@std@@IAEXPAU_Node@?$_Tree_nod@V?$_Tmap_traits@V?$basic_string@DU?$char_traits@D@std@@V?$allocator@D@2@@std@@V?$map@V?$basic_string@DU?$char_traits@D@std@@V?$allocator@D@2@@std@@V12@UStlIniCompareStringNoCase@@V?$allocator@U?$pair@$$CBV?$basic_string@DU?$char_traits@D@std@@V?$allocator@D@2@@std@@V12@@std@@@2@@2@UStlIniCompareStringNoCase@@V?$allocator@U?$pair@$$CBV?$basic_string@DU?$char_traits@D@std@@V?$allocator@D@2@@std@@V?$map@V?$basic_string@DU?$char_traits@D@std@@V?$allocator@D@2@@std@@V12@UStlIniCompareStringNoCase@@V?$allocator@U?$pair@$$CBV?$basic_string@DU?$char_traits@D@std@@V?$allocator@D@2@@std@@V12@@std@@@2@@2@@std@@@2@$0A@@std@@@2@@Z 10009630 f i General.obj
 0001:00008630       ?_Rrotate@?$_Tree@V?$_Tmap_traits@V?$basic_string@DU?$char_traits@D@std@@V?$allocator@D@2@@std@@V?$map@V?$basic_string@DU?$char_traits@D@std@@V?$allocator@D@2@@std@@V12@U?$less@V?$basic_string@DU?$char_traits@D@std@@V?$allocator@D@2@@std@@@2@V?$allocator@U?$pair@$$CBV?$basic_string@DU?$char_traits@D@std@@V?$allocator@D@2@@std@@V12@@std@@@2@@2@U?$less@V?$basic_string@DU?$char_traits@D@std@@V?$allocator@D@2@@std@@@2@V?$allocator@U?$pair@$$CBV?$basic_string@DU?$char_traits@D@std@@V?$allocator@D@2@@std@@V?$map@V?$basic_string@DU?$char_traits@D@std@@V?$allocator@D@2@@std@@V12@U?$less@V?$basic_string@DU?$char_traits@D@std@@V?$allocator@D@2@@std@@@2@V?$allocator@U?$pair@$$CBV?$basic_string@DU?$char_traits@D@std@@V?$allocator@D@2@@std@@V12@@std@@@2@@2@@std@@@2@$0A@@std@@@std@@IAEXPAU_Node@?$_Tree_nod@V?$_Tmap_traits@V?$basic_string@DU?$char_traits@D@std@@V?$allocator@D@2@@std@@V?$map@V?$basic_string@DU?$char_traits@D@std@@V?$allocator@D@2@@std@@V12@U?$less@V?$basic_string@DU?$char_traits@D@std@@V?$allocator@D@2@@std@@@2@V?$allocator@U?$pair@$$CBV?$basic_string@DU?$char_traits@D@std@@V?$allocator@D@2@@std@@V12@@std@@@2@@2@U?$less@V?$basic_string@DU?$char_traits@D@std@@V?$allocator@D@2@@std@@@2@V?$allocator@U?$pair@$$CBV?$basic_string@DU?$char_traits@D@std@@V?$allocator@D@2@@std@@V?$map@V?$basic_string@DU?$char_traits@D@std@@V?$allocator@D@2@@std@@V12@U?$less@V?$basic_string@DU?$char_traits@D@std@@V?$allocator@D@2@@std@@@2@V?$allocator@U?$pair@$$CBV?$basic_string@DU?$char_traits@D@std@@V?$allocator@D@2@@std@@V12@@std@@@2@@2@@std@@@2@$0A@@std@@@2@@Z 10009630 f i General.obj
 0001:00008690       ?DeleteTree@?$sorttree@V?$hashelement@Vword@svutil@@V12@@svutil@@@svutil@@QAEXPAV?$treenode@V?$hashelement@Vword@svutil@@V12@@svutil@@@2@@Z 10009690 f i General.obj
 0001:000086e0       ?RomoveNode@?$sorttree@V?$hashelement@Vword@svutil@@V12@@svutil@@@svutil@@QAEXABV?$hashelement@Vword@svutil@@V12@@2@@Z 100096e0 f i General.obj
 0001:00008880       ?_Dec@const_iterator@?$_Tree@V?$_Tmap_traits@V?$basic_string@DU?$char_traits@D@std@@V?$allocator@D@2@@std@@V?$map@V?$basic_string@DU?$char_traits@D@std@@V?$allocator@D@2@@std@@V12@U?$less@V?$basic_string@DU?$char_traits@D@std@@V?$allocator@D@2@@std@@@2@V?$allocator@U?$pair@$$CBV?$basic_string@DU?$char_traits@D@std@@V?$allocator@D@2@@std@@V12@@std@@@2@@2@U?$less@V?$basic_string@DU?$char_traits@D@std@@V?$allocator@D@2@@std@@@2@V?$allocator@U?$pair@$$CBV?$basic_string@DU?$char_traits@D@std@@V?$allocator@D@2@@std@@V?$map@V?$basic_string@DU?$char_traits@D@std@@V?$allocator@D@2@@std@@V12@U?$less@V?$basic_string@DU?$char_traits@D@std@@V?$allocator@D@2@@std@@@2@V?$allocator@U?$pair@$$CBV?$basic_string@DU?$char_traits@D@std@@V?$allocator@D@2@@std@@V12@@std@@@2@@2@@std@@@2@$0A@@std@@@std@@QAEXXZ 10009880 f i General.obj
 0001:00008880       ?_Dec@const_iterator@?$_Tree@V?$_Tmap_traits@V?$basic_string@DU?$char_traits@D@std@@V?$allocator@D@2@@std@@V?$map@V?$basic_string@DU?$char_traits@D@std@@V?$allocator@D@2@@std@@V12@UStlIniCompareStringNoCase@@V?$allocator@U?$pair@$$CBV?$basic_string@DU?$char_traits@D@std@@V?$allocator@D@2@@std@@V12@@std@@@2@@2@UStlIniCompareStringNoCase@@V?$allocator@U?$pair@$$CBV?$basic_string@DU?$char_traits@D@std@@V?$allocator@D@2@@std@@V?$map@V?$basic_string@DU?$char_traits@D@std@@V?$allocator@D@2@@std@@V12@UStlIniCompareStringNoCase@@V?$allocator@U?$pair@$$CBV?$basic_string@DU?$char_traits@D@std@@V?$allocator@D@2@@std@@V12@@std@@@2@@2@@std@@@2@$0A@@std@@@std@@QAEXXZ 10009880 f i stlini.obj
 0001:00008880       ?_Dec@const_iterator@?$_Tree@V?$_Tmap_traits@V?$basic_string@DU?$char_traits@D@std@@V?$allocator@D@2@@std@@V?$map@V?$basic_string@DU?$char_traits@D@std@@V?$allocator@D@2@@std@@PAXU?$less@V?$basic_string@DU?$char_traits@D@std@@V?$allocator@D@2@@std@@@2@V?$allocator@U?$pair@$$CBV?$basic_string@DU?$char_traits@D@std@@V?$allocator@D@2@@std@@PAX@std@@@2@@2@U?$less@V?$basic_string@DU?$char_traits@D@std@@V?$allocator@D@2@@std@@@2@V?$allocator@U?$pair@$$CBV?$basic_string@DU?$char_traits@D@std@@V?$allocator@D@2@@std@@V?$map@V?$basic_string@DU?$char_traits@D@std@@V?$allocator@D@2@@std@@PAXU?$less@V?$basic_string@DU?$char_traits@D@std@@V?$allocator@D@2@@std@@@2@V?$allocator@U?$pair@$$CBV?$basic_string@DU?$char_traits@D@std@@V?$allocator@D@2@@std@@PAX@std@@@2@@2@@std@@@2@$0A@@std@@@std@@QAEXXZ 10009880 f i ObjCache.obj
 0001:000088e0       ?InsertNode@?$sorttree@V?$hashelement@Vword@svutil@@V12@@svutil@@@svutil@@QAEXPAV?$treenode@V?$hashelement@Vword@svutil@@V12@@svutil@@@2@0@Z 100098e0 f i General.obj
 0001:00008970       ??$CreateNode@V?$hashelement@Vword@svutil@@V12@@svutil@@@?$sorttree@V?$hashelement@Vword@svutil@@V12@@svutil@@@svutil@@SAPAV?$treenode@V?$hashelement@Vword@svutil@@V12@@svutil@@@1@ABV?$hashelement@Vword@svutil@@V12@@1@@Z 10009970 f i General.obj
 0001:000089d0       ?WriteIniSectionManyString@@YA_NABV?$map@V?$basic_string@DU?$char_traits@D@std@@V?$allocator@D@2@@std@@V12@U?$less@V?$basic_string@DU?$char_traits@D@std@@V?$allocator@D@2@@std@@@2@V?$allocator@U?$pair@$$CBV?$basic_string@DU?$char_traits@D@std@@V?$allocator@D@2@@std@@V12@@std@@@2@@std@@V?$basic_string@DU?$char_traits@D@std@@V?$allocator@D@2@@2@111@Z 100099d0 f   General.obj
 0001:00008d80       ?_Buynode@?$list@VSingelRecord@@V?$allocator@VSingelRecord@@@std@@@std@@IAEPAU_Node@?$_List_nod@VSingelRecord@@V?$allocator@VSingelRecord@@@std@@@2@XZ 10009d80 f i General.obj
 0001:00008da0       ??_E?$sorttree@V?$hashelement@Vword@svutil@@V12@@svutil@@@svutil@@UAEPAXI@Z 10009da0 f i General.obj
 0001:00008da0       ??_G?$sorttree@V?$hashelement@Vword@svutil@@V12@@svutil@@@svutil@@UAEPAXI@Z 10009da0 f i General.obj
 0001:00008e00       ?_Buynode@?$_Tree@V?$_Tmap_traits@V?$basic_string@DU?$char_traits@D@std@@V?$allocator@D@2@@std@@V12@U?$less@V?$basic_string@DU?$char_traits@D@std@@V?$allocator@D@2@@std@@@2@V?$allocator@U?$pair@$$CBV?$basic_string@DU?$char_traits@D@std@@V?$allocator@D@2@@std@@V12@@std@@@2@$0A@@std@@@std@@IAEPAU_Node@?$_Tree_nod@V?$_Tmap_traits@V?$basic_string@DU?$char_traits@D@std@@V?$allocator@D@2@@std@@V12@U?$less@V?$basic_string@DU?$char_traits@D@std@@V?$allocator@D@2@@std@@@2@V?$allocator@U?$pair@$$CBV?$basic_string@DU?$char_traits@D@std@@V?$allocator@D@2@@std@@V12@@std@@@2@$0A@@std@@@2@XZ 10009e00 f i General.obj
 0001:00008e00       ?_Buynode@?$_Tree@V?$_Tmap_traits@V?$basic_string@DU?$char_traits@D@std@@V?$allocator@D@2@@std@@V12@UStlIniCompareStringNoCase@@V?$allocator@U?$pair@$$CBV?$basic_string@DU?$char_traits@D@std@@V?$allocator@D@2@@std@@V12@@std@@@2@$0A@@std@@@std@@IAEPAU_Node@?$_Tree_nod@V?$_Tmap_traits@V?$basic_string@DU?$char_traits@D@std@@V?$allocator@D@2@@std@@V12@UStlIniCompareStringNoCase@@V?$allocator@U?$pair@$$CBV?$basic_string@DU?$char_traits@D@std@@V?$allocator@D@2@@std@@V12@@std@@@2@$0A@@std@@@2@XZ 10009e00 f i stlini.obj
 0001:00008e40       ?_Buynode@?$list@Usv_pair@@V?$allocator@Usv_pair@@@std@@@std@@IAEPAU_Node@?$_List_nod@Usv_pair@@V?$allocator@Usv_pair@@@std@@@2@PAU342@0ABUsv_pair@@@Z 10009e40 f i General.obj
 0001:00008ed0       ?_Incsize@?$list@Usv_pair@@V?$allocator@Usv_pair@@@std@@@std@@IAEXI@Z 10009ed0 f i General.obj
 0001:00008f70       ?InsertNodeEx@?$sorttree@V?$hashelement@Vword@svutil@@V12@@svutil@@@svutil@@QAEAAV?$hashelement@Vword@svutil@@V12@@2@ABV32@@Z 10009f70 f i General.obj
 0001:00009000       ??1exception@svutil@@UAE@XZ 1000a000 f i General.obj
 0001:00009010       ??0exception@svutil@@QAE@ABV01@@Z 1000a010 f i General.obj
 0001:00009060       ?_Buynode@?$_Tree@V?$_Tmap_traits@V?$basic_string@DU?$char_traits@D@std@@V?$allocator@D@2@@std@@V12@U?$less@V?$basic_string@DU?$char_traits@D@std@@V?$allocator@D@2@@std@@@2@V?$allocator@U?$pair@$$CBV?$basic_string@DU?$char_traits@D@std@@V?$allocator@D@2@@std@@V12@@std@@@2@$0A@@std@@@std@@IAEPAU_Node@?$_Tree_nod@V?$_Tmap_traits@V?$basic_string@DU?$char_traits@D@std@@V?$allocator@D@2@@std@@V12@U?$less@V?$basic_string@DU?$char_traits@D@std@@V?$allocator@D@2@@std@@@2@V?$allocator@U?$pair@$$CBV?$basic_string@DU?$char_traits@D@std@@V?$allocator@D@2@@std@@V12@@std@@@2@$0A@@std@@@2@PAU342@00ABU?$pair@$$CBV?$basic_string@DU?$char_traits@D@std@@V?$allocator@D@2@@std@@V12@@2@D@Z 1000a060 f i General.obj
 0001:00009100       ??$_Ucopy@PAPAVDataType@@@?$vector@PAVDataType@@V?$allocator@PAVDataType@@@std@@@std@@IAEPAPAVDataType@@PAPAV2@00@Z 1000a100 f i RecordType.obj
 0001:00009100       ??$_Ucopy@PAPAV?$hashnode@Vword@svutil@@V12@@svutil@@@?$vector@PAV?$hashnode@Vword@svutil@@V12@@svutil@@V?$allocator@PAV?$hashnode@Vword@svutil@@V12@@svutil@@@std@@@std@@IAEPAPAV?$hashnode@Vword@svutil@@V12@@svutil@@PAPAV23@00@Z 1000a100 f i General.obj
 0001:00009100       ??$_Ucopy@PAPAV?$hashnode@Vword@svutil@@PAVRecordValue@@@svutil@@@?$vector@PAV?$hashnode@Vword@svutil@@PAVRecordValue@@@svutil@@V?$allocator@PAV?$hashnode@Vword@svutil@@PAVRecordValue@@@svutil@@@std@@@std@@IAEPAPAV?$hashnode@Vword@svutil@@PAVRecordValue@@@svutil@@PAPAV23@00@Z 1000a100 f i RecordSet.obj
 0001:00009100       ??$_Ucopy@PAPAV?$hashnode@Vword@svutil@@PAVCommonData@@@svutil@@@?$vector@PAV?$hashnode@Vword@svutil@@PAVCommonData@@@svutil@@V?$allocator@PAV?$hashnode@Vword@svutil@@PAVCommonData@@@svutil@@@std@@@std@@IAEPAPAV?$hashnode@Vword@svutil@@PAVCommonData@@@svutil@@PAPAV23@00@Z 1000a100 f i Section.obj
 0001:00009100       ??$_Ucopy@PAPAV?$hashnode@Vword@svutil@@PAVPort@@@svutil@@@?$vector@PAV?$hashnode@Vword@svutil@@PAVPort@@@svutil@@V?$allocator@PAV?$hashnode@Vword@svutil@@PAVPort@@@svutil@@@std@@@std@@IAEPAPAV?$hashnode@Vword@svutil@@PAVPort@@@svutil@@PAPAV23@00@Z 1000a100 f i EntityEx.obj
 0001:00009130       ?FindNext@@YAPAXABUsv_list@@@Z 1000a130 f   General.obj
 0001:00009130       ?FindNextRecord@@YAPAXAAUsv_list@@@Z 1000a130 f   svdbapi.obj
 0001:00009160       ?ResetListItem@@YA_NABUsv_list@@@Z 1000a160 f   General.obj
 0001:00009160       ?ResetRecordList@@YA_NAAUsv_list@@@Z 1000a160 f   svdbapi.obj
 0001:00009180       ?GetItemNode@@YAPAXABUsv_list@@@Z 1000a180 f   General.obj
 0001:000091a0       ?erase@?$list@PAVStringMap@@V?$allocator@PAVStringMap@@@std@@@std@@QAE?AViterator@12@V312@@Z 1000a1a0 f i General.obj
 0001:000091e0       ??1?$hashnode@Vword@svutil@@V12@@svutil@@QAE@XZ 1000a1e0 f i General.obj
 0001:00009290       ?insert@?$hashnode@Vword@svutil@@V12@@svutil@@QAEAAV?$hashelement@Vword@svutil@@V12@@2@ABVword@2@0@Z 1000a290 f i General.obj
 0001:00009390       ?DeleteItem@@YA_NABUsv_list@@@Z 1000a390 f   General.obj
 0001:000093d0       ??0?$list@VSingelRecord@@V?$allocator@VSingelRecord@@@std@@@std@@QAE@XZ 1000a3d0 f i General.obj
 0001:000093f0       ?clearnodes@?$hashtable@Vword@svutil@@V12@@svutil@@IAEXXZ 1000a3f0 f i General.obj
 0001:00009460       ?erase@?$hashnode@Vword@svutil@@V12@@svutil@@QAE_NABVword@2@@Z 1000a460 f i General.obj
 0001:00009570       ?_Insert_n@?$vector@PAV?$hashnode@Vword@svutil@@V12@@svutil@@V?$allocator@PAV?$hashnode@Vword@svutil@@V12@@svutil@@@std@@@std@@IAEXViterator@12@IABQAV?$hashnode@Vword@svutil@@V12@@svutil@@@Z 1000a570 f i General.obj
 0001:00009760       ?erase@?$_Tree@V?$_Tmap_traits@V?$basic_string@DU?$char_traits@D@std@@V?$allocator@D@2@@std@@V12@UStlIniCompareStringNoCase@@V?$allocator@U?$pair@$$CBV?$basic_string@DU?$char_traits@D@std@@V?$allocator@D@2@@std@@V12@@std@@@2@$0A@@std@@@std@@QAE?AViterator@12@V312@@Z 1000a760 f i General.obj
 0001:00009760       ?erase@?$_Tree@V?$_Tmap_traits@V?$basic_string@DU?$char_traits@D@std@@V?$allocator@D@2@@std@@V12@U?$less@V?$basic_string@DU?$char_traits@D@std@@V?$allocator@D@2@@std@@@2@V?$allocator@U?$pair@$$CBV?$basic_string@DU?$char_traits@D@std@@V?$allocator@D@2@@std@@V12@@std@@@2@$0A@@std@@@std@@QAE?AViterator@12@V312@@Z 1000a760 f i General.obj
 0001:00009a60       ??0out_of_range@std@@QAE@ABV01@@Z 1000aa60 f i General.obj
 0001:00009a80       ?_Erase@?$_Tree@V?$_Tmap_traits@V?$basic_string@DU?$char_traits@D@std@@V?$allocator@D@2@@std@@V12@U?$less@V?$basic_string@DU?$char_traits@D@std@@V?$allocator@D@2@@std@@@2@V?$allocator@U?$pair@$$CBV?$basic_string@DU?$char_traits@D@std@@V?$allocator@D@2@@std@@V12@@std@@@2@$0A@@std@@@std@@IAEXPAU_Node@?$_Tree_nod@V?$_Tmap_traits@V?$basic_string@DU?$char_traits@D@std@@V?$allocator@D@2@@std@@V12@U?$less@V?$basic_string@DU?$char_traits@D@std@@V?$allocator@D@2@@std@@@2@V?$allocator@U?$pair@$$CBV?$basic_string@DU?$char_traits@D@std@@V?$allocator@D@2@@std@@V12@@std@@@2@$0A@@std@@@2@@Z 1000aa80 f i General.obj
 0001:00009ac0       ?_Erase@?$_Tree@V?$_Tmap_traits@V?$basic_string@DU?$char_traits@D@std@@V?$allocator@D@2@@std@@V12@UStlIniCompareStringNoCase@@V?$allocator@U?$pair@$$CBV?$basic_string@DU?$char_traits@D@std@@V?$allocator@D@2@@std@@V12@@std@@@2@$0A@@std@@@std@@IAEXPAU_Node@?$_Tree_nod@V?$_Tmap_traits@V?$basic_string@DU?$char_traits@D@std@@V?$allocator@D@2@@std@@V12@UStlIniCompareStringNoCase@@V?$allocator@U?$pair@$$CBV?$basic_string@DU?$char_traits@D@std@@V?$allocator@D@2@@std@@V12@@std@@@2@$0A@@std@@@2@@Z 1000aac0 f i General.obj
 0001:00009b00       ?GetNodeSize@@YAIPAX@Z     1000ab00 f   General.obj
 0001:00009b60       ?FindNodeValue@@YA_NPAXV?$basic_string@DU?$char_traits@D@std@@V?$allocator@D@2@@std@@AAV12@@Z 1000ab60 f   General.obj
 0001:00009c40       ?InsertItemToList@@YA_NABUsv_list@@QAX@Z 1000ac40 f   General.obj
 0001:00009ce0       ?AddItemToList@@YA_NABUsv_list@@QAX@Z 1000ace0 f   General.obj
 0001:00009d70       ?GetIniFileSections@@YA_NAAV?$list@V?$basic_string@DU?$char_traits@D@std@@V?$allocator@D@2@@std@@V?$allocator@V?$basic_string@DU?$char_traits@D@std@@V?$allocator@D@2@@std@@@2@@std@@V?$basic_string@DU?$char_traits@D@std@@V?$allocator@D@2@@2@11@Z 1000ad70 f   General.obj
 0001:00009fb0       ?GetIniFileKeys@@YA_NV?$basic_string@DU?$char_traits@D@std@@V?$allocator@D@2@@std@@AAV?$list@V?$basic_string@DU?$char_traits@D@std@@V?$allocator@D@2@@std@@V?$allocator@V?$basic_string@DU?$char_traits@D@std@@V?$allocator@D@2@@std@@@2@@2@000@Z 1000afb0 f   General.obj
 0001:0000a250       ?erase@?$hashtable@Vword@svutil@@V12@@svutil@@QAE_NABVword@2@@Z 1000b250 f i General.obj
 0001:0000a2f0       ?resize@?$vector@PAV?$hashnode@Vword@svutil@@V12@@svutil@@V?$allocator@PAV?$hashnode@Vword@svutil@@V12@@svutil@@@std@@@std@@QAEXIPAV?$hashnode@Vword@svutil@@V12@@svutil@@@Z 1000b2f0 f i General.obj
 0001:0000a380       ?_Copy@?$_Tree@V?$_Tmap_traits@V?$basic_string@DU?$char_traits@D@std@@V?$allocator@D@2@@std@@V12@U?$less@V?$basic_string@DU?$char_traits@D@std@@V?$allocator@D@2@@std@@@2@V?$allocator@U?$pair@$$CBV?$basic_string@DU?$char_traits@D@std@@V?$allocator@D@2@@std@@V12@@std@@@2@$0A@@std@@@std@@IAEPAU_Node@?$_Tree_nod@V?$_Tmap_traits@V?$basic_string@DU?$char_traits@D@std@@V?$allocator@D@2@@std@@V12@U?$less@V?$basic_string@DU?$char_traits@D@std@@V?$allocator@D@2@@std@@@2@V?$allocator@U?$pair@$$CBV?$basic_string@DU?$char_traits@D@std@@V?$allocator@D@2@@std@@V12@@std@@@2@$0A@@std@@@2@PAU342@0@Z 1000b380 f i General.obj
 0001:0000a430       ?EnumNodeAttrib@@YA_NPAXAAV?$list@Usv_pair@@V?$allocator@Usv_pair@@@std@@@std@@@Z 1000b430 f   General.obj
 0001:0000a530       ?ClearMapNode@@YA_NPAX@Z   1000b530 f   General.obj
 0001:0000a5a0       ?DeleteNodeAttrib@@YA_NPAXV?$basic_string@DU?$char_traits@D@std@@V?$allocator@D@2@@std@@@Z 1000b5a0 f   General.obj
 0001:0000a660       ?insert@?$hashtable@Vword@svutil@@V12@@svutil@@QAEAAVword@2@ABV32@0@Z 1000b660 f i General.obj
 0001:0000a750       ??1?$list@V?$basic_string@DU?$char_traits@D@std@@V?$allocator@D@2@@std@@V?$allocator@V?$basic_string@DU?$char_traits@D@std@@V?$allocator@D@2@@std@@@2@@std@@QAE@XZ 1000b750 f i EntityAPI.obj
 0001:0000a750       ??1?$list@VSingelRecord@@V?$allocator@VSingelRecord@@@std@@@std@@QAE@XZ 1000b750 f i General.obj
 0001:0000a770       ?_Copy@?$_Tree@V?$_Tmap_traits@V?$basic_string@DU?$char_traits@D@std@@V?$allocator@D@2@@std@@V12@U?$less@V?$basic_string@DU?$char_traits@D@std@@V?$allocator@D@2@@std@@@2@V?$allocator@U?$pair@$$CBV?$basic_string@DU?$char_traits@D@std@@V?$allocator@D@2@@std@@V12@@std@@@2@$0A@@std@@@std@@IAEXABV12@@Z 1000b770 f i General.obj
 0001:0000a800       ?erase@?$_Tree@V?$_Tmap_traits@V?$basic_string@DU?$char_traits@D@std@@V?$allocator@D@2@@std@@V12@U?$less@V?$basic_string@DU?$char_traits@D@std@@V?$allocator@D@2@@std@@@2@V?$allocator@U?$pair@$$CBV?$basic_string@DU?$char_traits@D@std@@V?$allocator@D@2@@std@@V12@@std@@@2@$0A@@std@@@std@@QAE?AViterator@12@V312@0@Z 1000b800 f i General.obj
 0001:0000a8c0       ?erase@?$_Tree@V?$_Tmap_traits@V?$basic_string@DU?$char_traits@D@std@@V?$allocator@D@2@@std@@V12@UStlIniCompareStringNoCase@@V?$allocator@U?$pair@$$CBV?$basic_string@DU?$char_traits@D@std@@V?$allocator@D@2@@std@@V12@@std@@@2@$0A@@std@@@std@@QAE?AViterator@12@V312@0@Z 1000b8c0 f i General.obj
 0001:0000a980       ?AddNodeAttrib@@YA_NPAXABUsv_pair@@@Z 1000b980 f   General.obj
 0001:0000aa60       ?AddNodeAttrib@@YA_NPAXV?$basic_string@DU?$char_traits@D@std@@V?$allocator@D@2@@std@@1@Z 1000ba60 f   General.obj
 0001:0000ab80       ??1?$map@V?$basic_string@DU?$char_traits@D@std@@V?$allocator@D@2@@std@@V12@U?$less@V?$basic_string@DU?$char_traits@D@std@@V?$allocator@D@2@@std@@@2@V?$allocator@U?$pair@$$CBV?$basic_string@DU?$char_traits@D@std@@V?$allocator@D@2@@std@@V12@@std@@@2@@std@@QAE@XZ 1000bb80 f i General.obj
 0001:0000ab80       ?_Tidy@?$_Tree@V?$_Tmap_traits@V?$basic_string@DU?$char_traits@D@std@@V?$allocator@D@2@@std@@V12@U?$less@V?$basic_string@DU?$char_traits@D@std@@V?$allocator@D@2@@std@@@2@V?$allocator@U?$pair@$$CBV?$basic_string@DU?$char_traits@D@std@@V?$allocator@D@2@@std@@V12@@std@@@2@$0A@@std@@@std@@IAEXXZ 1000bb80 f i General.obj
 0001:0000abb0       ?_Tidy@?$_Tree@V?$_Tmap_traits@V?$basic_string@DU?$char_traits@D@std@@V?$allocator@D@2@@std@@V12@UStlIniCompareStringNoCase@@V?$allocator@U?$pair@$$CBV?$basic_string@DU?$char_traits@D@std@@V?$allocator@D@2@@std@@V12@@std@@@2@$0A@@std@@@std@@IAEXXZ 1000bbb0 f i General.obj
 0001:0000abb0       ??1?$map@V?$basic_string@DU?$char_traits@D@std@@V?$allocator@D@2@@std@@V12@UStlIniCompareStringNoCase@@V?$allocator@U?$pair@$$CBV?$basic_string@DU?$char_traits@D@std@@V?$allocator@D@2@@std@@V12@@std@@@2@@std@@QAE@XZ 1000bbb0 f i General.obj
 0001:0000abe0       ??0?$_Tree@V?$_Tmap_traits@V?$basic_string@DU?$char_traits@D@std@@V?$allocator@D@2@@std@@V12@U?$less@V?$basic_string@DU?$char_traits@D@std@@V?$allocator@D@2@@std@@@2@V?$allocator@U?$pair@$$CBV?$basic_string@DU?$char_traits@D@std@@V?$allocator@D@2@@std@@V12@@std@@@2@$0A@@std@@@std@@QAE@ABV01@@Z 1000bbe0 f i General.obj
 0001:0000ac70       ??1?$pair@V?$basic_string@DU?$char_traits@D@std@@V?$allocator@D@2@@std@@V?$map@V?$basic_string@DU?$char_traits@D@std@@V?$allocator@D@2@@std@@V12@U?$less@V?$basic_string@DU?$char_traits@D@std@@V?$allocator@D@2@@std@@@2@V?$allocator@U?$pair@$$CBV?$basic_string@DU?$char_traits@D@std@@V?$allocator@D@2@@std@@V12@@std@@@2@@2@@std@@QAE@XZ 1000bc70 f i General.obj
 0001:0000ac70       ??1?$pair@$$CBV?$basic_string@DU?$char_traits@D@std@@V?$allocator@D@2@@std@@V?$map@V?$basic_string@DU?$char_traits@D@std@@V?$allocator@D@2@@std@@V12@U?$less@V?$basic_string@DU?$char_traits@D@std@@V?$allocator@D@2@@std@@@2@V?$allocator@U?$pair@$$CBV?$basic_string@DU?$char_traits@D@std@@V?$allocator@D@2@@std@@V12@@std@@@2@@2@@std@@QAE@XZ 1000bc70 f i General.obj
 0001:0000acf0       ??0?$map@V?$basic_string@DU?$char_traits@D@std@@V?$allocator@D@2@@std@@V12@U?$less@V?$basic_string@DU?$char_traits@D@std@@V?$allocator@D@2@@std@@@2@V?$allocator@U?$pair@$$CBV?$basic_string@DU?$char_traits@D@std@@V?$allocator@D@2@@std@@V12@@std@@@2@@std@@QAE@XZ 1000bcf0 f i General.obj
 0001:0000ad20       ??$?0V?$basic_string@DU?$char_traits@D@std@@V?$allocator@D@2@@std@@V?$map@V?$basic_string@DU?$char_traits@D@std@@V?$allocator@D@2@@std@@V12@U?$less@V?$basic_string@DU?$char_traits@D@std@@V?$allocator@D@2@@std@@@2@V?$allocator@U?$pair@$$CBV?$basic_string@DU?$char_traits@D@std@@V?$allocator@D@2@@std@@V12@@std@@@2@@1@@?$pair@$$CBV?$basic_string@DU?$char_traits@D@std@@V?$allocator@D@2@@std@@V?$map@V?$basic_string@DU?$char_traits@D@std@@V?$allocator@D@2@@std@@V12@U?$less@V?$basic_string@DU?$char_traits@D@std@@V?$allocator@D@2@@std@@@2@V?$allocator@U?$pair@$$CBV?$basic_string@DU?$char_traits@D@std@@V?$allocator@D@2@@std@@V12@@std@@@2@@2@@std@@QAE@ABU?$pair@V?$basic_string@DU?$char_traits@D@std@@V?$allocator@D@2@@std@@V?$map@V?$basic_string@DU?$char_traits@D@std@@V?$allocator@D@2@@std@@V12@U?$less@V?$basic_string@DU?$char_traits@D@std@@V?$allocator@D@2@@std@@@2@V?$allocator@U?$pair@$$CBV?$basic_string@DU?$char_traits@D@std@@V?$allocator@D@2@@std@@V12@@std@@@2@@2@@1@@Z 1000bd20 f i General.obj
 0001:0000ad20       ??0?$pair@$$CBV?$basic_string@DU?$char_traits@D@std@@V?$allocator@D@2@@std@@V?$map@V?$basic_string@DU?$char_traits@D@std@@V?$allocator@D@2@@std@@V12@U?$less@V?$basic_string@DU?$char_traits@D@std@@V?$allocator@D@2@@std@@@2@V?$allocator@U?$pair@$$CBV?$basic_string@DU?$char_traits@D@std@@V?$allocator@D@2@@std@@V12@@std@@@2@@2@@std@@QAE@ABU01@@Z 1000bd20 f i General.obj
 0001:0000ad80       ??$make_pair@V?$basic_string@DU?$char_traits@D@std@@V?$allocator@D@2@@std@@V?$map@V?$basic_string@DU?$char_traits@D@std@@V?$allocator@D@2@@std@@V12@U?$less@V?$basic_string@DU?$char_traits@D@std@@V?$allocator@D@2@@std@@@2@V?$allocator@U?$pair@$$CBV?$basic_string@DU?$char_traits@D@std@@V?$allocator@D@2@@std@@V12@@std@@@2@@2@@std@@YA?AU?$pair@V?$basic_string@DU?$char_traits@D@std@@V?$allocator@D@2@@std@@V?$map@V?$basic_string@DU?$char_traits@D@std@@V?$allocator@D@2@@std@@V12@U?$less@V?$basic_string@DU?$char_traits@D@std@@V?$allocator@D@2@@std@@@2@V?$allocator@U?$pair@$$CBV?$basic_string@DU?$char_traits@D@std@@V?$allocator@D@2@@std@@V12@@std@@@2@@2@@0@V?$basic_string@DU?$char_traits@D@std@@V?$allocator@D@2@@0@V?$map@V?$basic_string@DU?$char_traits@D@std@@V?$allocator@D@2@@std@@V12@U?$less@V?$basic_string@DU?$char_traits@D@std@@V?$allocator@D@2@@std@@@2@V?$allocator@U?$pair@$$CBV?$basic_string@DU?$char_traits@D@std@@V?$allocator@D@2@@std@@V12@@std@@@2@@0@@Z 1000bd80 f i General.obj
 0001:0000ae20       ??1?$pair@$$CBV?$basic_string@DU?$char_traits@D@std@@V?$allocator@D@2@@std@@V?$map@V?$basic_string@DU?$char_traits@D@std@@V?$allocator@D@2@@std@@V12@UStlIniCompareStringNoCase@@V?$allocator@U?$pair@$$CBV?$basic_string@DU?$char_traits@D@std@@V?$allocator@D@2@@std@@V12@@std@@@2@@2@@std@@QAE@XZ 1000be20 f i General.obj
 0001:0000aea0       ?_Buynode@?$_Tree@V?$_Tmap_traits@V?$basic_string@DU?$char_traits@D@std@@V?$allocator@D@2@@std@@V?$map@V?$basic_string@DU?$char_traits@D@std@@V?$allocator@D@2@@std@@V12@U?$less@V?$basic_string@DU?$char_traits@D@std@@V?$allocator@D@2@@std@@@2@V?$allocator@U?$pair@$$CBV?$basic_string@DU?$char_traits@D@std@@V?$allocator@D@2@@std@@V12@@std@@@2@@2@U?$less@V?$basic_string@DU?$char_traits@D@std@@V?$allocator@D@2@@std@@@2@V?$allocator@U?$pair@$$CBV?$basic_string@DU?$char_traits@D@std@@V?$allocator@D@2@@std@@V?$map@V?$basic_string@DU?$char_traits@D@std@@V?$allocator@D@2@@std@@V12@U?$less@V?$basic_string@DU?$char_traits@D@std@@V?$allocator@D@2@@std@@@2@V?$allocator@U?$pair@$$CBV?$basic_string@DU?$char_traits@D@std@@V?$allocator@D@2@@std@@V12@@std@@@2@@2@@std@@@2@$0A@@std@@@std@@IAEPAU_Node@?$_Tree_nod@V?$_Tmap_traits@V?$basic_string@DU?$char_traits@D@std@@V?$allocator@D@2@@std@@V?$map@V?$basic_string@DU?$char_traits@D@std@@V?$allocator@D@2@@std@@V12@U?$less@V?$basic_string@DU?$char_traits@D@std@@V?$allocator@D@2@@std@@@2@V?$allocator@U?$pair@$$CBV?$basic_string@DU?$char_traits@D@std@@V?$allocator@D@2@@std@@V12@@std@@@2@@2@U?$less@V?$basic_string@DU?$char_traits@D@std@@V?$allocator@D@2@@std@@@2@V?$allocator@U?$pair@$$CBV?$basic_string@DU?$char_traits@D@std@@V?$allocator@D@2@@std@@V?$map@V?$basic_string@DU?$char_traits@D@std@@V?$allocator@D@2@@std@@V12@U?$less@V?$basic_string@DU?$char_traits@D@std@@V?$allocator@D@2@@std@@@2@V?$allocator@U?$pair@$$CBV?$basic_string@DU?$char_traits@D@std@@V?$allocator@D@2@@std@@V12@@std@@@2@@2@@std@@@2@$0A@@std@@@2@PAU342@00ABU?$pair@$$CBV?$basic_string@DU?$char_traits@D@std@@V?$allocator@D@2@@std@@V?$map@V?$basic_string@DU?$char_traits@D@std@@V?$allocator@D@2@@std@@V12@U?$less@V?$basic_string@DU?$char_traits@D@std@@V?$allocator@D@2@@std@@@2@V?$allocator@U?$pair@$$CBV?$basic_string@DU?$char_traits@D@std@@V?$allocator@D@2@@std@@V12@@std@@@2@@2@@2@D@Z 1000bea0 f i General.obj
 0001:0000af40       ??1_Node@?$_Tree_nod@V?$_Tmap_traits@V?$basic_string@DU?$char_traits@D@std@@V?$allocator@D@2@@std@@V?$map@V?$basic_string@DU?$char_traits@D@std@@V?$allocator@D@2@@std@@V12@UStlIniCompareStringNoCase@@V?$allocator@U?$pair@$$CBV?$basic_string@DU?$char_traits@D@std@@V?$allocator@D@2@@std@@V12@@std@@@2@@2@UStlIniCompareStringNoCase@@V?$allocator@U?$pair@$$CBV?$basic_string@DU?$char_traits@D@std@@V?$allocator@D@2@@std@@V?$map@V?$basic_string@DU?$char_traits@D@std@@V?$allocator@D@2@@std@@V12@UStlIniCompareStringNoCase@@V?$allocator@U?$pair@$$CBV?$basic_string@DU?$char_traits@D@std@@V?$allocator@D@2@@std@@V12@@std@@@2@@2@@std@@@2@$0A@@std@@@std@@QAE@XZ 1000bf40 f i General.obj
 0001:0000af50       ?_Insert@?$_Tree@V?$_Tmap_traits@V?$basic_string@DU?$char_traits@D@std@@V?$allocator@D@2@@std@@V?$map@V?$basic_string@DU?$char_traits@D@std@@V?$allocator@D@2@@std@@V12@U?$less@V?$basic_string@DU?$char_traits@D@std@@V?$allocator@D@2@@std@@@2@V?$allocator@U?$pair@$$CBV?$basic_string@DU?$char_traits@D@std@@V?$allocator@D@2@@std@@V12@@std@@@2@@2@U?$less@V?$basic_string@DU?$char_traits@D@std@@V?$allocator@D@2@@std@@@2@V?$allocator@U?$pair@$$CBV?$basic_string@DU?$char_traits@D@std@@V?$allocator@D@2@@std@@V?$map@V?$basic_string@DU?$char_traits@D@std@@V?$allocator@D@2@@std@@V12@U?$less@V?$basic_string@DU?$char_traits@D@std@@V?$allocator@D@2@@std@@@2@V?$allocator@U?$pair@$$CBV?$basic_string@DU?$char_traits@D@std@@V?$allocator@D@2@@std@@V12@@std@@@2@@2@@std@@@2@$0A@@std@@@std@@IAE?AViterator@12@_NPAU_Node@?$_Tree_nod@V?$_Tmap_traits@V?$basic_string@DU?$char_traits@D@std@@V?$allocator@D@2@@std@@V?$map@V?$basic_string@DU?$char_traits@D@std@@V?$allocator@D@2@@std@@V12@U?$less@V?$basic_string@DU?$char_traits@D@std@@V?$allocator@D@2@@std@@@2@V?$allocator@U?$pair@$$CBV?$basic_string@DU?$char_traits@D@std@@V?$allocator@D@2@@std@@V12@@std@@@2@@2@U?$less@V?$basic_string@DU?$char_traits@D@std@@V?$allocator@D@2@@std@@@2@V?$allocator@U?$pair@$$CBV?$basic_string@DU?$char_traits@D@std@@V?$allocator@D@2@@std@@V?$map@V?$basic_string@DU?$char_traits@D@std@@V?$allocator@D@2@@std@@V12@U?$less@V?$basic_string@DU?$char_traits@D@std@@V?$allocator@D@2@@std@@@2@V?$allocator@U?$pair@$$CBV?$basic_string@DU?$char_traits@D@std@@V?$allocator@D@2@@std@@V12@@std@@@2@@2@@std@@@2@$0A@@std@@@2@ABU?$pair@$$CBV?$basic_string@DU?$char_traits@D@std@@V?$allocator@D@2@@std@@V?$map@V?$basic_string@DU?$char_traits@D@std@@V?$allocator@D@2@@std@@V12@U?$less@V?$basic_string@DU?$char_traits@D@std@@V?$allocator@D@2@@std@@@2@V?$allocator@U?$pair@$$CBV?$basic_string@DU?$char_traits@D@std@@V?$allocator@D@2@@std@@V12@@std@@@2@@2@@2@@Z 1000bf50 f i General.obj
 0001:0000b110       ?insert@?$_Tree@V?$_Tmap_traits@V?$basic_string@DU?$char_traits@D@std@@V?$allocator@D@2@@std@@V?$map@V?$basic_string@DU?$char_traits@D@std@@V?$allocator@D@2@@std@@V12@U?$less@V?$basic_string@DU?$char_traits@D@std@@V?$allocator@D@2@@std@@@2@V?$allocator@U?$pair@$$CBV?$basic_string@DU?$char_traits@D@std@@V?$allocator@D@2@@std@@V12@@std@@@2@@2@U?$less@V?$basic_string@DU?$char_traits@D@std@@V?$allocator@D@2@@std@@@2@V?$allocator@U?$pair@$$CBV?$basic_string@DU?$char_traits@D@std@@V?$allocator@D@2@@std@@V?$map@V?$basic_string@DU?$char_traits@D@std@@V?$allocator@D@2@@std@@V12@U?$less@V?$basic_string@DU?$char_traits@D@std@@V?$allocator@D@2@@std@@@2@V?$allocator@U?$pair@$$CBV?$basic_string@DU?$char_traits@D@std@@V?$allocator@D@2@@std@@V12@@std@@@2@@2@@std@@@2@$0A@@std@@@std@@QAE?AU?$pair@Viterator@?$_Tree@V?$_Tmap_traits@V?$basic_string@DU?$char_traits@D@std@@V?$allocator@D@2@@std@@V?$map@V?$basic_string@DU?$char_traits@D@std@@V?$allocator@D@2@@std@@V12@U?$less@V?$basic_string@DU?$char_traits@D@std@@V?$allocator@D@2@@std@@@2@V?$allocator@U?$pair@$$CBV?$basic_string@DU?$char_traits@D@std@@V?$allocator@D@2@@std@@V12@@std@@@2@@2@U?$less@V?$basic_string@DU?$char_traits@D@std@@V?$allocator@D@2@@std@@@2@V?$allocator@U?$pair@$$CBV?$basic_string@DU?$char_traits@D@std@@V?$allocator@D@2@@std@@V?$map@V?$basic_string@DU?$char_traits@D@std@@V?$allocator@D@2@@std@@V12@U?$less@V?$basic_string@DU?$char_traits@D@std@@V?$allocator@D@2@@std@@@2@V?$allocator@U?$pair@$$CBV?$basic_string@DU?$char_traits@D@std@@V?$allocator@D@2@@std@@V12@@std@@@2@@2@@std@@@2@$0A@@std@@@std@@_N@2@ABU?$pair@$$CBV?$basic_string@DU?$char_traits@D@std@@V?$allocator@D@2@@std@@V?$map@V?$basic_string@DU?$char_traits@D@std@@V?$allocator@D@2@@std@@V12@U?$less@V?$basic_string@DU?$char_traits@D@std@@V?$allocator@D@2@@std@@@2@V?$allocator@U?$pair@$$CBV?$basic_string@DU?$char_traits@D@std@@V?$allocator@D@2@@std@@V12@@std@@@2@@2@@2@@Z 1000c110 f i General.obj
 0001:0000b1f0       ?GetSvIniFileBySections@@YA_NAAV?$map@V?$basic_string@DU?$char_traits@D@std@@V?$allocator@D@2@@std@@V?$map@V?$basic_string@DU?$char_traits@D@std@@V?$allocator@D@2@@std@@V12@U?$less@V?$basic_string@DU?$char_traits@D@std@@V?$allocator@D@2@@std@@@2@V?$allocator@U?$pair@$$CBV?$basic_string@DU?$char_traits@D@std@@V?$allocator@D@2@@std@@V12@@std@@@2@@2@U?$less@V?$basic_string@DU?$char_traits@D@std@@V?$allocator@D@2@@std@@@2@V?$allocator@U?$pair@$$CBV?$basic_string@DU?$char_traits@D@std@@V?$allocator@D@2@@std@@V?$map@V?$basic_string@DU?$char_traits@D@std@@V?$allocator@D@2@@std@@V12@U?$less@V?$basic_string@DU?$char_traits@D@std@@V?$allocator@D@2@@std@@@2@V?$allocator@U?$pair@$$CBV?$basic_string@DU?$char_traits@D@std@@V?$allocator@D@2@@std@@V12@@std@@@2@@2@@std@@@2@@std@@V?$basic_string@DU?$char_traits@D@std@@V?$allocator@D@2@@2@111@Z 1000c1f0 f   General.obj
 0001:0000b600       ?erase@?$_Tree@V?$_Tmap_traits@V?$basic_string@DU?$char_traits@D@std@@V?$allocator@D@2@@std@@V?$map@V?$basic_string@DU?$char_traits@D@std@@V?$allocator@D@2@@std@@V12@UStlIniCompareStringNoCase@@V?$allocator@U?$pair@$$CBV?$basic_string@DU?$char_traits@D@std@@V?$allocator@D@2@@std@@V12@@std@@@2@@2@UStlIniCompareStringNoCase@@V?$allocator@U?$pair@$$CBV?$basic_string@DU?$char_traits@D@std@@V?$allocator@D@2@@std@@V?$map@V?$basic_string@DU?$char_traits@D@std@@V?$allocator@D@2@@std@@V12@UStlIniCompareStringNoCase@@V?$allocator@U?$pair@$$CBV?$basic_string@DU?$char_traits@D@std@@V?$allocator@D@2@@std@@V12@@std@@@2@@2@@std@@@2@$0A@@std@@@std@@QAE?AViterator@12@V312@@Z 1000c600 f i General.obj
 0001:0000b8e0       ?_Erase@?$_Tree@V?$_Tmap_traits@V?$basic_string@DU?$char_traits@D@std@@V?$allocator@D@2@@std@@V?$map@V?$basic_string@DU?$char_traits@D@std@@V?$allocator@D@2@@std@@V12@UStlIniCompareStringNoCase@@V?$allocator@U?$pair@$$CBV?$basic_string@DU?$char_traits@D@std@@V?$allocator@D@2@@std@@V12@@std@@@2@@2@UStlIniCompareStringNoCase@@V?$allocator@U?$pair@$$CBV?$basic_string@DU?$char_traits@D@std@@V?$allocator@D@2@@std@@V?$map@V?$basic_string@DU?$char_traits@D@std@@V?$allocator@D@2@@std@@V12@UStlIniCompareStringNoCase@@V?$allocator@U?$pair@$$CBV?$basic_string@DU?$char_traits@D@std@@V?$allocator@D@2@@std@@V12@@std@@@2@@2@@std@@@2@$0A@@std@@@std@@IAEXPAU_Node@?$_Tree_nod@V?$_Tmap_traits@V?$basic_string@DU?$char_traits@D@std@@V?$allocator@D@2@@std@@V?$map@V?$basic_string@DU?$char_traits@D@std@@V?$allocator@D@2@@std@@V12@UStlIniCompareStringNoCase@@V?$allocator@U?$pair@$$CBV?$basic_string@DU?$char_traits@D@std@@V?$allocator@D@2@@std@@V12@@std@@@2@@2@UStlIniCompareStringNoCase@@V?$allocator@U?$pair@$$CBV?$basic_string@DU?$char_traits@D@std@@V?$allocator@D@2@@std@@V?$map@V?$basic_string@DU?$char_traits@D@std@@V?$allocator@D@2@@std@@V12@UStlIniCompareStringNoCase@@V?$allocator@U?$pair@$$CBV?$basic_string@DU?$char_traits@D@std@@V?$allocator@D@2@@std@@V12@@std@@@2@@2@@std@@@2@$0A@@std@@@2@@Z 1000c8e0 f i General.obj
 0001:0000b920       ?erase@?$_Tree@V?$_Tmap_traits@V?$basic_string@DU?$char_traits@D@std@@V?$allocator@D@2@@std@@V?$map@V?$basic_string@DU?$char_traits@D@std@@V?$allocator@D@2@@std@@V12@UStlIniCompareStringNoCase@@V?$allocator@U?$pair@$$CBV?$basic_string@DU?$char_traits@D@std@@V?$allocator@D@2@@std@@V12@@std@@@2@@2@UStlIniCompareStringNoCase@@V?$allocator@U?$pair@$$CBV?$basic_string@DU?$char_traits@D@std@@V?$allocator@D@2@@std@@V?$map@V?$basic_string@DU?$char_traits@D@std@@V?$allocator@D@2@@std@@V12@UStlIniCompareStringNoCase@@V?$allocator@U?$pair@$$CBV?$basic_string@DU?$char_traits@D@std@@V?$allocator@D@2@@std@@V12@@std@@@2@@2@@std@@@2@$0A@@std@@@std@@QAE?AViterator@12@V312@0@Z 1000c920 f i General.obj
 0001:0000b9e0       ?_Tidy@?$_Tree@V?$_Tmap_traits@V?$basic_string@DU?$char_traits@D@std@@V?$allocator@D@2@@std@@V?$map@V?$basic_string@DU?$char_traits@D@std@@V?$allocator@D@2@@std@@V12@UStlIniCompareStringNoCase@@V?$allocator@U?$pair@$$CBV?$basic_string@DU?$char_traits@D@std@@V?$allocator@D@2@@std@@V12@@std@@@2@@2@UStlIniCompareStringNoCase@@V?$allocator@U?$pair@$$CBV?$basic_string@DU?$char_traits@D@std@@V?$allocator@D@2@@std@@V?$map@V?$basic_string@DU?$char_traits@D@std@@V?$allocator@D@2@@std@@V12@UStlIniCompareStringNoCase@@V?$allocator@U?$pair@$$CBV?$basic_string@DU?$char_traits@D@std@@V?$allocator@D@2@@std@@V12@@std@@@2@@2@@std@@@2@$0A@@std@@@std@@IAEXXZ 1000c9e0 f i General.obj
 0001:0000b9e0       ??1?$map@V?$basic_string@DU?$char_traits@D@std@@V?$allocator@D@2@@std@@V?$map@V?$basic_string@DU?$char_traits@D@std@@V?$allocator@D@2@@std@@V12@UStlIniCompareStringNoCase@@V?$allocator@U?$pair@$$CBV?$basic_string@DU?$char_traits@D@std@@V?$allocator@D@2@@std@@V12@@std@@@2@@2@UStlIniCompareStringNoCase@@V?$allocator@U?$pair@$$CBV?$basic_string@DU?$char_traits@D@std@@V?$allocator@D@2@@std@@V?$map@V?$basic_string@DU?$char_traits@D@std@@V?$allocator@D@2@@std@@V12@UStlIniCompareStringNoCase@@V?$allocator@U?$pair@$$CBV?$basic_string@DU?$char_traits@D@std@@V?$allocator@D@2@@std@@V12@@std@@@2@@2@@std@@@2@@std@@QAE@XZ 1000c9e0 f i General.obj
 0001:0000ba10       ?SetCgiVersionByFile@@YA_NV?$basic_string@DU?$char_traits@D@std@@V?$allocator@D@2@@std@@@Z 1000ca10 f   General.obj
 0001:0000bb70       ?SetSvdbAddrByFile@@YA_NV?$basic_string@DU?$char_traits@D@std@@V?$allocator@D@2@@std@@@Z 1000cb70 f   General.obj
 0001:0000bcd0       ?GetRawDataSize@Group@@UAEIXZ 1000ccd0 f   Group.obj
 0001:0000bd50       ?GetRawData@Group@@UAEPADPADI@Z 1000cd50 f   Group.obj
 0001:0000beb0       ?CreateObjectByRawData@Group@@UAEHPBDI@Z 1000ceb0 f   Group.obj
 0001:0000c0b0       ??0Group@@QAE@XZ           1000d0b0 f   Group.obj
 0001:0000c140       ??1Group@@QAE@XZ           1000d140 f   Group.obj
 0001:0000c1e0       ?CreatIdcUser@@YA?AV?$basic_string@DU?$char_traits@D@std@@V?$allocator@D@2@@std@@V12@00@Z 1000d1e0 f   GroupAPI.obj
 0001:0000c430       ?CopyIniFile@@YA_NV?$basic_string@DU?$char_traits@D@std@@V?$allocator@D@2@@std@@00@Z 1000d430 f   GroupAPI.obj
 0001:0000c680       ?Cache_GetGroup@@YAPAXV?$basic_string@DU?$char_traits@D@std@@V?$allocator@D@2@@std@@@Z 1000d680 f   GroupAPI.obj
 0001:0000c6f0       ?GetGroupWithVer@@YAPAXV?$basic_string@DU?$char_traits@D@std@@V?$allocator@D@2@@std@@00AAI@Z 1000d6f0 f   GroupAPI.obj
 0001:0000c980       ?GetGroup@@YAPAXV?$basic_string@DU?$char_traits@D@std@@V?$allocator@D@2@@std@@00@Z 1000d980 f   GroupAPI.obj
 0001:0000cac0       ?CreateGroup@@YAPAXXZ      1000dac0 f   GroupAPI.obj
 0001:0000cb30       ?GetGroupMainAttribNode@@YAPAXPAX@Z 1000db30 f   GroupAPI.obj
 0001:0000cb30       ?GetEntityMainAttribNode@@YAPAXPAX@Z 1000db30 f   EntityAPI.obj
 0001:0000cb40       ?DeleteGroup@@YA_NV?$basic_string@DU?$char_traits@D@std@@V?$allocator@D@2@@std@@00@Z 1000db40 f   GroupAPI.obj
[...]
      201    ?GetSvdbAddr@@YA?AV?$basic_string@DU?$char_traits@D@std@@V?$allocator@D@2@@std@@XZ (class std::basic_string<char,struct std::char_traits<char>,class std::allocator<char> > __cdecl GetSvdbAddr(void))
      202    ?GetTask@@YAPAXV?$basic_string@DU?$char_traits@D@std@@V?$allocator@D@2@@std@@00@Z (void * __cdecl GetTask(class std::basic_string<char,struct std::char_traits<char>,class std::allocator<char> >,class std::basic_string<char,struct std::char_traits<char>,class std::allocator<char> >,class std::basic_string<char,struct std::char_traits<char>,class std::allocator<char> >))
      203    ?GetTaskValue@@YA?AV?$basic_string@DU?$char_traits@D@std@@V?$allocator@D@2@@std@@V12@PAX@Z (class std::basic_string<char,struct std::char_traits<char>,class std::allocator<char> > __cdecl GetTaskValue(class std::basic_string<char,struct std::char_traits<char>,class std::allocator<char> >,void *))
      204    ?GetTopologyChart@@YAPAXV?$basic_string@DU?$char_traits@D@std@@V?$allocator@D@2@@std@@00@Z (void * __cdecl GetTopologyChart(class std::basic_string<char,struct std::char_traits<char>,class std::allocator<char> >,class std::basic_string<char,struct std::char_traits<char>,class std::allocator<char> >,class std::basic_string<char,struct std::char_traits<char>,class std::allocator<char> >))
      205    ?GetTopologyChartMainAttribNode@@YAPAXPAX@Z (void * __cdecl GetTopologyChartMainAttribNode(void *))
      206    ?GetVirtualGroup@@YAPAXV?$basic_string@DU?$char_traits@D@std@@V?$allocator@D@2@@std@@00@Z (void * __cdecl GetVirtualGroup(class std::basic_string<char,struct std::char_traits<char>,class std::allocator<char> >,class std::basic_string<char,struct std::char_traits<char>,class std::allocator<char> >,class std::basic_string<char,struct std::char_traits<char>,class std::allocator<char> >))
      207    ?GetVirtualGroupMainAttribNode@@YAPAXPAX@Z (void * __cdecl GetVirtualGroupMainAttribNode(void *))
      208    ?InsertItemToList@@YA_NABUsv_list@@QAX@Z (bool __cdecl InsertItemToList(struct sv_list const &,void * const))
      209    ?InsertTable@@YA_NV?$basic_string@DU?$char_traits@D@std@@V?$allocator@D@2@@std@@H00@Z (bool __cdecl InsertTable(class std::basic_string<char,struct std::char_traits<char>,class std::allocator<char> >,int,class std::basic_string<char,struct std::char_traits<char>,class std::allocator<char> >,class std::basic_string<char,struct std::char_traits<char>,class std::allocator<char> >))
      210    ?IsSVSEID@@YA_NV?$basic_string@DU?$char_traits@D@std@@V?$allocator@D@2@@std@@@Z (bool __cdecl IsSVSEID(class std::basic_string<char,struct std::char_traits<char>,class std::allocator<char> >))
      211    ?LoadResource@@YAPAXV?$basic_string@DU?$char_traits@D@std@@V?$allocator@D@2@@std@@0@Z (void * __cdecl LoadResource(class std::basic_string<char,struct std::char_traits<char>,class std::allocator<char> >,class std::basic_string<char,struct std::char_traits<char>,class std::allocator<char> >))
      212    ?LoadResourceByKeys@@YAPAXV?$basic_string@DU?$char_traits@D@std@@V?$allocator@D@2@@std@@00@Z (void * __cdecl LoadResourceByKeys(class std::basic_string<char,struct std::char_traits<char>,class std::allocator<char> >,class std::basic_string<char,struct std::char_traits<char>,class std::allocator<char> >,class std::basic_string<char,struct std::char_traits<char>,class std::allocator<char> >))
      213    ?MonitorCopy@@YA?AV?$basic_string@DU?$char_traits@D@std@@V?$allocator@D@2@@std@@V12@000@Z (class std::basic_string<char,struct std::char_traits<char>,class std::allocator<char> > __cdecl MonitorCopy(class std::basic_string<char,struct std::char_traits<char>,class std::allocator<char> >,class std::basic_string<char,struct std::char_traits<char>,class std::allocator<char> >,class std::basic_string<char,struct std::char_traits<char>,class std::allocator<char> >,class std::basic_string<char,struct std::char_traits<char>,class std::allocator<char> >))
      214    ?MonitorCopyAndCreateTable@@YA?AV?$basic_string@DU?$char_traits@D@std@@V?$allocator@D@2@@std@@V12@000@Z (class std::basic_string<char,struct std::char_traits<char>,class std::allocator<char> > __cdecl MonitorCopyAndCreateTable(class std::basic_string<char,struct std::char_traits<char>,class std::allocator<char> >,class std::basic_string<char,struct std::char_traits<char>,class std::allocator<char> >,class std::basic_string<char,struct std::char_traits<char>,class std::allocator<char> >,class std::basic_string<char,struct std::char_traits<char>,class std::allocator<char> >))
      215    ?PeekMQMessage@@YAPAXV?$basic_string@DU?$char_traits@D@std@@V?$allocator@D@2@@std@@I00@Z (void * __cdecl PeekMQMessage(class std::basic_string<char,struct std::char_traits<char>,class std::allocator<char> >,unsigned int,class std::basic_string<char,struct std::char_traits<char>,class std::allocator<char> >,class std::basic_string<char,struct std::char_traits<char>,class std::allocator<char> >))
      216    ?PeekMQMessage@@YA_NV?$basic_string@DU?$char_traits@D@std@@V?$allocator@D@2@@std@@AAV12@AAVTTime@svutil@@PADAAII00@Z (bool __cdecl PeekMQMessage(class std::basic_string<char,struct std::char_traits<char>,class std::allocator<char> >,class std::basic_string<char,struct std::char_traits<char>,class std::allocator<char> > &,class svutil::TTime &,char *,unsigned int &,unsigned int,class std::basic_string<char,struct std::char_traits<char>,class std::allocator<char> >,class std::basic_string<char,struct std::char_traits<char>,class std::allocator<char> >))
      217    ?PopMessage@@YAPAXV?$basic_string@DU?$char_traits@D@std@@V?$allocator@D@2@@std@@I00@Z (void * __cdecl PopMessage(class std::basic_string<char,struct std::char_traits<char>,class std::allocator<char> >,unsigned int,class std::basic_string<char,struct std::char_traits<char>,class std::allocator<char> >,class std::basic_string<char,struct std::char_traits<char>,class std::allocator<char> >))
      218    ?PopMessage@@YA_NV?$basic_string@DU?$char_traits@D@std@@V?$allocator@D@2@@std@@AAV12@AAVTTime@svutil@@PADAAII00@Z (bool __cdecl PopMessage(class std::basic_string<char,struct std::char_traits<char>,class std::allocator<char> >,class std::basic_string<char,struct std::char_traits<char>,class std::allocator<char> > &,class svutil::TTime &,char *,unsigned int &,unsigned int,class std::basic_string<char,struct std::char_traits<char>,class std::allocator<char> >,class std::basic_string<char,struct std::char_traits<char>,class std::allocator<char> >))
      219    ?PushMessage@@YA_NV?$basic_string@DU?$char_traits@D@std@@V?$allocator@D@2@@std@@0PBDI00@Z (bool __cdecl PushMessage(class std::basic_string<char,struct std::char_traits<char>,class std::allocator<char> >,class std::basic_string<char,struct std::char_traits<char>,class std::allocator<char> >,char const *,unsigned int,class std::basic_string<char,struct std::char_traits<char>,class std::allocator<char> >,class std::basic_string<char,struct std::char_traits<char>,class std::allocator<char> >))
      220    ?PushStringMessage@@YA_NV?$basic_string@DU?$char_traits@D@std@@V?$allocator@D@2@@std@@0000@Z (bool __cdecl PushStringMessage(class std::basic_string<char,struct std::char_traits<char>,class std::allocator<char> >,class std::basic_string<char,struct std::char_traits<char>,class std::allocator<char> >,class std::basic_string<char,struct std::char_traits<char>,class std::allocator<char> >,class std::basic_string<char,struct std::char_traits<char>,class std::allocator<char> >,class std::basic_string<char,struct std::char_traits<char>,class std::allocator<char> >))
      221    ?PutSVSELabel@@YA_NPAXV?$basic_string@DU?$char_traits@D@std@@V?$allocator@D@2@@std@@@Z (bool __cdecl PutSVSELabel(void *,class std::basic_string<char,struct std::char_traits<char>,class std::allocator<char> >))
      222    ?PutValueIntoChildren@@YA_NABV?$map@V?$basic_string@DU?$char_traits@D@std@@V?$allocator@D@2@@std@@V12@U?$less@V?$basic_string@DU?$char_traits@D@std@@V?$allocator@D@2@@std@@@2@V?$allocator@U?$pair@$$CBV?$basic_string@DU?$char_traits@D@std@@V?$allocator@D@2@@std@@V12@@std@@@2@@std@@V?$basic_string@DU?$char_traits@D@std@@V?$allocator@D@2@@2@1@Z (bool __cdecl PutValueIntoChildren(class std::map<class std::basic_string<char,struct std::char_traits<char>,class std::allocator<char> >,class std::basic_string<char,struct std::char_traits<char>,class std::allocator<char> >,struct std::less<class std::basic_string<char,struct std::char_traits<char>,class std::allocator<char> > >,class std::allocator<struct std::pair<class std::basic_string<char,struct std::char_traits<char>,class std::allocator<char> > const ,class std::basic_string<char,struct std::char_traits<char>,class std::allocator<char> > > > > const &,class std::basic_string<char,struct std::char_traits<char>,class std::allocator<char> >,class std::basic_string<char,struct std::char_traits<char>,class std::allocator<char> >))
      223    ?QueryRecordCount@@YA_NV?$basic_string@DU?$char_traits@D@std@@V?$allocator@D@2@@std@@AAH00@Z (bool __cdecl QueryRecordCount(class std::basic_string<char,struct std::char_traits<char>,class std::allocator<char> >,int &,class std::basic_string<char,struct std::char_traits<char>,class std::allocator<char> >,class std::basic_string<char,struct std::char_traits<char>,class std::allocator<char> >))
      224    ?QueryRecords@@YAPAXV?$basic_string@DU?$char_traits@D@std@@V?$allocator@D@2@@std@@H00@Z (void * __cdecl QueryRecords(class std::basic_string<char,struct std::char_traits<char>,class std::allocator<char> >,int,class std::basic_string<char,struct std::char_traits<char>,class std::allocator<char> >,class std::basic_string<char,struct std::char_traits<char>,class std::allocator<char> >))
      225    ?QueryRecords@@YAPAXV?$basic_string@DU?$char_traits@D@std@@V?$allocator@D@2@@std@@VTTime@svutil@@100@Z (void * __cdecl QueryRecords(class std::basic_string<char,struct std::char_traits<char>,class std::allocator<char> >,class svutil::TTime,class svutil::TTime,class std::basic_string<char,struct std::char_traits<char>,class std::allocator<char> >,class std::basic_string<char,struct std::char_traits<char>,class std::allocator<char> >))
      226    ?QueryRecords@@YAPAXV?$basic_string@DU?$char_traits@D@std@@V?$allocator@D@2@@std@@VTTimeSpan@svutil@@00@Z (void * __cdecl QueryRecords(class std::basic_string<char,struct std::char_traits<char>,class std::allocator<char> >,class svutil::TTimeSpan,class std::basic_string<char,struct std::char_traits<char>,class std::allocator<char> >,class std::basic_string<char,struct std::char_traits<char>,class std::allocator<char> >))
      227    ?ReleaseItemList@@YAXABUsv_list@@@Z (void __cdecl ReleaseItemList(struct sv_list const &))
      228    ?ReleaseRecordList@@YAXAAUsv_list@@@Z (void __cdecl ReleaseRecordList(struct sv_list &))
      229    ?ResetListItem@@YA_NABUsv_list@@@Z (bool __cdecl ResetListItem(struct sv_list const &))
      230    ?ResetRecordList@@YA_NAAUsv_list@@@Z (bool __cdecl ResetRecordList(struct sv_list &))
      231    ?SetCacheUserAddr@@YAXV?$basic_string@DU?$char_traits@D@std@@V?$allocator@D@2@@std@@0@Z (void __cdecl SetCacheUserAddr(class std::basic_string<char,struct std::char_traits<char>,class std::allocator<char> >,class std::basic_string<char,struct std::char_traits<char>,class std::allocator<char> >))
      232    ?SetCgiVersionByFile@@YA_NV?$basic_string@DU?$char_traits@D@std@@V?$allocator@D@2@@std@@@Z (bool __cdecl SetCgiVersionByFile(class std::basic_string<char,struct std::char_traits<char>,class std::allocator<char> >))
      233    ?SetDYN@@YA_NV?$basic_string@DU?$char_traits@D@std@@V?$allocator@D@2@@std@@H00@Z (bool __cdecl SetDYN(class std::basic_string<char,struct std::char_traits<char>,class std::allocator<char> >,int,class std::basic_string<char,struct std::char_traits<char>,class std::allocator<char> >,class std::basic_string<char,struct std::char_traits<char>,class std::allocator<char> >))
      234    ?SetLogKeepDays@@YA_NHV?$basic_string@DU?$char_traits@D@std@@V?$allocator@D@2@@std@@0@Z (bool __cdecl SetLogKeepDays(int,class std::basic_string<char,struct std::char_traits<char>,class std::allocator<char> >,class std::basic_string<char,struct std::char_traits<char>,class std::allocator<char> >))
      235    ?SetServerPort@@YAXG@Z (void __cdecl SetServerPort(unsigned short))
      236    ?SetSvdbAddrByFile@@YA_NV?$basic_string@DU?$char_traits@D@std@@V?$allocator@D@2@@std@@@Z (bool __cdecl SetSvdbAddrByFile(class std::basic_string<char,struct std::char_traits<char>,class std::allocator<char> >))
      237    ?SetTaskValue@@YA_NV?$basic_string@DU?$char_traits@D@std@@V?$allocator@D@2@@std@@0PAX@Z (bool __cdecl SetTaskValue(class std::basic_string<char,struct std::char_traits<char>,class std::allocator<char> >,class std::basic_string<char,struct std::char_traits<char>,class std::allocator<char> >,void *))
      238    ?SubmitEntity@@YA_NPAXV?$basic_string@DU?$char_traits@D@std@@V?$allocator@D@2@@std@@1@Z (bool __cdecl SubmitEntity(void *,class std::basic_string<char,struct std::char_traits<char>,class std::allocator<char> >,class std::basic_string<char,struct std::char_traits<char>,class std::allocator<char> >))
      239    ?SubmitEntityGroup@@YA_NPAXV?$basic_string@DU?$char_traits@D@std@@V?$allocator@D@2@@std@@1@Z (bool __cdecl SubmitEntityGroup(void *,class std::basic_string<char,struct std::char_traits<char>,class std::allocator<char> >,class std::basic_string<char,struct std::char_traits<char>,class std::allocator<char> >))
      240    ?SubmitEntityTemplet@@YA_NPAXV?$basic_string@DU?$char_traits@D@std@@V?$allocator@D@2@@std@@1@Z (bool __cdecl SubmitEntityTemplet(void *,class std::basic_string<char,struct std::char_traits<char>,class std::allocator<char> >,class std::basic_string<char,struct std::char_traits<char>,class std::allocator<char> >))
      241    ?SubmitGroup@@YA_NPAXV?$basic_string@DU?$char_traits@D@std@@V?$allocator@D@2@@std@@1@Z (bool __cdecl SubmitGroup(void *,class std::basic_string<char,struct std::char_traits<char>,class std::allocator<char> >,class std::basic_string<char,struct std::char_traits<char>,class std::allocator<char> >))
      242    ?SubmitMonitor@@YA_NPAXV?$basic_string@DU?$char_traits@D@std@@V?$allocator@D@2@@std@@1@Z (bool __cdecl SubmitMonitor(void *,class std::basic_string<char,struct std::char_traits<char>,class std::allocator<char> >,class std::basic_string<char,struct std::char_traits<char>,class std::allocator<char> >))
      243    ?SubmitMonitorTemplet@@YA_NPAXV?$basic_string@DU?$char_traits@D@std@@V?$allocator@D@2@@std@@1@Z (bool __cdecl SubmitMonitorTemplet(void *,class std::basic_string<char,struct std::char_traits<char>,class std::allocator<char> >,class std::basic_string<char,struct std::char_traits<char>,class std::allocator<char> >))
      244    ?SubmitNNMEntity@@YA_NPAXV?$basic_string@DU?$char_traits@D@std@@V?$allocator@D@2@@std@@1@Z (bool __cdecl SubmitNNMEntity(void *,class std::basic_string<char,struct std::char_traits<char>,class std::allocator<char> >,class std::basic_string<char,struct std::char_traits<char>,class std::allocator<char> >))
      245    ?SubmitResource@@YA_NPAXV?$basic_string@DU?$char_traits@D@std@@V?$allocator@D@2@@std@@@Z (bool __cdecl SubmitResource(void *,class std::basic_string<char,struct std::char_traits<char>,class std::allocator<char> >))
      246    ?SubmitSVSE@@YA_NPAXV?$basic_string@DU?$char_traits@D@std@@V?$allocator@D@2@@std@@1@Z (bool __cdecl SubmitSVSE(void *,class std::basic_string<char,struct std::char_traits<char>,class std::allocator<char> >,class std::basic_string<char,struct std::char_traits<char>,class std::allocator<char> >))
      247    ?SubmitTask@@YA_NPAXV?$basic_string@DU?$char_traits@D@std@@V?$allocator@D@2@@std@@1@Z (bool __cdecl SubmitTask(void *,class std::basic_string<char,struct std::char_traits<char>,class std::allocator<char> >,class std::basic_string<char,struct std::char_traits<char>,class std::allocator<char> >))
      248    ?SubmitTopologyChart@@YA_NPAXV?$basic_string@DU?$char_traits@D@std@@V?$allocator@D@2@@std@@1@Z (bool __cdecl SubmitTopologyChart(void *,class std::basic_string<char,struct std::char_traits<char>,class std::allocator<char> >,class std::basic_string<char,struct std::char_traits<char>,class std::allocator<char> >))
      249    ?SubmitVirtualGroup@@YA_NPAXV?$basic_string@DU?$char_traits@D@std@@V?$allocator@D@2@@std@@1@Z (bool __cdecl SubmitVirtualGroup(void *,class std::basic_string<char,struct std::char_traits<char>,class std::allocator<char> >,class std::basic_string<char,struct std::char_traits<char>,class std::allocator<char> >))
      250    ?WriteIniFileInt@@YA_NV?$basic_string@DU?$char_traits@D@std@@V?$allocator@D@2@@std@@0H000@Z (bool __cdecl WriteIniFileInt(class std::basic_string<char,struct std::char_traits<char>,class std::allocator<char> >,class std::basic_string<char,struct std::char_traits<char>,class std::allocator<char> >,int,class std::basic_string<char,struct std::char_traits<char>,class std::allocator<char> >,class std::basic_string<char,struct std::char_traits<char>,class std::allocator<char> >,class std::basic_string<char,struct std::char_traits<char>,class std::allocator<char> >))
      251    ?WriteIniFileString@@YA_NV?$basic_string@DU?$char_traits@D@std@@V?$allocator@D@2@@std@@00000@Z (bool __cdecl WriteIniFileString(class std::basic_string<char,struct std::char_traits<char>,class std::allocator<char> >,class std::basic_string<char,struct std::char_traits<char>,class std::allocator<char> >,class std::basic_string<char,struct std::char_traits<char>,class std::allocator<char> >,class std::basic_string<char,struct std::char_traits<char>,class std::allocator<char> >,class std::basic_string<char,struct std::char_traits<char>,class std::allocator<char> >,class std::basic_string<char,struct std::char_traits<char>,class std::allocator<char> >))
      252    ?WriteIniFileStruct@@YA_NV?$basic_string@DU?$char_traits@D@std@@V?$allocator@D@2@@std@@0PAXI000@Z (bool __cdecl WriteIniFileStruct(class std::basic_string<char,struct std::char_traits<char>,class std::allocator<char> >,class std::basic_string<char,struct std::char_traits<char>,class std::allocator<char> >,void *,unsigned int,class std::basic_string<char,struct std::char_traits<char>,class std::allocator<char> >,class std::basic_string<char,struct std::char_traits<char>,class std::allocator<char> >,class std::basic_string<char,struct std::char_traits<char>,class std::allocator<char> >))
      253    ?WriteIniSectionManyString@@YA_NABV?$map@V?$basic_string@DU?$char_traits@D@std@@V?$allocator@D@2@@std@@V12@U?$less@V?$basic_string@DU?$char_traits@D@std@@V?$allocator@D@2@@std@@@2@V?$allocator@U?$pair@$$CBV?$basic_string@DU?$char_traits@D@std@@V?$allocator@D@2@@std@@V12@@std@@@2@@std@@V?$basic_string@DU?$char_traits@D@std@@V?$allocator@D@2@@2@111@Z (bool __cdecl WriteIniSectionManyString(class std::map<class std::basic_string<char,struct std::char_traits<char>,class std::allocator<char> >,class std::basic_string<char,struct std::char_traits<char>,class std::allocator<char> >,struct std::less<class std::basic_string<char,struct std::char_traits<char>,class std::allocator<char> > >,class std::allocator<struct std::pair<class std::basic_string<char,struct std::char_traits<char>,class std::allocator<char> > const ,class std::basic_string<char,struct std::char_traits<char>,class std::allocator<char> > > > > const &,class std::basic_string<char,struct std::char_traits<char>,class std::allocator<char> >,class std::basic_string<char,struct std::char_traits<char>,class std::allocator<char> >,class std::basic_string<char,struct std::char_traits<char>,class std::allocator<char> >,class std::basic_string<char,struct std::char_traits<char>,class std::allocator<char> >))
      254    ?isDemoMode@@YA_NXZ (bool __cdecl isDemoMode(void))
