 svdb_comb

 Timestamp is 4ffe2c59 (Thu Jul 12 09:46:01 2012)

 Preferred load address is 00400000

 Start         Length     Name                   Class
 0001:00000000 0004eeb0H .text                   CODE
 0001:0004eeb0 00005a1eH .text$x                 CODE
 0001:000548d0 0000022bH .text$yc                CODE
 0001:00054b00 0000010aH .text$yd                CODE
 0002:00000000 00000368H .idata$5                DATA
 0002:00000370 00003cc5H .rdata                  DATA
 0002:00004038 0000006eH .rdata$debug            DATA
 0002:000040a8 00000044H .rdata$r                DATA
 0002:000040ec 00000004H .rtc$IAA                DATA
 0002:000040f0 00000004H .rtc$IMZ                DATA
 0002:000040f4 00000004H .rtc$IZZ                DATA
 0002:000040f8 00000004H .rtc$TAA                DATA
 0002:000040fc 00000004H .rtc$TMZ                DATA
 0002:00004100 00000004H .rtc$TZZ                DATA
 0002:00004104 00007ac0H .xdata$x                DATA
 0002:0000bbc4 0000008cH .idata$2                DATA
 0002:0000bc50 00000014H .idata$3                DATA
 0002:0000bc64 00000368H .idata$4                DATA
 0002:0000bfcc 00001c9aH .idata$6                DATA
 0002:0000dc66 00000000H .edata                  DATA
 0003:00000000 00000004H .CRT$XCA                DATA
 0003:00000004 00000004H .CRT$XCAA               DATA
 0003:00000008 00000048H .CRT$XCU                DATA
 0003:00000050 00000004H .CRT$XCZ                DATA
 0003:00000054 00000004H .CRT$XIA                DATA
 0003:00000058 00000004H .CRT$XIZ                DATA
 0003:00000060 0000023cH .data                   DATA
 0003:000002a0 0000030cH .bss                    DATA
 0004:00000000 00000080H .siteviewSvdbAlreadyRunSignal DATA

  Address         Publics by Value              Rva+Base     Lib:Object

 0000:00000000       ___safe_se_handler_table   00000000     <absolute>
 0000:00000000       __except_list              00000000     <absolute>
 0000:00000000       ___safe_se_handler_count   00000000     <absolute>
 0000:00009876       __ldused                   00009876     <absolute>
 0000:00009876       __fltused                  00009876     <absolute>
 0001:00000000       ??1QueryData@@QAE@XZ       00401000 f i QueryData.obj
 0001:00000000       ??1TTime@svutil@@QAE@XZ    00401000 f i DB.obj
 0001:00000000       ??3@YAXPAX0@Z              00401000 f i DB.obj
 0001:00000010       ??1logic_error@std@@UAE@XZ 00401010 f i DB.obj
 0001:00000070       ?what@logic_error@std@@UBEPBDXZ 00401070 f i DB.obj
 0001:00000080       ??_Elogic_error@std@@UAEPAXI@Z 00401080 f i DB.obj
 0001:00000080       ??_Glogic_error@std@@UAEPAXI@Z 00401080 f i DB.obj
 0001:000000a0       ??_Glength_error@std@@UAEPAXI@Z 004010a0 f i DB.obj
 0001:000000a0       ??_Elength_error@std@@UAEPAXI@Z 004010a0 f i DB.obj
 0001:000000c0       ??1length_error@std@@UAE@XZ 004010c0 f i DB.obj
 0001:000000d0       ??0word@svutil@@QAE@XZ     004010d0 f i DB.obj
 0001:000000f0       ??_Gword@svutil@@UAEPAXI@Z 004010f0 f i DB.obj
 0001:000000f0       ??_Eword@svutil@@UAEPAXI@Z 004010f0 f i DB.obj
 0001:00000120       ?GetCurrentTimeEx@TTime@svutil@@SA?AV12@XZ 00401120 f i DB.obj
 0001:00000150       ??0exception@svutil@@QAE@PBD0@Z 00401150 f i DB.obj
 0001:00000210       ?GetErrorType@exception@svutil@@UBEPBDXZ 00401210 f i DB.obj
 0001:00000220       ?GetDescription@exception@svutil@@UBEPBDXZ 00401220 f i DB.obj
 0001:00000230       ??_Eexception@svutil@@UAEPAXI@Z 00401230 f i DB.obj
 0001:00000230       ??_Gexception@svutil@@UAEPAXI@Z 00401230 f i DB.obj
 0001:00000250       ?_Xlen@?$vector@PAVDataType@@V?$allocator@PAVDataType@@@std@@@std@@IBEXXZ 00401250 f i DB.obj
 0001:00000250       ?_Xlen@?$vector@PAV?$hashnode@Vword@svutil@@PAVQueue@@@svutil@@V?$allocator@PAV?$hashnode@Vword@svutil@@PAVQueue@@@svutil@@@std@@@std@@IBEXXZ 00401250 f i DB.obj
 0001:00000250       ?_Xlen@?$vector@PAV?$hashnode@Vword@svutil@@PAVTable@@@svutil@@V?$allocator@PAV?$hashnode@Vword@svutil@@PAVTable@@@svutil@@@std@@@std@@IBEXXZ 00401250 f i DB.obj
 0001:000002d0       ??0logic_error@std@@QAE@ABV01@@Z 004012d0 f i DB.obj
 0001:00000330       ??0?$hashelement@Vword@svutil@@PAVTable@@@svutil@@QAE@ABVword@1@ABQAVTable@@@Z 00401330 f i DB.obj
 0001:00000330       ??0?$hashelement@Vword@svutil@@PAVQueue@@@svutil@@QAE@ABVword@1@ABQAVQueue@@@Z 00401330 f i DB.obj
 0001:000003a0       ??0?$hashelement@Vword@svutil@@PAVTable@@@svutil@@QAE@ABVword@1@@Z 004013a0 f i DB.obj
 0001:000003a0       ??0?$hashelement@Vword@svutil@@PAVQueue@@@svutil@@QAE@ABVword@1@@Z 004013a0 f i DB.obj
 0001:00000400       ??1sentry@?$basic_istream@DU?$char_traits@D@std@@@std@@QAE@XZ 00401400 f i DB.obj
 0001:00000400       ??1_Sentry_base@?$basic_ostream@DU?$char_traits@D@std@@@std@@QAE@XZ 00401400 f i DB.obj
 0001:00000400       ??1_Sentry_base@?$basic_istream@DU?$char_traits@D@std@@@std@@QAE@XZ 00401400 f i DB.obj
 0001:00000420       ??1?$treenode@V?$hashelement@Vword@svutil@@PAVTable@@@svutil@@@svutil@@UAE@XZ 00401420 f i DB.obj
 0001:00000440       ??1?$treenode@V?$hashelement@Vword@svutil@@PAVQueue@@@svutil@@@svutil@@UAE@XZ 00401440 f i DB.obj
 0001:00000460       ??_E?$treenode@V?$hashelement@Vword@svutil@@PAVTable@@@svutil@@@svutil@@UAEPAXI@Z 00401460 f i DB.obj
 0001:00000460       ??_G?$treenode@V?$hashelement@Vword@svutil@@PAVTable@@@svutil@@@svutil@@UAEPAXI@Z 00401460 f i DB.obj
 0001:00000480       ??_E?$treenode@V?$hashelement@Vword@svutil@@PAVQueue@@@svutil@@@svutil@@UAEPAXI@Z 00401480 f i DB.obj
 0001:00000480       ??_G?$treenode@V?$hashelement@Vword@svutil@@PAVQueue@@@svutil@@@svutil@@UAEPAXI@Z 00401480 f i DB.obj
 0001:000004a0       ??0?$hashelement@Vword@svutil@@V12@@svutil@@QAE@ABVword@1@@Z 004014a0 f i DB.obj
 0001:00000520       ??1?$hashelement@Vword@svutil@@V12@@svutil@@QAE@XZ 00401520 f i DB.obj
 0001:00000560       ??M?$treenode@V?$hashelement@Vword@svutil@@PAVTable@@@svutil@@@svutil@@QAE_NV01@@Z 00401560 f i DB.obj
 0001:000005d0       ??O?$treenode@V?$hashelement@Vword@svutil@@PAVTable@@@svutil@@@svutil@@QAE_NV01@@Z 004015d0 f i DB.obj
 0001:00000640       ??0?$treenode@V?$hashelement@Vword@svutil@@PAVTable@@@svutil@@@svutil@@QAE@ABV01@@Z 00401640 f i DB.obj
 0001:000006c0       ??M?$treenode@V?$hashelement@Vword@svutil@@PAVQueue@@@svutil@@@svutil@@QAE_NV01@@Z 004016c0 f i DB.obj
 0001:00000730       ??O?$treenode@V?$hashelement@Vword@svutil@@PAVQueue@@@svutil@@@svutil@@QAE_NV01@@Z 00401730 f i DB.obj
 0001:000007a0       ??0?$treenode@V?$hashelement@Vword@svutil@@PAVQueue@@@svutil@@@svutil@@QAE@ABV01@@Z 004017a0 f i DB.obj
 0001:00000820       ?CountNodes@?$sorttree@V?$hashelement@Vword@svutil@@PAVTable@@@svutil@@@svutil@@AAEXPAV?$treenode@V?$hashelement@Vword@svutil@@PAVTable@@@svutil@@@2@AAK@Z 00401820 f i DB.obj
 0001:00000850       ?CountNodes@?$sorttree@V?$hashelement@Vword@svutil@@PAVQueue@@@svutil@@@svutil@@AAEXPAV?$treenode@V?$hashelement@Vword@svutil@@PAVQueue@@@svutil@@@2@AAK@Z 00401850 f i DB.obj
 0001:00000880       ??$?HDU?$char_traits@D@std@@V?$allocator@D@1@@std@@YA?AV?$basic_string@DU?$char_traits@D@std@@V?$allocator@D@2@@0@ABV10@0@Z 00401880 f i DB.obj
 0001:00000900       ??$?HDU?$char_traits@D@std@@V?$allocator@D@1@@std@@YA?AV?$basic_string@DU?$char_traits@D@std@@V?$allocator@D@2@@0@ABV10@PBD@Z 00401900 f i DB.obj
 0001:00000980       ??0?$treenode@V?$hashelement@Vword@svutil@@PAVTable@@@svutil@@@svutil@@QAE@ABV?$hashelement@Vword@svutil@@PAVTable@@@1@@Z 00401980 f i DB.obj
 0001:00000a00       ??0?$treenode@V?$hashelement@Vword@svutil@@PAVQueue@@@svutil@@@svutil@@QAE@ABV?$hashelement@Vword@svutil@@PAVQueue@@@1@@Z 00401a00 f i DB.obj
 0001:00000a80       ?CreatePagePool@PagePool@@QAE_NHV?$basic_string@DU?$char_traits@D@std@@V?$allocator@D@2@@std@@HH@Z 00401a80 f i DB.obj
 0001:00000bc0       ?CreateNewEx@DB@@QAE_NV?$basic_string@DU?$char_traits@D@std@@V?$allocator@D@2@@std@@0HHH@Z 00401bc0 f   DB.obj
 0001:00000dc0       ??0sentry@?$basic_istream@DU?$char_traits@D@std@@@std@@QAE@AAV12@_N@Z 00401dc0 f i DB.obj
 0001:00000e30       ??0sentry@?$basic_ostream@DU?$char_traits@D@std@@@std@@QAE@AAV12@@Z 00401e30 f i DB.obj
 0001:00000ec0       ??1sentry@?$basic_ostream@DU?$char_traits@D@std@@@std@@QAE@XZ 00401ec0 f i DB.obj
 0001:00000f30       ??0length_error@std@@QAE@ABV01@@Z 00401f30 f i DB.obj
 0001:00000f50       ?DeleteTree@?$sorttree@V?$hashelement@Vword@svutil@@PAVTable@@@svutil@@@svutil@@QAEXPAV?$treenode@V?$hashelement@Vword@svutil@@PAVTable@@@svutil@@@2@@Z 00401f50 f i DB.obj
 0001:00000fa0       ?DeleteTree@?$sorttree@V?$hashelement@Vword@svutil@@PAVQueue@@@svutil@@@svutil@@QAEXPAV?$treenode@V?$hashelement@Vword@svutil@@PAVQueue@@@svutil@@@2@@Z 00401fa0 f i DB.obj
 0001:00000ff0       ?RomoveNode@?$sorttree@V?$hashelement@Vword@svutil@@PAVQueue@@@svutil@@@svutil@@QAEXABV?$hashelement@Vword@svutil@@PAVQueue@@@2@@Z 00401ff0 f i DB.obj
 0001:00000ff0       ?RomoveNode@?$sorttree@V?$hashelement@Vword@svutil@@PAVTable@@@svutil@@@svutil@@QAEXABV?$hashelement@Vword@svutil@@PAVTable@@@2@@Z 00401ff0 f i DB.obj
 0001:00001190       ?findnode@?$sorttree@V?$hashelement@Vword@svutil@@V12@@svutil@@@svutil@@QAEPAV?$treenode@V?$hashelement@Vword@svutil@@V12@@svutil@@@2@ABV?$hashelement@Vword@svutil@@V12@@2@PAV32@@Z 00402190 f i DB.obj
 0001:00001200       ?InsertNode@?$sorttree@V?$hashelement@Vword@svutil@@PAVTable@@@svutil@@@svutil@@QAEXPAV?$treenode@V?$hashelement@Vword@svutil@@PAVTable@@@svutil@@@2@0@Z 00402200 f i DB.obj
 0001:00001290       ?findnextnode@?$sorttree@V?$hashelement@Vword@svutil@@PAVTable@@@svutil@@@svutil@@ABEPAV?$treenode@V?$hashelement@Vword@svutil@@PAVTable@@@svutil@@@2@AAV?$hashelement@Vword@svutil@@PAVTable@@@2@AA_NPAV32@@Z 00402290 f i DB.obj
 0001:00001300       ?InsertNode@?$sorttree@V?$hashelement@Vword@svutil@@PAVQueue@@@svutil@@@svutil@@QAEXPAV?$treenode@V?$hashelement@Vword@svutil@@PAVQueue@@@svutil@@@2@0@Z 00402300 f i DB.obj
 0001:00001390       ?findnextnode@?$sorttree@V?$hashelement@Vword@svutil@@PAVQueue@@@svutil@@@svutil@@ABEPAV?$treenode@V?$hashelement@Vword@svutil@@PAVQueue@@@svutil@@@2@AAV?$hashelement@Vword@svutil@@PAVQueue@@@2@AA_NPAV32@@Z 00402390 f i DB.obj
 0001:00001400       ??$getline@DU?$char_traits@D@std@@V?$allocator@D@2@@std@@YAAAV?$basic_istream@DU?$char_traits@D@std@@@0@AAV10@AAV?$basic_string@DU?$char_traits@D@std@@V?$allocator@D@2@@0@D@Z 00402400 f i DB.obj
 0001:00001570       ??$?6DU?$char_traits@D@std@@V?$allocator@D@1@@std@@YAAAV?$basic_ostream@DU?$char_traits@D@std@@@0@AAV10@ABV?$basic_string@DU?$char_traits@D@std@@V?$allocator@D@2@@0@@Z 00402570 f i DB.obj
 0001:00001770       ??$CreateNode@V?$hashelement@Vword@svutil@@PAVTable@@@svutil@@@?$sorttree@V?$hashelement@Vword@svutil@@PAVTable@@@svutil@@@svutil@@SAPAV?$treenode@V?$hashelement@Vword@svutil@@PAVTable@@@svutil@@@1@ABV?$hashelement@Vword@svutil@@PAVTable@@@1@@Z 00402770 f i DB.obj
 0001:000017d0       ??$CreateNode@V?$hashelement@Vword@svutil@@PAVQueue@@@svutil@@@?$sorttree@V?$hashelement@Vword@svutil@@PAVQueue@@@svutil@@@svutil@@SAPAV?$treenode@V?$hashelement@Vword@svutil@@PAVQueue@@@svutil@@@1@ABV?$hashelement@Vword@svutil@@PAVQueue@@@1@@Z 004027d0 f i DB.obj
 0001:00001830       ??_E?$sorttree@V?$hashelement@Vword@svutil@@PAVTable@@@svutil@@@svutil@@UAEPAXI@Z 00402830 f i DB.obj
 0001:00001830       ??_G?$sorttree@V?$hashelement@Vword@svutil@@PAVTable@@@svutil@@@svutil@@UAEPAXI@Z 00402830 f i DB.obj
 0001:00001890       ??_G?$sorttree@V?$hashelement@Vword@svutil@@PAVQueue@@@svutil@@@svutil@@UAEPAXI@Z 00402890 f i DB.obj
 0001:00001890       ??_E?$sorttree@V?$hashelement@Vword@svutil@@PAVQueue@@@svutil@@@svutil@@UAEPAXI@Z 00402890 f i DB.obj
 0001:000018f0       ?clear@?$list@Viterator@?$list@VSingelRecord@@V?$allocator@VSingelRecord@@@std@@@std@@V?$allocator@Viterator@?$list@VSingelRecord@@V?$allocator@VSingelRecord@@@std@@@std@@@3@@std@@QAEXXZ 004028f0 f i WorkThread.obj
 0001:000018f0       ?clear@?$list@PAVStringMap@@V?$allocator@PAVStringMap@@@std@@@std@@QAEXXZ 004028f0 f i DB.obj
 0001:000018f0       ?clear@?$list@PAVThreadEx@@V?$allocator@PAVThreadEx@@@std@@@std@@QAEXXZ 004028f0 f i ThreadContrl.obj
 0001:000018f0       ?clear@?$list@HV?$allocator@H@std@@@std@@QAEXXZ 004028f0 f i EntityTemplet.obj
 0001:000018f0       ?clear@?$list@PAVEntityRelation@@V?$allocator@PAVEntityRelation@@@std@@@std@@QAEXXZ 004028f0 f i EntityEx.obj
 0001:000018f0       ?clear@?$list@PAVEdge@@V?$allocator@PAVEdge@@@std@@@std@@QAEXXZ 004028f0 f i TopologyChart.obj
 0001:000018f0       ?clear@?$list@PAVPage@@V?$allocator@PAVPage@@@std@@@std@@QAEXXZ 004028f0 f i PagePool.obj
 0001:00001930       ?_Buynode@?$list@V?$basic_string@DU?$char_traits@D@std@@V?$allocator@D@2@@std@@V?$allocator@V?$basic_string@DU?$char_traits@D@std@@V?$allocator@D@2@@std@@@2@@std@@IAEPAU_Node@?$_List_nod@V?$basic_string@DU?$char_traits@D@std@@V?$allocator@D@2@@std@@V?$allocator@V?$basic_string@DU?$char_traits@D@std@@V?$allocator@D@2@@std@@@2@@2@PAU342@0ABV?$basic_string@DU?$char_traits@D@std@@V?$allocator@D@2@@2@@Z 00402930 f i DB.obj
 0001:000019c0       ?_Incsize@?$list@V?$basic_string@DU?$char_traits@D@std@@V?$allocator@D@2@@std@@V?$allocator@V?$basic_string@DU?$char_traits@D@std@@V?$allocator@D@2@@std@@@2@@std@@IAEXI@Z 004029c0 f i DB.obj
 0001:00001a60       ?_Buynode@?$list@VSingelRecord@@V?$allocator@VSingelRecord@@@std@@@std@@IAEPAU_Node@?$_List_nod@VSingelRecord@@V?$allocator@VSingelRecord@@@std@@@2@PAU342@0ABVSingelRecord@@@Z 00402a60 f i DB.obj
 0001:00001b00       ?_Incsize@?$list@VSingelRecord@@V?$allocator@VSingelRecord@@@std@@@std@@IAEXI@Z 00402b00 f i DB.obj
 0001:00001ba0       ?find@?$hashnode@Vword@svutil@@V12@@svutil@@QAE_NABVword@2@PAPAV?$hashelement@Vword@svutil@@V12@@2@@Z 00402ba0 f i DB.obj
 0001:00001ca0       ?InsertNodeEx@?$sorttree@V?$hashelement@Vword@svutil@@PAVTable@@@svutil@@@svutil@@QAEAAV?$hashelement@Vword@svutil@@PAVTable@@@2@ABV32@@Z 00402ca0 f i DB.obj
 0001:00001d30       ??1exception@svutil@@UAE@XZ 00402d30 f i DB.obj
 0001:00001d40       ??0exception@svutil@@QAE@ABV01@@Z 00402d40 f i DB.obj
 0001:00001d90       ?find@?$hashnode@Vword@svutil@@PAVTable@@@svutil@@QAE_NABVword@2@PAPAV?$hashelement@Vword@svutil@@PAVTable@@@2@@Z 00402d90 f i DB.obj
 0001:00001d90       ?find@?$hashnode@Vword@svutil@@PAVQueue@@@svutil@@QAE_NABVword@2@PAPAV?$hashelement@Vword@svutil@@PAVQueue@@@2@@Z 00402d90 f i DB.obj
 0001:00001e60       ?InsertNodeEx@?$sorttree@V?$hashelement@Vword@svutil@@PAVQueue@@@svutil@@@svutil@@QAEAAV?$hashelement@Vword@svutil@@PAVQueue@@@2@ABV32@@Z 00402e60 f i DB.obj
 0001:00001ef0       ?erase@?$list@Viterator@?$list@VSingelRecord@@V?$allocator@VSingelRecord@@@std@@@std@@V?$allocator@Viterator@?$list@VSingelRecord@@V?$allocator@VSingelRecord@@@std@@@std@@@3@@std@@QAE?AViterator@12@V312@@Z 00402ef0 f i WorkThread.obj
 0001:00001ef0       ?erase@?$list@PAVStringMap@@V?$allocator@PAVStringMap@@@std@@@std@@QAE?AViterator@12@V312@@Z 00402ef0 f i DB.obj
 0001:00001f30       ?_Incsize@?$list@PAVStringMap@@V?$allocator@PAVStringMap@@@std@@@std@@IAEXI@Z 00402f30 f i DB.obj
 0001:00001fd0       ?find@?$hashnode@Vword@svutil@@V12@@svutil@@QAE_NABVword@2@PAPAV32@@Z 00402fd0 f i DB.obj
 0001:00002030       ??1?$hashnode@Vword@svutil@@PAVTable@@@svutil@@QAE@XZ 00403030 f i DB.obj
 0001:000020c0       ?insert@?$hashnode@Vword@svutil@@PAVTable@@@svutil@@QAEAAV?$hashelement@Vword@svutil@@PAVTable@@@2@ABVword@2@ABQAVTable@@@Z 004030c0 f i DB.obj
 0001:000021a0       ?find@?$hashnode@Vword@svutil@@PAVTable@@@svutil@@QAE_NABVword@2@PAPAPAVTable@@@Z 004031a0 f i DB.obj
 0001:000021a0       ?find@?$hashnode@Vword@svutil@@PAVQueue@@@svutil@@QAE_NABVword@2@PAPAPAVQueue@@@Z 004031a0 f i DB.obj
 0001:00002200       ??1?$hashnode@Vword@svutil@@PAVQueue@@@svutil@@QAE@XZ 00403200 f i DB.obj
 0001:00002290       ?insert@?$hashnode@Vword@svutil@@PAVQueue@@@svutil@@QAEAAV?$hashelement@Vword@svutil@@PAVQueue@@@2@ABVword@2@ABQAVQueue@@@Z 00403290 f i DB.obj
 0001:00002370       ?_Insert_n@?$vector@PAV?$hashnode@Vword@svutil@@PAVTable@@@svutil@@V?$allocator@PAV?$hashnode@Vword@svutil@@PAVTable@@@svutil@@@std@@@std@@IAEXViterator@12@IABQAV?$hashnode@Vword@svutil@@PAVTable@@@svutil@@@Z 00403370 f i DB.obj
 0001:00002370       ?_Insert_n@?$vector@PAV?$hashnode@Vword@svutil@@PAVQueue@@@svutil@@V?$allocator@PAV?$hashnode@Vword@svutil@@PAVQueue@@@svutil@@@std@@@std@@IAEXViterator@12@IABQAV?$hashnode@Vword@svutil@@PAVQueue@@@svutil@@@Z 00403370 f i DB.obj
 0001:00002370       ?_Insert_n@?$vector@PAVDataType@@V?$allocator@PAVDataType@@@std@@@std@@IAEXViterator@12@IABQAVDataType@@@Z 00403370 f i DB.obj
 0001:00002560       ?Find@MonitorTempletPool@@QAE_NH@Z 00403560 f i DB.obj
 0001:00002590       ?find@?$hashtable@Vword@svutil@@V12@@svutil@@QAEPAVword@2@ABV32@@Z 00403590 f i DB.obj
 0001:00002600       ?find@?$hashtable@Vword@svutil@@PAVTable@@@svutil@@QAEPAPAVTable@@ABVword@2@@Z 00403600 f i DB.obj
 0001:00002600       ?find@?$hashtable@Vword@svutil@@PAVQueue@@@svutil@@QAEPAPAVQueue@@ABVword@2@@Z 00403600 f i DB.obj
 0001:00002670       ?find@?$_Tree@V?$_Tmap_traits@V?$basic_string@DU?$char_traits@D@std@@V?$allocator@D@2@@std@@PAVDB@@U?$less@V?$basic_string@DU?$char_traits@D@std@@V?$allocator@D@2@@std@@@2@V?$allocator@U?$pair@$$CBV?$basic_string@DU?$char_traits@D@std@@V?$allocator@D@2@@std@@PAVDB@@@std@@@2@$0A@@std@@@std@@QAE?AViterator@12@ABV?$basic_string@DU?$char_traits@D@std@@V?$allocator@D@2@@2@@Z 00403670 f i WorkThread.obj
 0001:00002670       ?find@?$_Tree@V?$_Tmap_traits@V?$basic_string@DU?$char_traits@D@std@@V?$allocator@D@2@@std@@VTTime@svutil@@U?$less@V?$basic_string@DU?$char_traits@D@std@@V?$allocator@D@2@@std@@@2@V?$allocator@U?$pair@$$CBV?$basic_string@DU?$char_traits@D@std@@V?$allocator@D@2@@std@@VTTime@svutil@@@std@@@2@$0A@@std@@@std@@QAE?AViterator@12@ABV?$basic_string@DU?$char_traits@D@std@@V?$allocator@D@2@@2@@Z 00403670 f i DB.obj
 0001:000026d0       ?push_back@?$list@VSingelRecord@@V?$allocator@VSingelRecord@@@std@@@std@@QAEXABVSingelRecord@@@Z 004036d0 f i DB.obj
 0001:00002710       ?clearnodes@?$hashtable@Vword@svutil@@PAVTable@@@svutil@@IAEXXZ 00403710 f i DB.obj
 0001:00002780       ?clearnodes@?$hashtable@Vword@svutil@@PAVQueue@@@svutil@@IAEXXZ 00403780 f i DB.obj
 0001:000027f0       ?findnext@?$hashnode@Vword@svutil@@PAVTable@@@svutil@@QAE_NAAV?$hashelement@Vword@svutil@@PAVTable@@@2@PAPAV32@@Z 004037f0 f i DB.obj
 0001:000028a0       ?erase@?$hashnode@Vword@svutil@@PAVTable@@@svutil@@QAE_NABVword@2@@Z 004038a0 f i DB.obj
 0001:000029b0       ?findnext@?$hashnode@Vword@svutil@@PAVQueue@@@svutil@@QAE_NAAV?$hashelement@Vword@svutil@@PAVQueue@@@2@PAPAV32@@Z 004039b0 f i DB.obj
 0001:00002a60       ?erase@?$hashnode@Vword@svutil@@PAVQueue@@@svutil@@QAE_NABVword@2@@Z 00403a60 f i DB.obj
 0001:00002b70       ??$_Insert@Vconst_iterator@?$list@PAVStringMap@@V?$allocator@PAVStringMap@@@std@@@std@@@?$list@PAVStringMap@@V?$allocator@PAVStringMap@@@std@@@std@@QAEXViterator@01@Vconst_iterator@01@1Uforward_iterator_tag@1@@Z 00403b70 f i DB.obj
 0001:00002c20       ?QueryRecordByCount@DB@@QAEHV?$basic_string@DU?$char_traits@D@std@@V?$allocator@D@2@@std@@IAAVbuffer@svutil@@AAH@Z 00403c20 f   DB.obj
 0001:00002dd0       ?QueryRecordCount@DB@@QAE_NV?$basic_string@DU?$char_traits@D@std@@V?$allocator@D@2@@std@@AAH@Z 00403dd0 f   DB.obj
 0001:00002f00       ?QueryRecordByTimeEx@DB@@QAEHV?$basic_string@DU?$char_traits@D@std@@V?$allocator@D@2@@std@@VTTime@svutil@@1AAVbuffer@5@AAH@Z 00403f00 f   DB.obj
 0001:000030d0       ?QueryDyn@DB@@QAEHV?$basic_string@DU?$char_traits@D@std@@V?$allocator@D@2@@std@@PADAAI@Z 004040d0 f   DB.obj
 0001:000031f0       ?QueryDynNOStr@DB@@QAEHV?$basic_string@DU?$char_traits@D@std@@V?$allocator@D@2@@std@@PADAAI@Z 004041f0 f   DB.obj
 0001:00003310       ?DeleteRecordsByTime@DB@@QAE_NV?$basic_string@DU?$char_traits@D@std@@V?$allocator@D@2@@std@@VTTime@svutil@@@Z 00404310 f   DB.obj
 0001:00003430       ?GetQueueAllMessageLabels@DB@@QAE_NVword@svutil@@AAV?$list@V?$basic_string@DU?$char_traits@D@std@@V?$allocator@D@2@@std@@V?$allocator@V?$basic_string@DU?$char_traits@D@std@@V?$allocator@D@2@@std@@@2@@std@@@Z 00404430 f   DB.obj
 0001:00003550       ?AppendQueueMessage@DB@@QAE_NV?$basic_string@DU?$char_traits@D@std@@V?$allocator@D@2@@std@@PBDI@Z 00404550 f   DB.obj
 0001:00003670       ?PeekQueueMessage@DB@@QAEHV?$basic_string@DU?$char_traits@D@std@@V?$allocator@D@2@@std@@AAVbuffer@svutil@@AAI_NI@Z 00404670 f   DB.obj
 0001:00003780       ?PopQueueMessage@DB@@QAEHV?$basic_string@DU?$char_traits@D@std@@V?$allocator@D@2@@std@@AAVbuffer@svutil@@AAI_NI@Z 00404780 f   DB.obj
 0001:00003890       ?GetQueueRecordCount@DB@@QAEHV?$basic_string@DU?$char_traits@D@std@@V?$allocator@D@2@@std@@AAI@Z 00404890 f   DB.obj
 0001:000039a0       ?ClearQueueRecords@DB@@QAEHV?$basic_string@DU?$char_traits@D@std@@V?$allocator@D@2@@std@@@Z 004049a0 f   DB.obj
 0001:00003ac0       ?push_back@?$vector@PAVDataType@@V?$allocator@PAVDataType@@@std@@@std@@QAEXABQAVDataType@@@Z 00404ac0 f i DB.obj
 0001:00003b10       ??1?$hashtable@Vword@svutil@@PAVTable@@@svutil@@QAE@XZ 00404b10 f i DB.obj
 0001:00003b70       ?erase@?$hashtable@Vword@svutil@@PAVTable@@@svutil@@QAE_NABVword@2@@Z 00404b70 f i DB.obj
 0001:00003c10       ?findnext@?$hashtable@Vword@svutil@@PAVTable@@@svutil@@QAE_NAAViterator@12@@Z 00404c10 f i DB.obj
 0001:00003cb0       ??1?$hashtable@Vword@svutil@@PAVQueue@@@svutil@@QAE@XZ 00404cb0 f i DB.obj
 0001:00003d10       ?erase@?$hashtable@Vword@svutil@@PAVQueue@@@svutil@@QAE_NABVword@2@@Z 00404d10 f i DB.obj
 0001:00003db0       ?findnext@?$hashtable@Vword@svutil@@PAVQueue@@@svutil@@QAE_NAAViterator@12@@Z 00404db0 f i DB.obj
 0001:00003e50       ?resize@?$vector@PAV?$hashnode@Vword@svutil@@PAVQueue@@@svutil@@V?$allocator@PAV?$hashnode@Vword@svutil@@PAVQueue@@@svutil@@@std@@@std@@QAEXIPAV?$hashnode@Vword@svutil@@PAVQueue@@@svutil@@@Z 00404e50 f i DB.obj
 0001:00003e50       ?resize@?$vector@PAV?$hashnode@Vword@svutil@@PAVTable@@@svutil@@V?$allocator@PAV?$hashnode@Vword@svutil@@PAVTable@@@svutil@@@std@@@std@@QAEXIPAV?$hashnode@Vword@svutil@@PAVTable@@@svutil@@@Z 00404e50 f i DB.obj
 0001:00003ee0       ?FlushData@DB@@IAE_NXZ     00404ee0 f   DB.obj
 0001:00003f50       ?QueryMassDyn@DB@@QAEHV?$basic_string@DU?$char_traits@D@std@@V?$allocator@D@2@@std@@AAV?$map@V?$basic_string@DU?$char_traits@D@std@@V?$allocator@D@2@@std@@VTTime@svutil@@U?$less@V?$basic_string@DU?$char_traits@D@std@@V?$allocator@D@2@@std@@@2@V?$allocator@U?$pair@$$CBV?$basic_string@DU?$char_traits@D@std@@V?$allocator@D@2@@std@@VTTime@svutil@@@std@@@2@@3@AAV?$list@VSingelRecord@@V?$allocator@VSingelRecord@@@std@@@3@@Z 00404f50 f   DB.obj
 0001:000041b0       ?DeleteTable@DB@@QAE_NV?$basic_string@DU?$char_traits@D@std@@V?$allocator@D@2@@std@@@Z 004051b0 f   DB.obj
 0001:00004350       ?GetAllTableNames@DB@@QAE_NAAV?$list@V?$basic_string@DU?$char_traits@D@std@@V?$allocator@D@2@@std@@V?$allocator@V?$basic_string@DU?$char_traits@D@std@@V?$allocator@D@2@@std@@@2@@std@@@Z 00405350 f   DB.obj
 0001:00004440       ?GetAllQueueNames@DB@@QAE_NAAV?$list@V?$basic_string@DU?$char_traits@D@std@@V?$allocator@D@2@@std@@V?$allocator@V?$basic_string@DU?$char_traits@D@std@@V?$allocator@D@2@@std@@@2@@std@@@Z 00405440 f   DB.obj
 0001:00004530       ?DeleteQueue@DB@@QAEHV?$basic_string@DU?$char_traits@D@std@@V?$allocator@D@2@@std@@@Z 00405530 f   DB.obj
 0001:000046c0       ??0?$list@PAVStringMap@@V?$allocator@PAVStringMap@@@std@@@std@@QAE@ABV01@@Z 004056c0 f i DB.obj
 0001:00004740       ??0?$hashtable@Vword@svutil@@PAVQueue@@@svutil@@QAE@XZ 00405740 f i DB.obj
 0001:00004740       ??0?$hashtable@Vword@svutil@@PAVTable@@@svutil@@QAE@XZ 00405740 f i DB.obj
 0001:00004790       ?insert@?$hashtable@Vword@svutil@@PAVTable@@@svutil@@QAEAAPAVTable@@ABVword@2@ABQAV3@@Z 00405790 f i DB.obj
 0001:00004880       ??A?$hashtable@Vword@svutil@@PAVTable@@@svutil@@QAEAAPAVTable@@ABVword@1@@Z 00405880 f i DB.obj
 0001:000048b0       ?insert@?$hashtable@Vword@svutil@@PAVQueue@@@svutil@@QAEAAPAVQueue@@ABVword@2@ABQAV3@@Z 004058b0 f i DB.obj
 0001:000049a0       ??A?$hashtable@Vword@svutil@@PAVQueue@@@svutil@@QAEAAPAVQueue@@ABVword@1@@Z 004059a0 f i DB.obj
 0001:000049d0       ??0DB@@QAE@XZ              004059d0 f   DB.obj
 0001:00004ae0       ??1DB@@QAE@XZ              00405ae0 f   DB.obj
 0001:00004bb0       ?LoadEx@DB@@QAE_NXZ        00405bb0 f   DB.obj
 0001:00004fd0       ?CreateQueue@DB@@QAE_NV?$basic_string@DU?$char_traits@D@std@@V?$allocator@D@2@@std@@H@Z 00405fd0 f   DB.obj
 0001:00005290       ?InsertTableEx@DB@@QAE_NV?$basic_string@DU?$char_traits@D@std@@V?$allocator@D@2@@std@@H@Z 00406290 f   DB.obj
 0001:00005830       ?Init@DB@@QAE_NV?$basic_string@DU?$char_traits@D@std@@V?$allocator@D@2@@std@@PAVSvdbMain@@HH@Z 00406830 f   DB.obj
 0001:00005ad0       ?Init@DB@@QAE_NV?$basic_string@DU?$char_traits@D@std@@V?$allocator@D@2@@std@@0PAVSvdbMain@@HH@Z 00406ad0 f   DB.obj
 0001:00005d50       ?AppendRecord@DB@@QAEHV?$basic_string@DU?$char_traits@D@std@@V?$allocator@D@2@@std@@PBDI@Z 00406d50 f   DB.obj
 0001:00005fd0       ?AppendMassRecord@DB@@QAEHAAV?$list@VSingelRecord@@V?$allocator@VSingelRecord@@@std@@@std@@@Z 00406fd0 f   DB.obj
 0001:00006020       ??1_Node@?$_List_nod@Vword@svutil@@V?$allocator@Vword@svutil@@@std@@@std@@QAE@XZ 00407020 f i Entity.obj
 0001:00006040       ?_Buynode@?$list@Vword@svutil@@V?$allocator@Vword@svutil@@@std@@@std@@IAEPAU_Node@?$_List_nod@Vword@svutil@@V?$allocator@Vword@svutil@@@std@@@2@XZ 00407040 f i Entity.obj
 0001:00006060       ?_Buynode@?$list@Vword@svutil@@V?$allocator@Vword@svutil@@@std@@@std@@IAEPAU_Node@?$_List_nod@Vword@svutil@@V?$allocator@Vword@svutil@@@std@@@2@PAU342@0ABVword@svutil@@@Z 00407060 f i Entity.obj
 0001:000060f0       ?_Incsize@?$list@Vword@svutil@@V?$allocator@Vword@svutil@@@std@@@std@@IAEXI@Z 004070f0 f i Entity.obj
 0001:00006190       ?GetRawDataSize@Entity@@UAEIXZ 00407190 f   Entity.obj
 0001:000061e0       ?GetRawData@Entity@@UAEPADPADI@Z 004071e0 f   Entity.obj
 0001:000062e0       ?clear@?$list@Vword@svutil@@V?$allocator@Vword@svutil@@@std@@@std@@QAEXXZ 004072e0 f i Entity.obj
 0001:00006320       ?push_back@?$list@Vword@svutil@@V?$allocator@Vword@svutil@@@std@@@std@@QAEXABVword@svutil@@@Z 00407320 f i Entity.obj
 0001:00006360       ??1?$list@Vword@svutil@@V?$allocator@Vword@svutil@@@std@@@std@@QAE@XZ 00407360 f i Entity.obj
 0001:00006360       ?_Tidy@?$list@Vword@svutil@@V?$allocator@Vword@svutil@@@std@@@std@@IAEXXZ 00407360 f i Entity.obj
 0001:00006380       ?CreateObjectByRawData@Entity@@UAEHPBDI@Z 00407380 f   Entity.obj
 0001:000064f0       ??0Entity@@QAE@XZ          004074f0 f   Entity.obj
 0001:00006590       ??1Entity@@QAE@XZ          00407590 f   Entity.obj
 0001:00006610       ??1IdcUser@@QAE@XZ         00407610 f i EntityGroup.obj
 0001:00006620       ?CountNodes@?$sorttree@V?$hashelement@Vword@svutil@@V12@@svutil@@@svutil@@AAEXPAV?$treenode@V?$hashelement@Vword@svutil@@V12@@svutil@@@2@AAK@Z 00407620 f i EntityGroup.obj
 0001:00006650       ?findnextnode@?$sorttree@V?$hashelement@Vword@svutil@@V12@@svutil@@@svutil@@ABEPAV?$treenode@V?$hashelement@Vword@svutil@@V12@@svutil@@@2@AAV?$hashelement@Vword@svutil@@V12@@2@AA_NPAV32@@Z 00407650 f i EntityGroup.obj
 0001:000066c0       ?GetRawDataSize@EntityGroup@@UAEIXZ 004076c0 f   EntityGroup.obj
 0001:00006710       ?GetRawData@EntityGroup@@UAEPADPADI@Z 00407710 f   EntityGroup.obj
 0001:00006800       ?size@?$hashtable@Vword@svutil@@V12@@svutil@@QAEIXZ 00407800 f i EntityGroup.obj
 0001:000068a0       ?findnext@?$hashnode@Vword@svutil@@V12@@svutil@@QAE_NAAV?$hashelement@Vword@svutil@@V12@@2@PAPAV32@@Z 004078a0 f i EntityGroup.obj
 0001:00006950       ?CreateObjectByRawData@EntityGroup@@UAEHPBDI@Z 00407950 f   EntityGroup.obj
 0001:00006ab0       ?findnext@?$hashtable@Vword@svutil@@V12@@svutil@@QAE_NAAViterator@12@@Z 00407ab0 f i EntityGroup.obj
 0001:00006b50       ??0EntityGroup@@QAE@XZ     00407b50 f   EntityGroup.obj
 0001:00006be0       ??1EntityGroup@@QAE@XZ     00407be0 f   EntityGroup.obj
 0001:00006c60       ?ResolveIds@EntityGroup@@QAE_NPAVResource@@@Z 00407c60 f   EntityGroup.obj
 0001:00006d50       ?SaveNewIds@EntityGroup@@QAE_NPAVResource@@@Z 00407d50 f   EntityGroup.obj
 0001:00006f10       ??0PoolBase@@QAE@Vword@svutil@@@Z 00407f10 f i EntityGroupPool.obj
 0001:00006fb0       ?Load@EntityGroupPool@@UAE_NXZ 00407fb0 f   EntityGroupPool.obj
 0001:000070b0       ?Submit@EntityGroupPool@@UAE_NXZ 004080b0 f   EntityGroupPool.obj
 0001:000071f0       ??0?$hashelement@Vword@svutil@@PAVEntityGroup@@@svutil@@QAE@ABVword@1@@Z 004081f0 f i EntityGroupPool.obj
 0001:00007250       ??0?$hashelement@Vword@svutil@@PAVEntityGroup@@@svutil@@QAE@ABVword@1@ABQAVEntityGroup@@@Z 00408250 f i EntityGroupPool.obj
 0001:000072c0       ??1?$treenode@V?$hashelement@Vword@svutil@@PAVEntityGroup@@@svutil@@@svutil@@UAE@XZ 004082c0 f i EntityGroupPool.obj
 0001:000072e0       ??_E?$treenode@V?$hashelement@Vword@svutil@@PAVEntityGroup@@@svutil@@@svutil@@UAEPAXI@Z 004082e0 f i EntityGroupPool.obj
 0001:000072e0       ??_G?$treenode@V?$hashelement@Vword@svutil@@PAVEntityGroup@@@svutil@@@svutil@@UAEPAXI@Z 004082e0 f i EntityGroupPool.obj
 0001:00007300       ?_Xlen@?$vector@PAV?$hashnode@Vword@svutil@@PAVEntityGroup@@@svutil@@V?$allocator@PAV?$hashnode@Vword@svutil@@PAVEntityGroup@@@svutil@@@std@@@std@@IBEXXZ 00408300 f i EntityGroupPool.obj
 0001:00007380       ?CountNodes@?$sorttree@V?$hashelement@Vword@svutil@@PAVEntityGroup@@@svutil@@@svutil@@AAEXPAV?$treenode@V?$hashelement@Vword@svutil@@PAVEntityGroup@@@svutil@@@2@AAK@Z 00408380 f i EntityGroupPool.obj
 0001:000073b0       ??M?$treenode@V?$hashelement@Vword@svutil@@PAVEntityGroup@@@svutil@@@svutil@@QAE_NV01@@Z 004083b0 f i EntityGroupPool.obj
 0001:00007420       ??O?$treenode@V?$hashelement@Vword@svutil@@PAVEntityGroup@@@svutil@@@svutil@@QAE_NV01@@Z 00408420 f i EntityGroupPool.obj
 0001:00007490       ??0?$treenode@V?$hashelement@Vword@svutil@@PAVEntityGroup@@@svutil@@@svutil@@QAE@ABV01@@Z 00408490 f i EntityGroupPool.obj
 0001:00007510       ??0?$treenode@V?$hashelement@Vword@svutil@@PAVEntityGroup@@@svutil@@@svutil@@QAE@ABV?$hashelement@Vword@svutil@@PAVEntityGroup@@@1@@Z 00408510 f i EntityGroupPool.obj
 0001:00007590       ?DeleteTree@?$sorttree@V?$hashelement@Vword@svutil@@PAVEntityGroup@@@svutil@@@svutil@@QAEXPAV?$treenode@V?$hashelement@Vword@svutil@@PAVEntityGroup@@@svutil@@@2@@Z 00408590 f i EntityGroupPool.obj
 0001:000075e0       ?InsertNode@?$sorttree@V?$hashelement@Vword@svutil@@PAVEntityGroup@@@svutil@@@svutil@@QAEXPAV?$treenode@V?$hashelement@Vword@svutil@@PAVEntityGroup@@@svutil@@@2@0@Z 004085e0 f i EntityGroupPool.obj
 0001:00007670       ?findnextnode@?$sorttree@V?$hashelement@Vword@svutil@@PAVEntityGroup@@@svutil@@@svutil@@ABEPAV?$treenode@V?$hashelement@Vword@svutil@@PAVEntityGroup@@@svutil@@@2@AAV?$hashelement@Vword@svutil@@PAVEntityGroup@@@2@AA_NPAV32@@Z 00408670 f i EntityGroupPool.obj
 0001:000076e0       ??$CreateNode@V?$hashelement@Vword@svutil@@PAVEntityGroup@@@svutil@@@?$sorttree@V?$hashelement@Vword@svutil@@PAVEntityGroup@@@svutil@@@svutil@@SAPAV?$treenode@V?$hashelement@Vword@svutil@@PAVEntityGroup@@@svutil@@@1@ABV?$hashelement@Vword@svutil@@PAVEntityGroup@@@1@@Z 004086e0 f i EntityGroupPool.obj
 0001:00007740       ??_G?$sorttree@V?$hashelement@Vword@svutil@@PAVEntityGroup@@@svutil@@@svutil@@UAEPAXI@Z 00408740 f i EntityGroupPool.obj
 0001:00007740       ??_E?$sorttree@V?$hashelement@Vword@svutil@@PAVEntityGroup@@@svutil@@@svutil@@UAEPAXI@Z 00408740 f i EntityGroupPool.obj
 0001:000077a0       ?find@?$hashnode@Vword@svutil@@PAVEntityGroup@@@svutil@@QAE_NABVword@2@PAPAV?$hashelement@Vword@svutil@@PAVEntityGroup@@@2@@Z 004087a0 f i EntityGroupPool.obj
 0001:00007870       ?InsertNodeEx@?$sorttree@V?$hashelement@Vword@svutil@@PAVEntityGroup@@@svutil@@@svutil@@QAEAAV?$hashelement@Vword@svutil@@PAVEntityGroup@@@2@ABV32@@Z 00408870 f i EntityGroupPool.obj
 0001:00007900       ??1?$hashnode@Vword@svutil@@PAVEntityGroup@@@svutil@@QAE@XZ 00408900 f i EntityGroupPool.obj
 0001:00007990       ?insert@?$hashnode@Vword@svutil@@PAVEntityGroup@@@svutil@@QAEAAV?$hashelement@Vword@svutil@@PAVEntityGroup@@@2@ABVword@2@ABQAVEntityGroup@@@Z 00408990 f i EntityGroupPool.obj
 0001:00007a70       ?find@?$hashnode@Vword@svutil@@PAVEntityGroup@@@svutil@@QAE_NABVword@2@PAPAPAVEntityGroup@@@Z 00408a70 f i EntityGroupPool.obj
 0001:00007ad0       ?size@?$hashtable@Vword@svutil@@PAVEntityGroup@@@svutil@@QAEIXZ 00408ad0 f i EntityGroupPool.obj
 0001:00007b70       ?find@?$hashtable@Vword@svutil@@PAVEntityGroup@@@svutil@@QAEPAPAVEntityGroup@@ABVword@2@@Z 00408b70 f i EntityGroupPool.obj
 0001:00007be0       ?findnext@?$hashnode@Vword@svutil@@PAVEntityGroup@@@svutil@@QAE_NAAV?$hashelement@Vword@svutil@@PAVEntityGroup@@@2@PAPAV32@@Z 00408be0 f i EntityGroupPool.obj
 0001:00007c90       ?_Insert_n@?$vector@PAV?$hashnode@Vword@svutil@@PAVEntityGroup@@@svutil@@V?$allocator@PAV?$hashnode@Vword@svutil@@PAVEntityGroup@@@svutil@@@std@@@std@@IAEXViterator@12@IABQAV?$hashnode@Vword@svutil@@PAVEntityGroup@@@svutil@@@Z 00408c90 f i EntityGroupPool.obj
 0001:00007e80       ?GetEntityGroup@EntityGroupPool@@QAEPAVEntityGroup@@Vword@svutil@@@Z 00408e80 f i EntityGroupPool.obj
 0001:00007f20       ?SaveNewIds@EntityGroupPool@@QAE_NV?$basic_string@DU?$char_traits@D@std@@V?$allocator@D@2@@std@@PAVResource@@@Z 00408f20 f   EntityGroupPool.obj
 0001:00008000       ?findnext@?$hashtable@Vword@svutil@@PAVEntityGroup@@@svutil@@QAE_NAAViterator@12@@Z 00409000 f i EntityGroupPool.obj
 0001:000080a0       ?resize@?$vector@PAV?$hashnode@Vword@svutil@@PAVEntityGroup@@@svutil@@V?$allocator@PAV?$hashnode@Vword@svutil@@PAVEntityGroup@@@svutil@@@std@@@std@@QAEXIPAV?$hashnode@Vword@svutil@@PAVEntityGroup@@@svutil@@@Z 004090a0 f i EntityGroupPool.obj
 0001:00008130       ?GetRawDataSize@EntityGroupPool@@UAEIXZ 00409130 f   EntityGroupPool.obj
 0001:00008190       ?GetRawData@EntityGroupPool@@UAEPADPADI@Z 00409190 f   EntityGroupPool.obj
 0001:00008270       ?ResolveIds@EntityGroupPool@@QAE_NPAVResource@@@Z 00409270 f   EntityGroupPool.obj
 0001:00008300       ??0?$hashtable@Vword@svutil@@PAVEntityGroup@@@svutil@@QAE@XZ 00409300 f i EntityGroupPool.obj
 0001:00008350       ?insert@?$hashtable@Vword@svutil@@PAVEntityGroup@@@svutil@@QAEAAPAVEntityGroup@@ABVword@2@ABQAV3@@Z 00409350 f i EntityGroupPool.obj
 0001:00008440       ??0EntityGroupPool@@QAE@Vword@svutil@@_N@Z 00409440 f   EntityGroupPool.obj
 0001:000084e0       ?CreateObjectByRawData@EntityGroupPool@@UAEHPBDI@Z 004094e0 f   EntityGroupPool.obj
 0001:00008630       ?Push@EntityGroupPool@@QAE_NPAVEntityGroup@@@Z 00409630 f   EntityGroupPool.obj
 0001:00008750       ?Push@EntityGroupPool@@QAE_NPBDIPAVResource@@@Z 00409750 f   EntityGroupPool.obj
 0001:00008880       ??_Gout_of_range@std@@UAEPAXI@Z 00409880 f i EntityPool.obj
 0001:00008880       ??_Eout_of_range@std@@UAEPAXI@Z 00409880 f i EntityPool.obj
 0001:000088a0       ??1out_of_range@std@@UAE@XZ 004098a0 f i EntityPool.obj
 0001:000088b0       ?SubmitToFile@EntityPool@@QAE_NV?$basic_string@DU?$char_traits@D@std@@V?$allocator@D@2@@std@@PAV1@@Z 004098b0 f   EntityPool.obj
 0001:000089b0       ?LoadFile@EntityPool@@QAE_NV?$basic_string@DU?$char_traits@D@std@@V?$allocator@D@2@@std@@@Z 004099b0 f   EntityPool.obj
 0001:00008af0       ?Load@EntityPool@@UAE_NXZ  00409af0 f   EntityPool.obj
 0001:00008bf0       ?_Xlen@?$vector@PAV?$hashnode@Vword@svutil@@PAVEntity@@@svutil@@V?$allocator@PAV?$hashnode@Vword@svutil@@PAVEntity@@@svutil@@@std@@@std@@IBEXXZ 00409bf0 f i EntityPool.obj
 0001:00008bf0       ?_Xlen@?$vector@PAV?$hashnode@Vword@svutil@@V12@@svutil@@V?$allocator@PAV?$hashnode@Vword@svutil@@V12@@svutil@@@std@@@std@@IBEXXZ 00409bf0 f i EntityPool.obj
 0001:00008c70       ??0?$hashelement@Vword@svutil@@PAVEntity@@@svutil@@QAE@ABVword@1@@Z 00409c70 f i EntityPool.obj
 0001:00008cd0       ??0?$hashelement@Vword@svutil@@PAVEntity@@@svutil@@QAE@ABVword@1@ABQAVEntity@@@Z 00409cd0 f i EntityPool.obj
 0001:00008d40       ??1?$hashelement@Vword@svutil@@PAVCommonData@@@svutil@@QAE@XZ 00409d40 f i GeneralPool.obj
 0001:00008d40       ??1?$hashelement@Vword@svutil@@PAVResource@@@svutil@@QAE@XZ 00409d40 f i ResourcePool.obj
 0001:00008d40       ??1word@svutil@@UAE@XZ     00409d40 f i DB.obj
 0001:00008d40       ??1?$hashelement@Vword@svutil@@PAVGeneralPool@@@svutil@@QAE@XZ 00409d40 f i svdbmain.obj
 0001:00008d40       ??1?$hashelement@Vword@svutil@@PAVEntityGroup@@@svutil@@QAE@XZ 00409d40 f i EntityGroupPool.obj
 0001:00008d40       ??1?$hashelement@Vword@svutil@@PAVEntity@@@svutil@@QAE@XZ 00409d40 f i EntityPool.obj
 0001:00008d40       ??1?$hashelement@Vword@svutil@@PAVQueue@@@svutil@@QAE@XZ 00409d40 f i DB.obj
 0001:00008d40       ??1?$hashelement@Vword@svutil@@PAVSection@@@svutil@@QAE@XZ 00409d40 f i GeneralPool.obj
 0001:00008d40       ??1?$hashelement@Vword@svutil@@PAVTable@@@svutil@@QAE@XZ 00409d40 f i DB.obj
 0001:00008d40       ??1?$hashelement@Vword@svutil@@PAVEntityEx@@@svutil@@QAE@XZ 00409d40 f i svdb.obj
 0001:00008d40       ??1?$hashelement@Vword@svutil@@PAVVirtualGroup@@@svutil@@QAE@XZ 00409d40 f i svdb.obj
 0001:00008d40       ??1?$hashelement@Vword@svutil@@PAVMonitor@@@svutil@@QAE@XZ 00409d40 f i MonitorPool.obj
 0001:00008d40       ??1?$hashelement@Vword@svutil@@PAVGroup@@@svutil@@QAE@XZ 00409d40 f i GroupPool.obj
 0001:00008d40       ??1?$hashelement@Vword@svutil@@PAVTopologyChart@@@svutil@@QAE@XZ 00409d40 f i svdb.obj
 0001:00008d40       ??1?$hashelement@Vword@svutil@@PAVEntityTemplet@@@svutil@@QAE@XZ 00409d40 f i EntityTempletPool.obj
 0001:00008d40       ??1?$hashelement@Vword@svutil@@PAVPort@@@svutil@@QAE@XZ 00409d40 f i svdb.obj
 0001:00008d60       ??1?$treenode@V?$hashelement@Vword@svutil@@PAVEntity@@@svutil@@@svutil@@UAE@XZ 00409d60 f i EntityPool.obj
 0001:00008d80       ??_E?$treenode@V?$hashelement@Vword@svutil@@PAVEntity@@@svutil@@@svutil@@UAEPAXI@Z 00409d80 f i EntityPool.obj
 0001:00008d80       ??_G?$treenode@V?$hashelement@Vword@svutil@@PAVEntity@@@svutil@@@svutil@@UAEPAXI@Z 00409d80 f i EntityPool.obj
 0001:00008da0       ?_Min@?$_Tree@V?$_Tmap_traits@V?$basic_string@DU?$char_traits@D@std@@V?$allocator@D@2@@std@@PAVDB@@U?$less@V?$basic_string@DU?$char_traits@D@std@@V?$allocator@D@2@@std@@@2@V?$allocator@U?$pair@$$CBV?$basic_string@DU?$char_traits@D@std@@V?$allocator@D@2@@std@@PAVDB@@@std@@@2@$0A@@std@@@std@@KAPAU_Node@?$_Tree_nod@V?$_Tmap_traits@V?$basic_string@DU?$char_traits@D@std@@V?$allocator@D@2@@std@@PAVDB@@U?$less@V?$basic_string@DU?$char_traits@D@std@@V?$allocator@D@2@@std@@@2@V?$allocator@U?$pair@$$CBV?$basic_string@DU?$char_traits@D@std@@V?$allocator@D@2@@std@@PAVDB@@@std@@@2@$0A@@std@@@2@PAU342@@Z 00409da0 f i svdbmain.obj
 0001:00008da0       ?_Min@?$_Tree@V?$_Tmap_traits@V?$basic_string@DU?$char_traits@D@std@@V?$allocator@D@2@@std@@VTTime@svutil@@U?$less@V?$basic_string@DU?$char_traits@D@std@@V?$allocator@D@2@@std@@@2@V?$allocator@U?$pair@$$CBV?$basic_string@DU?$char_traits@D@std@@V?$allocator@D@2@@std@@VTTime@svutil@@@std@@@2@$0A@@std@@@std@@KAPAU_Node@?$_Tree_nod@V?$_Tmap_traits@V?$basic_string@DU?$char_traits@D@std@@V?$allocator@D@2@@std@@VTTime@svutil@@U?$less@V?$basic_string@DU?$char_traits@D@std@@V?$allocator@D@2@@std@@@2@V?$allocator@U?$pair@$$CBV?$basic_string@DU?$char_traits@D@std@@V?$allocator@D@2@@std@@VTTime@svutil@@@std@@@2@$0A@@std@@@2@PAU342@@Z 00409da0 f i WorkThread.obj
 0001:00008da0       ?_Min@?$_Tree@V?$_Tmap_traits@V?$basic_string@DU?$char_traits@D@std@@V?$allocator@D@2@@std@@IU?$less@V?$basic_string@DU?$char_traits@D@std@@V?$allocator@D@2@@std@@@2@V?$allocator@U?$pair@$$CBV?$basic_string@DU?$char_traits@D@std@@V?$allocator@D@2@@std@@I@std@@@2@$0A@@std@@@std@@KAPAU_Node@?$_Tree_nod@V?$_Tmap_traits@V?$basic_string@DU?$char_traits@D@std@@V?$allocator@D@2@@std@@IU?$less@V?$basic_string@DU?$char_traits@D@std@@V?$allocator@D@2@@std@@@2@V?$allocator@U?$pair@$$CBV?$basic_string@DU?$char_traits@D@std@@V?$allocator@D@2@@std@@I@std@@@2@$0A@@std@@@2@PAU342@@Z 00409da0 f i EntityPool.obj
 0001:00008dc0       ?_Min@?$_Tree@V?$_Tmap_traits@V?$basic_string@DU?$char_traits@D@std@@V?$allocator@D@2@@std@@V?$hashtable@Vword@svutil@@PAVMonitor@@@svutil@@U?$less@V?$basic_string@DU?$char_traits@D@std@@V?$allocator@D@2@@std@@@2@V?$allocator@U?$pair@$$CBV?$basic_string@DU?$char_traits@D@std@@V?$allocator@D@2@@std@@V?$hashtable@Vword@svutil@@PAVMonitor@@@svutil@@@std@@@2@$0A@@std@@@std@@KAPAU_Node@?$_Tree_nod@V?$_Tmap_traits@V?$basic_string@DU?$char_traits@D@std@@V?$allocator@D@2@@std@@V?$hashtable@Vword@svutil@@PAVMonitor@@@svutil@@U?$less@V?$basic_string@DU?$char_traits@D@std@@V?$allocator@D@2@@std@@@2@V?$allocator@U?$pair@$$CBV?$basic_string@DU?$char_traits@D@std@@V?$allocator@D@2@@std@@V?$hashtable@Vword@svutil@@PAVMonitor@@@svutil@@@std@@@2@$0A@@std@@@2@PAU342@@Z 00409dc0 f i MonitorPool.obj
 0001:00008dc0       ?_Min@?$_Tree@V?$_Tmap_traits@V?$basic_string@DU?$char_traits@D@std@@V?$allocator@D@2@@std@@V?$hashtable@Vword@svutil@@PAVEntity@@@svutil@@U?$less@V?$basic_string@DU?$char_traits@D@std@@V?$allocator@D@2@@std@@@2@V?$allocator@U?$pair@$$CBV?$basic_string@DU?$char_traits@D@std@@V?$allocator@D@2@@std@@V?$hashtable@Vword@svutil@@PAVEntity@@@svutil@@@std@@@2@$0A@@std@@@std@@KAPAU_Node@?$_Tree_nod@V?$_Tmap_traits@V?$basic_string@DU?$char_traits@D@std@@V?$allocator@D@2@@std@@V?$hashtable@Vword@svutil@@PAVEntity@@@svutil@@U?$less@V?$basic_string@DU?$char_traits@D@std@@V?$allocator@D@2@@std@@@2@V?$allocator@U?$pair@$$CBV?$basic_string@DU?$char_traits@D@std@@V?$allocator@D@2@@std@@V?$hashtable@Vword@svutil@@PAVEntity@@@svutil@@@std@@@2@$0A@@std@@@2@PAU342@@Z 00409dc0 f i EntityPool.obj
 0001:00008dc0       ?_Min@?$_Tree@V?$_Tmap_traits@V?$basic_string@DU?$char_traits@D@std@@V?$allocator@D@2@@std@@V?$hashtable@Vword@svutil@@PAVGroup@@@svutil@@U?$less@V?$basic_string@DU?$char_traits@D@std@@V?$allocator@D@2@@std@@@2@V?$allocator@U?$pair@$$CBV?$basic_string@DU?$char_traits@D@std@@V?$allocator@D@2@@std@@V?$hashtable@Vword@svutil@@PAVGroup@@@svutil@@@std@@@2@$0A@@std@@@std@@KAPAU_Node@?$_Tree_nod@V?$_Tmap_traits@V?$basic_string@DU?$char_traits@D@std@@V?$allocator@D@2@@std@@V?$hashtable@Vword@svutil@@PAVGroup@@@svutil@@U?$less@V?$basic_string@DU?$char_traits@D@std@@V?$allocator@D@2@@std@@@2@V?$allocator@U?$pair@$$CBV?$basic_string@DU?$char_traits@D@std@@V?$allocator@D@2@@std@@V?$hashtable@Vword@svutil@@PAVGroup@@@svutil@@@std@@@2@$0A@@std@@@2@PAU342@@Z 00409dc0 f i GroupPool.obj
 0001:00008de0       ?_Max@?$_Tree@V?$_Tmap_traits@IIU?$less@I@std@@V?$allocator@U?$pair@$$CBII@std@@@2@$0A@@std@@@std@@KAPAU_Node@?$_Tree_nod@V?$_Tmap_traits@IIU?$less@I@std@@V?$allocator@U?$pair@$$CBII@std@@@2@$0A@@std@@@2@PAU342@@Z 00409de0 f i EntityPool.obj
 0001:00008e00       ?_Min@?$_Tree@V?$_Tmap_traits@IIU?$less@I@std@@V?$allocator@U?$pair@$$CBII@std@@@2@$0A@@std@@@std@@KAPAU_Node@?$_Tree_nod@V?$_Tmap_traits@IIU?$less@I@std@@V?$allocator@U?$pair@$$CBII@std@@@2@$0A@@std@@@2@PAU342@@Z 00409e00 f i EntityPool.obj
 0001:00008e20       ?_Max@?$_Tree@V?$_Tmap_traits@V?$basic_string@DU?$char_traits@D@std@@V?$allocator@D@2@@std@@V?$hashtable@Vword@svutil@@PAVGroup@@@svutil@@U?$less@V?$basic_string@DU?$char_traits@D@std@@V?$allocator@D@2@@std@@@2@V?$allocator@U?$pair@$$CBV?$basic_string@DU?$char_traits@D@std@@V?$allocator@D@2@@std@@V?$hashtable@Vword@svutil@@PAVGroup@@@svutil@@@std@@@2@$0A@@std@@@std@@KAPAU_Node@?$_Tree_nod@V?$_Tmap_traits@V?$basic_string@DU?$char_traits@D@std@@V?$allocator@D@2@@std@@V?$hashtable@Vword@svutil@@PAVGroup@@@svutil@@U?$less@V?$basic_string@DU?$char_traits@D@std@@V?$allocator@D@2@@std@@@2@V?$allocator@U?$pair@$$CBV?$basic_string@DU?$char_traits@D@std@@V?$allocator@D@2@@std@@V?$hashtable@Vword@svutil@@PAVGroup@@@svutil@@@std@@@2@$0A@@std@@@2@PAU342@@Z 00409e20 f i GroupPool.obj
 0001:00008e20       ?_Max@?$_Tree@V?$_Tmap_traits@V?$basic_string@DU?$char_traits@D@std@@V?$allocator@D@2@@std@@V?$hashtable@Vword@svutil@@PAVMonitor@@@svutil@@U?$less@V?$basic_string@DU?$char_traits@D@std@@V?$allocator@D@2@@std@@@2@V?$allocator@U?$pair@$$CBV?$basic_string@DU?$char_traits@D@std@@V?$allocator@D@2@@std@@V?$hashtable@Vword@svutil@@PAVMonitor@@@svutil@@@std@@@2@$0A@@std@@@std@@KAPAU_Node@?$_Tree_nod@V?$_Tmap_traits@V?$basic_string@DU?$char_traits@D@std@@V?$allocator@D@2@@std@@V?$hashtable@Vword@svutil@@PAVMonitor@@@svutil@@U?$less@V?$basic_string@DU?$char_traits@D@std@@V?$allocator@D@2@@std@@@2@V?$allocator@U?$pair@$$CBV?$basic_string@DU?$char_traits@D@std@@V?$allocator@D@2@@std@@V?$hashtable@Vword@svutil@@PAVMonitor@@@svutil@@@std@@@2@$0A@@std@@@2@PAU342@@Z 00409e20 f i MonitorPool.obj
 0001:00008e20       ?_Max@?$_Tree@V?$_Tmap_traits@V?$basic_string@DU?$char_traits@D@std@@V?$allocator@D@2@@std@@V?$hashtable@Vword@svutil@@PAVEntity@@@svutil@@U?$less@V?$basic_string@DU?$char_traits@D@std@@V?$allocator@D@2@@std@@@2@V?$allocator@U?$pair@$$CBV?$basic_string@DU?$char_traits@D@std@@V?$allocator@D@2@@std@@V?$hashtable@Vword@svutil@@PAVEntity@@@svutil@@@std@@@2@$0A@@std@@@std@@KAPAU_Node@?$_Tree_nod@V?$_Tmap_traits@V?$basic_string@DU?$char_traits@D@std@@V?$allocator@D@2@@std@@V?$hashtable@Vword@svutil@@PAVEntity@@@svutil@@U?$less@V?$basic_string@DU?$char_traits@D@std@@V?$allocator@D@2@@std@@@2@V?$allocator@U?$pair@$$CBV?$basic_string@DU?$char_traits@D@std@@V?$allocator@D@2@@std@@V?$hashtable@Vword@svutil@@PAVEntity@@@svutil@@@std@@@2@$0A@@std@@@2@PAU342@@Z 00409e20 f i EntityPool.obj
 0001:00008e40       ?CountNodes@?$sorttree@V?$hashelement@Vword@svutil@@PAVEntity@@@svutil@@@svutil@@AAEXPAV?$treenode@V?$hashelement@Vword@svutil@@PAVEntity@@@svutil@@@2@AAK@Z 00409e40 f i EntityPool.obj
 0001:00008e70       ??M?$treenode@V?$hashelement@Vword@svutil@@PAVEntity@@@svutil@@@svutil@@QAE_NV01@@Z 00409e70 f i EntityPool.obj
 0001:00008ee0       ??O?$treenode@V?$hashelement@Vword@svutil@@PAVEntity@@@svutil@@@svutil@@QAE_NV01@@Z 00409ee0 f i EntityPool.obj
 0001:00008f50       ??0?$treenode@V?$hashelement@Vword@svutil@@PAVEntity@@@svutil@@@svutil@@QAE@ABV01@@Z 00409f50 f i EntityPool.obj
 0001:00008fd0       ?_Inc@const_iterator@?$_Tree@V?$_Tmap_traits@IIU?$less@I@std@@V?$allocator@U?$pair@$$CBII@std@@@2@$0A@@std@@@std@@QAEXXZ 00409fd0 f i EntityPool.obj
 0001:00009030       ??1_Node@?$_Tree_nod@V?$_Tmap_traits@V?$basic_string@DU?$char_traits@D@std@@V?$allocator@D@2@@std@@VTTime@svutil@@U?$less@V?$basic_string@DU?$char_traits@D@std@@V?$allocator@D@2@@std@@@2@V?$allocator@U?$pair@$$CBV?$basic_string@DU?$char_traits@D@std@@V?$allocator@D@2@@std@@VTTime@svutil@@@std@@@2@$0A@@std@@@std@@QAE@XZ 0040a030 f i WorkThread.obj
 0001:00009030       ??1_Node@?$_Tree_nod@V?$_Tmap_traits@V?$basic_string@DU?$char_traits@D@std@@V?$allocator@D@2@@std@@IU?$less@V?$basic_string@DU?$char_traits@D@std@@V?$allocator@D@2@@std@@@2@V?$allocator@U?$pair@$$CBV?$basic_string@DU?$char_traits@D@std@@V?$allocator@D@2@@std@@I@std@@@2@$0A@@std@@@std@@QAE@XZ 0040a030 f i EntityPool.obj
 0001:00009030       ??1_Node@?$_Tree_nod@V?$_Tset_traits@V?$basic_string@DU?$char_traits@D@std@@V?$allocator@D@2@@std@@U?$less@V?$basic_string@DU?$char_traits@D@std@@V?$allocator@D@2@@std@@@2@V?$allocator@V?$basic_string@DU?$char_traits@D@std@@V?$allocator@D@2@@std@@@2@$0A@@std@@@std@@QAE@XZ 0040a030 f i Resource.obj
 0001:00009030       ??1_Node@?$_Tree_nod@V?$_Tmap_traits@V?$basic_string@DU?$char_traits@D@std@@V?$allocator@D@2@@std@@PAVDB@@U?$less@V?$basic_string@DU?$char_traits@D@std@@V?$allocator@D@2@@std@@@2@V?$allocator@U?$pair@$$CBV?$basic_string@DU?$char_traits@D@std@@V?$allocator@D@2@@std@@PAVDB@@@std@@@2@$0A@@std@@@std@@QAE@XZ 0040a030 f i svdbmain.obj
 0001:00009040       ??0?$treenode@V?$hashelement@Vword@svutil@@PAVEntity@@@svutil@@@svutil@@QAE@ABV?$hashelement@Vword@svutil@@PAVEntity@@@1@@Z 0040a040 f i EntityPool.obj
 0001:000090c0       ?_Rrotate@?$_Tree@V?$_Tmap_traits@V?$basic_string@DU?$char_traits@D@std@@V?$allocator@D@2@@std@@PAVDB@@U?$less@V?$basic_string@DU?$char_traits@D@std@@V?$allocator@D@2@@std@@@2@V?$allocator@U?$pair@$$CBV?$basic_string@DU?$char_traits@D@std@@V?$allocator@D@2@@std@@PAVDB@@@std@@@2@$0A@@std@@@std@@IAEXPAU_Node@?$_Tree_nod@V?$_Tmap_traits@V?$basic_string@DU?$char_traits@D@std@@V?$allocator@D@2@@std@@PAVDB@@U?$less@V?$basic_string@DU?$char_traits@D@std@@V?$allocator@D@2@@std@@@2@V?$allocator@U?$pair@$$CBV?$basic_string@DU?$char_traits@D@std@@V?$allocator@D@2@@std@@PAVDB@@@std@@@2@$0A@@std@@@2@@Z 0040a0c0 f i svdbmain.obj
 0001:000090c0       ?_Rrotate@?$_Tree@V?$_Tmap_traits@V?$basic_string@DU?$char_traits@D@std@@V?$allocator@D@2@@std@@VTTime@svutil@@U?$less@V?$basic_string@DU?$char_traits@D@std@@V?$allocator@D@2@@std@@@2@V?$allocator@U?$pair@$$CBV?$basic_string@DU?$char_traits@D@std@@V?$allocator@D@2@@std@@VTTime@svutil@@@std@@@2@$0A@@std@@@std@@IAEXPAU_Node@?$_Tree_nod@V?$_Tmap_traits@V?$basic_string@DU?$char_traits@D@std@@V?$allocator@D@2@@std@@VTTime@svutil@@U?$less@V?$basic_string@DU?$char_traits@D@std@@V?$allocator@D@2@@std@@@2@V?$allocator@U?$pair@$$CBV?$basic_string@DU?$char_traits@D@std@@V?$allocator@D@2@@std@@VTTime@svutil@@@std@@@2@$0A@@std@@@2@@Z 0040a0c0 f i WorkThread.obj
 0001:000090c0       ?_Rrotate@?$_Tree@V?$_Tmap_traits@V?$basic_string@DU?$char_traits@D@std@@V?$allocator@D@2@@std@@IU?$less@V?$basic_string@DU?$char_traits@D@std@@V?$allocator@D@2@@std@@@2@V?$allocator@U?$pair@$$CBV?$basic_string@DU?$char_traits@D@std@@V?$allocator@D@2@@std@@I@std@@@2@$0A@@std@@@std@@IAEXPAU_Node@?$_Tree_nod@V?$_Tmap_traits@V?$basic_string@DU?$char_traits@D@std@@V?$allocator@D@2@@std@@IU?$less@V?$basic_string@DU?$char_traits@D@std@@V?$allocator@D@2@@std@@@2@V?$allocator@U?$pair@$$CBV?$basic_string@DU?$char_traits@D@std@@V?$allocator@D@2@@std@@I@std@@@2@$0A@@std@@@2@@Z 0040a0c0 f i EntityPool.obj
 0001:00009120       ?_Lrotate@?$_Tree@V?$_Tmap_traits@IIU?$less@I@std@@V?$allocator@U?$pair@$$CBII@std@@@2@$0A@@std@@@std@@IAEXPAU_Node@?$_Tree_nod@V?$_Tmap_traits@IIU?$less@I@std@@V?$allocator@U?$pair@$$CBII@std@@@2@$0A@@std@@@2@@Z 0040a120 f i EntityPool.obj
 0001:00009180       ?_Rrotate@?$_Tree@V?$_Tmap_traits@IIU?$less@I@std@@V?$allocator@U?$pair@$$CBII@std@@@2@$0A@@std@@@std@@IAEXPAU_Node@?$_Tree_nod@V?$_Tmap_traits@IIU?$less@I@std@@V?$allocator@U?$pair@$$CBII@std@@@2@$0A@@std@@@2@@Z 0040a180 f i EntityPool.obj
 0001:000091e0       ?DeleteTree@?$sorttree@V?$hashelement@Vword@svutil@@V12@@svutil@@@svutil@@QAEXPAV?$treenode@V?$hashelement@Vword@svutil@@V12@@svutil@@@2@@Z 0040a1e0 f i EntityPool.obj
 0001:00009230       ?DeleteTree@?$sorttree@V?$hashelement@Vword@svutil@@PAVEntity@@@svutil@@@svutil@@QAEXPAV?$treenode@V?$hashelement@Vword@svutil@@PAVEntity@@@svutil@@@2@@Z 0040a230 f i EntityPool.obj
 0001:00009280       ?RomoveNode@?$sorttree@V?$hashelement@Vword@svutil@@PAVEntity@@@svutil@@@svutil@@QAEXABV?$hashelement@Vword@svutil@@PAVEntity@@@2@@Z 0040a280 f i EntityPool.obj
 0001:00009420       ?_Ubound@?$_Tree@V?$_Tmap_traits@V?$basic_string@DU?$char_traits@D@std@@V?$allocator@D@2@@std@@IU?$less@V?$basic_string@DU?$char_traits@D@std@@V?$allocator@D@2@@std@@@2@V?$allocator@U?$pair@$$CBV?$basic_string@DU?$char_traits@D@std@@V?$allocator@D@2@@std@@I@std@@@2@$0A@@std@@@std@@IBEPAU_Node@?$_Tree_nod@V?$_Tmap_traits@V?$basic_string@DU?$char_traits@D@std@@V?$allocator@D@2@@std@@IU?$less@V?$basic_string@DU?$char_traits@D@std@@V?$allocator@D@2@@std@@@2@V?$allocator@U?$pair@$$CBV?$basic_string@DU?$char_traits@D@std@@V?$allocator@D@2@@std@@I@std@@@2@$0A@@std@@@2@ABV?$basic_string@DU?$char_traits@D@std@@V?$allocator@D@2@@2@@Z 0040a420 f i EntityPool.obj
 0001:00009470       ?_Dec@const_iterator@?$_Tree@V?$_Tmap_traits@V?$basic_string@DU?$char_traits@D@std@@V?$allocator@D@2@@std@@V?$hashtable@Vword@svutil@@PAVMonitor@@@svutil@@U?$less@V?$basic_string@DU?$char_traits@D@std@@V?$allocator@D@2@@std@@@2@V?$allocator@U?$pair@$$CBV?$basic_string@DU?$char_traits@D@std@@V?$allocator@D@2@@std@@V?$hashtable@Vword@svutil@@PAVMonitor@@@svutil@@@std@@@2@$0A@@std@@@std@@QAEXXZ 0040a470 f i MonitorPool.obj
 0001:00009470       ?_Dec@const_iterator@?$_Tree@V?$_Tmap_traits@V?$basic_string@DU?$char_traits@D@std@@V?$allocator@D@2@@std@@V?$hashtable@Vword@svutil@@PAVGroup@@@svutil@@U?$less@V?$basic_string@DU?$char_traits@D@std@@V?$allocator@D@2@@std@@@2@V?$allocator@U?$pair@$$CBV?$basic_string@DU?$char_traits@D@std@@V?$allocator@D@2@@std@@V?$hashtable@Vword@svutil@@PAVGroup@@@svutil@@@std@@@2@$0A@@std@@@std@@QAEXXZ 0040a470 f i GroupPool.obj
 0001:00009470       ?_Dec@const_iterator@?$_Tree@V?$_Tmap_traits@V?$basic_string@DU?$char_traits@D@std@@V?$allocator@D@2@@std@@V?$hashtable@Vword@svutil@@PAVEntity@@@svutil@@U?$less@V?$basic_string@DU?$char_traits@D@std@@V?$allocator@D@2@@std@@@2@V?$allocator@U?$pair@$$CBV?$basic_string@DU?$char_traits@D@std@@V?$allocator@D@2@@std@@V?$hashtable@Vword@svutil@@PAVEntity@@@svutil@@@std@@@2@$0A@@std@@@std@@QAEXXZ 0040a470 f i EntityPool.obj
 0001:000094d0       ?InsertNode@?$sorttree@V?$hashelement@Vword@svutil@@PAVEntity@@@svutil@@@svutil@@QAEXPAV?$treenode@V?$hashelement@Vword@svutil@@PAVEntity@@@svutil@@@2@0@Z 0040a4d0 f i EntityPool.obj
 0001:00009560       ?findnextnode@?$sorttree@V?$hashelement@Vword@svutil@@PAVEntity@@@svutil@@@svutil@@ABEPAV?$treenode@V?$hashelement@Vword@svutil@@PAVEntity@@@svutil@@@2@AAV?$hashelement@Vword@svutil@@PAVEntity@@@2@AA_NPAV32@@Z 0040a560 f i EntityPool.obj
 0001:000095d0       ??$CreateNode@V?$hashelement@Vword@svutil@@PAVEntity@@@svutil@@@?$sorttree@V?$hashelement@Vword@svutil@@PAVEntity@@@svutil@@@svutil@@SAPAV?$treenode@V?$hashelement@Vword@svutil@@PAVEntity@@@svutil@@@1@ABV?$hashelement@Vword@svutil@@PAVEntity@@@1@@Z 0040a5d0 f i EntityPool.obj
 0001:00009630       ??_E?$sorttree@V?$hashelement@Vword@svutil@@V12@@svutil@@@svutil@@UAEPAXI@Z 0040a630 f i EntityPool.obj
 0001:00009630       ??_G?$sorttree@V?$hashelement@Vword@svutil@@V12@@svutil@@@svutil@@UAEPAXI@Z 0040a630 f i EntityPool.obj
 0001:00009690       ??_G?$sorttree@V?$hashelement@Vword@svutil@@PAVEntity@@@svutil@@@svutil@@UAEPAXI@Z 0040a690 f i EntityPool.obj
 0001:00009690       ??_E?$sorttree@V?$hashelement@Vword@svutil@@PAVEntity@@@svutil@@@svutil@@UAEPAXI@Z 0040a690 f i EntityPool.obj
 0001:000096f0       ?_Buynode@?$_Tree@V?$_Tmap_traits@V?$basic_string@DU?$char_traits@D@std@@V?$allocator@D@2@@std@@IU?$less@V?$basic_string@DU?$char_traits@D@std@@V?$allocator@D@2@@std@@@2@V?$allocator@U?$pair@$$CBV?$basic_string@DU?$char_traits@D@std@@V?$allocator@D@2@@std@@I@std@@@2@$0A@@std@@@std@@IAEPAU_Node@?$_Tree_nod@V?$_Tmap_traits@V?$basic_string@DU?$char_traits@D@std@@V?$allocator@D@2@@std@@IU?$less@V?$basic_string@DU?$char_traits@D@std@@V?$allocator@D@2@@std@@@2@V?$allocator@U?$pair@$$CBV?$basic_string@DU?$char_traits@D@std@@V?$allocator@D@2@@std@@I@std@@@2@$0A@@std@@@2@PAU342@00ABU?$pair@$$CBV?$basic_string@DU?$char_traits@D@std@@V?$allocator@D@2@@std@@I@2@D@Z 0040a6f0 f i EntityPool.obj
 0001:00009790       ??1?$hashnode@Vword@svutil@@V12@@svutil@@QAE@XZ 0040a790 f i EntityPool.obj
 0001:00009840       ?find@?$hashnode@Vword@svutil@@PAVEntity@@@svutil@@QAE_NABVword@2@PAPAV?$hashelement@Vword@svutil@@PAVEntity@@@2@@Z 0040a840 f i EntityPool.obj
 0001:00009910       ?InsertNodeEx@?$sorttree@V?$hashelement@Vword@svutil@@PAVEntity@@@svutil@@@svutil@@QAEAAV?$hashelement@Vword@svutil@@PAVEntity@@@2@ABV32@@Z 0040a910 f i EntityPool.obj
 0001:000099a0       ?_Buynode@?$_Tree@V?$_Tmap_traits@IIU?$less@I@std@@V?$allocator@U?$pair@$$CBII@std@@@2@$0A@@std@@@std@@IAEPAU_Node@?$_Tree_nod@V?$_Tmap_traits@IIU?$less@I@std@@V?$allocator@U?$pair@$$CBII@std@@@2@$0A@@std@@@2@XZ 0040a9a0 f i EntityPool.obj
 0001:000099e0       ?_Erase@?$_Tree@V?$_Tmap_traits@IIU?$less@I@std@@V?$allocator@U?$pair@$$CBII@std@@@2@$0A@@std@@@std@@IAEXPAU_Node@?$_Tree_nod@V?$_Tmap_traits@IIU?$less@I@std@@V?$allocator@U?$pair@$$CBII@std@@@2@$0A@@std@@@2@@Z 0040a9e0 f i EntityPool.obj
 0001:00009a20       ??$_Uninit_copy@Vconst_iterator@?$vector@PAV?$hashnode@Vword@svutil@@PAVGroup@@@svutil@@V?$allocator@PAV?$hashnode@Vword@svutil@@PAVGroup@@@svutil@@@std@@@std@@PAPAV?$hashnode@Vword@svutil@@PAVGroup@@@svutil@@V?$allocator@PAV?$hashnode@Vword@svutil@@PAVGroup@@@svutil@@@3@@std@@YAPAPAV?$hashnode@Vword@svutil@@PAVGroup@@@svutil@@Vconst_iterator@?$vector@PAV?$hashnode@Vword@svutil@@PAVGroup@@@svutil@@V?$allocator@PAV?$hashnode@Vword@svutil@@PAVGroup@@@svutil@@@std@@@0@0PAPAV12@AAV?$allocator@PAV?$hashnode@Vword@svutil@@PAVGroup@@@svutil@@@0@U_Nonscalar_ptr_iterator_tag@0@@Z 0040aa20 f i GroupPool.obj
 0001:00009a20       ??$_Uninit_copy@Vconst_iterator@?$vector@PAV?$hashnode@Vword@svutil@@PAVEntity@@@svutil@@V?$allocator@PAV?$hashnode@Vword@svutil@@PAVEntity@@@svutil@@@std@@@std@@PAPAV?$hashnode@Vword@svutil@@PAVEntity@@@svutil@@V?$allocator@PAV?$hashnode@Vword@svutil@@PAVEntity@@@svutil@@@3@@std@@YAPAPAV?$hashnode@Vword@svutil@@PAVEntity@@@svutil@@Vconst_iterator@?$vector@PAV?$hashnode@Vword@svutil@@PAVEntity@@@svutil@@V?$allocator@PAV?$hashnode@Vword@svutil@@PAVEntity@@@svutil@@@std@@@0@0PAPAV12@AAV?$allocator@PAV?$hashnode@Vword@svutil@@PAVEntity@@@svutil@@@0@U_Nonscalar_ptr_iterator_tag@0@@Z 0040aa20 f i EntityPool.obj
 0001:00009a20       ??$_Uninit_copy@Vconst_iterator@?$vector@PAV?$hashnode@Vword@svutil@@PAVMonitor@@@svutil@@V?$allocator@PAV?$hashnode@Vword@svutil@@PAVMonitor@@@svutil@@@std@@@std@@PAPAV?$hashnode@Vword@svutil@@PAVMonitor@@@svutil@@V?$allocator@PAV?$hashnode@Vword@svutil@@PAVMonitor@@@svutil@@@3@@std@@YAPAPAV?$hashnode@Vword@svutil@@PAVMonitor@@@svutil@@Vconst_iterator@?$vector@PAV?$hashnode@Vword@svutil@@PAVMonitor@@@svutil@@V?$allocator@PAV?$hashnode@Vword@svutil@@PAVMonitor@@@svutil@@@std@@@0@0PAPAV12@AAV?$allocator@PAV?$hashnode@Vword@svutil@@PAVMonitor@@@svutil@@@0@U_Nonscalar_ptr_iterator_tag@0@@Z 0040aa20 f i MonitorPool.obj
 0001:00009a50       ?_Insert@?$_Tree@V?$_Tmap_traits@V?$basic_string@DU?$char_traits@D@std@@V?$allocator@D@2@@std@@IU?$less@V?$basic_string@DU?$char_traits@D@std@@V?$allocator@D@2@@std@@@2@V?$allocator@U?$pair@$$CBV?$basic_string@DU?$char_traits@D@std@@V?$allocator@D@2@@std@@I@std@@@2@$0A@@std@@@std@@IAE?AViterator@12@_NPAU_Node@?$_Tree_nod@V?$_Tmap_traits@V?$basic_string@DU?$char_traits@D@std@@V?$allocator@D@2@@std@@IU?$less@V?$basic_string@DU?$char_traits@D@std@@V?$allocator@D@2@@std@@@2@V?$allocator@U?$pair@$$CBV?$basic_string@DU?$char_traits@D@std@@V?$allocator@D@2@@std@@I@std@@@2@$0A@@std@@@2@ABU?$pair@$$CBV?$basic_string@DU?$char_traits@D@std@@V?$allocator@D@2@@std@@I@2@@Z 0040aa50 f i EntityPool.obj
 0001:00009c10       ??1?$hashnode@Vword@svutil@@PAVEntity@@@svutil@@QAE@XZ 0040ac10 f i EntityPool.obj
 0001:00009ca0       ?insert@?$hashnode@Vword@svutil@@PAVEntity@@@svutil@@QAEAAV?$hashelement@Vword@svutil@@PAVEntity@@@2@ABVword@2@ABQAVEntity@@@Z 0040aca0 f i EntityPool.obj
 0001:00009d80       ?find@?$hashnode@Vword@svutil@@PAVEntity@@@svutil@@QAE_NABVword@2@PAPAPAVEntity@@@Z 0040ad80 f i EntityPool.obj
 0001:00009de0       ?erase@?$_Tree@V?$_Tmap_traits@IIU?$less@I@std@@V?$allocator@U?$pair@$$CBII@std@@@2@$0A@@std@@@std@@QAE?AViterator@12@V312@@Z 0040ade0 f i EntityPool.obj
 0001:0000a0b0       ??0out_of_range@std@@QAE@ABV01@@Z 0040b0b0 f i EntityPool.obj
 0001:0000a0d0       ??$_Distance@Viterator@?$_Tree@V?$_Tmap_traits@V?$basic_string@DU?$char_traits@D@std@@V?$allocator@D@2@@std@@IU?$less@V?$basic_string@DU?$char_traits@D@std@@V?$allocator@D@2@@std@@@2@V?$allocator@U?$pair@$$CBV?$basic_string@DU?$char_traits@D@std@@V?$allocator@D@2@@std@@I@std@@@2@$0A@@std@@@std@@I@std@@YAXViterator@?$_Tree@V?$_Tmap_traits@V?$basic_string@DU?$char_traits@D@std@@V?$allocator@D@2@@std@@IU?$less@V?$basic_string@DU?$char_traits@D@std@@V?$allocator@D@2@@std@@@2@V?$allocator@U?$pair@$$CBV?$basic_string@DU?$char_traits@D@std@@V?$allocator@D@2@@std@@I@std@@@2@$0A@@std@@@0@0AAI@Z 0040b0d0 f i EntityPool.obj
 0001:0000a110       ?GetVersion@PoolBase2@@QAEIVword@svutil@@@Z 0040b110 f i EntityPool.obj
 0001:0000a1f0       ?insert@?$_Tree@V?$_Tmap_traits@V?$basic_string@DU?$char_traits@D@std@@V?$allocator@D@2@@std@@IU?$less@V?$basic_string@DU?$char_traits@D@std@@V?$allocator@D@2@@std@@@2@V?$allocator@U?$pair@$$CBV?$basic_string@DU?$char_traits@D@std@@V?$allocator@D@2@@std@@I@std@@@2@$0A@@std@@@std@@QAE?AU?$pair@Viterator@?$_Tree@V?$_Tmap_traits@V?$basic_string@DU?$char_traits@D@std@@V?$allocator@D@2@@std@@IU?$less@V?$basic_string@DU?$char_traits@D@std@@V?$allocator@D@2@@std@@@2@V?$allocator@U?$pair@$$CBV?$basic_string@DU?$char_traits@D@std@@V?$allocator@D@2@@std@@I@std@@@2@$0A@@std@@@std@@_N@2@ABU?$pair@$$CBV?$basic_string@DU?$char_traits@D@std@@V?$allocator@D@2@@std@@I@2@@Z 0040b1f0 f i EntityPool.obj
 0001:0000a2d0       ?size@?$hashtable@Vword@svutil@@PAVEntity@@@svutil@@QAEIXZ 0040b2d0 f i EntityPool.obj
 0001:0000a370       ?find@?$hashtable@Vword@svutil@@PAVEntity@@@svutil@@QAEPAPAVEntity@@ABVword@2@@Z 0040b370 f i EntityPool.obj
 0001:0000a3e0       ?clearnodes@?$hashtable@Vword@svutil@@V12@@svutil@@IAEXXZ 0040b3e0 f i EntityPool.obj
 0001:0000a450       ?clearnodes@?$hashtable@Vword@svutil@@PAVEntity@@@svutil@@IAEXXZ 0040b450 f i EntityPool.obj
 0001:0000a4c0       ?findnext@?$hashnode@Vword@svutil@@PAVEntity@@@svutil@@QAE_NAAV?$hashelement@Vword@svutil@@PAVEntity@@@2@PAPAV32@@Z 0040b4c0 f i EntityPool.obj
 0001:0000a570       ?erase@?$hashnode@Vword@svutil@@PAVEntity@@@svutil@@QAE_NABVword@2@@Z 0040b570 f i EntityPool.obj
 0001:0000a680       ?erase@?$_Tree@V?$_Tmap_traits@V?$basic_string@DU?$char_traits@D@std@@V?$allocator@D@2@@std@@IU?$less@V?$basic_string@DU?$char_traits@D@std@@V?$allocator@D@2@@std@@@2@V?$allocator@U?$pair@$$CBV?$basic_string@DU?$char_traits@D@std@@V?$allocator@D@2@@std@@I@std@@@2@$0A@@std@@@std@@QAE?AViterator@12@V312@@Z 0040b680 f i EntityPool.obj
 0001:0000a960       ?erase@?$_Tree@V?$_Tmap_traits@IIU?$less@I@std@@V?$allocator@U?$pair@$$CBII@std@@@2@$0A@@std@@@std@@QAE?AViterator@12@V312@0@Z 0040b960 f i EntityPool.obj
 0001:0000aa20       ?_Insert_n@?$vector@PAV?$hashnode@Vword@svutil@@PAVEntity@@@svutil@@V?$allocator@PAV?$hashnode@Vword@svutil@@PAVEntity@@@svutil@@@std@@@std@@IAEXViterator@12@IABQAV?$hashnode@Vword@svutil@@PAVEntity@@@svutil@@@Z 0040ba20 f i EntityPool.obj
 0001:0000aa20       ?_Insert_n@?$vector@PAV?$hashnode@Vword@svutil@@V12@@svutil@@V?$allocator@PAV?$hashnode@Vword@svutil@@V12@@svutil@@@std@@@std@@IAEXViterator@12@IABQAV?$hashnode@Vword@svutil@@V12@@svutil@@@Z 0040ba20 f i EntityPool.obj
 0001:0000ac10       ?_Erase@?$_Tree@V?$_Tmap_traits@V?$basic_string@DU?$char_traits@D@std@@V?$allocator@D@2@@std@@IU?$less@V?$basic_string@DU?$char_traits@D@std@@V?$allocator@D@2@@std@@@2@V?$allocator@U?$pair@$$CBV?$basic_string@DU?$char_traits@D@std@@V?$allocator@D@2@@std@@I@std@@@2@$0A@@std@@@std@@IAEXPAU_Node@?$_Tree_nod@V?$_Tmap_traits@V?$basic_string@DU?$char_traits@D@std@@V?$allocator@D@2@@std@@IU?$less@V?$basic_string@DU?$char_traits@D@std@@V?$allocator@D@2@@std@@@2@V?$allocator@U?$pair@$$CBV?$basic_string@DU?$char_traits@D@std@@V?$allocator@D@2@@std@@I@std@@@2@$0A@@std@@@2@@Z 0040bc10 f i EntityPool.obj
 0001:0000ac50       ?NewVersion@PoolBase2@@QAE_NVword@svutil@@@Z 0040bc50 f i EntityPool.obj
 0001:0000ad50       ?GetEntityData@EntityPool@@QAE_NVword@svutil@@PADAAI@Z 0040bd50 f   EntityPool.obj
 0001:0000ae40       ??1?$hashtable@Vword@svutil@@V12@@svutil@@QAE@XZ 0040be40 f i EntityPool.obj
 0001:0000aea0       ??1?$hashtable@Vword@svutil@@PAVEntity@@@svutil@@QAE@XZ 0040bea0 f i EntityPool.obj
 0001:0000af00       ?erase@?$hashtable@Vword@svutil@@PAVEntity@@@svutil@@QAE_NABVword@2@@Z 0040bf00 f i EntityPool.obj
 0001:0000afa0       ?findnext@?$hashtable@Vword@svutil@@PAVEntity@@@svutil@@QAE_NAAViterator@12@@Z 0040bfa0 f i EntityPool.obj
 0001:0000b040       ??0?$vector@PAV?$hashnode@Vword@svutil@@PAVEntity@@@svutil@@V?$allocator@PAV?$hashnode@Vword@svutil@@PAVEntity@@@svutil@@@std@@@std@@QAE@ABV01@@Z 0040c040 f i EntityPool.obj
 0001:0000b100       ?resize@?$vector@PAV?$hashnode@Vword@svutil@@V12@@svutil@@V?$allocator@PAV?$hashnode@Vword@svutil@@V12@@svutil@@@std@@@std@@QAEXIPAV?$hashnode@Vword@svutil@@V12@@svutil@@@Z 0040c100 f i EntityPool.obj
 0001:0000b100       ?resize@?$vector@PAV?$hashnode@Vword@svutil@@PAVEntity@@@svutil@@V?$allocator@PAV?$hashnode@Vword@svutil@@PAVEntity@@@svutil@@@std@@@std@@QAEXIPAV?$hashnode@Vword@svutil@@PAVEntity@@@svutil@@@Z 0040c100 f i EntityPool.obj
 0001:0000b190       ??1EntityPool@@QAE@XZ      0040c190 f   EntityPool.obj
 0001:0000b280       ??1?$pair@$$CBV?$basic_string@DU?$char_traits@D@std@@V?$allocator@D@2@@std@@V?$hashtable@Vword@svutil@@PAVEntity@@@svutil@@@std@@QAE@XZ 0040c280 f i EntityPool.obj
 0001:0000b280       ??1?$pair@V?$basic_string@DU?$char_traits@D@std@@V?$allocator@D@2@@std@@V?$hashtable@Vword@svutil@@PAVEntity@@@svutil@@@std@@QAE@XZ 0040c280 f i EntityPool.obj
 0001:0000b2d0       ?GetRawDataSize@EntityPool@@UAEIXZ 0040c2d0 f   EntityPool.obj
 0001:0000b330       ?GetRawData@EntityPool@@UAEPADPADI@Z 0040c330 f   EntityPool.obj
 0001:0000b420       ??0?$hashtable@Vword@svutil@@V12@@svutil@@QAE@H@Z 0040c420 f i EntityPool.obj
 0001:0000b480       ??0?$hashtable@Vword@svutil@@PAVEntity@@@svutil@@QAE@XZ 0040c480 f i EntityPool.obj
 0001:0000b4d0       ?insert@?$hashtable@Vword@svutil@@PAVEntity@@@svutil@@QAEAAPAVEntity@@ABVword@2@ABQAV3@@Z 0040c4d0 f i EntityPool.obj
 0001:0000b5c0       ?erase@?$_Tree@V?$_Tmap_traits@V?$basic_string@DU?$char_traits@D@std@@V?$allocator@D@2@@std@@IU?$less@V?$basic_string@DU?$char_traits@D@std@@V?$allocator@D@2@@std@@@2@V?$allocator@U?$pair@$$CBV?$basic_string@DU?$char_traits@D@std@@V?$allocator@D@2@@std@@I@std@@@2@$0A@@std@@@std@@QAE?AViterator@12@V312@0@Z 0040c5c0 f i EntityPool.obj
 0001:0000b680       ??0?$pair@$$CBV?$basic_string@DU?$char_traits@D@std@@V?$allocator@D@2@@std@@V?$hashtable@Vword@svutil@@PAVEntity@@@svutil@@@std@@QAE@ABU01@@Z 0040c680 f i EntityPool.obj
 0001:0000b680       ??$?0V?$basic_string@DU?$char_traits@D@std@@V?$allocator@D@2@@std@@V?$hashtable@Vword@svutil@@PAVEntity@@@svutil@@@?$pair@$$CBV?$basic_string@DU?$char_traits@D@std@@V?$allocator@D@2@@std@@V?$hashtable@Vword@svutil@@PAVEntity@@@svutil@@@std@@QAE@ABU?$pair@V?$basic_string@DU?$char_traits@D@std@@V?$allocator@D@2@@std@@V?$hashtable@Vword@svutil@@PAVEntity@@@svutil@@@1@@Z 0040c680 f i EntityPool.obj
 0001:0000b6e0       ??1_Node@?$_Tree_nod@V?$_Tmap_traits@V?$basic_string@DU?$char_traits@D@std@@V?$allocator@D@2@@std@@V?$hashtable@Vword@svutil@@PAVEntity@@@svutil@@U?$less@V?$basic_string@DU?$char_traits@D@std@@V?$allocator@D@2@@std@@@2@V?$allocator@U?$pair@$$CBV?$basic_string@DU?$char_traits@D@std@@V?$allocator@D@2@@std@@V?$hashtable@Vword@svutil@@PAVEntity@@@svutil@@@std@@@2@$0A@@std@@@std@@QAE@XZ 0040c6e0 f i EntityPool.obj
 0001:0000b6f0       ??0?$pair@V?$basic_string@DU?$char_traits@D@std@@V?$allocator@D@2@@std@@V?$hashtable@Vword@svutil@@PAVEntity@@@svutil@@@std@@QAE@ABV?$basic_string@DU?$char_traits@D@std@@V?$allocator@D@2@@1@ABV?$hashtable@Vword@svutil@@PAVEntity@@@svutil@@@Z 0040c6f0 f i EntityPool.obj
 0001:0000b750       ??1?$map@IIU?$less@I@std@@V?$allocator@U?$pair@$$CBII@std@@@2@@std@@QAE@XZ 0040c750 f i EntityPool.obj
 0001:0000b780       ??0EntityPool@@QAE@AAV?$hashtable@Vword@svutil@@PAVEntity@@@svutil@@@Z 0040c780 f i EntityPool.obj
 0001:0000b890       ??0EntityPool@@QAE@XZ      0040c890 f   EntityPool.obj
 0001:0000b920       ?QueryMassEntity@EntityPool@@QAEHV?$basic_string@DU?$char_traits@D@std@@V?$allocator@D@2@@std@@PBDIAAV?$list@VSingelRecord@@V?$allocator@VSingelRecord@@@std@@@3@@Z 0040c920 f   EntityPool.obj
 0001:0000bc40       ?CreateObjectByRawData@EntityPool@@UAEHPBDI@Z 0040cc40 f   EntityPool.obj
 0001:0000be10       ?push@EntityPool@@QAE_NPAVEntity@@@Z 0040ce10 f   EntityPool.obj
 0001:0000bfa0       ?PushData@EntityPool@@QAE_NPBDI@Z 0040cfa0 f   EntityPool.obj
 0001:0000c070       ?erase@?$_Tree@V?$_Tmap_traits@V?$basic_string@DU?$char_traits@D@std@@V?$allocator@D@2@@std@@IU?$less@V?$basic_string@DU?$char_traits@D@std@@V?$allocator@D@2@@std@@@2@V?$allocator@U?$pair@$$CBV?$basic_string@DU?$char_traits@D@std@@V?$allocator@D@2@@std@@I@std@@@2@$0A@@std@@@std@@QAEIABV?$basic_string@DU?$char_traits@D@std@@V?$allocator@D@2@@2@@Z 0040d070 f i EntityPool.obj
 0001:0000c0c0       ??$make_pair@V?$basic_string@DU?$char_traits@D@std@@V?$allocator@D@2@@std@@V?$hashtable@Vword@svutil@@PAVEntity@@@svutil@@@std@@YA?AU?$pair@V?$basic_string@DU?$char_traits@D@std@@V?$allocator@D@2@@std@@V?$hashtable@Vword@svutil@@PAVEntity@@@svutil@@@0@V?$basic_string@DU?$char_traits@D@std@@V?$allocator@D@2@@0@V?$hashtable@Vword@svutil@@PAVEntity@@@svutil@@@Z 0040d0c0 f i EntityPool.obj
 0001:0000c140       ??1?$map@V?$basic_string@DU?$char_traits@D@std@@V?$allocator@D@2@@std@@IU?$less@V?$basic_string@DU?$char_traits@D@std@@V?$allocator@D@2@@std@@@2@V?$allocator@U?$pair@$$CBV?$basic_string@DU?$char_traits@D@std@@V?$allocator@D@2@@std@@I@std@@@2@@std@@QAE@XZ 0040d140 f i EntityPool.obj
 0001:0000c170       ?DeleteEntity@EntityPool@@QAE_NVword@svutil@@@Z 0040d170 f   EntityPool.obj
 0001:0000c2a0       ?_Buynode@?$_Tree@V?$_Tmap_traits@V?$basic_string@DU?$char_traits@D@std@@V?$allocator@D@2@@std@@V?$hashtable@Vword@svutil@@PAVEntity@@@svutil@@U?$less@V?$basic_string@DU?$char_traits@D@std@@V?$allocator@D@2@@std@@@2@V?$allocator@U?$pair@$$CBV?$basic_string@DU?$char_traits@D@std@@V?$allocator@D@2@@std@@V?$hashtable@Vword@svutil@@PAVEntity@@@svutil@@@std@@@2@$0A@@std@@@std@@IAEPAU_Node@?$_Tree_nod@V?$_Tmap_traits@V?$basic_string@DU?$char_traits@D@std@@V?$allocator@D@2@@std@@V?$hashtable@Vword@svutil@@PAVEntity@@@svutil@@U?$less@V?$basic_string@DU?$char_traits@D@std@@V?$allocator@D@2@@std@@@2@V?$allocator@U?$pair@$$CBV?$basic_string@DU?$char_traits@D@std@@V?$allocator@D@2@@std@@V?$hashtable@Vword@svutil@@PAVEntity@@@svutil@@@std@@@2@$0A@@std@@@2@PAU342@00ABU?$pair@$$CBV?$basic_string@DU?$char_traits@D@std@@V?$allocator@D@2@@std@@V?$hashtable@Vword@svutil@@PAVEntity@@@svutil@@@2@D@Z 0040d2a0 f i EntityPool.obj
 0001:0000c340       ??0PoolBase2@@QAE@Vword@svutil@@@Z 0040d340 f i EntityPool.obj
 0001:0000c440       ??0EntityPool@@QAE@Vword@svutil@@@Z 0040d440 f   EntityPool.obj
 0001:0000c510       ?_Insert@?$_Tree@V?$_Tmap_traits@V?$basic_string@DU?$char_traits@D@std@@V?$allocator@D@2@@std@@V?$hashtable@Vword@svutil@@PAVEntity@@@svutil@@U?$less@V?$basic_string@DU?$char_traits@D@std@@V?$allocator@D@2@@std@@@2@V?$allocator@U?$pair@$$CBV?$basic_string@DU?$char_traits@D@std@@V?$allocator@D@2@@std@@V?$hashtable@Vword@svutil@@PAVEntity@@@svutil@@@std@@@2@$0A@@std@@@std@@IAE?AViterator@12@_NPAU_Node@?$_Tree_nod@V?$_Tmap_traits@V?$basic_string@DU?$char_traits@D@std@@V?$allocator@D@2@@std@@V?$hashtable@Vword@svutil@@PAVEntity@@@svutil@@U?$less@V?$basic_string@DU?$char_traits@D@std@@V?$allocator@D@2@@std@@@2@V?$allocator@U?$pair@$$CBV?$basic_string@DU?$char_traits@D@std@@V?$allocator@D@2@@std@@V?$hashtable@Vword@svutil@@PAVEntity@@@svutil@@@std@@@2@$0A@@std@@@2@ABU?$pair@$$CBV?$basic_string@DU?$char_traits@D@std@@V?$allocator@D@2@@std@@V?$hashtable@Vword@svutil@@PAVEntity@@@svutil@@@2@@Z 0040d510 f i EntityPool.obj
 0001:0000c6d0       ?insert@?$_Tree@V?$_Tmap_traits@V?$basic_string@DU?$char_traits@D@std@@V?$allocator@D@2@@std@@V?$hashtable@Vword@svutil@@PAVEntity@@@svutil@@U?$less@V?$basic_string@DU?$char_traits@D@std@@V?$allocator@D@2@@std@@@2@V?$allocator@U?$pair@$$CBV?$basic_string@DU?$char_traits@D@std@@V?$allocator@D@2@@std@@V?$hashtable@Vword@svutil@@PAVEntity@@@svutil@@@std@@@2@$0A@@std@@@std@@QAE?AU?$pair@Viterator@?$_Tree@V?$_Tmap_traits@V?$basic_string@DU?$char_traits@D@std@@V?$allocator@D@2@@std@@V?$hashtable@Vword@svutil@@PAVEntity@@@svutil@@U?$less@V?$basic_string@DU?$char_traits@D@std@@V?$allocator@D@2@@std@@@2@V?$allocator@U?$pair@$$CBV?$basic_string@DU?$char_traits@D@std@@V?$allocator@D@2@@std@@V?$hashtable@Vword@svutil@@PAVEntity@@@svutil@@@std@@@2@$0A@@std@@@std@@_N@2@ABU?$pair@$$CBV?$basic_string@DU?$char_traits@D@std@@V?$allocator@D@2@@std@@V?$hashtable@Vword@svutil@@PAVEntity@@@svutil@@@2@@Z 0040d6d0 f i EntityPool.obj
 0001:0000c7b0       ?erase@?$_Tree@V?$_Tmap_traits@V?$basic_string@DU?$char_traits@D@std@@V?$allocator@D@2@@std@@V?$hashtable@Vword@svutil@@PAVEntity@@@svutil@@U?$less@V?$basic_string@DU?$char_traits@D@std@@V?$allocator@D@2@@std@@@2@V?$allocator@U?$pair@$$CBV?$basic_string@DU?$char_traits@D@std@@V?$allocator@D@2@@std@@V?$hashtable@Vword@svutil@@PAVEntity@@@svutil@@@std@@@2@$0A@@std@@@std@@QAE?AViterator@12@V312@@Z 0040d7b0 f i EntityPool.obj
 0001:0000cad0       ?_Erase@?$_Tree@V?$_Tmap_traits@V?$basic_string@DU?$char_traits@D@std@@V?$allocator@D@2@@std@@V?$hashtable@Vword@svutil@@PAVEntity@@@svutil@@U?$less@V?$basic_string@DU?$char_traits@D@std@@V?$allocator@D@2@@std@@@2@V?$allocator@U?$pair@$$CBV?$basic_string@DU?$char_traits@D@std@@V?$allocator@D@2@@std@@V?$hashtable@Vword@svutil@@PAVEntity@@@svutil@@@std@@@2@$0A@@std@@@std@@IAEXPAU_Node@?$_Tree_nod@V?$_Tmap_traits@V?$basic_string@DU?$char_traits@D@std@@V?$allocator@D@2@@std@@V?$hashtable@Vword@svutil@@PAVEntity@@@svutil@@U?$less@V?$basic_string@DU?$char_traits@D@std@@V?$allocator@D@2@@std@@@2@V?$allocator@U?$pair@$$CBV?$basic_string@DU?$char_traits@D@std@@V?$allocator@D@2@@std@@V?$hashtable@Vword@svutil@@PAVEntity@@@svutil@@@std@@@2@$0A@@std@@@2@@Z 0040dad0 f i EntityPool.obj
 0001:0000cb10       ?erase@?$_Tree@V?$_Tmap_traits@V?$basic_string@DU?$char_traits@D@std@@V?$allocator@D@2@@std@@V?$hashtable@Vword@svutil@@PAVEntity@@@svutil@@U?$less@V?$basic_string@DU?$char_traits@D@std@@V?$allocator@D@2@@std@@@2@V?$allocator@U?$pair@$$CBV?$basic_string@DU?$char_traits@D@std@@V?$allocator@D@2@@std@@V?$hashtable@Vword@svutil@@PAVEntity@@@svutil@@@std@@@2@$0A@@std@@@std@@QAE?AViterator@12@V312@0@Z 0040db10 f i EntityPool.obj
 0001:0000cbd0       ??1?$map@V?$basic_string@DU?$char_traits@D@std@@V?$allocator@D@2@@std@@V?$hashtable@Vword@svutil@@PAVEntity@@@svutil@@U?$less@V?$basic_string@DU?$char_traits@D@std@@V?$allocator@D@2@@std@@@2@V?$allocator@U?$pair@$$CBV?$basic_string@DU?$char_traits@D@std@@V?$allocator@D@2@@std@@V?$hashtable@Vword@svutil@@PAVEntity@@@svutil@@@std@@@2@@std@@QAE@XZ 0040dbd0 f i EntityPool.obj
 0001:0000cc00       ?Submit@EntityPool@@UAE_NV?$basic_string@DU?$char_traits@D@std@@V?$allocator@D@2@@std@@@Z 0040dc00 f   EntityPool.obj
 0001:0000d2f0       ?_Incsize@?$list@HV?$allocator@H@std@@@std@@IAEXI@Z 0040e2f0 f i EntityTemplet.obj
 0001:0000d390       ?GetRawDataSize@EntityTemplet@@UAEIXZ 0040e390 f   EntityTemplet.obj
 0001:0000d3e0       ?GetRawData@EntityTemplet@@UAEPADPADI@Z 0040e3e0 f   EntityTemplet.obj
 0001:0000d530       ?push_back@?$list@PAVStringMap@@V?$allocator@PAVStringMap@@@std@@@std@@QAEXABQAVStringMap@@@Z 0040e530 f i EntityTemplet.obj
 0001:0000d570       ?push_back@?$list@HV?$allocator@H@std@@@std@@QAEXABH@Z 0040e570 f i EntityTemplet.obj
 0001:0000d5b0       ??0EntityTemplet@@QAE@XZ   0040e5b0 f   EntityTemplet.obj
 0001:0000d650       ??1EntityTemplet@@QAE@XZ   0040e650 f   EntityTemplet.obj
 0001:0000d760       ?CreateObjectByRawData@EntityTemplet@@UAEHPBDI@Z 0040e760 f   EntityTemplet.obj
 0001:0000d930       ?ResolveIds@EntityTemplet@@QAE_NPAVResource@@@Z 0040e930 f   EntityTemplet.obj
 0001:0000daf0       ?SaveNewIds@EntityTemplet@@QAE_NPAVResource@@@Z 0040eaf0 f   EntityTemplet.obj
 0001:0000de20       ?Load@EntityTempletPool@@UAE_NXZ 0040ee20 f   EntityTempletPool.obj
 0001:0000df20       ?Submit@EntityTempletPool@@UAE_NXZ 0040ef20 f   EntityTempletPool.obj
 0001:0000e060       ??0?$hashelement@Vword@svutil@@PAVEntityTemplet@@@svutil@@QAE@ABVword@1@@Z 0040f060 f i EntityTempletPool.obj
 0001:0000e0c0       ??0?$hashelement@Vword@svutil@@PAVEntityTemplet@@@svutil@@QAE@ABVword@1@ABQAVEntityTemplet@@@Z 0040f0c0 f i EntityTempletPool.obj
 0001:0000e130       ??1?$treenode@V?$hashelement@Vword@svutil@@PAVEntityTemplet@@@svutil@@@svutil@@UAE@XZ 0040f130 f i EntityTempletPool.obj
 0001:0000e150       ??_G?$treenode@V?$hashelement@Vword@svutil@@PAVEntityTemplet@@@svutil@@@svutil@@UAEPAXI@Z 0040f150 f i EntityTempletPool.obj
 0001:0000e150       ??_E?$treenode@V?$hashelement@Vword@svutil@@PAVEntityTemplet@@@svutil@@@svutil@@UAEPAXI@Z 0040f150 f i EntityTempletPool.obj
 0001:0000e170       ?_Xlen@?$vector@PAV?$hashnode@Vword@svutil@@PAVEntityTemplet@@@svutil@@V?$allocator@PAV?$hashnode@Vword@svutil@@PAVEntityTemplet@@@svutil@@@std@@@std@@IBEXXZ 0040f170 f i EntityTempletPool.obj
 0001:0000e1f0       ?CountNodes@?$sorttree@V?$hashelement@Vword@svutil@@PAVEntityTemplet@@@svutil@@@svutil@@AAEXPAV?$treenode@V?$hashelement@Vword@svutil@@PAVEntityTemplet@@@svutil@@@2@AAK@Z 0040f1f0 f i EntityTempletPool.obj
 0001:0000e220       ??M?$treenode@V?$hashelement@Vword@svutil@@PAVEntityTemplet@@@svutil@@@svutil@@QAE_NV01@@Z 0040f220 f i EntityTempletPool.obj
 0001:0000e290       ??O?$treenode@V?$hashelement@Vword@svutil@@PAVEntityTemplet@@@svutil@@@svutil@@QAE_NV01@@Z 0040f290 f i EntityTempletPool.obj
 0001:0000e300       ??0?$treenode@V?$hashelement@Vword@svutil@@PAVEntityTemplet@@@svutil@@@svutil@@QAE@ABV01@@Z 0040f300 f i EntityTempletPool.obj
 0001:0000e380       ??0?$treenode@V?$hashelement@Vword@svutil@@PAVEntityTemplet@@@svutil@@@svutil@@QAE@ABV?$hashelement@Vword@svutil@@PAVEntityTemplet@@@1@@Z 0040f380 f i EntityTempletPool.obj
 0001:0000e400       ?DeleteTree@?$sorttree@V?$hashelement@Vword@svutil@@PAVEntityTemplet@@@svutil@@@svutil@@QAEXPAV?$treenode@V?$hashelement@Vword@svutil@@PAVEntityTemplet@@@svutil@@@2@@Z 0040f400 f i EntityTempletPool.obj
 0001:0000e450       ?InsertNode@?$sorttree@V?$hashelement@Vword@svutil@@PAVEntityTemplet@@@svutil@@@svutil@@QAEXPAV?$treenode@V?$hashelement@Vword@svutil@@PAVEntityTemplet@@@svutil@@@2@0@Z 0040f450 f i EntityTempletPool.obj
 0001:0000e4e0       ?findnextnode@?$sorttree@V?$hashelement@Vword@svutil@@PAVEntityTemplet@@@svutil@@@svutil@@ABEPAV?$treenode@V?$hashelement@Vword@svutil@@PAVEntityTemplet@@@svutil@@@2@AAV?$hashelement@Vword@svutil@@PAVEntityTemplet@@@2@AA_NPAV32@@Z 0040f4e0 f i EntityTempletPool.obj
 0001:0000e550       ??$CreateNode@V?$hashelement@Vword@svutil@@PAVEntityTemplet@@@svutil@@@?$sorttree@V?$hashelement@Vword@svutil@@PAVEntityTemplet@@@svutil@@@svutil@@SAPAV?$treenode@V?$hashelement@Vword@svutil@@PAVEntityTemplet@@@svutil@@@1@ABV?$hashelement@Vword@svutil@@PAVEntityTemplet@@@1@@Z 0040f550 f i EntityTempletPool.obj
 0001:0000e5b0       ??_E?$sorttree@V?$hashelement@Vword@svutil@@PAVEntityTemplet@@@svutil@@@svutil@@UAEPAXI@Z 0040f5b0 f i EntityTempletPool.obj
 0001:0000e5b0       ??_G?$sorttree@V?$hashelement@Vword@svutil@@PAVEntityTemplet@@@svutil@@@svutil@@UAEPAXI@Z 0040f5b0 f i EntityTempletPool.obj
 0001:0000e610       ?find@?$hashnode@Vword@svutil@@PAVEntityTemplet@@@svutil@@QAE_NABVword@2@PAPAV?$hashelement@Vword@svutil@@PAVEntityTemplet@@@2@@Z 0040f610 f i EntityTempletPool.obj
 0001:0000e6e0       ?InsertNodeEx@?$sorttree@V?$hashelement@Vword@svutil@@PAVEntityTemplet@@@svutil@@@svutil@@QAEAAV?$hashelement@Vword@svutil@@PAVEntityTemplet@@@2@ABV32@@Z 0040f6e0 f i EntityTempletPool.obj
 0001:0000e770       ??1?$hashnode@Vword@svutil@@PAVEntityTemplet@@@svutil@@QAE@XZ 0040f770 f i EntityTempletPool.obj
 0001:0000e800       ?insert@?$hashnode@Vword@svutil@@PAVEntityTemplet@@@svutil@@QAEAAV?$hashelement@Vword@svutil@@PAVEntityTemplet@@@2@ABVword@2@ABQAVEntityTemplet@@@Z 0040f800 f i EntityTempletPool.obj
 0001:0000e8e0       ?find@?$hashnode@Vword@svutil@@PAVEntityTemplet@@@svutil@@QAE_NABVword@2@PAPAPAVEntityTemplet@@@Z 0040f8e0 f i EntityTempletPool.obj
 0001:0000e940       ?size@?$hashtable@Vword@svutil@@PAVEntityTemplet@@@svutil@@QAEIXZ 0040f940 f i EntityTempletPool.obj
 0001:0000e9e0       ?find@?$hashtable@Vword@svutil@@PAVEntityTemplet@@@svutil@@QAEPAPAVEntityTemplet@@ABVword@2@@Z 0040f9e0 f i EntityTempletPool.obj
 0001:0000ea50       ?clearnodes@?$hashtable@Vword@svutil@@PAVEntityTemplet@@@svutil@@IAEXXZ 0040fa50 f i EntityTempletPool.obj
[...]
 0001:00054210       $L56341                    00455210 f   EntityPoolEx.obj
 0001:00054218       $L56343                    00455218 f   EntityPoolEx.obj
 0001:00054220       $L56344                    00455220 f   EntityPoolEx.obj
 0001:0005422b       __ehhandler$??0EntityPoolEx@@QAE@Vword@svutil@@@Z 0045522b f   EntityPoolEx.obj
 0001:00054240       $L56379                    00455240 f   EntityPoolEx.obj
 0001:0005424b       $L56380                    0045524b f   EntityPoolEx.obj
 0001:00054253       __ehhandler$?CreateObjectByRawData@EntityPoolEx@@UAEHPBDI@Z 00455253 f   EntityPoolEx.obj
 0001:00054260       $L56421                    00455260 f   EntityPoolEx.obj
 0001:00054269       $L56422                    00455269 f   EntityPoolEx.obj
 0001:00054271       __ehhandler$?push@EntityPoolEx@@QAE_NPAVEntityEx@@@Z 00455271 f   EntityPoolEx.obj
 0001:00054280       $L56482                    00455280 f   EntityPoolEx.obj
 0001:00054289       $L56483                    00455289 f   EntityPoolEx.obj
 0001:00054294       __ehhandler$?PushData@EntityPoolEx@@QAE_NPBDI@Z 00455294 f   EntityPoolEx.obj
 0001:000542a0       $L44617                    004552a0 f   EntityRelation.obj
 0001:000542a0       $L44654                    004552a0 f   EntityRelation.obj
 0001:000542ab       $L44655                    004552ab f   EntityRelation.obj
 0001:000542ab       $L44618                    004552ab f   EntityRelation.obj
 0001:000542b6       $L44619                    004552b6 f   EntityRelation.obj
 0001:000542b6       $L44656                    004552b6 f   EntityRelation.obj
 0001:000542c1       $L44657                    004552c1 f   EntityRelation.obj
 0001:000542c1       $L44620                    004552c1 f   EntityRelation.obj
 0001:000542cc       __ehhandler$??1EntityRelation@@QAE@XZ 004552cc f   EntityRelation.obj
 0001:000542cc       __ehhandler$??0EntityRelation@@QAE@XZ 004552cc f   EntityRelation.obj
 0001:000542e0       __ehhandler$?GetRawData@EntityRelation@@UAEPADPADI@Z 004552e0 f   EntityRelation.obj
 0001:000542f0       __ehhandler$?CreateObjectByRawData@EntityRelation@@UAEHPBDI@Z 004552f0 f   EntityRelation.obj
 0001:00054300       $L44626                    00455300 f   Port.obj
 0001:00054300       $L44594                    00455300 f   Port.obj
 0001:0005430b       $L44627                    0045530b f   Port.obj
 0001:0005430b       $L44595                    0045530b f   Port.obj
 0001:00054316       $L44628                    00455316 f   Port.obj
 0001:00054316       $L44596                    00455316 f   Port.obj
 0001:00054321       __ehhandler$??0Port@@QAE@XZ 00455321 f   Port.obj
 0001:00054321       __ehhandler$??1Port@@QAE@XZ 00455321 f   Port.obj
 0001:00054330       __ehhandler$?GetRawDataSize@Port@@UAEIXZ 00455330 f   Port.obj
 0001:00054340       __ehhandler$?GetRawData@Port@@UAEPADPADI@Z 00455340 f   Port.obj
 0001:00054350       __ehhandler$?CreateObjectByRawData@Port@@UAEHPBDI@Z 00455350 f   Port.obj
 0001:00054360       __ehhandler$?GetRawData@TopologyChart@@UAEPADPADI@Z 00455360 f   TopologyChart.obj
 0001:00054370       $L47995                    00455370 f   TopologyChart.obj
 0001:0005437b       $L47996                    0045537b f   TopologyChart.obj
 0001:00054386       $L47997                    00455386 f   TopologyChart.obj
 0001:00054391       $L47998                    00455391 f   TopologyChart.obj
 0001:0005439c       __ehhandler$??1TopologyChart@@QAE@XZ 0045539c f   TopologyChart.obj
 0001:000543b0       __ehhandler$?GetRawDataSize@TopologyChart@@UAEIXZ 004553b0 f   TopologyChart.obj
 0001:000543c0       $L48667                    004553c0 f   TopologyChart.obj
 0001:000543cb       $L48668                    004553cb f   TopologyChart.obj
 0001:000543d6       $L48669                    004553d6 f   TopologyChart.obj
 0001:000543e1       __ehhandler$??0TopologyChart@@QAE@XZ 004553e1 f   TopologyChart.obj
 0001:000543f0       $L48791                    004553f0 f   TopologyChart.obj
 0001:000543fb       __ehhandler$?CreateObjectByRawData@TopologyChart@@UAEHPBDI@Z 004553fb f   TopologyChart.obj
 0001:00054410       $L50468                    00455410 f   TopologyChartPool.obj
 0001:0005441c       $L50469                    0045541c f   TopologyChartPool.obj
 0001:00054428       __ehhandler$?Load@TopologyChartPool@@UAE_NXZ 00455428 f   TopologyChartPool.obj
 0001:00054440       $L50500                    00455440 f   TopologyChartPool.obj
 0001:0005444c       $L50501                    0045544c f   TopologyChartPool.obj
 0001:00054458       __ehhandler$?Submit@TopologyChartPool@@UAE_NXZ 00455458 f   TopologyChartPool.obj
 0001:00054470       $L50752                    00455470 f   TopologyChartPool.obj
 0001:00054479       $L50756                    00455479 f   TopologyChartPool.obj
 0001:00054482       __ehhandler$?_Xlen@?$vector@PAV?$hashnode@Vword@svutil@@PAVTopologyChart@@@svutil@@V?$allocator@PAV?$hashnode@Vword@svutil@@PAVTopologyChart@@@svutil@@@std@@@std@@IBEXXZ 00455482 f   TopologyChartPool.obj
 0001:00054490       $L50886                    00455490 f   TopologyChartPool.obj
 0001:00054490       $L50923                    00455490 f   TopologyChartPool.obj
 0001:00054498       __ehhandler$??O?$treenode@V?$hashelement@Vword@svutil@@PAVTopologyChart@@@svutil@@@svutil@@QAE_NV01@@Z 00455498 f   TopologyChartPool.obj
 0001:00054498       __ehhandler$??M?$treenode@V?$hashelement@Vword@svutil@@PAVTopologyChart@@@svutil@@@svutil@@QAE_NV01@@Z 00455498 f   TopologyChartPool.obj
 0001:000544b0       $L50959                    004554b0 f   TopologyChartPool.obj
 0001:000544b0       $L51181                    004554b0 f   TopologyChartPool.obj
 0001:000544bb       __ehhandler$??0?$treenode@V?$hashelement@Vword@svutil@@PAVTopologyChart@@@svutil@@@svutil@@QAE@ABV01@@Z 004554bb f   TopologyChartPool.obj
 0001:000544bb       __ehhandler$??0?$treenode@V?$hashelement@Vword@svutil@@PAVTopologyChart@@@svutil@@@svutil@@QAE@ABV?$hashelement@Vword@svutil@@PAVTopologyChart@@@1@@Z 004554bb f   TopologyChartPool.obj
 0001:000544d0       $L50799                    004554d0 f   TopologyChartPool.obj
 0001:000544d0       $L53325                    004554d0 f   TopologyChartPool.obj
 0001:000544d8       __ehhandler$??1?$hashnode@Vword@svutil@@PAVTopologyChart@@@svutil@@QAE@XZ 004554d8 f   TopologyChartPool.obj
 0001:000544d8       __ehhandler$??0?$hashelement@Vword@svutil@@PAVTopologyChart@@@svutil@@QAE@ABVword@1@ABQAVTopologyChart@@@Z 004554d8 f   TopologyChartPool.obj
 0001:000544f0       $L51559                    004554f0 f   TopologyChartPool.obj
 0001:000544f0       $L53477                    004554f0 f   TopologyChartPool.obj
 0001:000544f0       $L54050                    004554f0 f   TopologyChartPool.obj
 0001:000544f8       __ehhandler$?insert@?$hashnode@Vword@svutil@@PAVTopologyChart@@@svutil@@QAEAAV?$hashelement@Vword@svutil@@PAVTopologyChart@@@2@ABVword@2@ABQAVTopologyChart@@@Z 004554f8 f   TopologyChartPool.obj
 0001:000544f8       __ehhandler$?erase@?$hashnode@Vword@svutil@@PAVTopologyChart@@@svutil@@QAE_NABVword@2@@Z 004554f8 f   TopologyChartPool.obj
 0001:000544f8       __ehhandler$?RomoveNode@?$sorttree@V?$hashelement@Vword@svutil@@PAVTopologyChart@@@svutil@@@svutil@@QAEXABV?$hashelement@Vword@svutil@@PAVTopologyChart@@@2@@Z 004554f8 f   TopologyChartPool.obj
 0001:00054510       $L54296                    00455510 f   TopologyChartPool.obj
 0001:00054518       __ehhandler$?GetTopologyChartData@TopologyChartPool@@QAE_NVword@svutil@@PADAAI@Z 00455518 f   TopologyChartPool.obj
 0001:00054530       __ehhandler$?GetRawData@TopologyChartPool@@UAEPADPADI@Z 00455530 f   TopologyChartPool.obj
 0001:00054540       $L55001                    00455540 f   TopologyChartPool.obj
 0001:00054548       $L55002                    00455548 f   TopologyChartPool.obj
 0001:00054551       __ehhandler$?DeleteTopologyChart@TopologyChartPool@@QAE_NVword@svutil@@@Z 00455551 f   TopologyChartPool.obj
 0001:00054560       $L54323                    00455560 f   TopologyChartPool.obj
 0001:00054560       $L55042                    00455560 f   TopologyChartPool.obj
 0001:00054568       __ehhandler$??1?$hashtable@Vword@svutil@@PAVTopologyChart@@@svutil@@QAE@XZ 00455568 f   TopologyChartPool.obj
 0001:00054568       __ehhandler$??0?$hashtable@Vword@svutil@@PAVTopologyChart@@@svutil@@QAE@XZ 00455568 f   TopologyChartPool.obj
 0001:00054580       $L52906                    00455580 f   TopologyChartPool.obj
 0001:00054580       $L55143                    00455580 f   TopologyChartPool.obj
 0001:0005458b       __ehhandler$??$CreateNode@V?$hashelement@Vword@svutil@@PAVTopologyChart@@@svutil@@@?$sorttree@V?$hashelement@Vword@svutil@@PAVTopologyChart@@@svutil@@@svutil@@SAPAV?$treenode@V?$hashelement@Vword@svutil@@PAVTopologyChart@@@svutil@@@1@ABV?$hashelement@Vword@svutil@@PAVTopologyChart@@@1@@Z 0045558b f   TopologyChartPool.obj
 0001:0005458b       __ehhandler$?insert@?$hashtable@Vword@svutil@@PAVTopologyChart@@@svutil@@QAEAAPAVTopologyChart@@ABVword@2@ABQAV3@@Z 0045558b f   TopologyChartPool.obj
 0001:000545a0       $L55378                    004555a0 f   TopologyChartPool.obj
 0001:000545a8       $L55380                    004555a8 f   TopologyChartPool.obj
 0001:000545b0       $L55381                    004555b0 f   TopologyChartPool.obj
 0001:000545bb       __ehhandler$??0TopologyChartPool@@QAE@Vword@svutil@@@Z 004555bb f   TopologyChartPool.obj
 0001:000545d0       $L55416                    004555d0 f   TopologyChartPool.obj
 0001:000545db       $L55417                    004555db f   TopologyChartPool.obj
 0001:000545e3       __ehhandler$?CreateObjectByRawData@TopologyChartPool@@UAEHPBDI@Z 004555e3 f   TopologyChartPool.obj
 0001:000545f0       $L55458                    004555f0 f   TopologyChartPool.obj
 0001:000545f9       $L55459                    004555f9 f   TopologyChartPool.obj
 0001:00054601       __ehhandler$?push@TopologyChartPool@@QAE_NPAVTopologyChart@@@Z 00455601 f   TopologyChartPool.obj
 0001:00054610       $L55519                    00455610 f   TopologyChartPool.obj
 0001:00054619       $L55520                    00455619 f   TopologyChartPool.obj
 0001:00054624       __ehhandler$?PushData@TopologyChartPool@@QAE_NPBDI@Z 00455624 f   TopologyChartPool.obj
 0001:00054630       $L48003                    00455630 f   VirtualGroup.obj
 0001:00054638       __ehhandler$?CreateObjectByRawData@VirtualGroup@@UAEHPBDI@Z 00455638 f   VirtualGroup.obj
 0001:00054650       $L48159                    00455650 f   VirtualGroup.obj
 0001:0005465b       $L48160                    0045565b f   VirtualGroup.obj
 0001:00054666       $L48161                    00455666 f   VirtualGroup.obj
 0001:00054671       $L48162                    00455671 f   VirtualGroup.obj
 0001:0005467c       __ehhandler$??0VirtualGroup@@QAE@XZ 0045567c f   VirtualGroup.obj
 0001:00054690       $L48273                    00455690 f   VirtualGroup.obj
 0001:0005469b       $L48274                    0045569b f   VirtualGroup.obj
 0001:000546a6       $L48275                    004556a6 f   VirtualGroup.obj
 0001:000546b1       __ehhandler$??1VirtualGroup@@QAE@XZ 004556b1 f   VirtualGroup.obj
 0001:000546c0       $L50343                    004556c0 f   VirtualGroupPool.obj
 0001:000546cc       $L50344                    004556cc f   VirtualGroupPool.obj
 0001:000546d8       __ehhandler$?Load@VirtualGroupPool@@UAE_NXZ 004556d8 f   VirtualGroupPool.obj
 0001:000546f0       $L50375                    004556f0 f   VirtualGroupPool.obj
 0001:000546fc       $L50376                    004556fc f   VirtualGroupPool.obj
 0001:00054708       __ehhandler$?Submit@VirtualGroupPool@@UAE_NXZ 00455708 f   VirtualGroupPool.obj
 0001:00054720       $L50627                    00455720 f   VirtualGroupPool.obj
 0001:00054729       $L50631                    00455729 f   VirtualGroupPool.obj
 0001:00054732       __ehhandler$?_Xlen@?$vector@PAV?$hashnode@Vword@svutil@@PAVVirtualGroup@@@svutil@@V?$allocator@PAV?$hashnode@Vword@svutil@@PAVVirtualGroup@@@svutil@@@std@@@std@@IBEXXZ 00455732 f   VirtualGroupPool.obj
 0001:00054740       $L53200                    00455740 f   VirtualGroupPool.obj
 0001:00054740       $L50674                    00455740 f   VirtualGroupPool.obj
 0001:00054748       __ehhandler$??1?$hashnode@Vword@svutil@@PAVVirtualGroup@@@svutil@@QAE@XZ 00455748 f   VirtualGroupPool.obj
 0001:00054748       __ehhandler$??0?$hashelement@Vword@svutil@@PAVVirtualGroup@@@svutil@@QAE@ABVword@1@ABQAVVirtualGroup@@@Z 00455748 f   VirtualGroupPool.obj
 0001:00054760       $L50761                    00455760 f   VirtualGroupPool.obj
 0001:00054760       $L50798                    00455760 f   VirtualGroupPool.obj
 0001:00054768       __ehhandler$??M?$treenode@V?$hashelement@Vword@svutil@@PAVVirtualGroup@@@svutil@@@svutil@@QAE_NV01@@Z 00455768 f   VirtualGroupPool.obj
 0001:00054768       __ehhandler$??O?$treenode@V?$hashelement@Vword@svutil@@PAVVirtualGroup@@@svutil@@@svutil@@QAE_NV01@@Z 00455768 f   VirtualGroupPool.obj
 0001:00054780       $L50834                    00455780 f   VirtualGroupPool.obj
 0001:00054780       $L51056                    00455780 f   VirtualGroupPool.obj
 0001:0005478b       __ehhandler$??0?$treenode@V?$hashelement@Vword@svutil@@PAVVirtualGroup@@@svutil@@@svutil@@QAE@ABV01@@Z 0045578b f   VirtualGroupPool.obj
 0001:0005478b       __ehhandler$??0?$treenode@V?$hashelement@Vword@svutil@@PAVVirtualGroup@@@svutil@@@svutil@@QAE@ABV?$hashelement@Vword@svutil@@PAVVirtualGroup@@@1@@Z 0045578b f   VirtualGroupPool.obj
 0001:000547a0       $L53352                    004557a0 f   VirtualGroupPool.obj
 0001:000547a0       $L53925                    004557a0 f   VirtualGroupPool.obj
 0001:000547a0       $L51434                    004557a0 f   VirtualGroupPool.obj
 0001:000547a8       __ehhandler$?erase@?$hashnode@Vword@svutil@@PAVVirtualGroup@@@svutil@@QAE_NABVword@2@@Z 004557a8 f   VirtualGroupPool.obj
 0001:000547a8       __ehhandler$?RomoveNode@?$sorttree@V?$hashelement@Vword@svutil@@PAVVirtualGroup@@@svutil@@@svutil@@QAEXABV?$hashelement@Vword@svutil@@PAVVirtualGroup@@@2@@Z 004557a8 f   VirtualGroupPool.obj
 0001:000547a8       __ehhandler$?insert@?$hashnode@Vword@svutil@@PAVVirtualGroup@@@svutil@@QAEAAV?$hashelement@Vword@svutil@@PAVVirtualGroup@@@2@ABVword@2@ABQAVVirtualGroup@@@Z 004557a8 f   VirtualGroupPool.obj
 0001:000547c0       $L54171                    004557c0 f   VirtualGroupPool.obj
 0001:000547c8       __ehhandler$?GetVirtualGroupData@VirtualGroupPool@@QAE_NVword@svutil@@PADAAI@Z 004557c8 f   VirtualGroupPool.obj
 0001:000547e0       $L54198                    004557e0 f   VirtualGroupPool.obj
 0001:000547e0       $L54911                    004557e0 f   VirtualGroupPool.obj
 0001:000547e8       __ehhandler$??1?$hashtable@Vword@svutil@@PAVVirtualGroup@@@svutil@@QAE@XZ 004557e8 f   VirtualGroupPool.obj
 0001:000547e8       __ehhandler$??0?$hashtable@Vword@svutil@@PAVVirtualGroup@@@svutil@@QAE@XZ 004557e8 f   VirtualGroupPool.obj
 0001:00054800       $L54870                    00455800 f   VirtualGroupPool.obj
 0001:00054808       $L54871                    00455808 f   VirtualGroupPool.obj
 0001:00054811       __ehhandler$?DeleteVirtualGroup@VirtualGroupPool@@QAE_NVword@svutil@@@Z 00455811 f   VirtualGroupPool.obj
 0001:00054820       $L55012                    00455820 f   VirtualGroupPool.obj
 0001:00054820       $L52781                    00455820 f   VirtualGroupPool.obj
 0001:0005482b       __ehhandler$?insert@?$hashtable@Vword@svutil@@PAVVirtualGroup@@@svutil@@QAEAAPAVVirtualGroup@@ABVword@2@ABQAV3@@Z 0045582b f   VirtualGroupPool.obj
 0001:0005482b       __ehhandler$??$CreateNode@V?$hashelement@Vword@svutil@@PAVVirtualGroup@@@svutil@@@?$sorttree@V?$hashelement@Vword@svutil@@PAVVirtualGroup@@@svutil@@@svutil@@SAPAV?$treenode@V?$hashelement@Vword@svutil@@PAVVirtualGroup@@@svutil@@@1@ABV?$hashelement@Vword@svutil@@PAVVirtualGroup@@@1@@Z 0045582b f   VirtualGroupPool.obj
 0001:00054840       $L55247                    00455840 f   VirtualGroupPool.obj
 0001:00054848       $L55249                    00455848 f   VirtualGroupPool.obj
 0001:00054850       $L55250                    00455850 f   VirtualGroupPool.obj
 0001:0005485b       __ehhandler$??0VirtualGroupPool@@QAE@Vword@svutil@@@Z 0045585b f   VirtualGroupPool.obj
 0001:00054870       $L55285                    00455870 f   VirtualGroupPool.obj
 0001:0005487b       $L55286                    0045587b f   VirtualGroupPool.obj
 0001:00054883       __ehhandler$?CreateObjectByRawData@VirtualGroupPool@@UAEHPBDI@Z 00455883 f   VirtualGroupPool.obj
 0001:00054890       $L55327                    00455890 f   VirtualGroupPool.obj
 0001:00054899       $L55328                    00455899 f   VirtualGroupPool.obj
 0001:000548a1       __ehhandler$?push@VirtualGroupPool@@QAE_NPAVVirtualGroup@@@Z 004558a1 f   VirtualGroupPool.obj
 0001:000548b0       $L55388                    004558b0 f   VirtualGroupPool.obj
 0001:000548b9       $L55389                    004558b9 f   VirtualGroupPool.obj
 0001:000548c4       __ehhandler$?PushData@VirtualGroupPool@@QAE_NPBDI@Z 004558c4 f   VirtualGroupPool.obj
 0001:000548d0       _$E1                       004558d0 f   svdb.obj
 0001:000548f0       _$E1                       004558f0 f   svdbtype.obj
 0001:00054910       _$E4                       00455910 f   svdbtype.obj
 0001:00054930       _$E7                       00455930 f   svdbtype.obj
 0001:00054950       _$E10                      00455950 f   svdbtype.obj
 0001:00054970       _$E13                      00455970 f   svdbtype.obj
 0001:00054990       _$E16                      00455990 f   svdbtype.obj
 0001:000549b0       _$E19                      004559b0 f   svdbtype.obj
 0001:000549d0       _$E22                      004559d0 f   svdbtype.obj
 0001:000549f0       _$E25                      004559f0 f   svdbtype.obj
 0001:00054a10       _$E28                      00455a10 f   svdbtype.obj
 0001:00054a30       _$E31                      00455a30 f   svdbtype.obj
 0001:00054a50       _$E34                      00455a50 f   svdbtype.obj
 0001:00054a70       _$E37                      00455a70 f   svdbtype.obj
 0001:00054a90       _$E40                      00455a90 f   svdbtype.obj
 0001:00054ab0       _$E43                      00455ab0 f   svdbtype.obj
 0001:00054ad0       _$E46                      00455ad0 f   svdbtype.obj
 0001:00054af0       _$E49                      00455af0 f   svdbtype.obj
 0001:00054b00       _$E2                       00455b00 f   svdb.obj
 0001:00054b10       _$E5                       00455b10 f   svdbtype.obj
 0001:00054b20       _$E8                       00455b20 f   svdbtype.obj
 0001:00054b30       _$E11                      00455b30 f   svdbtype.obj
 0001:00054b40       _$E14                      00455b40 f   svdbtype.obj
 0001:00054b50       _$E17                      00455b50 f   svdbtype.obj
 0001:00054b60       _$E20                      00455b60 f   svdbtype.obj
 0001:00054b70       _$E29                      00455b70 f   svdbtype.obj
 0001:00054b80       _$E32                      00455b80 f   svdbtype.obj
 0001:00054b90       _$E44                      00455b90 f   svdbtype.obj
 0001:00054ba0       _$E47                      00455ba0 f   svdbtype.obj
 0001:00054bb0       _$E38                      00455bb0 f   svdbtype.obj
 0001:00054bc0       _$E26                      00455bc0 f   svdbtype.obj
 0001:00054bd0       _$E35                      00455bd0 f   svdbtype.obj
 0001:00054be0       _$E23                      00455be0 f   svdbtype.obj
 0001:00054bf0       _$E41                      00455bf0 f   svdbtype.obj
 0001:00054c00       _$E2                       00455c00 f   svdbtype.obj
