 AlertServer

 Timestamp is 50174f08 (Tue Jul 31 11:20:40 2012)

 Preferred load address is 00400000

 Start         Length     Name                   Class
 0001:00000000 00018152H .text                   CODE
 0001:00018160 0000362aH .text$x                 CODE
 0001:0001b790 00000232H .text$yc                CODE
 0001:0001b9d0 00000130H .text$yd                CODE
 0002:00000000 00000378H .idata$5                DATA
 0002:00000378 000024e8H .rdata                  DATA
 0002:00002860 00000088H .rdata$r                DATA
 0002:000028f0 00000184H .rdata$sxdata           DATA
 0002:00002a74 00000004H .rtc$IAA                DATA
 0002:00002a78 00000004H .rtc$IZZ                DATA
 0002:00002a7c 00000004H .rtc$TAA                DATA
 0002:00002a80 00000004H .rtc$TZZ                DATA
 0002:00002a84 000030acH .xdata$x                DATA
 0002:00005b30 00000000H ATL$__a                 DATA
 0002:00005b30 00000000H ATL$__z                 DATA
 0002:00005b30 000000c8H .idata$2                DATA
 0002:00005bf8 00000014H .idata$3                DATA
 0002:00005c0c 00000378H .idata$4                DATA
 0002:00005f84 00001c3aH .idata$6                DATA
 0002:00007bbe 00000000H .edata                  DATA
 0003:00000000 00000004H .CRT$XCA                DATA
 0003:00000004 00000004H .CRT$XCAA               DATA
 0003:00000008 00000004H .CRT$XCL                DATA
 0003:0000000c 00000048H .CRT$XCU                DATA
 0003:00000054 00000004H .CRT$XCZ                DATA
 0003:00000058 00000004H .CRT$XIA                DATA
 0003:0000005c 00000004H .CRT$XIZ                DATA
 0003:00000060 000001f1H .data                   DATA
 0003:00000258 000003a8H .bss                    DATA
 0004:00000000 00000058H .rsrc$01                DATA
 0004:00000060 00000038H .rsrc$02                DATA

  Address         Publics by Value              Rva+Base     Lib:Object

 0000:00000000       __except_list              00000000     <absolute>
 0000:00000061       ___safe_se_handler_count   00000061     <absolute>
 0000:00009876       __ldused                   00009876     <absolute>
 0000:00009876       __fltused                  00009876     <absolute>
 0000:00000000       ___ImageBase               00400000     <linker-defined>
 0001:00000000       ??3@YAXPAX0@Z              00401000 f i AlertBaseObj.obj
 0001:00000000       ?RefreshData@CAlertBaseObj@@UAEXXZ 00401000 f i AlertBaseObj.obj
 0001:00000010       ??1logic_error@std@@UAE@XZ 00401010 f i AlertBaseObj.obj
 0001:00000070       ?what@logic_error@std@@UBEPBDXZ 00401070 f i AlertBaseObj.obj
 0001:00000080       ??_Glogic_error@std@@UAEPAXI@Z 00401080 f i AlertBaseObj.obj
 0001:00000080       ??_Elogic_error@std@@UAEPAXI@Z 00401080 f i AlertBaseObj.obj
 0001:000000a0       ??_Elength_error@std@@UAEPAXI@Z 004010a0 f i AlertBaseObj.obj
 0001:000000a0       ??_Glength_error@std@@UAEPAXI@Z 004010a0 f i AlertBaseObj.obj
 0001:000000c0       ??1length_error@std@@UAE@XZ 004010c0 f i AlertBaseObj.obj
 0001:000000d0       ??_Eout_of_range@std@@UAEPAXI@Z 004010d0 f i AlertBaseObj.obj
 0001:000000d0       ??_Gout_of_range@std@@UAEPAXI@Z 004010d0 f i AlertBaseObj.obj
 0001:000000f0       ??1out_of_range@std@@UAE@XZ 004010f0 f i AlertBaseObj.obj
 0001:00000100       ?GetEventTypeString@CAlertEventObj@@QAE?AV?$basic_string@DU?$char_traits@D@std@@V?$allocator@D@2@@std@@XZ 00401100 f i AlertBaseObj.obj
 0001:000001e0       ?IsUpgradeMatching@CAlertBaseObj@@UAE_NPAVCAlertEventObj@@@Z 004011e0 f   AlertBaseObj.obj
 0001:000001f0       ?MakeSendObj@CAlertBaseObj@@UAEPAVCAlertSendObj@@XZ 004011f0 f   AlertBaseObj.obj
 0001:00000200       ?RefreshData@CAlertEmailObj@@UAEXXZ 00401200 f   AlertBaseObj.obj
 0001:00000290       ?MakeSendObj@CAlertEmailObj@@UAEPAVCAlertSendObj@@XZ 00401290 f   AlertBaseObj.obj
 0001:000003b0       ?IsUpgradeMatching@CAlertEmailObj@@UAE_NPAVCAlertEventObj@@@Z 004013b0 f   AlertBaseObj.obj
 0001:000004a0       ?RefreshData@CAlertSmsObj@@UAEXXZ 004014a0 f   AlertBaseObj.obj
 0001:00000530       ?MakeSendObj@CAlertSmsObj@@UAEPAVCAlertSendObj@@XZ 00401530 f   AlertBaseObj.obj
 0001:00000660       ?IsUpgradeMatching@CAlertSmsObj@@UAE_NPAVCAlertEventObj@@@Z 00401660 f   AlertBaseObj.obj
 0001:00000750       ?MakeSendObj@CAlertScriptObj@@UAEPAVCAlertSendObj@@XZ 00401750 f   AlertBaseObj.obj
 0001:00000870       ?MakeSendObj@CAlertSoundObj@@UAEPAVCAlertSendObj@@XZ 00401870 f   AlertBaseObj.obj
 0001:00000980       ??1?$pair@$$CBV?$basic_string@DU?$char_traits@D@std@@V?$allocator@D@2@@std@@H@std@@QAE@XZ 00401980 f i AlertBaseObj.obj
 0001:00000980       ??1?$pair@V?$basic_string@DU?$char_traits@D@std@@V?$allocator@D@2@@std@@H@std@@QAE@XZ 00401980 f i AlertMain.obj
 0001:00000990       ??R?$less@V?$basic_string@DU?$char_traits@D@std@@V?$allocator@D@2@@std@@@std@@QBE_NABV?$basic_string@DU?$char_traits@D@std@@V?$allocator@D@2@@1@0@Z 00401990 f i AlertBaseObj.obj
 0001:000009b0       ?_Max@?$_Tree@V?$_Tmap_traits@V?$basic_string@DU?$char_traits@D@std@@V?$allocator@D@2@@std@@HU?$less@V?$basic_string@DU?$char_traits@D@std@@V?$allocator@D@2@@std@@@2@V?$allocator@U?$pair@$$CBV?$basic_string@DU?$char_traits@D@std@@V?$allocator@D@2@@std@@H@std@@@2@$0A@@std@@@std@@KAPAU_Node@?$_Tree_nod@V?$_Tmap_traits@V?$basic_string@DU?$char_traits@D@std@@V?$allocator@D@2@@std@@HU?$less@V?$basic_string@DU?$char_traits@D@std@@V?$allocator@D@2@@std@@@2@V?$allocator@U?$pair@$$CBV?$basic_string@DU?$char_traits@D@std@@V?$allocator@D@2@@std@@H@std@@@2@$0A@@std@@@2@PAU342@@Z 004019b0 f i AlertBaseObj.obj
 0001:000009b0       ?_Max@?$_Tree@V?$_Tmap_traits@HV?$basic_string@DU?$char_traits@D@std@@V?$allocator@D@2@@std@@U?$less@H@2@V?$allocator@U?$pair@$$CBHV?$basic_string@DU?$char_traits@D@std@@V?$allocator@D@2@@std@@@std@@@2@$0A@@std@@@std@@KAPAU_Node@?$_Tree_nod@V?$_Tmap_traits@HV?$basic_string@DU?$char_traits@D@std@@V?$allocator@D@2@@std@@U?$less@H@2@V?$allocator@U?$pair@$$CBHV?$basic_string@DU?$char_traits@D@std@@V?$allocator@D@2@@std@@@std@@@2@$0A@@std@@@2@PAU342@@Z 004019b0 f i AlertSendObj.obj
 0001:000009d0       ?_Min@?$_Tree@V?$_Tmap_traits@HV?$basic_string@DU?$char_traits@D@std@@V?$allocator@D@2@@std@@U?$less@H@2@V?$allocator@U?$pair@$$CBHV?$basic_string@DU?$char_traits@D@std@@V?$allocator@D@2@@std@@@std@@@2@$0A@@std@@@std@@KAPAU_Node@?$_Tree_nod@V?$_Tmap_traits@HV?$basic_string@DU?$char_traits@D@std@@V?$allocator@D@2@@std@@U?$less@H@2@V?$allocator@U?$pair@$$CBHV?$basic_string@DU?$char_traits@D@std@@V?$allocator@D@2@@std@@@std@@@2@$0A@@std@@@2@PAU342@@Z 004019d0 f i AlertSendObj.obj
 0001:000009d0       ?_Min@?$_Tree@V?$_Tmap_traits@V?$basic_string@DU?$char_traits@D@std@@V?$allocator@D@2@@std@@HU?$less@V?$basic_string@DU?$char_traits@D@std@@V?$allocator@D@2@@std@@@2@V?$allocator@U?$pair@$$CBV?$basic_string@DU?$char_traits@D@std@@V?$allocator@D@2@@std@@H@std@@@2@$0A@@std@@@std@@KAPAU_Node@?$_Tree_nod@V?$_Tmap_traits@V?$basic_string@DU?$char_traits@D@std@@V?$allocator@D@2@@std@@HU?$less@V?$basic_string@DU?$char_traits@D@std@@V?$allocator@D@2@@std@@@2@V?$allocator@U?$pair@$$CBV?$basic_string@DU?$char_traits@D@std@@V?$allocator@D@2@@std@@H@std@@@2@$0A@@std@@@2@PAU342@@Z 004019d0 f i AlertBaseObj.obj
 0001:000009f0       ?_Dec@const_iterator@?$_Tree@V?$_Tmap_traits@V?$basic_string@DU?$char_traits@D@std@@V?$allocator@D@2@@std@@HU?$less@V?$basic_string@DU?$char_traits@D@std@@V?$allocator@D@2@@std@@@2@V?$allocator@U?$pair@$$CBV?$basic_string@DU?$char_traits@D@std@@V?$allocator@D@2@@std@@H@std@@@2@$0A@@std@@@std@@QAEXXZ 004019f0 f i AlertBaseObj.obj
 0001:00000a50       ??$?HDU?$char_traits@D@std@@V?$allocator@D@1@@std@@YA?AV?$basic_string@DU?$char_traits@D@std@@V?$allocator@D@2@@0@ABV10@0@Z 00401a50 f i AlertBaseObj.obj
 0001:00000ad0       ??$?HDU?$char_traits@D@std@@V?$allocator@D@1@@std@@YA?AV?$basic_string@DU?$char_traits@D@std@@V?$allocator@D@2@@0@PBDABV10@@Z 00401ad0 f i AlertBaseObj.obj
 0001:00000b50       ??$?HDU?$char_traits@D@std@@V?$allocator@D@1@@std@@YA?AV?$basic_string@DU?$char_traits@D@std@@V?$allocator@D@2@@0@ABV10@PBD@Z 00401b50 f i AlertBaseObj.obj
 0001:00000bd0       ??1_Node@?$_List_nod@V?$basic_string@DU?$char_traits@D@std@@V?$allocator@D@2@@std@@V?$allocator@V?$basic_string@DU?$char_traits@D@std@@V?$allocator@D@2@@std@@@2@@std@@QAE@XZ 00401bd0 f i AlertBaseObj.obj
 0001:00000be0       ??1_Node@?$_Tree_nod@V?$_Tmap_traits@V?$basic_string@DU?$char_traits@D@std@@V?$allocator@D@2@@std@@HU?$less@V?$basic_string@DU?$char_traits@D@std@@V?$allocator@D@2@@std@@@2@V?$allocator@U?$pair@$$CBV?$basic_string@DU?$char_traits@D@std@@V?$allocator@D@2@@std@@H@std@@@2@$0A@@std@@@std@@QAE@XZ 00401be0 f i AlertBaseObj.obj
 0001:00000bf0       ?GetDebugInfo@CAlertBaseObj@@UAE?AV?$basic_string@DU?$char_traits@D@std@@V?$allocator@D@2@@std@@XZ 00401bf0 f   AlertBaseObj.obj
 0001:00001190       ?GetDebugInfo@CAlertEmailObj@@UAE?AV?$basic_string@DU?$char_traits@D@std@@V?$allocator@D@2@@std@@XZ 00402190 f   AlertBaseObj.obj
 0001:00001190       ?GetDebugInfo@CAlertSoundObj@@UAE?AV?$basic_string@DU?$char_traits@D@std@@V?$allocator@D@2@@std@@XZ 00402190 f   AlertBaseObj.obj
 0001:00001190       ?GetDebugInfo@CAlertScriptObj@@UAE?AV?$basic_string@DU?$char_traits@D@std@@V?$allocator@D@2@@std@@XZ 00402190 f   AlertBaseObj.obj
 0001:00001190       ?GetDebugInfo@CAlertSmsObj@@UAE?AV?$basic_string@DU?$char_traits@D@std@@V?$allocator@D@2@@std@@XZ 00402190 f   AlertBaseObj.obj
 0001:000011b0       ?_Lbound@?$_Tree@V?$_Tmap_traits@V?$basic_string@DU?$char_traits@D@std@@V?$allocator@D@2@@std@@HU?$less@V?$basic_string@DU?$char_traits@D@std@@V?$allocator@D@2@@std@@@2@V?$allocator@U?$pair@$$CBV?$basic_string@DU?$char_traits@D@std@@V?$allocator@D@2@@std@@H@std@@@2@$0A@@std@@@std@@IBEPAU_Node@?$_Tree_nod@V?$_Tmap_traits@V?$basic_string@DU?$char_traits@D@std@@V?$allocator@D@2@@std@@HU?$less@V?$basic_string@DU?$char_traits@D@std@@V?$allocator@D@2@@std@@@2@V?$allocator@U?$pair@$$CBV?$basic_string@DU?$char_traits@D@std@@V?$allocator@D@2@@std@@H@std@@@2@$0A@@std@@@2@ABV?$basic_string@DU?$char_traits@D@std@@V?$allocator@D@2@@2@@Z 004021b0 f i AlertBaseObj.obj
 0001:00001200       ?_Buynode@?$list@V?$basic_string@DU?$char_traits@D@std@@V?$allocator@D@2@@std@@V?$allocator@V?$basic_string@DU?$char_traits@D@std@@V?$allocator@D@2@@std@@@2@@std@@IAEPAU_Node@?$_List_nod@V?$basic_string@DU?$char_traits@D@std@@V?$allocator@D@2@@std@@V?$allocator@V?$basic_string@DU?$char_traits@D@std@@V?$allocator@D@2@@std@@@2@@2@XZ 00402200 f i AlertBaseObj.obj
 0001:00001220       ?_Buynode@?$list@V?$basic_string@DU?$char_traits@D@std@@V?$allocator@D@2@@std@@V?$allocator@V?$basic_string@DU?$char_traits@D@std@@V?$allocator@D@2@@std@@@2@@std@@IAEPAU_Node@?$_List_nod@V?$basic_string@DU?$char_traits@D@std@@V?$allocator@D@2@@std@@V?$allocator@V?$basic_string@DU?$char_traits@D@std@@V?$allocator@D@2@@std@@@2@@2@PAU342@0ABV?$basic_string@DU?$char_traits@D@std@@V?$allocator@D@2@@2@@Z 00402220 f i AlertBaseObj.obj
 0001:000012b0       ?_Incsize@?$list@V?$basic_string@DU?$char_traits@D@std@@V?$allocator@D@2@@std@@V?$allocator@V?$basic_string@DU?$char_traits@D@std@@V?$allocator@D@2@@std@@@2@@std@@IAEXI@Z 004022b0 f i AlertBaseObj.obj
 0001:00001350       ??0logic_error@std@@QAE@ABV01@@Z 00402350 f i AlertBaseObj.obj
 0001:000013b0       ??0length_error@std@@QAE@ABV01@@Z 004023b0 f i AlertBaseObj.obj
 0001:000013d0       ?_Buynode@?$_Tree@V?$_Tmap_traits@V?$basic_string@DU?$char_traits@D@std@@V?$allocator@D@2@@std@@HU?$less@V?$basic_string@DU?$char_traits@D@std@@V?$allocator@D@2@@std@@@2@V?$allocator@U?$pair@$$CBV?$basic_string@DU?$char_traits@D@std@@V?$allocator@D@2@@std@@H@std@@@2@$0A@@std@@@std@@IAEPAU_Node@?$_Tree_nod@V?$_Tmap_traits@V?$basic_string@DU?$char_traits@D@std@@V?$allocator@D@2@@std@@HU?$less@V?$basic_string@DU?$char_traits@D@std@@V?$allocator@D@2@@std@@@2@V?$allocator@U?$pair@$$CBV?$basic_string@DU?$char_traits@D@std@@V?$allocator@D@2@@std@@H@std@@@2@$0A@@std@@@2@PAU342@00ABU?$pair@$$CBV?$basic_string@DU?$char_traits@D@std@@V?$allocator@D@2@@std@@H@2@D@Z 004023d0 f i AlertBaseObj.obj
 0001:00001470       ?find@?$_Tree@V?$_Tmap_traits@V?$basic_string@DU?$char_traits@D@std@@V?$allocator@D@2@@std@@HU?$less@V?$basic_string@DU?$char_traits@D@std@@V?$allocator@D@2@@std@@@2@V?$allocator@U?$pair@$$CBV?$basic_string@DU?$char_traits@D@std@@V?$allocator@D@2@@std@@H@std@@@2@$0A@@std@@@std@@QAE?AViterator@12@ABV?$basic_string@DU?$char_traits@D@std@@V?$allocator@D@2@@2@@Z 00402470 f i AlertBaseObj.obj
 0001:000014d0       ?_Insert@?$_Tree@V?$_Tmap_traits@V?$basic_string@DU?$char_traits@D@std@@V?$allocator@D@2@@std@@HU?$less@V?$basic_string@DU?$char_traits@D@std@@V?$allocator@D@2@@std@@@2@V?$allocator@U?$pair@$$CBV?$basic_string@DU?$char_traits@D@std@@V?$allocator@D@2@@std@@H@std@@@2@$0A@@std@@@std@@IAE?AViterator@12@_NPAU_Node@?$_Tree_nod@V?$_Tmap_traits@V?$basic_string@DU?$char_traits@D@std@@V?$allocator@D@2@@std@@HU?$less@V?$basic_string@DU?$char_traits@D@std@@V?$allocator@D@2@@std@@@2@V?$allocator@U?$pair@$$CBV?$basic_string@DU?$char_traits@D@std@@V?$allocator@D@2@@std@@H@std@@@2@$0A@@std@@@2@ABU?$pair@$$CBV?$basic_string@DU?$char_traits@D@std@@V?$allocator@D@2@@std@@H@2@@Z 004024d0 f i AlertBaseObj.obj
 0001:00001690       ?IsMatching@CAlertBaseObj@@UAE_NPAVCAlertEventObj@@@Z 00402690 f   AlertBaseObj.obj
 0001:000018b0       ?IsMatching@CAlertEmailObj@@UAE_NPAVCAlertEventObj@@@Z 004028b0 f   AlertBaseObj.obj
 0001:00001990       ?IsMatching@CAlertSmsObj@@UAE_NPAVCAlertEventObj@@@Z 00402990 f   AlertBaseObj.obj
 0001:00001a70       ?IsMatching@CAlertScriptObj@@UAE_NPAVCAlertEventObj@@@Z 00402a70 f   AlertBaseObj.obj
 0001:00001a70       ?IsMatching@CAlertSoundObj@@UAE_NPAVCAlertEventObj@@@Z 00402a70 f   AlertBaseObj.obj
 0001:00001b30       ?insert@?$_Tree@V?$_Tmap_traits@V?$basic_string@DU?$char_traits@D@std@@V?$allocator@D@2@@std@@HU?$less@V?$basic_string@DU?$char_traits@D@std@@V?$allocator@D@2@@std@@@2@V?$allocator@U?$pair@$$CBV?$basic_string@DU?$char_traits@D@std@@V?$allocator@D@2@@std@@H@std@@@2@$0A@@std@@@std@@QAE?AU?$pair@Viterator@?$_Tree@V?$_Tmap_traits@V?$basic_string@DU?$char_traits@D@std@@V?$allocator@D@2@@std@@HU?$less@V?$basic_string@DU?$char_traits@D@std@@V?$allocator@D@2@@std@@@2@V?$allocator@U?$pair@$$CBV?$basic_string@DU?$char_traits@D@std@@V?$allocator@D@2@@std@@H@std@@@2@$0A@@std@@@std@@_N@2@ABU?$pair@$$CBV?$basic_string@DU?$char_traits@D@std@@V?$allocator@D@2@@std@@H@2@@Z 00402b30 f i AlertBaseObj.obj
 0001:00001c10       ?clear@?$list@V?$basic_string@DU?$char_traits@D@std@@V?$allocator@D@2@@std@@V?$allocator@V?$basic_string@DU?$char_traits@D@std@@V?$allocator@D@2@@std@@@2@@std@@QAEXXZ 00402c10 f i AlertBaseObj.obj
 0001:00001c50       ?erase@?$_Tree@V?$_Tmap_traits@V?$basic_string@DU?$char_traits@D@std@@V?$allocator@D@2@@std@@HU?$less@V?$basic_string@DU?$char_traits@D@std@@V?$allocator@D@2@@std@@@2@V?$allocator@U?$pair@$$CBV?$basic_string@DU?$char_traits@D@std@@V?$allocator@D@2@@std@@H@std@@@2@$0A@@std@@@std@@QAE?AViterator@12@V312@@Z 00402c50 f i AlertBaseObj.obj
 0001:00001f30       ??0out_of_range@std@@QAE@ABV01@@Z 00402f30 f i AlertBaseObj.obj
 0001:00001f50       ?_Erase@?$_Tree@V?$_Tmap_traits@V?$basic_string@DU?$char_traits@D@std@@V?$allocator@D@2@@std@@HU?$less@V?$basic_string@DU?$char_traits@D@std@@V?$allocator@D@2@@std@@@2@V?$allocator@U?$pair@$$CBV?$basic_string@DU?$char_traits@D@std@@V?$allocator@D@2@@std@@H@std@@@2@$0A@@std@@@std@@IAEXPAU_Node@?$_Tree_nod@V?$_Tmap_traits@V?$basic_string@DU?$char_traits@D@std@@V?$allocator@D@2@@std@@HU?$less@V?$basic_string@DU?$char_traits@D@std@@V?$allocator@D@2@@std@@@2@V?$allocator@U?$pair@$$CBV?$basic_string@DU?$char_traits@D@std@@V?$allocator@D@2@@std@@H@std@@@2@$0A@@std@@@2@@Z 00402f50 f i AlertBaseObj.obj
 0001:00001f90       ?WriteAlertTargerById@CAlertBaseObj@@QAEXV?$basic_string@DU?$char_traits@D@std@@V?$allocator@D@2@@std@@@Z 00402f90 f   AlertBaseObj.obj
 0001:000020f0       ?insert@?$_Tree@V?$_Tmap_traits@V?$basic_string@DU?$char_traits@D@std@@V?$allocator@D@2@@std@@HU?$less@V?$basic_string@DU?$char_traits@D@std@@V?$allocator@D@2@@std@@@2@V?$allocator@U?$pair@$$CBV?$basic_string@DU?$char_traits@D@std@@V?$allocator@D@2@@std@@H@std@@@2@$0A@@std@@@std@@QAE?AViterator@12@V312@ABU?$pair@$$CBV?$basic_string@DU?$char_traits@D@std@@V?$allocator@D@2@@std@@H@2@@Z 004030f0 f i AlertBaseObj.obj
 0001:000022b0       ??A?$map@V?$basic_string@DU?$char_traits@D@std@@V?$allocator@D@2@@std@@HU?$less@V?$basic_string@DU?$char_traits@D@std@@V?$allocator@D@2@@std@@@2@V?$allocator@U?$pair@$$CBV?$basic_string@DU?$char_traits@D@std@@V?$allocator@D@2@@std@@H@std@@@2@@std@@QAEAAHABV?$basic_string@DU?$char_traits@D@std@@V?$allocator@D@2@@1@@Z 004032b0 f i AlertBaseObj.obj
 0001:00002350       ??1?$list@V?$basic_string@DU?$char_traits@D@std@@V?$allocator@D@2@@std@@V?$allocator@V?$basic_string@DU?$char_traits@D@std@@V?$allocator@D@2@@std@@@2@@std@@QAE@XZ 00403350 f i AlertBaseObj.obj
 0001:00002370       ?erase@?$_Tree@V?$_Tmap_traits@V?$basic_string@DU?$char_traits@D@std@@V?$allocator@D@2@@std@@HU?$less@V?$basic_string@DU?$char_traits@D@std@@V?$allocator@D@2@@std@@@2@V?$allocator@U?$pair@$$CBV?$basic_string@DU?$char_traits@D@std@@V?$allocator@D@2@@std@@H@std@@@2@$0A@@std@@@std@@QAE?AViterator@12@V312@0@Z 00403370 f i AlertBaseObj.obj
 0001:00002430       ?AnalysisAlertTarget@CAlertBaseObj@@QAEXXZ 00403430 f   AlertBaseObj.obj
 0001:00002630       ??1?$map@V?$basic_string@DU?$char_traits@D@std@@V?$allocator@D@2@@std@@HU?$less@V?$basic_string@DU?$char_traits@D@std@@V?$allocator@D@2@@std@@@2@V?$allocator@U?$pair@$$CBV?$basic_string@DU?$char_traits@D@std@@V?$allocator@D@2@@std@@H@std@@@2@@std@@QAE@XZ 00403630 f i AlertBaseObj.obj
 0001:00002660       ??1CAlertBaseObj@@QAE@XZ   00403660 f i AlertBaseObj.obj
 0001:000027a0       ??0CAlertBaseObj@@QAE@XZ   004037a0 f   AlertBaseObj.obj
 0001:000028f0       ??0CAlertEmailObj@@QAE@XZ  004038f0 f   AlertBaseObj.obj
 0001:000029b0       ??0CAlertSmsObj@@QAE@XZ    004039b0 f   AlertBaseObj.obj
 0001:00002a80       ??0CAlertScriptObj@@QAE@XZ 00403a80 f   AlertBaseObj.obj
 0001:00002b10       ??0CAlertSoundObj@@QAE@XZ  00403b10 f   AlertBaseObj.obj
 0001:00002b80       ??0CAlertEventObj@@QAE@XZ  00403b80 f   AlertEventObj.obj
 0001:00002be0       ?Format@TTime@svutil@@QBE?AV?$basic_string@DU?$char_traits@D@std@@V?$allocator@D@2@@std@@XZ 00403be0 f i AlertMain.obj
 0001:00002c70       ??1sv_dyn@@QAE@XZ          00403c70 f i AlertMain.obj
 0001:00002c80       ?DebugePrint@@YAXV?$basic_string@DU?$char_traits@D@std@@V?$allocator@D@2@@std@@@Z 00403c80 f   AlertMain.obj
 0001:00002ce0       ??1CAlertEventObj@@QAE@XZ  00403ce0 f i AlertMain.obj
 0001:00002d40       ?GetIntFromAlertType@CAlertMain@@AAEHV?$basic_string@DU?$char_traits@D@std@@V?$allocator@D@2@@std@@@Z 00403d40 f   AlertMain.obj
 0001:00002df0       ?InitSendApi@CAlertMain@@SA_NXZ 00403df0 f   AlertMain.obj
 0001:00002e40       ?InitSoundAlertCom@CAlertMain@@SA_NXZ 00403e40 f   AlertMain.obj
 0001:00002ea0       ?InitScriptAlertCom@CAlertMain@@SA_NXZ 00403ea0 f   AlertMain.obj
 0001:00002f00       ?ReplaceStdString@CAlertMain@@SA?AV?$basic_string@DU?$char_traits@D@std@@V?$allocator@D@2@@std@@V23@00@Z 00403f00 f   AlertMain.obj
 0001:00003000       ?GetMonitorPropValue@CAlertMain@@SA?AV?$basic_string@DU?$char_traits@D@std@@V?$allocator@D@2@@std@@V23@0@Z 00404000 f   AlertMain.obj
 0001:00003150       ?GetMonitorTitle@CAlertMain@@SA?AV?$basic_string@DU?$char_traits@D@std@@V?$allocator@D@2@@std@@V23@@Z 00404150 f   AlertMain.obj
 0001:00003290       ?GetDeviceTitle@CAlertMain@@SA?AV?$basic_string@DU?$char_traits@D@std@@V?$allocator@D@2@@std@@V23@@Z 00404290 f   AlertMain.obj
 0001:00003410       ?InitSerialPort@CAlertMain@@SA_NXZ 00404410 f   AlertMain.obj
 0001:000035e0       ?SendSmsFromComm@CAlertMain@@SAHV?$CStringT@DV?$StrTraitMFC_DLL@DV?$ChTraitsCRT@D@ATL@@@@@ATL@@0@Z 004045e0 f   AlertMain.obj
 0001:000036a0       ??1ReceiveThread@@UAE@XZ   004046a0 f   AlertMain.obj
 0001:000036b0       ??1ProcessThread@@UAE@XZ   004046b0 f   AlertMain.obj
 0001:000036c0       ??1SendEmailAlertThread@@UAE@XZ 004046c0 f   AlertMain.obj
 0001:000036d0       ??1SendSmsAlertThread@@UAE@XZ 004046d0 f   AlertMain.obj
 0001:000036e0       ??1SendScriptAlertThread@@UAE@XZ 004046e0 f   AlertMain.obj
 0001:000036f0       ??1SendSoundAlertThread@@UAE@XZ 004046f0 f   AlertMain.obj
 0001:00003700       ?GetDebugInfo@CAlertEventObj@@QAE?AV?$basic_string@DU?$char_traits@D@std@@V?$allocator@D@2@@std@@XZ 00404700 f i AlertMain.obj
 0001:00003a70       ?GetAllGroupTitle@CAlertMain@@SA?AV?$basic_string@DU?$char_traits@D@std@@V?$allocator@D@2@@std@@V23@@Z 00404a70 f   AlertMain.obj
 0001:00003d90       ??_GReceiveThread@@UAEPAXI@Z 00404d90 f i AlertMain.obj
 0001:00003d90       ??_EReceiveThread@@UAEPAXI@Z 00404d90 f i AlertMain.obj
 0001:00003db0       ??_EProcessThread@@UAEPAXI@Z 00404db0 f i AlertMain.obj
 0001:00003db0       ??_GProcessThread@@UAEPAXI@Z 00404db0 f i AlertMain.obj
 0001:00003dd0       ??_ESendEmailAlertThread@@UAEPAXI@Z 00404dd0 f i AlertMain.obj
 0001:00003dd0       ??_GSendEmailAlertThread@@UAEPAXI@Z 00404dd0 f i AlertMain.obj
 0001:00003df0       ??_ESendSmsAlertThread@@UAEPAXI@Z 00404df0 f i AlertMain.obj
 0001:00003df0       ??_GSendSmsAlertThread@@UAEPAXI@Z 00404df0 f i AlertMain.obj
 0001:00003e10       ??_ESendScriptAlertThread@@UAEPAXI@Z 00404e10 f i AlertMain.obj
 0001:00003e10       ??_GSendScriptAlertThread@@UAEPAXI@Z 00404e10 f i AlertMain.obj
 0001:00003e30       ??_ESendSoundAlertThread@@UAEPAXI@Z 00404e30 f i AlertMain.obj
 0001:00003e30       ??_GSendSoundAlertThread@@UAEPAXI@Z 00404e30 f i AlertMain.obj
 0001:00003e50       ?clear@?$list@PAVCAlertBaseObj@@V?$allocator@PAVCAlertBaseObj@@@std@@@std@@QAEXXZ 00404e50 f i AlertMain.obj
 0001:00003e50       ?clear@?$list@PAVCAlertEventObj@@V?$allocator@PAVCAlertEventObj@@@std@@@std@@QAEXXZ 00404e50 f i AlertMain.obj
 0001:00003e50       ?clear@?$list@PAVCAlertSendObj@@V?$allocator@PAVCAlertSendObj@@@std@@@std@@QAEXXZ 00404e50 f i AlertMain.obj
 0001:00003e90       ?_Buynode@?$list@V_bstr_t@@V?$allocator@V_bstr_t@@@std@@@std@@IAEPAU_Node@?$_List_nod@V_bstr_t@@V?$allocator@V_bstr_t@@@std@@@2@XZ 00404e90 f i AlertSendObj.obj
 0001:00003e90       ?_Buynode@?$list@PAVCAlertEventObj@@V?$allocator@PAVCAlertEventObj@@@std@@@std@@IAEPAU_Node@?$_List_nod@PAVCAlertEventObj@@V?$allocator@PAVCAlertEventObj@@@std@@@2@XZ 00404e90 f i AlertMain.obj
 0001:00003e90       ?_Buynode@?$list@PAVCAlertSendObj@@V?$allocator@PAVCAlertSendObj@@@std@@@std@@IAEPAU_Node@?$_List_nod@PAVCAlertSendObj@@V?$allocator@PAVCAlertSendObj@@@std@@@2@XZ 00404e90 f i AlertMain.obj
 0001:00003e90       ?_Buynode@?$list@PAVCAlertBaseObj@@V?$allocator@PAVCAlertBaseObj@@@std@@@std@@IAEPAU_Node@?$_List_nod@PAVCAlertBaseObj@@V?$allocator@PAVCAlertBaseObj@@@std@@@2@XZ 00404e90 f i AlertMain.obj
 0001:00003eb0       ?_Buynode@?$list@PAVCAlertEventObj@@V?$allocator@PAVCAlertEventObj@@@std@@@std@@IAEPAU_Node@?$_List_nod@PAVCAlertEventObj@@V?$allocator@PAVCAlertEventObj@@@std@@@2@PAU342@0ABQAVCAlertEventObj@@@Z 00404eb0 f i AlertMain.obj
 0001:00003eb0       ?_Buynode@?$list@PAVCAlertBaseObj@@V?$allocator@PAVCAlertBaseObj@@@std@@@std@@IAEPAU_Node@?$_List_nod@PAVCAlertBaseObj@@V?$allocator@PAVCAlertBaseObj@@@std@@@2@PAU342@0ABQAVCAlertBaseObj@@@Z 00404eb0 f i AlertMain.obj
 0001:00003eb0       ?_Buynode@?$list@PAVCAlertSendObj@@V?$allocator@PAVCAlertSendObj@@@std@@@std@@IAEPAU_Node@?$_List_nod@PAVCAlertSendObj@@V?$allocator@PAVCAlertSendObj@@@std@@@2@PAU342@0ABQAVCAlertSendObj@@@Z 00404eb0 f i AlertMain.obj
 0001:00003ee0       ?_Incsize@?$list@PAVCAlertBaseObj@@V?$allocator@PAVCAlertBaseObj@@@std@@@std@@IAEXI@Z 00404ee0 f i AlertMain.obj
 0001:00003ee0       ?_Incsize@?$list@PAVCAlertEventObj@@V?$allocator@PAVCAlertEventObj@@@std@@@std@@IAEXI@Z 00404ee0 f i AlertMain.obj
 0001:00003ee0       ?_Incsize@?$list@PAVCAlertSendObj@@V?$allocator@PAVCAlertSendObj@@@std@@@std@@IAEXI@Z 00404ee0 f i AlertMain.obj
 0001:00003f80       ?CreateInstance@?$_com_ptr_t@V?$_com_IIID@UIUMSmSend@@$1?_GUID_d05fdf91_df00_4c3b_a5c8_6a94f1147723@@3U__s_GUID@@B@@@@QAEJABU_GUID@@PAUIUnknown@@K@Z 00404f80 f i AlertMain.obj
 0001:00004010       ??1?$list@PAVCAlertEventObj@@V?$allocator@PAVCAlertEventObj@@@std@@@std@@QAE@XZ 00405010 f i AlertMain.obj
 0001:00004010       ??1?$list@PAVCAlertSendObj@@V?$allocator@PAVCAlertSendObj@@@std@@@std@@QAE@XZ 00405010 f i AlertMain.obj
 0001:00004010       ??1?$list@PAVCAlertBaseObj@@V?$allocator@PAVCAlertBaseObj@@@std@@@std@@QAE@XZ 00405010 f i AlertMain.obj
 0001:00004030       ?erase@?$list@PAVCAlertSendObj@@V?$allocator@PAVCAlertSendObj@@@std@@@std@@QAE?AViterator@12@V312@0@Z 00405030 f i AlertMain.obj
 0001:000040a0       ?CreateInstance@?$_com_ptr_t@V?$_com_IIID@UIUMSmSend@@$1?_GUID_d05fdf91_df00_4c3b_a5c8_6a94f1147723@@3U__s_GUID@@B@@@@QAEJPBGPAUIUnknown@@K@Z 004050a0 f i AlertMain.obj
 0001:00004120       ?DoSendEmailAlert@CAlertMain@@QAEXXZ 00405120 f   AlertMain.obj
 0001:000043e0       ?DoSendSmsAlert@CAlertMain@@QAEXXZ 004053e0 f   AlertMain.obj
 0001:00004680       ?DoSendScriptAlert@CAlertMain@@QAEXXZ 00405680 f   AlertMain.obj
 0001:00004920       ?DoSendSoundAlert@CAlertMain@@QAEXXZ 00405920 f   AlertMain.obj
 0001:00004bc0       ?DeleteAlertObjFromSection@CAlertMain@@AAEXV?$basic_string@DU?$char_traits@D@std@@V?$allocator@D@2@@std@@@Z 00405bc0 f   AlertMain.obj
 0001:00004c70       ?run@SendEmailAlertThread@@UAEXXZ 00405c70 f   AlertMain.obj
 0001:00004c80       ?run@SendScriptAlertThread@@UAEXXZ 00405c80 f   AlertMain.obj
 0001:00004ca0       ?run@SendSoundAlertThread@@UAEXXZ 00405ca0 f   AlertMain.obj
 0001:00004cc0       ?push_back@?$list@PAVCAlertEventObj@@V?$allocator@PAVCAlertEventObj@@@std@@@std@@QAEXABQAVCAlertEventObj@@@Z 00405cc0 f i AlertMain.obj
 0001:00004cc0       ?push_back@?$list@PAVCAlertSendObj@@V?$allocator@PAVCAlertSendObj@@@std@@@std@@QAEXABQAVCAlertSendObj@@@Z 00405cc0 f i AlertMain.obj
 0001:00004d00       ?CreateInstance@?$_com_ptr_t@V?$_com_IIID@UIUMSmSend@@$1?_GUID_d05fdf91_df00_4c3b_a5c8_6a94f1147723@@3U__s_GUID@@B@@@@QAEJPBDPAUIUnknown@@K@Z 00405d00 f i AlertMain.obj
 0001:00004e10       ?DoProcess@CAlertMain@@QAEXXZ 00405e10 f   AlertMain.obj
 0001:00005020       ?ReadAlertObjFromIni@CAlertMain@@AAEXV?$basic_string@DU?$char_traits@D@std@@V?$allocator@D@2@@std@@@Z 00406020 f   AlertMain.obj
 0001:00007830       ?InitWebSmsAlertCom@CAlertMain@@SA_NXZ 00408830 f   AlertMain.obj
 0001:00007890       ?ParserToken@CAlertMain@@SA_NAAV?$list@V?$basic_string@DU?$char_traits@D@std@@V?$allocator@D@2@@std@@V?$allocator@V?$basic_string@DU?$char_traits@D@std@@V?$allocator@D@2@@std@@@2@@std@@PBDPAD@Z 00408890 f   AlertMain.obj
 0001:00007990       ?run@ProcessThread@@UAEXXZ 00408990 f   AlertMain.obj
 0001:000079a0       ?run@SendSmsAlertThread@@UAEXXZ 004089a0 f   AlertMain.obj
 0001:000079c0       ?DoReceive@CAlertMain@@QAEXXZ 004089c0 f   AlertMain.obj
 0001:000086c0       ?InitAlertObjList@CAlertMain@@AAEXXZ 004096c0 f   AlertMain.obj
 0001:000087e0       ?IsScheduleMatch@CAlertMain@@SA_NV?$basic_string@DU?$char_traits@D@std@@V?$allocator@D@2@@std@@@Z 004097e0 f   AlertMain.obj
 0001:00008c40       ?run@ReceiveThread@@UAEXXZ 00409c40 f   AlertMain.obj
 0001:00008c50       ?Init@CAlertMain@@QAE_NXZ  00409c50 f   AlertMain.obj
 0001:00009200       ??_EMutex@ost@@UAEPAXI@Z   0040a200 f i AlertMain.obj
 0001:00009200       ??_GMutex@ost@@UAEPAXI@Z   0040a200 f i AlertMain.obj
 0001:00009220       ??1CAlertMain@@QAE@XZ      0040a220 f   AlertMain.obj
 0001:000093e0       ??0CAlertMain@@QAE@XZ      0040a3e0 f   AlertMain.obj
 0001:000094e0       ??1AFX_EXCEPTION_LINK@@QAE@XZ 0040a4e0 f i AlertSendObj.obj
 0001:000094f0       ??3CObject@@SGXPAX@Z       0040a4f0 f i AlertSendObj.obj
 0001:00009500       ?GetCurrentTimeEx@TTime@svutil@@SA?AV12@XZ 0040a500 f i AlertSendObj.obj
 0001:00009530       ??1sv_pair@@QAE@XZ         0040a530 f i AlertSendObj.obj
 0001:00009530       ??1?$pair@$$CBV?$basic_string@DU?$char_traits@D@std@@V?$allocator@D@2@@std@@V12@@std@@QAE@XZ 0040a530 f i AlertSendObj.obj
 0001:00009580       ?urlEncoding@@YA?AV?$basic_string@DU?$char_traits@D@std@@V?$allocator@D@2@@std@@AAV12@@Z 0040a580 f   AlertSendObj.obj
 0001:00009710       ?buildbuf@@YAPADV?$basic_string@DU?$char_traits@D@std@@V?$allocator@D@2@@std@@PADH@Z 0040a710 f   AlertSendObj.obj
 0001:000097b0       ?GetTemplateContent@@YA?AV?$basic_string@DU?$char_traits@D@std@@V?$allocator@D@2@@std@@V12@0@Z 0040a7b0 f   AlertSendObj.obj
 0001:00009970       ??0CAlertSendObj@@QAE@XZ   0040a970 f   AlertSendObj.obj
 0001:00009a00       ??1CAlertSendObj@@QAE@XZ   0040aa00 f   AlertSendObj.obj
 0001:00009a90       ?SendAlert@CAlertSendObj@@UAE_NXZ 0040aa90 f   AlertSendObj.obj
 0001:00009aa0       ??0CAlertEmailSendObj@@QAE@XZ 0040aaa0 f   AlertSendObj.obj
 0001:00009ba0       ?MakeAlertTitle@CAlertEmailSendObj@@AAEXXZ 0040aba0 f   AlertSendObj.obj
 0001:0000a0d0       ??0CAlertSmsSendObj@@QAE@XZ 0040b0d0 f   AlertSendObj.obj
 0001:0000a1e0       ?MakeAlertTitle@CAlertSmsSendObj@@AAEXXZ 0040b1e0 f   AlertSendObj.obj
 0001:0000a2b0       ?SetUpgradeTrue@CAlertSmsSendObj@@UAEXXZ 0040b2b0 f   AlertSendObj.obj
 0001:0000a2b0       ?SetUpgradeTrue@CAlertEmailSendObj@@UAEXXZ 0040b2b0 f   AlertSendObj.obj
 0001:0000a2b0       ?SetUpgradeTrue@CAlertSendObj@@UAEXXZ 0040b2b0 f   AlertSendObj.obj
 0001:0000a2c0       ?GetSourceHtml@@YAHPBDPAD@Z 0040b2c0 f   AlertSendObj.obj
 0001:0000a3e0       ??0CAlertScriptSendObj@@QAE@XZ 0040b3e0 f   AlertSendObj.obj
 0001:0000a490       ?GetUserInfoFromServer@CAlertScriptSendObj@@QAEXXZ 0040b490 f   AlertSendObj.obj
 0001:0000a6f0       ?EidtQueryString@@YAXAAV?$basic_string@DU?$char_traits@D@std@@V?$allocator@D@2@@std@@PAD@Z 0040b6f0 f   AlertSendObj.obj
 0001:0000a740       ??0CAlertSoundSendObj@@QAE@XZ 0040b740 f   AlertSendObj.obj
 0001:0000a7c0       ?DoMsgBeep@CAlertSoundSendObj@@QAE?AV?$CStringT@DV?$StrTraitMFC_DLL@DV?$ChTraitsCRT@D@ATL@@@@@ATL@@XZ 0040b7c0 f   AlertSendObj.obj
 0001:0000a9f0       ??HATL@@YA?AV?$CStringT@DV?$StrTraitMFC_DLL@DV?$ChTraitsCRT@D@ATL@@@@@0@ABV10@PBD@Z 0040b9f0 f i AlertSendObj.obj
 0001:0000aa90       ??HATL@@YA?AV?$CStringT@DV?$StrTraitMFC_DLL@DV?$ChTraitsCRT@D@ATL@@@@@0@PBDABV10@@Z 0040ba90 f i AlertSendObj.obj
 0001:0000ab30       ??0?$pair@$$CBV?$basic_string@DU?$char_traits@D@std@@V?$allocator@D@2@@std@@V12@@std@@QAE@ABV?$basic_string@DU?$char_traits@D@std@@V?$allocator@D@2@@1@0@Z 0040bb30 f i AlertSendObj.obj
 0001:0000ab90       ?_Rrotate@?$_Tree@V?$_Tmap_traits@V?$basic_string@DU?$char_traits@D@std@@V?$allocator@D@2@@std@@V12@U?$less@V?$basic_string@DU?$char_traits@D@std@@V?$allocator@D@2@@std@@@2@V?$allocator@U?$pair@$$CBV?$basic_string@DU?$char_traits@D@std@@V?$allocator@D@2@@std@@V12@@std@@@2@$0A@@std@@@std@@IAEXPAU_Node@?$_Tree_nod@V?$_Tmap_traits@V?$basic_string@DU?$char_traits@D@std@@V?$allocator@D@2@@std@@V12@U?$less@V?$basic_string@DU?$char_traits@D@std@@V?$allocator@D@2@@std@@@2@V?$allocator@U?$pair@$$CBV?$basic_string@DU?$char_traits@D@std@@V?$allocator@D@2@@std@@V12@@std@@@2@$0A@@std@@@2@@Z 0040bb90 f i AlertSendObj.obj
 0001:0000abf0       ?_Lrotate@?$_Tree@V?$_Tmap_traits@V?$basic_string@DU?$char_traits@D@std@@V?$allocator@D@2@@std@@HU?$less@V?$basic_string@DU?$char_traits@D@std@@V?$allocator@D@2@@std@@@2@V?$allocator@U?$pair@$$CBV?$basic_string@DU?$char_traits@D@std@@V?$allocator@D@2@@std@@H@std@@@2@$0A@@std@@@std@@IAEXPAU_Node@?$_Tree_nod@V?$_Tmap_traits@V?$basic_string@DU?$char_traits@D@std@@V?$allocator@D@2@@std@@HU?$less@V?$basic_string@DU?$char_traits@D@std@@V?$allocator@D@2@@std@@@2@V?$allocator@U?$pair@$$CBV?$basic_string@DU?$char_traits@D@std@@V?$allocator@D@2@@std@@H@std@@@2@$0A@@std@@@2@@Z 0040bbf0 f i AlertBaseObj.obj
 0001:0000abf0       ?_Lrotate@?$_Tree@V?$_Tmap_traits@HV?$basic_string@DU?$char_traits@D@std@@V?$allocator@D@2@@std@@U?$less@H@2@V?$allocator@U?$pair@$$CBHV?$basic_string@DU?$char_traits@D@std@@V?$allocator@D@2@@std@@@std@@@2@$0A@@std@@@std@@IAEXPAU_Node@?$_Tree_nod@V?$_Tmap_traits@HV?$basic_string@DU?$char_traits@D@std@@V?$allocator@D@2@@std@@U?$less@H@2@V?$allocator@U?$pair@$$CBHV?$basic_string@DU?$char_traits@D@std@@V?$allocator@D@2@@std@@@std@@@2@$0A@@std@@@2@@Z 0040bbf0 f i AlertSendObj.obj
 0001:0000ac50       ?_Rrotate@?$_Tree@V?$_Tmap_traits@HV?$basic_string@DU?$char_traits@D@std@@V?$allocator@D@2@@std@@U?$less@H@2@V?$allocator@U?$pair@$$CBHV?$basic_string@DU?$char_traits@D@std@@V?$allocator@D@2@@std@@@std@@@2@$0A@@std@@@std@@IAEXPAU_Node@?$_Tree_nod@V?$_Tmap_traits@HV?$basic_string@DU?$char_traits@D@std@@V?$allocator@D@2@@std@@U?$less@H@2@V?$allocator@U?$pair@$$CBHV?$basic_string@DU?$char_traits@D@std@@V?$allocator@D@2@@std@@@std@@@2@$0A@@std@@@2@@Z 0040bc50 f i AlertSendObj.obj
 0001:0000ac50       ?_Rrotate@?$_Tree@V?$_Tmap_traits@V?$basic_string@DU?$char_traits@D@std@@V?$allocator@D@2@@std@@HU?$less@V?$basic_string@DU?$char_traits@D@std@@V?$allocator@D@2@@std@@@2@V?$allocator@U?$pair@$$CBV?$basic_string@DU?$char_traits@D@std@@V?$allocator@D@2@@std@@H@std@@@2@$0A@@std@@@std@@IAEXPAU_Node@?$_Tree_nod@V?$_Tmap_traits@V?$basic_string@DU?$char_traits@D@std@@V?$allocator@D@2@@std@@HU?$less@V?$basic_string@DU?$char_traits@D@std@@V?$allocator@D@2@@std@@@2@V?$allocator@U?$pair@$$CBV?$basic_string@DU?$char_traits@D@std@@V?$allocator@D@2@@std@@H@std@@@2@$0A@@std@@@2@@Z 0040bc50 f i AlertBaseObj.obj
 0001:0000acb0       ?_Max@?$_Tree@V?$_Tmap_traits@V?$basic_string@DU?$char_traits@D@std@@V?$allocator@D@2@@std@@V12@U?$less@V?$basic_string@DU?$char_traits@D@std@@V?$allocator@D@2@@std@@@2@V?$allocator@U?$pair@$$CBV?$basic_string@DU?$char_traits@D@std@@V?$allocator@D@2@@std@@V12@@std@@@2@$0A@@std@@@std@@KAPAU_Node@?$_Tree_nod@V?$_Tmap_traits@V?$basic_string@DU?$char_traits@D@std@@V?$allocator@D@2@@std@@V12@U?$less@V?$basic_string@DU?$char_traits@D@std@@V?$allocator@D@2@@std@@@2@V?$allocator@U?$pair@$$CBV?$basic_string@DU?$char_traits@D@std@@V?$allocator@D@2@@std@@V12@@std@@@2@$0A@@std@@@2@PAU342@@Z 0040bcb0 f i AlertSendObj.obj
 0001:0000acd0       ?_Min@?$_Tree@V?$_Tmap_traits@V?$basic_string@DU?$char_traits@D@std@@V?$allocator@D@2@@std@@V12@U?$less@V?$basic_string@DU?$char_traits@D@std@@V?$allocator@D@2@@std@@@2@V?$allocator@U?$pair@$$CBV?$basic_string@DU?$char_traits@D@std@@V?$allocator@D@2@@std@@V12@@std@@@2@$0A@@std@@@std@@KAPAU_Node@?$_Tree_nod@V?$_Tmap_traits@V?$basic_string@DU?$char_traits@D@std@@V?$allocator@D@2@@std@@V12@U?$less@V?$basic_string@DU?$char_traits@D@std@@V?$allocator@D@2@@std@@@2@V?$allocator@U?$pair@$$CBV?$basic_string@DU?$char_traits@D@std@@V?$allocator@D@2@@std@@V12@@std@@@2@$0A@@std@@@2@PAU342@@Z 0040bcd0 f i AlertSendObj.obj
 0001:0000acf0       ?_Dec@const_iterator@?$_Tree@V?$_Tmap_traits@V?$basic_string@DU?$char_traits@D@std@@V?$allocator@D@2@@std@@V12@U?$less@V?$basic_string@DU?$char_traits@D@std@@V?$allocator@D@2@@std@@@2@V?$allocator@U?$pair@$$CBV?$basic_string@DU?$char_traits@D@std@@V?$allocator@D@2@@std@@V12@@std@@@2@$0A@@std@@@std@@QAEXXZ 0040bcf0 f i AlertSendObj.obj
 0001:0000ad50       ??0?$pair@$$CBV?$basic_string@DU?$char_traits@D@std@@V?$allocator@D@2@@std@@V12@@std@@QAE@ABU01@@Z 0040bd50 f i AlertSendObj.obj
 0001:0000adb0       ?_Inc@const_iterator@?$_Tree@V?$_Tmap_traits@V?$basic_string@DU?$char_traits@D@std@@V?$allocator@D@2@@std@@HU?$less@V?$basic_string@DU?$char_traits@D@std@@V?$allocator@D@2@@std@@@2@V?$allocator@U?$pair@$$CBV?$basic_string@DU?$char_traits@D@std@@V?$allocator@D@2@@std@@H@std@@@2@$0A@@std@@@std@@QAEXXZ 0040bdb0 f i AlertBaseObj.obj
 0001:0000adb0       ?_Inc@const_iterator@?$_Tree@V?$_Tmap_traits@HV?$basic_string@DU?$char_traits@D@std@@V?$allocator@D@2@@std@@U?$less@H@2@V?$allocator@U?$pair@$$CBHV?$basic_string@DU?$char_traits@D@std@@V?$allocator@D@2@@std@@@std@@@2@$0A@@std@@@std@@QAEXXZ 0040bdb0 f i AlertSendObj.obj
 0001:0000ae10       ??1_Node@?$_List_nod@Usv_pair@@V?$allocator@Usv_pair@@@std@@@std@@QAE@XZ 0040be10 f i AlertSendObj.obj
 0001:0000ae20       ??1_Node@?$_Tree_nod@V?$_Tmap_traits@V?$basic_string@DU?$char_traits@D@std@@V?$allocator@D@2@@std@@V12@U?$less@V?$basic_string@DU?$char_traits@D@std@@V?$allocator@D@2@@std@@@2@V?$allocator@U?$pair@$$CBV?$basic_string@DU?$char_traits@D@std@@V?$allocator@D@2@@std@@V12@@std@@@2@$0A@@std@@@std@@QAE@XZ 0040be20 f i AlertSendObj.obj
 0001:0000ae30       ??0_bstr_t@@QAE@PBD@Z      0040be30 f i AlertSendObj.obj
 0001:0000aec0       ??0_bstr_t@@QAE@PBG@Z      0040bec0 f i AlertSendObj.obj
 0001:0000af60       ?_IsBreakpointChar@CAnalyzer4_bstr_t@SH@@IAE_NG@Z 0040bf60 f i AlertSendObj.obj
 0001:0000afa0       ?_ReverseFindBreakpoint@CAnalyzer4_bstr_t@SH@@IAEHPBGH@Z 0040bfa0 f i AlertSendObj.obj
 0001:0000b000       ?InsertRecord@@YA_NV?$basic_string@DU?$char_traits@D@std@@V?$allocator@D@2@@std@@000000HH@Z 0040c000 f   AlertSendObj.obj
 0001:0000b3e0       ?InsertRecord@CAlertSendObj@@QAEXV?$basic_string@DU?$char_traits@D@std@@V?$allocator@D@2@@std@@HH@Z 0040c3e0 f   AlertSendObj.obj
 0001:0000b5a0       ?GetDebugInfo@CAlertSendObj@@UAE?AV?$basic_string@DU?$char_traits@D@std@@V?$allocator@D@2@@std@@XZ 0040c5a0 f   AlertSendObj.obj
 0001:0000b970       ?GetDebugInfo@CAlertEmailSendObj@@UAE?AV?$basic_string@DU?$char_traits@D@std@@V?$allocator@D@2@@std@@XZ 0040c970 f   AlertSendObj.obj
 0001:0000bd40       ?GetDebugInfo@CAlertSmsSendObj@@UAE?AV?$basic_string@DU?$char_traits@D@std@@V?$allocator@D@2@@std@@XZ 0040cd40 f   AlertSendObj.obj
 0001:0000c110       ?MakeAlertContent@CAlertSmsSendObj@@AAEXXZ 0040d110 f   AlertSendObj.obj
 0001:0000cc00       ?GetDebugInfo@CAlertScriptSendObj@@UAE?AV?$basic_string@DU?$char_traits@D@std@@V?$allocator@D@2@@std@@XZ 0040dc00 f   AlertSendObj.obj
 0001:0000cfd0       ?DoWinScript@CAlertScriptSendObj@@QAE?AV?$CStringT@DV?$StrTraitMFC_DLL@DV?$ChTraitsCRT@D@ATL@@@@@ATL@@XZ 0040dfd0 f   AlertSendObj.obj
 0001:0000daf0       ?GetDebugInfo@CAlertSoundSendObj@@UAE?AV?$basic_string@DU?$char_traits@D@std@@V?$allocator@D@2@@std@@XZ 0040eaf0 f   AlertSendObj.obj
 0001:0000dec0       ?SendAlert@CAlertSoundSendObj@@UAE_NXZ 0040eec0 f   AlertSendObj.obj
 0001:0000e370       ?_Lbound@?$_Tree@V?$_Tmap_traits@V?$basic_string@DU?$char_traits@D@std@@V?$allocator@D@2@@std@@V12@U?$less@V?$basic_string@DU?$char_traits@D@std@@V?$allocator@D@2@@std@@@2@V?$allocator@U?$pair@$$CBV?$basic_string@DU?$char_traits@D@std@@V?$allocator@D@2@@std@@V12@@std@@@2@$0A@@std@@@std@@IBEPAU_Node@?$_Tree_nod@V?$_Tmap_traits@V?$basic_string@DU?$char_traits@D@std@@V?$allocator@D@2@@std@@V12@U?$less@V?$basic_string@DU?$char_traits@D@std@@V?$allocator@D@2@@std@@@2@V?$allocator@U?$pair@$$CBV?$basic_string@DU?$char_traits@D@std@@V?$allocator@D@2@@std@@V12@@std@@@2@$0A@@std@@@2@ABV?$basic_string@DU?$char_traits@D@std@@V?$allocator@D@2@@2@@Z 0040f370 f i AlertSendObj.obj
 0001:0000e3c0       ?_Lrotate@?$_Tree@V?$_Tmap_traits@V?$basic_string@DU?$char_traits@D@std@@V?$allocator@D@2@@std@@V12@U?$less@V?$basic_string@DU?$char_traits@D@std@@V?$allocator@D@2@@std@@@2@V?$allocator@U?$pair@$$CBV?$basic_string@DU?$char_traits@D@std@@V?$allocator@D@2@@std@@V12@@std@@@2@$0A@@std@@@std@@IAEXPAU_Node@?$_Tree_nod@V?$_Tmap_traits@V?$basic_string@DU?$char_traits@D@std@@V?$allocator@D@2@@std@@V12@U?$less@V?$basic_string@DU?$char_traits@D@std@@V?$allocator@D@2@@std@@@2@V?$allocator@U?$pair@$$CBV?$basic_string@DU?$char_traits@D@std@@V?$allocator@D@2@@std@@V12@@std@@@2@$0A@@std@@@2@@Z 0040f3c0 f i AlertSendObj.obj
 0001:0000e420       ?_Inc@const_iterator@?$_Tree@V?$_Tmap_traits@V?$basic_string@DU?$char_traits@D@std@@V?$allocator@D@2@@std@@V12@U?$less@V?$basic_string@DU?$char_traits@D@std@@V?$allocator@D@2@@std@@@2@V?$allocator@U?$pair@$$CBV?$basic_string@DU?$char_traits@D@std@@V?$allocator@D@2@@std@@V12@@std@@@2@$0A@@std@@@std@@QAEXXZ 0040f420 f i AlertSendObj.obj
 0001:0000e480       ??1_Node@?$_Tree_nod@V?$_Tmap_traits@HV?$basic_string@DU?$char_traits@D@std@@V?$allocator@D@2@@std@@U?$less@H@2@V?$allocator@U?$pair@$$CBHV?$basic_string@DU?$char_traits@D@std@@V?$allocator@D@2@@std@@@std@@@2@$0A@@std@@@std@@QAE@XZ 0040f480 f i AlertSendObj.obj
 0001:0000e490       ?Release@Data_t@_bstr_t@@QAEKXZ 0040f490 f i AlertSendObj.obj
 0001:0000e4e0       ?_Buynode@?$list@Usv_pair@@V?$allocator@Usv_pair@@@std@@@std@@IAEPAU_Node@?$_List_nod@Usv_pair@@V?$allocator@Usv_pair@@@std@@@2@XZ 0040f4e0 f i AlertSendObj.obj
 0001:0000e500       ?_Incsize@?$list@V_bstr_t@@V?$allocator@V_bstr_t@@@std@@@std@@IAEXI@Z 0040f500 f i AlertSendObj.obj
 0001:0000e5a0       ?_Buynode@?$_Tree@V?$_Tmap_traits@V?$basic_string@DU?$char_traits@D@std@@V?$allocator@D@2@@std@@HU?$less@V?$basic_string@DU?$char_traits@D@std@@V?$allocator@D@2@@std@@@2@V?$allocator@U?$pair@$$CBV?$basic_string@DU?$char_traits@D@std@@V?$allocator@D@2@@std@@H@std@@@2@$0A@@std@@@std@@IAEPAU_Node@?$_Tree_nod@V?$_Tmap_traits@V?$basic_string@DU?$char_traits@D@std@@V?$allocator@D@2@@std@@HU?$less@V?$basic_string@DU?$char_traits@D@std@@V?$allocator@D@2@@std@@@2@V?$allocator@U?$pair@$$CBV?$basic_string@DU?$char_traits@D@std@@V?$allocator@D@2@@std@@H@std@@@2@$0A@@std@@@2@XZ 0040f5a0 f i AlertBaseObj.obj
 0001:0000e5a0       ?_Buynode@?$_Tree@V?$_Tmap_traits@HV?$basic_string@DU?$char_traits@D@std@@V?$allocator@D@2@@std@@U?$less@H@2@V?$allocator@U?$pair@$$CBHV?$basic_string@DU?$char_traits@D@std@@V?$allocator@D@2@@std@@@std@@@2@$0A@@std@@@std@@IAEPAU_Node@?$_Tree_nod@V?$_Tmap_traits@HV?$basic_string@DU?$char_traits@D@std@@V?$allocator@D@2@@std@@U?$less@H@2@V?$allocator@U?$pair@$$CBHV?$basic_string@DU?$char_traits@D@std@@V?$allocator@D@2@@std@@@std@@@2@$0A@@std@@@2@XZ 0040f5a0 f i AlertSendObj.obj
 0001:0000e5e0       ?_Buynode@?$_Tree@V?$_Tmap_traits@V?$basic_string@DU?$char_traits@D@std@@V?$allocator@D@2@@std@@V12@U?$less@V?$basic_string@DU?$char_traits@D@std@@V?$allocator@D@2@@std@@@2@V?$allocator@U?$pair@$$CBV?$basic_string@DU?$char_traits@D@std@@V?$allocator@D@2@@std@@V12@@std@@@2@$0A@@std@@@std@@IAEPAU_Node@?$_Tree_nod@V?$_Tmap_traits@V?$basic_string@DU?$char_traits@D@std@@V?$allocator@D@2@@std@@V12@U?$less@V?$basic_string@DU?$char_traits@D@std@@V?$allocator@D@2@@std@@@2@V?$allocator@U?$pair@$$CBV?$basic_string@DU?$char_traits@D@std@@V?$allocator@D@2@@std@@V12@@std@@@2@$0A@@std@@@2@XZ 0040f5e0 f i AlertSendObj.obj
 0001:0000e620       ?_Buynode@?$_Tree@V?$_Tmap_traits@V?$basic_string@DU?$char_traits@D@std@@V?$allocator@D@2@@std@@V12@U?$less@V?$basic_string@DU?$char_traits@D@std@@V?$allocator@D@2@@std@@@2@V?$allocator@U?$pair@$$CBV?$basic_string@DU?$char_traits@D@std@@V?$allocator@D@2@@std@@V12@@std@@@2@$0A@@std@@@std@@IAEPAU_Node@?$_Tree_nod@V?$_Tmap_traits@V?$basic_string@DU?$char_traits@D@std@@V?$allocator@D@2@@std@@V12@U?$less@V?$basic_string@DU?$char_traits@D@std@@V?$allocator@D@2@@std@@@2@V?$allocator@U?$pair@$$CBV?$basic_string@DU?$char_traits@D@std@@V?$allocator@D@2@@std@@V12@@std@@@2@$0A@@std@@@2@PAU342@00ABU?$pair@$$CBV?$basic_string@DU?$char_traits@D@std@@V?$allocator@D@2@@std@@V12@@2@D@Z 0040f620 f i AlertSendObj.obj
 0001:0000e6c0       ?_Insert@?$_Tree@V?$_Tmap_traits@V?$basic_string@DU?$char_traits@D@std@@V?$allocator@D@2@@std@@V12@U?$less@V?$basic_string@DU?$char_traits@D@std@@V?$allocator@D@2@@std@@@2@V?$allocator@U?$pair@$$CBV?$basic_string@DU?$char_traits@D@std@@V?$allocator@D@2@@std@@V12@@std@@@2@$0A@@std@@@std@@IAE?AViterator@12@_NPAU_Node@?$_Tree_nod@V?$_Tmap_traits@V?$basic_string@DU?$char_traits@D@std@@V?$allocator@D@2@@std@@V12@U?$less@V?$basic_string@DU?$char_traits@D@std@@V?$allocator@D@2@@std@@@2@V?$allocator@U?$pair@$$CBV?$basic_string@DU?$char_traits@D@std@@V?$allocator@D@2@@std@@V12@@std@@@2@$0A@@std@@@2@ABU?$pair@$$CBV?$basic_string@DU?$char_traits@D@std@@V?$allocator@D@2@@std@@V12@@2@@Z 0040f6c0 f i AlertSendObj.obj
 0001:0000e880       ??1_bstr_t@@QAE@XZ         0040f880 f i AlertSendObj.obj
 0001:0000e8a0       ?GetResult@CAnalyzer4_bstr_t@SH@@QAE?AV_bstr_t@@H@Z 0040f8a0 f i AlertSendObj.obj
 0001:0000e950       ?clear@?$list@Usv_pair@@V?$allocator@Usv_pair@@@std@@@std@@QAEXXZ 0040f950 f i AlertSendObj.obj
 0001:0000e990       ?insert@?$_Tree@V?$_Tmap_traits@V?$basic_string@DU?$char_traits@D@std@@V?$allocator@D@2@@std@@V12@U?$less@V?$basic_string@DU?$char_traits@D@std@@V?$allocator@D@2@@std@@@2@V?$allocator@U?$pair@$$CBV?$basic_string@DU?$char_traits@D@std@@V?$allocator@D@2@@std@@V12@@std@@@2@$0A@@std@@@std@@QAE?AU?$pair@Viterator@?$_Tree@V?$_Tmap_traits@V?$basic_string@DU?$char_traits@D@std@@V?$allocator@D@2@@std@@V12@U?$less@V?$basic_string@DU?$char_traits@D@std@@V?$allocator@D@2@@std@@@2@V?$allocator@U?$pair@$$CBV?$basic_string@DU?$char_traits@D@std@@V?$allocator@D@2@@std@@V12@@std@@@2@$0A@@std@@@std@@_N@2@ABU?$pair@$$CBV?$basic_string@DU?$char_traits@D@std@@V?$allocator@D@2@@std@@V12@@2@@Z 0040f990 f i AlertSendObj.obj
 0001:0000ea70       ?erase@?$_Tree@V?$_Tmap_traits@V?$basic_string@DU?$char_traits@D@std@@V?$allocator@D@2@@std@@V12@U?$less@V?$basic_string@DU?$char_traits@D@std@@V?$allocator@D@2@@std@@@2@V?$allocator@U?$pair@$$CBV?$basic_string@DU?$char_traits@D@std@@V?$allocator@D@2@@std@@V12@@std@@@2@$0A@@std@@@std@@QAE?AViterator@12@V312@@Z 0040fa70 f i AlertSendObj.obj
 0001:0000ed70       ?_Erase@?$_Tree@V?$_Tmap_traits@V?$basic_string@DU?$char_traits@D@std@@V?$allocator@D@2@@std@@V12@U?$less@V?$basic_string@DU?$char_traits@D@std@@V?$allocator@D@2@@std@@@2@V?$allocator@U?$pair@$$CBV?$basic_string@DU?$char_traits@D@std@@V?$allocator@D@2@@std@@V12@@std@@@2@$0A@@std@@@std@@IAEXPAU_Node@?$_Tree_nod@V?$_Tmap_traits@V?$basic_string@DU?$char_traits@D@std@@V?$allocator@D@2@@std@@V12@U?$less@V?$basic_string@DU?$char_traits@D@std@@V?$allocator@D@2@@std@@@2@V?$allocator@U?$pair@$$CBV?$basic_string@DU?$char_traits@D@std@@V?$allocator@D@2@@std@@V12@@std@@@2@$0A@@std@@@2@@Z 0040fd70 f i AlertSendObj.obj
 0001:0000edb0       ??1_Node@?$_List_nod@V_bstr_t@@V?$allocator@V_bstr_t@@@std@@@std@@QAE@XZ 0040fdb0 f i AlertSendObj.obj
 0001:0000edd0       ?ParserReturnInList@@YAXPBDAAV?$list@V?$basic_string@DU?$char_traits@D@std@@V?$allocator@D@2@@std@@V?$allocator@V?$basic_string@DU?$char_traits@D@std@@V?$allocator@D@2@@std@@@2@@std@@@Z 0040fdd0 f   AlertSendObj.obj
 0001:0000ee90       ??1?$list@Usv_pair@@V?$allocator@Usv_pair@@@std@@@std@@QAE@XZ 0040fe90 f i AlertSendObj.obj
 0001:0000eeb0       ?insert@?$_Tree@V?$_Tmap_traits@V?$basic_string@DU?$char_traits@D@std@@V?$allocator@D@2@@std@@V12@U?$less@V?$basic_string@DU?$char_traits@D@std@@V?$allocator@D@2@@std@@@2@V?$allocator@U?$pair@$$CBV?$basic_string@DU?$char_traits@D@std@@V?$allocator@D@2@@std@@V12@@std@@@2@$0A@@std@@@std@@QAE?AViterator@12@V312@ABU?$pair@$$CBV?$basic_string@DU?$char_traits@D@std@@V?$allocator@D@2@@std@@V12@@2@@Z 0040feb0 f i AlertSendObj.obj
 0001:0000f070       ?_Buynode@?$list@V_bstr_t@@V?$allocator@V_bstr_t@@@std@@@std@@IAEPAU_Node@?$_List_nod@V_bstr_t@@V?$allocator@V_bstr_t@@@std@@@2@PAU342@0ABV_bstr_t@@@Z 00410070 f i AlertSendObj.obj
 0001:0000f0b0       ?erase@?$_Tree@V?$_Tmap_traits@HV?$basic_string@DU?$char_traits@D@std@@V?$allocator@D@2@@std@@U?$less@H@2@V?$allocator@U?$pair@$$CBHV?$basic_string@DU?$char_traits@D@std@@V?$allocator@D@2@@std@@@std@@@2@$0A@@std@@@std@@QAE?AViterator@12@V312@@Z 004100b0 f i AlertSendObj.obj
 0001:0000f390       ?_Erase@?$_Tree@V?$_Tmap_traits@HV?$basic_string@DU?$char_traits@D@std@@V?$allocator@D@2@@std@@U?$less@H@2@V?$allocator@U?$pair@$$CBHV?$basic_string@DU?$char_traits@D@std@@V?$allocator@D@2@@std@@@std@@@2@$0A@@std@@@std@@IAEXPAU_Node@?$_Tree_nod@V?$_Tmap_traits@HV?$basic_string@DU?$char_traits@D@std@@V?$allocator@D@2@@std@@U?$less@H@2@V?$allocator@U?$pair@$$CBHV?$basic_string@DU?$char_traits@D@std@@V?$allocator@D@2@@std@@@std@@@2@$0A@@std@@@2@@Z 00410390 f i AlertSendObj.obj
 0001:0000f3d0       ?MakeAlertContent@CAlertEmailSendObj@@AAEXXZ 004103d0 f   AlertSendObj.obj
 0001:00010720       ??A?$map@V?$basic_string@DU?$char_traits@D@std@@V?$allocator@D@2@@std@@V12@U?$less@V?$basic_string@DU?$char_traits@D@std@@V?$allocator@D@2@@std@@@2@V?$allocator@U?$pair@$$CBV?$basic_string@DU?$char_traits@D@std@@V?$allocator@D@2@@std@@V12@@std@@@2@@std@@QAEAAV?$basic_string@DU?$char_traits@D@std@@V?$allocator@D@2@@1@ABV21@@Z 00411720 f i AlertSendObj.obj
 0001:000107d0       ?erase@?$_Tree@V?$_Tmap_traits@V?$basic_string@DU?$char_traits@D@std@@V?$allocator@D@2@@std@@V12@U?$less@V?$basic_string@DU?$char_traits@D@std@@V?$allocator@D@2@@std@@@2@V?$allocator@U?$pair@$$CBV?$basic_string@DU?$char_traits@D@std@@V?$allocator@D@2@@std@@V12@@std@@@2@$0A@@std@@@std@@QAE?AViterator@12@V312@0@Z 004117d0 f i AlertSendObj.obj
 0001:00010890       ?GetInfoFromEmailAddress@CAlertEmailSendObj@@AAE_NV?$basic_string@DU?$char_traits@D@std@@V?$allocator@D@2@@std@@@Z 00411890 f   AlertSendObj.obj
 0001:00010e50       ?GetInfoFromSmsAddress@CAlertSmsSendObj@@AAE_NV?$basic_string@DU?$char_traits@D@std@@V?$allocator@D@2@@std@@@Z 00411e50 f   AlertSendObj.obj
 0001:00011460       ?SendSmsFromCom@CAlertSmsSendObj@@QAE_NXZ 00412460 f   AlertSendObj.obj
 0001:00011600       ?SendSmsFromSelfDefine@CAlertSmsSendObj@@QAE_NXZ 00412600 f   AlertSendObj.obj
 0001:00011c70       ?erase@?$_Tree@V?$_Tmap_traits@HV?$basic_string@DU?$char_traits@D@std@@V?$allocator@D@2@@std@@U?$less@H@2@V?$allocator@U?$pair@$$CBHV?$basic_string@DU?$char_traits@D@std@@V?$allocator@D@2@@std@@@std@@@2@$0A@@std@@@std@@QAE?AViterator@12@V312@0@Z 00412c70 f i AlertSendObj.obj
 0001:00011d30       ?_AddToResults@CAnalyzer4_bstr_t@SH@@IAE_NPBGH@Z 00412d30 f i AlertSendObj.obj
 0001:00011e00       ?_SplitToResults@CAnalyzer4_bstr_t@SH@@IAEPBGPBGH@Z 00412e00 f i AlertSendObj.obj
 0001:00011ea0       ?SendAlert@CAlertEmailSendObj@@UAE_NXZ 00412ea0 f   AlertSendObj.obj
 0001:00012e90       ?clear@?$list@V_bstr_t@@V?$allocator@V_bstr_t@@@std@@@std@@QAEXXZ 00413e90 f i AlertSendObj.obj
 0001:00012ed0       ?Analyzer@CAnalyzer4_bstr_t@SH@@QAEHV_bstr_t@@H@Z 00413ed0 f i AlertSendObj.obj
 0001:00012f70       ??1?$map@V?$basic_string@DU?$char_traits@D@std@@V?$allocator@D@2@@std@@V12@U?$less@V?$basic_string@DU?$char_traits@D@std@@V?$allocator@D@2@@std@@@2@V?$allocator@U?$pair@$$CBV?$basic_string@DU?$char_traits@D@std@@V?$allocator@D@2@@std@@V12@@std@@@2@@std@@QAE@XZ 00413f70 f i AlertSendObj.obj
 0001:00012fa0       ??0CAnalyzer4_bstr_t@SH@@QAE@V_bstr_t@@@Z 00413fa0 f i AlertSendObj.obj
 0001:00013040       ??1?$map@HV?$basic_string@DU?$char_traits@D@std@@V?$allocator@D@2@@std@@U?$less@H@2@V?$allocator@U?$pair@$$CBHV?$basic_string@DU?$char_traits@D@std@@V?$allocator@D@2@@std@@@std@@@2@@std@@QAE@XZ 00414040 f i AlertSendObj.obj
 0001:00013070       ??1CAnalyzer4_bstr_t@SH@@QAE@XZ 00414070 f i AlertSendObj.obj
 0001:000130b0       ?GetDeviceRunParam@@YA?AV?$basic_string@DU?$char_traits@D@std@@V?$allocator@D@2@@std@@V12@@Z 004140b0 f   AlertSendObj.obj
 0001:000136a0       ?DoUnixScript@CAlertScriptSendObj@@QAE_NXZ 004146a0 f   AlertSendObj.obj
 0001:00013810       ??0?$map@HV?$basic_string@DU?$char_traits@D@std@@V?$allocator@D@2@@std@@U?$less@H@2@V?$allocator@U?$pair@$$CBHV?$basic_string@DU?$char_traits@D@std@@V?$allocator@D@2@@std@@@std@@@2@@std@@QAE@XZ 00414810 f i AlertSendObj.obj
 0001:00013840       ?SendSmsFromWeb@CAlertSmsSendObj@@QAE_NXZ 00414840 f   AlertSendObj.obj
 0001:00014320       ?SendAlert@CAlertScriptSendObj@@UAE_NXZ 00415320 f   AlertSendObj.obj
 0001:00014970       ?SendAlert@CAlertSmsSendObj@@UAE_NXZ 00415970 f   AlertSendObj.obj
 0001:00015560       ?hasrun@@YA_NXZ            00416560 f   AlertServer.obj
 0001:000155b0       _main                      004165b0 f   AlertServer.obj
 0001:000156a0       ?FuncGetInstallPath@@YA?AV?$CStringT@DV?$StrTraitMFC_DLL@DV?$ChTraitsCRT@D@ATL@@@@@ATL@@XZ 004166a0 f   funcGeneral.obj
 0001:00015740       ?FuncGetLeftStringByMark@@YA?AV?$CStringT@DV?$StrTraitMFC_DLL@DV?$ChTraitsCRT@D@ATL@@@@@ATL@@V12@0H@Z 00416740 f   funcGeneral.obj
 0001:000158b0       ?FuncGetRightString@@YA?AV?$CStringT@DV?$StrTraitMFC_DLL@DV?$ChTraitsCRT@D@ATL@@@@@ATL@@V12@0@Z 004168b0 f   funcGeneral.obj
 0001:00015a10       ??0CGsmOperate@@QAE@XZ     00416a10 f   GsmOperate.obj
 0001:00015a50       ??1CGsmOperate@@UAE@XZ     00416a50 f   GsmOperate.obj
 0001:00015a80       ?gsmEncodeUcs2@CGsmOperate@@QAEHPBDPAEH@Z 00416a80 f   GsmOperate.obj
 0001:00015b10       ?gsmString2Bytes@CGsmOperate@@QAEHPBDPAEH@Z 00416b10 f   GsmOperate.obj
 0001:00015b70       ?gsmBytes2String@CGsmOperate@@QAEHPBEPADH@Z 00416b70 f   GsmOperate.obj
 0001:00015c00       ?gsmInvertNumbers@CGsmOperate@@QAEHPBDPADH@Z 00416c00 f   GsmOperate.obj
 0001:00015c40       ??_ECGsmOperate@@UAEPAXI@Z 00416c40 f i GsmOperate.obj
 0001:00015c40       ??_GCGsmOperate@@UAEPAXI@Z 00416c40 f i GsmOperate.obj
 0001:00015c60       ?gsmEncodePdu@CGsmOperate@@QAEHPBUSM_PARAM@1@PAD@Z 00416c60 f   GsmOperate.obj
 0001:00015e20       ??0CSerialPort@@QAE@XZ     00416e20 f   SerialPort.obj
 0001:00015e40       ??1CSerialPort@@UAE@XZ     00416e40 f   SerialPort.obj
 0001:00015e60       ?OpenPort@CSerialPort@@AAEPAXPBDHHHH@Z 00416e60 f   SerialPort.obj
 0001:00015f10       ?page@CSerialPort@@AAEHPADPAUMsgList@1@@Z 00416f10 f   SerialPort.obj
 0001:00016080       ?gsmSendMessage@CSerialPort@@AAE_NPBUSM_PARAM@CGsmOperate@@@Z 00417080 f   SerialPort.obj
 0001:000161d0       ?InitPort@CSerialPort@@QAEHV?$CStringT@DV?$StrTraitMFC_DLL@DV?$ChTraitsCRT@D@ATL@@@@@ATL@@@Z 004171d0 f   SerialPort.obj
 0001:00016390       ?CloseCom@CSerialPort@@QAEXXZ 00417390 f   SerialPort.obj
 0001:000163b0       ??_ECSerialPort@@UAEPAXI@Z 004173b0 f i SerialPort.obj
 0001:000163b0       ??_GCSerialPort@@UAEPAXI@Z 004173b0 f i SerialPort.obj
 0001:000163d0       ?SendMsg@CSerialPort@@QAEHV?$CStringT@DV?$StrTraitMFC_DLL@DV?$ChTraitsCRT@D@ATL@@@@@ATL@@0@Z 004173d0 f   SerialPort.obj
 0001:00016780       ?notify@Thread@ost@@MAEXPAV12@@Z 00417780 f   ccgnu2:ccgnu2.dll
 0001:00016786       ?getExtended@Thread@ost@@MAEPAXXZ 00417786 f   ccgnu2:ccgnu2.dll
 0001:0001678c       ?initial@Thread@ost@@MAEXXZ 0041778c f   ccgnu2:ccgnu2.dll
 0001:00016792       ?final@Thread@ost@@MAEXXZ  00417792 f   ccgnu2:ccgnu2.dll
 0001:000167a0       ??0Des@@QAE@XZ             004177a0 f   svdes:Des.obj
 0001:000167b0       ??1Des@@UAE@XZ             004177b0 f   svdes:Des.obj
 0001:000167c0       ?bitsel@Des@@AAEIPAIPBHH@Z 004177c0 f   svdes:Des.obj
 0001:00016820       ?des_decipher@Des@@AAEXPAIIIPAUDESContext@@@Z 00417820 f   svdes:Des.obj
 0001:000171a0       ??_EDes@@UAEPAXI@Z         004181a0 f i svdes:Des.obj
 0001:000171a0       ??_GDes@@UAEPAXI@Z         004181a0 f i svdes:Des.obj
 0001:000171c0       ?des_key_setup@Des@@AAEXIIPAUDESContext@@@Z 004181c0 f   svdes:Des.obj
 0001:00017340       ?des_cbc_decrypt@Des@@AAEXPAEPBEIPAUDESContext@@@Z 00418340 f   svdes:Des.obj
 0001:00017470       ?Decrypt@Des@@QAE_NPBDPAD@Z 00418470 f   svdes:Des.obj
 0001:00017688       ??2@YAPAXI@Z               00418688 f   msvcprt:newop_s.obj
 0001:000176ad       ??_U@YAPAXI@Z              004186ad f   msvcprt:newaop_s.obj
 0001:000176b2       ??3@YAXPAX@Z               004186b2 f   mfc71:MFC71.DLL
 0001:000176b8       ?AfxTryCleanup@@YGXXZ      004186b8 f   mfc71:MFC71.DLL
 0001:000176be       ??_V@YAXPAX@Z              004186be f   mfc71:MFC71.DLL
 0001:000176c4       ??1CInternetSession@@UAE@XZ 004186c4 f   mfc71:MFC71.DLL
 0001:000176ca       ?OpenURL@CInternetSession@@QAEPAVCStdioFile@@PBDKK0K@Z 004186ca f   mfc71:MFC71.DLL
 0001:000176d0       ??0CInternetSession@@QAE@PBDKK00K@Z 004186d0 f   mfc71:MFC71.DLL
 0001:000176e0       ??0CFile@@QAE@PBDI@Z       004186e0 f   mfc71:MFC71.DLL
 0001:000176e6       ??0AFX_EXCEPTION_LINK@@QAE@XZ 004186e6 f   mfc71:MFC71.DLL
 0001:000176ec       ??0CComCriticalSection@ATL@@QAE@XZ 004186ec f i mfcs71:stdafx.obj
 0001:00017700       ?Init@CComCriticalSection@ATL@@QAEJXZ 00418700 f i mfcs71:stdafx.obj
 0001:00017750       ___CxxFrameHandler         00418750 f   msvcrt:MSVCR71.dll
 0001:00017760       _malloc                    00418760 f   msvcrt:MSVCR71.dll
 0001:00017766       _free                      00418766 f   msvcrt:MSVCR71.dll
 0001:0001776c       __except_handler3          0041876c f   msvcrt:MSVCR71.dll
 0001:00017780       __alloca_probe             00418780     msvcrt:chkstk.obj
 0001:00017780       __chkstk                   00418780 f   msvcrt:chkstk.obj
 0001:000177ee       @__security_check_cookie@4 004187ee f   msvcrt:secchk.obj
 0001:000177fc       ??0exception@@QAE@ABV0@@Z  004187fc f   msvcrt:MSVCR71.dll
 0001:00017802       ??_Etype_info@@UAEPAXI@Z   00418802 f i msvcrt:ti_inst.obj
 0001:0001784e       __CxxThrowException@8      0041884e f   msvcrt:MSVCR71.dll
 0001:00017854       __onexit                   00418854 f   msvcrt:atonexit.obj
 0001:0001787a       _atexit                    0041887a f   msvcrt:atonexit.obj
 0001:0001788c       _wcslen                    0041888c f   msvcrt:MSVCR71.dll
 0001:00017892       ?__ArrayUnwind@@YGXPAXIHP6EX0@Z@Z 00418892 f   msvcrt:ehvecdtr.obj
 0001:000178f0       ??_M@YGXPAXIHP6EX0@Z@Z     004188f0 f   msvcrt:ehvecdtr.obj
 0001:00017950       _mainCRTStartup            00418950 f   msvcrt:crtexe.obj
 0001:00017ae8       __callnewh                 00418ae8 f   msvcrt:MSVCR71.dll
 0001:00017af0       __SEH_prolog               00418af0 f   msvcrt:sehprolg.obj
 0001:00017b2b       __SEH_epilog               00418b2b f   msvcrt:sehprolg.obj
 0001:00017b3c       _memset                    00418b3c f   msvcrt:MSVCR71.dll
 0001:00017b44       __EH_prolog                00418b44 f   msvcrt:ehprolog.obj
 0001:00017b63       ___security_init_cookie    00418b63 f   msvcrt:seccinit.obj
 0001:00017bca       ___security_error_handler  00418bca f   msvcrt:MSVCR71.dll
 0001:00017bd0       ??1type_info@@UAE@XZ       00418bd0 f   msvcrt:MSVCR71.dll
 0001:00017bd6       ___dllonexit               00418bd6 f   msvcrt:MSVCR71.dll
 0001:00017bdc       ?terminate@@YAXXZ          00418bdc f   msvcrt:MSVCR71.dll
 0001:00017be2       __XcptFilter               00418be2 f   msvcrt:MSVCR71.dll
 0001:00017be8       __amsg_exit                00418be8 f   msvcrt:MSVCR71.dll
 0001:00017bee       __RTC_Initialize           00418bee f   msvcrt:initsect.obj
 0001:00017c32       __RTC_Terminate            00418c32 f   msvcrt:initsect.obj
 0001:00017c76       __initterm                 00418c76 f   msvcrt:MSVCR71.dll
 0001:00017c7c       __setdefaultprecision      00418c7c f   msvcrt:fp8.obj
 0001:00017c8e       __setargv                  00418c8e f   msvcrt:dllargv.obj
 0001:00017c8e       __matherr                  00418c8e f   msvcrt:merr.obj
 0001:00017c92       __controlfp                00418c92 f   msvcrt:MSVCR71.dll
 0001:00017ca0       ?_com_issue_error@@YGXJ@Z  00418ca0 f   comsupp:comsupp.obj
 0001:00017cb0       ?ConvertStringToBSTR@_com_util@@YGPAGPBD@Z 00418cb0 f   comsupp:comutil.obj
 0001:00017e10       ?ConvertBSTRToString@_com_util@@YGPADPAG@Z 00418e10 f   comsupp:comutil.obj
 0001:00017f70       ?_com_raise_error@@YGXJPAUIErrorInfo@@@Z 00418f70 f   comsupp:comraise.obj
 0001:00017fb0       ??0_com_error@@QAE@ABV0@@Z 00418fb0 f i comsupp:comraise.obj
 0001:00017ff0       ??1_com_error@@UAE@XZ      00418ff0 f i comsupp:comraise.obj
 0001:00018020       ??_E_com_error@@UAEPAXI@Z  00419020 f i comsupp:comraise.obj
 0001:00018020       ??_G_com_error@@UAEPAXI@Z  00419020 f i comsupp:comraise.obj
 0001:0001805a       ?RemoveAll@?$CSimpleArray@PAUHINSTANCE__@@V?$CSimpleArrayEqualHelper@PAUHINSTANCE__@@@ATL@@@ATL@@QAEXXZ 0041905a f i atls:atlbase.obj
 0001:00018077       ??0_ATL_BASE_MODULE70@ATL@@QAE@XZ 00419077 f i atls:atlbase.obj
 0001:00018091       ??1CAtlBaseModule@ATL@@QAE@XZ 00419091 f   atls:atlbase.obj
 0001:000180a7       ??0CAtlBaseModule@ATL@@QAE@XZ 004190a7 f   atls:atlbase.obj
 0002:00000000       __imp__GetLastError@0      0041d000     kernel32:KERNEL32.dll
 0002:00000004       __imp__lstrlenA@4          0041d004     kernel32:KERNEL32.dll
 0002:00000008       __imp__LocalFree@4         0041d008     kernel32:KERNEL32.dll
 0002:0000000c       __imp__GetProcAddress@8    0041d00c     kernel32:KERNEL32.dll
 0002:00000010       __imp__LoadLibraryA@4      0041d010     kernel32:KERNEL32.dll
 0002:00000014       __imp__GetSystemTimeAsFileTime@4 0041d014     kernel32:KERNEL32.dll
 0002:00000018       __imp__GetCurrentProcessId@0 0041d018     kernel32:KERNEL32.dll
 0002:0000001c       __imp__GetCurrentThreadId@0 0041d01c     kernel32:KERNEL32.dll
 0002:00000020       __imp__QueryPerformanceCounter@4 0041d020     kernel32:KERNEL32.dll
 0002:00000024       __imp__GetModuleHandleA@4  0041d024     kernel32:KERNEL32.dll
 0002:00000028       __imp__ExitProcess@4       0041d028     kernel32:KERNEL32.dll
 0002:0000002c       __imp__DeleteCriticalSection@4 0041d02c     kernel32:KERNEL32.dll
 0002:00000030       __imp__InitializeCriticalSection@4 0041d030     kernel32:KERNEL32.dll
 0002:00000034       __imp__WriteFile@20        0041d034     kernel32:KERNEL32.dll
 0002:00000038       __imp__ReadFile@20         0041d038     kernel32:KERNEL32.dll
 0002:0000003c       __imp__CreateFileA@28      0041d03c     kernel32:KERNEL32.dll
 0002:00000040       __imp__GetCommState@8      0041d040     kernel32:KERNEL32.dll
 0002:00000044       __imp__SetCommState@8      0041d044     kernel32:KERNEL32.dll
 0002:00000048       __imp__SetupComm@12        0041d048     kernel32:KERNEL32.dll
 0002:0000004c       __imp__SetCommTimeouts@8   0041d04c     kernel32:KERNEL32.dll
 0002:00000050       __imp__CloseHandle@4       0041d050     kernel32:KERNEL32.dll
 0002:00000054       __imp__GetTickCount@0      0041d054     kernel32:KERNEL32.dll
 0002:00000058       __imp__CreateEventA@16     0041d058     kernel32:KERNEL32.dll
 0002:0000005c       __imp__SetLastError@4      0041d05c     kernel32:KERNEL32.dll
 0002:00000060       __imp__InterlockedDecrement@4 0041d060     kernel32:KERNEL32.dll
 0002:00000064       __imp__WinExec@8           0041d064     kernel32:KERNEL32.dll
 0002:00000068       __imp__InterlockedIncrement@4 0041d068     kernel32:KERNEL32.dll
 0002:0000006c       __imp__OutputDebugStringA@4 0041d06c     kernel32:KERNEL32.dll
 0002:00000070       __imp__Sleep@4             0041d070     kernel32:KERNEL32.dll
 0002:00000074       __imp__FreeLibrary@4       0041d074     kernel32:KERNEL32.dll
 0002:00000078       __imp__WideCharToMultiByte@32 0041d078     kernel32:KERNEL32.dll
 0002:0000007c       __imp__MultiByteToWideChar@24 0041d07c     kernel32:KERNEL32.dll
 0002:00000080       __imp__GetVersionExA@4     0041d080     kernel32:KERNEL32.dll
 0002:00000084       \177KERNEL32_NULL_THUNK_DATA 0041d084     kernel32:KERNEL32.dll
 0002:00000088       __imp_?AllocSysString@?$CStringT@DV?$StrTraitMFC_DLL@DV?$ChTraitsCRT@D@ATL@@@@@ATL@@QBEPAGXZ 0041d088     mfc71:MFC71.DLL
 0002:00000088       __imp_?AllocSysString@?$CStringT@DV?$StrTraitMFC_DLL@DV?$ChTraitsCRT@D@ATL@@@@@ATL@@QBEPA_WXZ 0041d088     mfc71:MFC71.DLL
 0002:0000008c       __imp_??0?$CStringT@DV?$StrTraitMFC_DLL@DV?$ChTraitsCRT@D@ATL@@@@@ATL@@QAE@PBG@Z 0041d08c     mfc71:MFC71.DLL
 0002:0000008c       __imp_??0?$CStringT@DV?$StrTraitMFC_DLL@DV?$ChTraitsCRT@D@ATL@@@@@ATL@@QAE@PB_W@Z 0041d08c     mfc71:MFC71.DLL
 0002:00000090       __imp_?GetAt@?$CSimpleStringT@D$00@ATL@@QBEDH@Z 0041d090     mfc71:MFC71.DLL
 0002:00000094       __imp_?Mid@?$CStringT@DV?$StrTraitMFC_DLL@DV?$ChTraitsCRT@D@ATL@@@@@ATL@@QBE?AV12@HH@Z 0041d094     mfc71:MFC71.DLL
 0002:00000098       __imp_?GetBuffer@?$CSimpleStringT@D$00@ATL@@QAEPADH@Z 0041d098     mfc71:MFC71.DLL
 0002:0000009c       __imp_?GetBuffer@?$CSimpleStringT@D$00@ATL@@QAEPADXZ 0041d09c     mfc71:MFC71.DLL
 0002:000000a0       __imp_?Replace@?$CStringT@DV?$StrTraitMFC_DLL@DV?$ChTraitsCRT@D@ATL@@@@@ATL@@QAEHDD@Z 0041d0a0     mfc71:MFC71.DLL
 0002:000000a4       __imp_?Replace@?$CStringT@DV?$StrTraitMFC_DLL@DV?$ChTraitsCRT@D@ATL@@@@@ATL@@QAEHPBD0@Z 0041d0a4     mfc71:MFC71.DLL
 0002:000000a8       __imp_?Find@?$CStringT@DV?$StrTraitMFC_DLL@DV?$ChTraitsCRT@D@ATL@@@@@ATL@@QBEHPBDH@Z 0041d0a8     mfc71:MFC71.DLL
 0002:000000ac       __imp_?Right@?$CStringT@DV?$StrTraitMFC_DLL@DV?$ChTraitsCRT@D@ATL@@@@@ATL@@QBE?AV12@H@Z 0041d0ac     mfc71:MFC71.DLL
 0002:000000b0       __imp_?Left@?$CStringT@DV?$StrTraitMFC_DLL@DV?$ChTraitsCRT@D@ATL@@@@@ATL@@QBE?AV12@H@Z 0041d0b0     mfc71:MFC71.DLL
 0002:000000b4       __imp_?Format@?$CStringT@DV?$StrTraitMFC_DLL@DV?$ChTraitsCRT@D@ATL@@@@@ATL@@QAAXPBDZZ 0041d0b4     mfc71:MFC71.DLL
 0002:000000b8       __imp_??0AFX_EXCEPTION_LINK@@QAE@XZ 0041d0b8     mfc71:MFC71.DLL
 0002:000000bc       __imp_??0CFile@@QAE@PBDI@Z 0041d0bc     mfc71:MFC71.DLL
 0002:000000c0       __imp_?ReverseFind@?$CStringT@DV?$StrTraitMFC_DLL@DV?$ChTraitsCRT@D@ATL@@@@@ATL@@QBEHD@Z 0041d0c0     mfc71:MFC71.DLL
 0002:000000c4       __imp_?Compare@?$CStringT@DV?$StrTraitMFC_DLL@DV?$ChTraitsCRT@D@ATL@@@@@ATL@@QBEHPBD@Z 0041d0c4     mfc71:MFC71.DLL
 0002:000000c8       __imp_?GetManager@?$CSimpleStringT@D$00@ATL@@QBEPAUIAtlStringMgr@2@XZ 0041d0c8     mfc71:MFC71.DLL
 0002:000000cc       __imp_??0?$CStringT@DV?$StrTraitMFC_DLL@DV?$ChTraitsCRT@D@ATL@@@@@ATL@@QAE@PAUIAtlStringMgr@1@@Z 0041d0cc     mfc71:MFC71.DLL
 0002:000000d0       __imp_?Concatenate@?$CSimpleStringT@D$00@ATL@@KAXAAV12@PBDH1H@Z 0041d0d0     mfc71:MFC71.DLL
 0002:000000d4       __imp_??4?$CStringT@DV?$StrTraitMFC_DLL@DV?$ChTraitsCRT@D@ATL@@@@@ATL@@QAEAAV01@PBD@Z 0041d0d4     mfc71:MFC71.DLL
 0002:000000d8       __imp_??4?$CStringT@DV?$StrTraitMFC_DLL@DV?$ChTraitsCRT@D@ATL@@@@@ATL@@QAEAAV01@ABV01@@Z 0041d0d8     mfc71:MFC71.DLL
 0002:000000dc       __imp_??0CInternetSession@@QAE@PBDKK00K@Z 0041d0dc     mfc71:MFC71.DLL
 0002:000000e0       __imp_?OpenURL@CInternetSession@@QAEPAVCStdioFile@@PBDKK0K@Z 0041d0e0     mfc71:MFC71.DLL
 0002:000000e4       __imp_??0?$CStringT@DV?$StrTraitMFC_DLL@DV?$ChTraitsCRT@D@ATL@@@@@ATL@@QAE@XZ 0041d0e4     mfc71:MFC71.DLL
 0002:000000e8       __imp_??1CInternetSession@@UAE@XZ 0041d0e8     mfc71:MFC71.DLL
 0002:000000ec       __imp_??_V@YAXPAX@Z        0041d0ec     mfc71:MFC71.DLL
 0002:000000f0       __imp_?AfxTryCleanup@@YGXXZ 0041d0f0     mfc71:MFC71.DLL
 0002:000000f4       __imp_??0?$CStringT@DV?$StrTraitMFC_DLL@DV?$ChTraitsCRT@D@ATL@@@@@ATL@@QAE@PBD@Z 0041d0f4     mfc71:MFC71.DLL
 0002:000000f8       __imp_??Y?$CStringT@DV?$StrTraitMFC_DLL@DV?$ChTraitsCRT@D@ATL@@@@@ATL@@QAEAAV01@PBD@Z 0041d0f8     mfc71:MFC71.DLL
 0002:000000fc       __imp_??0?$CStringT@DV?$StrTraitMFC_DLL@DV?$ChTraitsCRT@D@ATL@@@@@ATL@@QAE@ABV01@@Z 0041d0fc     mfc71:MFC71.DLL
 0002:00000100       __imp_??1?$CStringT@DV?$StrTraitMFC_DLL@DV?$ChTraitsCRT@D@ATL@@@@@ATL@@QAE@XZ 0041d100     mfc71:MFC71.DLL
 0002:00000104       __imp_??3@YAXPAX@Z         0041d104     mfc71:MFC71.DLL
 0002:00000108       \177MFC71_NULL_THUNK_DATA  0041d108     mfc71:MFC71.DLL
 0002:0000010c       __imp_??$?8DU?$char_traits@D@std@@V?$allocator@D@1@@std@@YA_NABV?$basic_string@DU?$char_traits@D@std@@V?$allocator@D@2@@0@0@Z 0041d10c     msvcprt:MSVCP71.dll
 0002:00000110       __imp_?substr@?$basic_string@DU?$char_traits@D@std@@V?$allocator@D@2@@std@@QBE?AV12@II@Z 0041d110     msvcprt:MSVCP71.dll
 0002:00000114       __imp_?rfind@?$basic_string@DU?$char_traits@D@std@@V?$allocator@D@2@@std@@QBEIPBDII@Z 0041d114     msvcprt:MSVCP71.dll
 0002:00000118       __imp_?_Xran@_String_base@std@@QBEXXZ 0041d118     msvcprt:MSVCP71.dll
 0002:0000011c       __imp_?find@?$basic_string@DU?$char_traits@D@std@@V?$allocator@D@2@@std@@QBEIPBDII@Z 0041d11c     msvcprt:MSVCP71.dll
 0002:00000120       __imp_??0?$basic_string@DU?$char_traits@D@std@@V?$allocator@D@2@@std@@QAE@XZ 0041d120     msvcprt:MSVCP71.dll
 0002:00000124       __imp_??$?8DU?$char_traits@D@std@@V?$allocator@D@1@@std@@YA_NABV?$basic_string@DU?$char_traits@D@std@@V?$allocator@D@2@@0@PBD@Z 0041d124     msvcprt:MSVCP71.dll
 0002:00000128       __imp_?replace@?$basic_string@DU?$char_traits@D@std@@V?$allocator@D@2@@std@@QAEAAV12@IIABV12@@Z 0041d128     msvcprt:MSVCP71.dll
 0002:0000012c       __imp_??$?9DU?$char_traits@D@std@@V?$allocator@D@1@@std@@YA_NABV?$basic_string@DU?$char_traits@D@std@@V?$allocator@D@2@@0@PBD@Z 0041d12c     msvcprt:MSVCP71.dll
 0002:00000130       __imp_??6?$basic_ostream@DU?$char_traits@D@std@@@std@@QAEAAV01@P6AAAV01@AAV01@@Z@Z 0041d130     msvcprt:MSVCP71.dll
 0002:00000134       __imp_??$?6U?$char_traits@D@std@@@std@@YAAAV?$basic_ostream@DU?$char_traits@D@std@@@0@AAV10@PBD@Z 0041d134     msvcprt:MSVCP71.dll
 0002:00000138       __imp_?cout@std@@3V?$basic_ostream@DU?$char_traits@D@std@@@1@A 0041d138     msvcprt:MSVCP71.dll
 0002:0000013c       __imp_?endl@std@@YAAAV?$basic_ostream@DU?$char_traits@D@std@@@1@AAV21@@Z 0041d13c     msvcprt:MSVCP71.dll
 0002:00000140       __imp_?compare@?$basic_string@DU?$char_traits@D@std@@V?$allocator@D@2@@std@@QBEHIIPBDI@Z 0041d140     msvcprt:MSVCP71.dll
 0002:00000144       __imp_?find_last_not_of@?$basic_string@DU?$char_traits@D@std@@V?$allocator@D@2@@std@@QBEIPBDII@Z 0041d144     msvcprt:MSVCP71.dll
 0002:00000148       __imp_?_Nomemory@std@@YAXXZ 0041d148     msvcprt:MSVCP71.dll
 0002:0000014c       __imp_?npos@?$basic_string@DU?$char_traits@D@std@@V?$allocator@D@2@@std@@2IB 0041d14c     msvcprt:MSVCP71.dll
 0002:00000150       __imp_?erase@?$basic_string@DU?$char_traits@D@std@@V?$allocator@D@2@@std@@QAEAAV12@II@Z 0041d150     msvcprt:MSVCP71.dll
 0002:00000154       __imp_??4?$basic_string@DU?$char_traits@D@std@@V?$allocator@D@2@@std@@QAEAAV01@PBD@Z 0041d154     msvcprt:MSVCP71.dll
 0002:00000158       __imp_??Y?$basic_string@DU?$char_traits@D@std@@V?$allocator@D@2@@std@@QAEAAV01@PBD@Z 0041d158     msvcprt:MSVCP71.dll
 0002:0000015c       __imp_??Y?$basic_string@DU?$char_traits@D@std@@V?$allocator@D@2@@std@@QAEAAV01@ABV01@@Z 0041d15c     msvcprt:MSVCP71.dll
 0002:00000160       __imp_??0?$basic_string@DU?$char_traits@D@std@@V?$allocator@D@2@@std@@QAE@ABV01@@Z 0041d160     msvcprt:MSVCP71.dll
 0002:00000164       __imp_??1?$basic_string@DU?$char_traits@D@std@@V?$allocator@D@2@@std@@QAE@XZ 0041d164     msvcprt:MSVCP71.dll
 0002:00000168       __imp_??4?$basic_string@DU?$char_traits@D@std@@V?$allocator@D@2@@std@@QAEAAV01@ABV01@@Z 0041d168     msvcprt:MSVCP71.dll
 0002:0000016c       __imp_??0?$basic_string@DU?$char_traits@D@std@@V?$allocator@D@2@@std@@QAE@PBD@Z 0041d16c     msvcprt:MSVCP71.dll
 0002:00000170       __imp_??$?MDU?$char_traits@D@std@@V?$allocator@D@1@@std@@YA_NABV?$basic_string@DU?$char_traits@D@std@@V?$allocator@D@2@@0@0@Z 0041d170     msvcprt:MSVCP71.dll
 0002:00000174       __imp_?find_first_not_of@?$basic_string@DU?$char_traits@D@std@@V?$allocator@D@2@@std@@QBEIPBDII@Z 0041d174     msvcprt:MSVCP71.dll
 0002:00000178       \177MSVCP71_NULL_THUNK_DATA 0041d178     msvcprt:MSVCP71.dll
 0002:0000017c       __imp__sscanf              0041d17c     msvcrt:MSVCR71.dll
 0002:00000180       __imp_??0exception@@QAE@ABV0@@Z 0041d180     msvcrt:MSVCR71.dll
 0002:00000184       __imp___except_handler3    0041d184     msvcrt:MSVCR71.dll
 0002:00000188       __imp___CxxThrowException@8 0041d188     msvcrt:MSVCR71.dll
 0002:0000018c       __imp__printf              0041d18c     msvcrt:MSVCR71.dll
 0002:00000190       __imp__sprintf             0041d190     msvcrt:MSVCR71.dll
 0002:00000194       __imp__localtime           0041d194     msvcrt:MSVCR71.dll
 0002:00000198       __imp__fclose              0041d198     msvcrt:MSVCR71.dll
 0002:0000019c       __imp__fprintf             0041d19c     msvcrt:MSVCR71.dll
 0002:000001a0       __imp__fopen               0041d1a0     msvcrt:MSVCR71.dll
 0002:000001a4       __imp__strtok              0041d1a4     msvcrt:MSVCR71.dll
 0002:000001a8       __imp__time                0041d1a8     msvcrt:MSVCR71.dll
 0002:000001ac       __imp__isspace             0041d1ac     msvcrt:MSVCR71.dll
 0002:000001b0       __imp__isalnum             0041d1b0     msvcrt:MSVCR71.dll
 0002:000001b4       __imp__memmove             0041d1b4     msvcrt:MSVCR71.dll
 0002:000001b8       __imp__fread               0041d1b8     msvcrt:MSVCR71.dll
 0002:000001bc       __imp__atoi                0041d1bc     msvcrt:MSVCR71.dll
 0002:000001c0       __imp__strncpy             0041d1c0     msvcrt:MSVCR71.dll
 0002:000001c4       __imp__wcsncpy             0041d1c4     msvcrt:MSVCR71.dll
 0002:000001c8       __imp__wcslen              0041d1c8     msvcrt:MSVCR71.dll
 0002:000001cc       __imp__puts                0041d1cc     msvcrt:MSVCR71.dll
 0002:000001d0       __imp__exit                0041d1d0     msvcrt:MSVCR71.dll
 0002:000001d4       __imp___callnewh           0041d1d4     msvcrt:MSVCR71.dll
 0002:000001d8       __imp__memset              0041d1d8     msvcrt:MSVCR71.dll
 0002:000001dc       __imp____security_error_handler 0041d1dc     msvcrt:MSVCR71.dll
 0002:000001e0       __imp_??1type_info@@UAE@XZ 0041d1e0     msvcrt:MSVCR71.dll
 0002:000001e4       __imp____dllonexit         0041d1e4     msvcrt:MSVCR71.dll
 0002:000001e8       __imp___onexit             0041d1e8     msvcrt:MSVCR71.dll
 0002:000001ec       __imp_?terminate@@YAXXZ    0041d1ec     msvcrt:MSVCR71.dll
 0002:000001f0       __imp___c_exit             0041d1f0     msvcrt:MSVCR71.dll
 0002:000001f4       __imp___exit               0041d1f4     msvcrt:MSVCR71.dll
 0002:000001f8       __imp___XcptFilter         0041d1f8     msvcrt:MSVCR71.dll
 0002:000001fc       __imp___cexit              0041d1fc     msvcrt:MSVCR71.dll
 0002:00000200       __imp____p___initenv       0041d200     msvcrt:MSVCR71.dll
 0002:00000204       __imp___amsg_exit          0041d204     msvcrt:MSVCR71.dll
 0002:00000208       __imp____getmainargs       0041d208     msvcrt:MSVCR71.dll
 0002:0000020c       __imp___initterm           0041d20c     msvcrt:MSVCR71.dll
 0002:00000210       __imp____setusermatherr    0041d210     msvcrt:MSVCR71.dll
 0002:00000214       __imp___adjust_fdiv        0041d214     msvcrt:MSVCR71.dll
 0002:00000218       __imp____p__commode        0041d218     msvcrt:MSVCR71.dll
 0002:0000021c       __imp____p__fmode          0041d21c     msvcrt:MSVCR71.dll
 0002:00000220       __imp____set_app_type      0041d220     msvcrt:MSVCR71.dll
 0002:00000224       __imp___controlfp          0041d224     msvcrt:MSVCR71.dll
 0002:00000228       __imp__free                0041d228     msvcrt:MSVCR71.dll
 0002:0000022c       __imp__malloc              0041d22c     msvcrt:MSVCR71.dll
 0002:00000230       __imp____CxxFrameHandler   0041d230     msvcrt:MSVCR71.dll
 0002:00000234       __imp_??0exception@@QAE@XZ 0041d234     msvcrt:MSVCR71.dll
 0002:00000238       __imp_??1exception@@UAE@XZ 0041d238     msvcrt:MSVCR71.dll
 0002:0000023c       __imp__itoa                0041d23c     msvcrt:MSVCR71.dll
 0002:0000023c       __imp___itoa               0041d23c     msvcrt:MSVCR71.dll
 0002:00000240       __imp__strdup              0041d240     msvcrt:MSVCR71.dll
 0002:00000240       __imp___strdup             0041d240     msvcrt:MSVCR71.dll
 0002:00000244       \177MSVCR71_NULL_THUNK_DATA 0041d244     msvcrt:MSVCR71.dll
 0002:00000248       __imp__VariantInit@4       0041d248     oleaut32:OLEAUT32.dll
 0002:0000024c       __imp__SysFreeString@4     0041d24c     oleaut32:OLEAUT32.dll
 0002:00000250       __imp__SysAllocString@4    0041d250     oleaut32:OLEAUT32.dll
 0002:00000254       __imp__VariantClear@4      0041d254     oleaut32:OLEAUT32.dll
 0002:00000258       \177OLEAUT32_NULL_THUNK_DATA 0041d258     oleaut32:OLEAUT32.dll
 0002:0000025c       __imp__GetMessageA@16      0041d25c     user32:USER32.dll
 0002:00000260       __imp__DispatchMessageA@4  0041d260     user32:USER32.dll
 0002:00000264       __imp__TranslateMessage@4  0041d264     user32:USER32.dll
 0002:00000268       \177USER32_NULL_THUNK_DATA 0041d268     user32:USER32.dll
 0002:0000026c       __imp_??0Datetime@ost@@QAE@XZ 0041d26c     ccext2:ccext2.dll
 0002:00000270       __imp_?getDayOfWeek@Date@ost@@QBEIXZ 0041d270     ccext2:ccext2.dll
 0002:00000274       __imp_?getHour@Time@ost@@QBEHXZ 0041d274     ccext2:ccext2.dll
 0002:00000278       __imp_?getMinute@Time@ost@@QBEHXZ 0041d278     ccext2:ccext2.dll
 0002:0000027c       \177ccext2_NULL_THUNK_DATA 0041d27c     ccext2:ccext2.dll
 0002:00000280       __imp_??0Mutex@ost@@QAE@PBD@Z 0041d280     ccgnu2:ccgnu2.dll
 0002:00000284       __imp_?start@Thread@ost@@QAEHPAVSemaphore@2@@Z 0041d284     ccgnu2:ccgnu2.dll
 0002:00000288       __imp_??1Mutex@ost@@UAE@XZ 0041d288     ccgnu2:ccgnu2.dll
 0002:0000028c       __imp_?getExtended@Thread@ost@@MAEPAXXZ 0041d28c     ccgnu2:ccgnu2.dll
 0002:00000290       __imp_?tryEnterMutex@Mutex@ost@@QAE_NXZ 0041d290     ccgnu2:ccgnu2.dll
 0002:00000294       __imp_?leaveMutex@Mutex@ost@@QAEXXZ 0041d294     ccgnu2:ccgnu2.dll
 0002:00000298       __imp_??1Thread@ost@@UAE@XZ 0041d298     ccgnu2:ccgnu2.dll
 0002:0000029c       __imp_??0Thread@ost@@QAE@HI@Z 0041d29c     ccgnu2:ccgnu2.dll
 0002:000002a0       __imp_?final@Thread@ost@@MAEXXZ 0041d2a0     ccgnu2:ccgnu2.dll
 0002:000002a4       __imp_?initial@Thread@ost@@MAEXXZ 0041d2a4     ccgnu2:ccgnu2.dll
 0002:000002a8       __imp_?notify@Thread@ost@@MAEXPAV12@@Z 0041d2a8     ccgnu2:ccgnu2.dll
 0002:000002ac       \177ccgnu2_NULL_THUNK_DATA 0041d2ac     ccgnu2:ccgnu2.dll
 0002:000002b0       __imp__CoInitialize@4      0041d2b0     ole32:ole32.dll
 0002:000002b4       __imp__CLSIDFromString@8   0041d2b4     ole32:ole32.dll
 0002:000002b8       __imp__CLSIDFromProgID@8   0041d2b8     ole32:ole32.dll
 0002:000002bc       __imp__OleRun@4            0041d2bc     ole32:ole32.dll
 0002:000002c0       __imp__CoUninitialize@0    0041d2c0     ole32:ole32.dll
 0002:000002c4       __imp__CoCreateInstance@20 0041d2c4     ole32:ole32.dll
 0002:000002c8       \177ole32_NULL_THUNK_DATA  0041d2c8     ole32:ole32.dll
 0002:000002cc       __imp_?GetMessageData@@YA_NPAXAAV?$basic_string@DU?$char_traits@D@std@@V?$allocator@D@2@@std@@AAVTTime@svutil@@PADAAI@Z 0041d2cc     svapi:svapi.dll
 0002:000002d0       __imp_?BlockPopMessage@@YAPAXV?$basic_string@DU?$char_traits@D@std@@V?$allocator@D@2@@std@@00@Z 0041d2d0     svapi:svapi.dll
 0002:000002d4       __imp_?GetIniFileSections@@YA_NAAV?$list@V?$basic_string@DU?$char_traits@D@std@@V?$allocator@D@2@@std@@V?$allocator@V?$basic_string@DU?$char_traits@D@std@@V?$allocator@D@2@@std@@@2@@std@@V?$basic_string@DU?$char_traits@D@std@@V?$allocator@D@2@@2@11@Z 0041d2d4     svapi:svapi.dll
 0002:000002d8       __imp_?GetGroupMainAttribNode@@YAPAXPAX@Z 0041d2d8     svapi:svapi.dll
 0002:000002dc       __imp_?CloseGroup@@YA_NAAPAX@Z 0041d2dc     svapi:svapi.dll
 0002:000002e0       __imp_?GetIniFileString@@YA?AV?$basic_string@DU?$char_traits@D@std@@V?$allocator@D@2@@std@@V12@00000@Z 0041d2e0     svapi:svapi.dll
 0002:000002e4       __imp_?FindParentID@@YA?AV?$basic_string@DU?$char_traits@D@std@@V?$allocator@D@2@@std@@V12@@Z 0041d2e4     svapi:svapi.dll
 0002:000002e8       __imp_?GetEntity@@YAPAXV?$basic_string@DU?$char_traits@D@std@@V?$allocator@D@2@@std@@00@Z 0041d2e8     svapi:svapi.dll
 0002:000002ec       __imp_?CloseMQRecord@@YA_NAAPAX@Z 0041d2ec     svapi:svapi.dll
 0002:000002f0       __imp_?CloseEntity@@YA_NAAPAX@Z 0041d2f0     svapi:svapi.dll
 0002:000002f4       __imp_?GetMonitor@@YAPAXV?$basic_string@DU?$char_traits@D@std@@V?$allocator@D@2@@std@@00@Z 0041d2f4     svapi:svapi.dll
 0002:000002f8       __imp_?GetMonitorMainAttribNode@@YAPAXPAX@Z 0041d2f8     svapi:svapi.dll
 0002:000002fc       __imp_?FindNodeValue@@YA_NPAXV?$basic_string@DU?$char_traits@D@std@@V?$allocator@D@2@@std@@AAV12@@Z 0041d2fc     svapi:svapi.dll
 0002:00000300       __imp_?CloseMonitor@@YAXAAPAX@Z 0041d300     svapi:svapi.dll
 0002:00000304       __imp_?GetTaskValue@@YA?AV?$basic_string@DU?$char_traits@D@std@@V?$allocator@D@2@@std@@V12@PAX@Z 0041d304     svapi:svapi.dll
[...]
 0001:0001b10f       $L172426                   0041c10f f   AlertSendObj.obj
 0001:0001b11b       $L172427                   0041c11b f   AlertSendObj.obj
 0001:0001b127       $L172428                   0041c127 f   AlertSendObj.obj
 0001:0001b147       __ehhandler$?GetDeviceRunParam@@YA?AV?$basic_string@DU?$char_traits@D@std@@V?$allocator@D@2@@std@@V12@@Z 0041c147 f   AlertSendObj.obj
 0001:0001b160       $L172996                   0041c160 f   AlertSendObj.obj
 0001:0001b16c       $L172997                   0041c16c f   AlertSendObj.obj
 0001:0001b177       __ehhandler$?DoUnixScript@CAlertScriptSendObj@@QAE_NXZ 0041c177 f   AlertSendObj.obj
 0001:0001b190       $L173345                   0041c190 f   AlertSendObj.obj
 0001:0001b19c       $L173346                   0041c19c f   AlertSendObj.obj
 0001:0001b1a8       $L173347                   0041c1a8 f   AlertSendObj.obj
 0001:0001b1b4       $L173348                   0041c1b4 f   AlertSendObj.obj
 0001:0001b1c0       $L173349                   0041c1c0 f   AlertSendObj.obj
 0001:0001b1cc       $L173350                   0041c1cc f   AlertSendObj.obj
 0001:0001b1d8       $L173351                   0041c1d8 f   AlertSendObj.obj
 0001:0001b1e4       $L173353                   0041c1e4 f   AlertSendObj.obj
 0001:0001b1f0       $L173354                   0041c1f0 f   AlertSendObj.obj
 0001:0001b1fc       $L173355                   0041c1fc f   AlertSendObj.obj
 0001:0001b208       $L173356                   0041c208 f   AlertSendObj.obj
 0001:0001b214       $L173357                   0041c214 f   AlertSendObj.obj
 0001:0001b220       $L173358                   0041c220 f   AlertSendObj.obj
 0001:0001b22c       $L173360                   0041c22c f   AlertSendObj.obj
 0001:0001b238       $L173361                   0041c238 f   AlertSendObj.obj
 0001:0001b243       $L173362                   0041c243 f   AlertSendObj.obj
 0001:0001b24f       $L173363                   0041c24f f   AlertSendObj.obj
 0001:0001b25a       $L173365                   0041c25a f   AlertSendObj.obj
 0001:0001b265       $L173366                   0041c265 f   AlertSendObj.obj
 0001:0001b270       $L173368                   0041c270 f   AlertSendObj.obj
 0001:0001b27b       $L173369                   0041c27b f   AlertSendObj.obj
 0001:0001b287       $L173370                   0041c287 f   AlertSendObj.obj
 0001:0001b293       $L173371                   0041c293 f   AlertSendObj.obj
 0001:0001b29f       $L173372                   0041c29f f   AlertSendObj.obj
 0001:0001b2ab       $L173373                   0041c2ab f   AlertSendObj.obj
 0001:0001b2b7       $L173374                   0041c2b7 f   AlertSendObj.obj
 0001:0001b2c3       $L173375                   0041c2c3 f   AlertSendObj.obj
 0001:0001b2cf       $L173376                   0041c2cf f   AlertSendObj.obj
 0001:0001b2db       $L173377                   0041c2db f   AlertSendObj.obj
 0001:0001b2e7       $L173378                   0041c2e7 f   AlertSendObj.obj
 0001:0001b2f3       $L173379                   0041c2f3 f   AlertSendObj.obj
 0001:0001b2ff       __ehhandler$?SendSmsFromWeb@CAlertSmsSendObj@@QAE_NXZ 0041c2ff f   AlertSendObj.obj
 0001:0001b310       $L174961                   0041c310 f   AlertSendObj.obj
 0001:0001b319       $L174962                   0041c319 f   AlertSendObj.obj
 0001:0001b322       $L174969                   0041c322 f   AlertSendObj.obj
 0001:0001b32e       $L174970                   0041c32e f   AlertSendObj.obj
 0001:0001b337       $L174971                   0041c337 f   AlertSendObj.obj
 0001:0001b340       $L174972                   0041c340 f   AlertSendObj.obj
 0001:0001b34c       $L174973                   0041c34c f   AlertSendObj.obj
 0001:0001b355       $L174974                   0041c355 f   AlertSendObj.obj
 0001:0001b361       $L174975                   0041c361 f   AlertSendObj.obj
 0001:0001b36a       $L174976                   0041c36a f   AlertSendObj.obj
 0001:0001b376       $L174977                   0041c376 f   AlertSendObj.obj
 0001:0001b37f       $L174978                   0041c37f f   AlertSendObj.obj
 0001:0001b38b       $L174979                   0041c38b f   AlertSendObj.obj
 0001:0001b394       $L174980                   0041c394 f   AlertSendObj.obj
 0001:0001b3a0       $L174981                   0041c3a0 f   AlertSendObj.obj
 0001:0001b3a9       $L174982                   0041c3a9 f   AlertSendObj.obj
 0001:0001b3b5       $L174983                   0041c3b5 f   AlertSendObj.obj
 0001:0001b3c1       $L174984                   0041c3c1 f   AlertSendObj.obj
 0001:0001b3cd       $L174985                   0041c3cd f   AlertSendObj.obj
 0001:0001b3d9       $L174986                   0041c3d9 f   AlertSendObj.obj
 0001:0001b3e2       $L174987                   0041c3e2 f   AlertSendObj.obj
 0001:0001b3ee       $L174988                   0041c3ee f   AlertSendObj.obj
 0001:0001b3f7       $L174989                   0041c3f7 f   AlertSendObj.obj
 0001:0001b403       $L174990                   0041c403 f   AlertSendObj.obj
 0001:0001b40c       $L174991                   0041c40c f   AlertSendObj.obj
 0001:0001b418       __ehhandler$?SendAlert@CAlertScriptSendObj@@UAE_NXZ 0041c418 f   AlertSendObj.obj
 0001:0001b430       $L175081                   0041c430 f   AlertSendObj.obj
 0001:0001b43c       $L175082                   0041c43c f   AlertSendObj.obj
 0001:0001b445       $L175083                   0041c445 f   AlertSendObj.obj
 0001:0001b451       $L175084                   0041c451 f   AlertSendObj.obj
 0001:0001b45d       $L175085                   0041c45d f   AlertSendObj.obj
 0001:0001b469       $L175086                   0041c469 f   AlertSendObj.obj
 0001:0001b475       $L175087                   0041c475 f   AlertSendObj.obj
 0001:0001b481       $L175088                   0041c481 f   AlertSendObj.obj
 0001:0001b48d       $L175089                   0041c48d f   AlertSendObj.obj
 0001:0001b499       $L175091                   0041c499 f   AlertSendObj.obj
 0001:0001b4a5       $L175092                   0041c4a5 f   AlertSendObj.obj
 0001:0001b4b1       $L175093                   0041c4b1 f   AlertSendObj.obj
 0001:0001b4bd       $L175094                   0041c4bd f   AlertSendObj.obj
 0001:0001b4c9       $L175095                   0041c4c9 f   AlertSendObj.obj
 0001:0001b4d5       $L175096                   0041c4d5 f   AlertSendObj.obj
 0001:0001b4e1       $L175098                   0041c4e1 f   AlertSendObj.obj
 0001:0001b4ed       $L175099                   0041c4ed f   AlertSendObj.obj
 0001:0001b4f8       $L175100                   0041c4f8 f   AlertSendObj.obj
 0001:0001b504       $L175101                   0041c504 f   AlertSendObj.obj
 0001:0001b510       $L175102                   0041c510 f   AlertSendObj.obj
 0001:0001b51c       $L175103                   0041c51c f   AlertSendObj.obj
 0001:0001b528       $L175104                   0041c528 f   AlertSendObj.obj
 0001:0001b534       $L175106                   0041c534 f   AlertSendObj.obj
 0001:0001b540       $L175112                   0041c540 f   AlertSendObj.obj
 0001:0001b549       $L175113                   0041c549 f   AlertSendObj.obj
 0001:0001b555       $L175114                   0041c555 f   AlertSendObj.obj
 0001:0001b561       $L175115                   0041c561 f   AlertSendObj.obj
 0001:0001b56d       $L175116                   0041c56d f   AlertSendObj.obj
 0001:0001b579       $L175117                   0041c579 f   AlertSendObj.obj
 0001:0001b585       $L175118                   0041c585 f   AlertSendObj.obj
 0001:0001b591       $L175119                   0041c591 f   AlertSendObj.obj
 0001:0001b59d       $L175120                   0041c59d f   AlertSendObj.obj
 0001:0001b5a9       $L175121                   0041c5a9 f   AlertSendObj.obj
 0001:0001b5b5       $L175122                   0041c5b5 f   AlertSendObj.obj
 0001:0001b5c1       $L175123                   0041c5c1 f   AlertSendObj.obj
 0001:0001b5cd       $L175124                   0041c5cd f   AlertSendObj.obj
 0001:0001b5d9       $L175125                   0041c5d9 f   AlertSendObj.obj
 0001:0001b5e5       $L175126                   0041c5e5 f   AlertSendObj.obj
 0001:0001b5f1       $L175127                   0041c5f1 f   AlertSendObj.obj
 0001:0001b5fd       $L175128                   0041c5fd f   AlertSendObj.obj
 0001:0001b609       $L175129                   0041c609 f   AlertSendObj.obj
 0001:0001b615       $L175130                   0041c615 f   AlertSendObj.obj
 0001:0001b621       $L175131                   0041c621 f   AlertSendObj.obj
 0001:0001b62d       $L175132                   0041c62d f   AlertSendObj.obj
 0001:0001b639       $L175133                   0041c639 f   AlertSendObj.obj
 0001:0001b645       $L175134                   0041c645 f   AlertSendObj.obj
 0001:0001b651       $L175135                   0041c651 f   AlertSendObj.obj
 0001:0001b65d       $L175136                   0041c65d f   AlertSendObj.obj
 0001:0001b669       $L175137                   0041c669 f   AlertSendObj.obj
 0001:0001b675       __ehhandler$?SendAlert@CAlertSmsSendObj@@UAE_NXZ 0041c675 f   AlertSendObj.obj
 0001:0001b680       $L146338                   0041c680 f   AlertServer.obj
 0001:0001b68b       __ehhandler$_main          0041c68b f   AlertServer.obj
 0001:0001b6a0       $L118703                   0041c6a0 f   funcGeneral.obj
 0001:0001b6a9       $L118704                   0041c6a9 f   funcGeneral.obj
 0001:0001b6b2       __ehhandler$?FuncGetInstallPath@@YA?AV?$CStringT@DV?$StrTraitMFC_DLL@DV?$ChTraitsCRT@D@ATL@@@@@ATL@@XZ 0041c6b2 f   funcGeneral.obj
 0001:0001b6c0       $L119250                   0041c6c0 f   funcGeneral.obj
 0001:0001b6c0       $L118971                   0041c6c0 f   funcGeneral.obj
 0001:0001b6c9       $L119251                   0041c6c9 f   funcGeneral.obj
 0001:0001b6c9       $L118972                   0041c6c9 f   funcGeneral.obj
 0001:0001b6d2       $L119252                   0041c6d2 f   funcGeneral.obj
 0001:0001b6d2       $L118973                   0041c6d2 f   funcGeneral.obj
 0001:0001b6db       $L118974                   0041c6db f   funcGeneral.obj
 0001:0001b6db       $L119253                   0041c6db f   funcGeneral.obj
 0001:0001b6e4       $L119257                   0041c6e4 f   funcGeneral.obj
 0001:0001b6e4       $L118975                   0041c6e4 f   funcGeneral.obj
 0001:0001b6ed       $L119258                   0041c6ed f   funcGeneral.obj
 0001:0001b6ed       $L118976                   0041c6ed f   funcGeneral.obj
 0001:0001b6f6       __ehhandler$?FuncGetRightString@@YA?AV?$CStringT@DV?$StrTraitMFC_DLL@DV?$ChTraitsCRT@D@ATL@@@@@ATL@@V12@0@Z 0041c6f6 f   funcGeneral.obj
 0001:0001b6f6       __ehhandler$?FuncGetLeftStringByMark@@YA?AV?$CStringT@DV?$StrTraitMFC_DLL@DV?$ChTraitsCRT@D@ATL@@@@@ATL@@V12@0H@Z 0041c6f6 f   funcGeneral.obj
 0001:0001b700       $L134649                   0041c700 f   GsmOperate.obj
 0001:0001b70c       __ehhandler$?gsmEncodePdu@CGsmOperate@@QAEHPBUSM_PARAM@1@PAD@Z 0041c70c f   GsmOperate.obj
 0001:0001b720       $L134817                   0041c720 f   SerialPort.obj
 0001:0001b729       $L134818                   0041c729 f   SerialPort.obj
 0001:0001b735       $L134819                   0041c735 f   SerialPort.obj
 0001:0001b741       $L134820                   0041c741 f   SerialPort.obj
 0001:0001b74d       __ehhandler$?InitPort@CSerialPort@@QAEHV?$CStringT@DV?$StrTraitMFC_DLL@DV?$ChTraitsCRT@D@ATL@@@@@ATL@@@Z 0041c74d f   SerialPort.obj
 0001:0001b760       $L134901                   0041c760 f   SerialPort.obj
 0001:0001b769       $L134902                   0041c769 f   SerialPort.obj
 0001:0001b772       __ehhandler$?SendMsg@CSerialPort@@QAEHV?$CStringT@DV?$StrTraitMFC_DLL@DV?$ChTraitsCRT@D@ATL@@@@@ATL@@0@Z 0041c772 f   SerialPort.obj
 0001:0001b780       __ehhandler$?ConvertBSTRToString@_com_util@@YGPADPAG@Z 0041c780 f   comsupp:comutil.obj
 0001:0001b790       _$E3                       0041c790 f   AlertMain.obj
 0001:0001b7b0       _$E6                       0041c7b0 f   AlertMain.obj
 0001:0001b7d0       _$E9                       0041c7d0 f   AlertMain.obj
 0001:0001b7f0       _$E12                      0041c7f0 f   AlertMain.obj
 0001:0001b810       _$E15                      0041c810 f   AlertMain.obj
 0001:0001b830       _$E18                      0041c830 f   AlertMain.obj
 0001:0001b850       _$E21                      0041c850 f   AlertMain.obj
 0001:0001b870       _$E24                      0041c870 f   AlertMain.obj
 0001:0001b890       _$E27                      0041c890 f   AlertMain.obj
 0001:0001b8b0       _$E30                      0041c8b0 f   AlertMain.obj
 0001:0001b8d0       _$E33                      0041c8d0 f   AlertMain.obj
 0001:0001b8e0       _$E1                       0041c8e0 f   AlertSendObj.obj
 0001:0001b900       _$E6                       0041c900 f   AlertSendObj.obj
 0001:0001b920       _$E1                       0041c920 f   AlertServer.obj
 0001:0001b940       _$E4                       0041c940 f   AlertServer.obj
 0001:0001b960       _$E7                       0041c960 f   AlertServer.obj
 0001:0001b980       _$E1                       0041c980 f   funcGeneral.obj
 0001:0001b9a0       _$E1                       0041c9a0 f   comsupp:comutil.obj
 0001:0001b9ac       _$E5                       0041c9ac f   atls:atlbase.obj
 0001:0001b9d0       _$E4                       0041c9d0 f   AlertMain.obj
 0001:0001b9e0       _$E7                       0041c9e0 f   AlertMain.obj
 0001:0001b9f0       _$E10                      0041c9f0 f   AlertMain.obj
 0001:0001ba00       _$E13                      0041ca00 f   AlertMain.obj
 0001:0001ba10       _$E16                      0041ca10 f   AlertMain.obj
 0001:0001ba20       _$E19                      0041ca20 f   AlertMain.obj
 0001:0001ba30       _$E22                      0041ca30 f   AlertMain.obj
 0001:0001ba40       _$E25                      0041ca40 f   AlertMain.obj
 0001:0001ba50       _$E28                      0041ca50 f   AlertMain.obj
 0001:0001ba60       _$E31                      0041ca60 f   AlertMain.obj
 0001:0001ba70       _$E34                      0041ca70 f   AlertMain.obj
 0001:0001ba80       _$E2                       0041ca80 f   AlertSendObj.obj
 0001:0001ba90       _$E7                       0041ca90 f   AlertSendObj.obj
 0001:0001baa0       _$E2                       0041caa0 f   AlertServer.obj
 0001:0001bab0       _$E5                       0041cab0 f   AlertServer.obj
 0001:0001bac0       _$E8                       0041cac0 f   AlertServer.obj
 0001:0001bad0       _$E2                       0041cad0 f   funcGeneral.obj
 0001:0001bae0       _$E2                       0041cae0 f   comsupp:comutil.obj
 0001:0001baf6       _$E6                       0041caf6 f   atls:atlbase.obj

Line numbers for C:\Program Files (x86)\Microsoft Visual Studio .NET 2003\Vc7\lib\msvcprt.lib(f:\vs70builds\3077\vc\crtbld\crt\src\newaop.cpp) segment .text

     7 0001:000176ad     6 0001:000176ad

Line numbers for C:\Program Files (x86)\Microsoft Visual Studio .NET 2003\Vc7\lib\msvcprt.lib(f:\vs70builds\3077\vc\crtbld\crt\src\newop.cpp) segment .text

    10 0001:00017688    12 0001:00017689    13 0001:0001768f    14 0001:0001769a
    12 0001:000176a0    16 0001:000176ac

Line numbers for C:\Program Files (x86)\Microsoft Visual Studio .NET 2003\Vc7\atlmfc\lib\mfcs71.lib(f:\vs70builds\3077\vc\mfcatl\ship\atlmfc\include\atlcore.h) segment .text

   114 0001:000176ec   116 0001:000176ed   117 0001:000176fc   129 0001:00017700
   130 0001:0001770c   131 0001:0001770e   133 0001:00017711   136 0001:0001771a
   138 0001:0001772b   143 0001:00017748   144 0001:0001774a

Line numbers for C:\Program Files (x86)\Microsoft Visual Studio .NET 2003\Vc7\lib\msvcrt.lib(F:\VS70Builds\3077\vc\crtbld\crt\src\intel\chkstk.asm) segment .text

    69 0001:00017780    65 0001:00017780    70 0001:00017785    72 0001:00017787
    73 0001:00017789    74 0001:0001778b    75 0001:0001778e    76 0001:00017790
    77 0001:00017791    78 0001:00017793    79 0001:00017794    82 0001:00017795
    83 0001:00017796    88 0001:0001779a    89 0001:000177a0    91 0001:000177a5
    93 0001:000177a7    94 0001:000177ac    97 0001:000177ae    98 0001:000177b0
   100 0001:000177b2   102 0001:000177b4   104 0001:000177b6   105 0001:000177b8
   107 0001:000177bb   109 0001:000177bc

Line numbers for C:\Program Files (x86)\Microsoft Visual Studio .NET 2003\Vc7\lib\msvcrt.lib(f:\vs70builds\3077\vc\crtbld\crt\src\atonexit.c) segment .text

    81 0001:00017854    76 0001:00017854    90 0001:00017879    96 0001:0001787a
    95 0001:0001787a    97 0001:0001788b

Line numbers for C:\Program Files (x86)\Microsoft Visual Studio .NET 2003\Vc7\lib\msvcrt.lib(f:\vs70builds\3077\vc\crtbld\crt\src\crtexe.c) segment .text

   202 0001:00017950   222 0001:0001795c   229 0001:000179b7   236 0001:000179ba
   244 0001:000179c3   249 0001:000179d1   250 0001:000179df   257 0001:000179ed
   264 0001:000179f9   275 0001:000179fe   282 0001:00017a03   283 0001:00017a0b
   286 0001:00017a17   305 0001:00017a1c   308 0001:00017a2b   324 0001:00017a35
   327 0001:00017a3d   329 0001:00017a5f   330 0001:00017a63   336 0001:00017a6b
   397 0001:00017a7a   398 0001:00017a85   403 0001:00017a9b   404 0001:00017aa0
   406 0001:00017aa7   409 0001:00017aaf   415 0001:00017ac6   417 0001:00017ac9
   418 0001:00017acf   420 0001:00017ad6   424 0001:00017ae0   425 0001:00017ae2

Line numbers for C:\Program Files (x86)\Microsoft Visual Studio .NET 2003\Vc7\lib\msvcrt.lib(f:\vs70builds\3077\vc\crtbld\crt\src\dllargv.c) segment .text

    49 0001:00017c8e    48 0001:00017c8e    50 0001:00017c90

Line numbers for C:\Program Files (x86)\Microsoft Visual Studio .NET 2003\Vc7\lib\msvcrt.lib(f:\vs70builds\3077\vc\crtbld\crt\src\merr.c) segment .text

    33 0001:00017c8e    32 0001:00017c8e    34 0001:00017c90

Line numbers for C:\Program Files (x86)\Microsoft Visual Studio .NET 2003\Vc7\lib\msvcrt.lib(f:\vs70builds\3077\vc\crtbld\crt\src\intel\fp8.c) segment .text

    19 0001:00017c7c    18 0001:00017c7c    20 0001:00017c8d

Line numbers for C:\Program Files (x86)\Microsoft Visual Studio .NET 2003\Vc7\lib\msvcrt.lib(f:\vs70builds\3077\vc\crtbld\crt\src\secchk.c) segment .text

   114 0001:000177bd   116 0001:000177c9   117 0001:000177cd   119 0001:000177da
   123 0001:000177e5   100 0001:000177ee   103 0001:000177ee   104 0001:000177f4
   105 0001:000177f6   107 0001:000177f7

Line numbers for C:\Program Files (x86)\Microsoft Visual Studio .NET 2003\Vc7\lib\msvcrt.lib(f:\vs70builds\3077\vc\crtbld\crt\src\seccinit.c) segment .text

    49 0001:00017b63    58 0001:00017b69    67 0001:00017b7a    70 0001:00017b84
    75 0001:00017b8a    76 0001:00017b92    77 0001:00017b9a    79 0001:00017ba2
    93 0001:00017bac    94 0001:00017bc7

Line numbers for C:\Program Files (x86)\Microsoft Visual Studio .NET 2003\Vc7\atlmfc\lib\atls.lib(f:\vs70builds\3077\vc\mfcatl\ship\atlmfc\src\atl\atls\atlbase.cpp) segment .text

    67 0001:00018091    68 0001:00018094    69 0001:0001809e    29 0001:000180a7
    32 0001:000180c2    36 0001:000180c7    38 0001:000180ea    39 0001:000180fb
    41 0001:00018101    46 0001:00018107    49 0001:0001810f    51 0001:0001811d
    58 0001:00018121    62 0001:0001813b    64 0001:00018142   126 0001:0001b9ac

Line numbers for C:\Program Files (x86)\Microsoft Visual Studio .NET 2003\Vc7\atlmfc\lib\atls.lib(f:\vs70builds\3077\vc\mfcatl\ship\atlmfc\include\atlsimpcoll.h) segment .text

   173 0001:0001805a   174 0001:0001805d   178 0001:00018063   179 0001:00018069
   181 0001:0001806d   182 0001:00018071   183 0001:00018076
